Copyright 1986-2022 Xilinx, Inc. All Rights Reserved. Copyright 2022-2026 Advanced Micro Devices, Inc. All Rights Reserved.
---------------------------------------------------------------------------------------------------------------------------------------------
| Tool Version : Vivado v.2026.1 (win64) Build 6511674 Tue Jun 16 11:02:23 MDT 2026
| Date         : Wed Sep 16 12:30:22 2026
| Host         : DependOnOMEN16 running 64-bit major release  (build 9200)
| Command      : report_timing -delay_type max -max_paths 5 -file D:/Project/FPGA_XC7A200T/docs/reports/step5a/setup_paths.rpt
| Design       : pwm_demo_top
| Device       : 7a200t-fbg484
| Speed File   : -2  PRODUCTION 1.23 2018-06-13
| Design State : Routed
---------------------------------------------------------------------------------------------------------------------------------------------

Timing Report

Slack (MET) :             14.682ns  (required time - arrival time)
  Source:                 u_pwm/period_set_reg_reg[7]/C
                            (rising edge-triggered cell FDCE clocked by sys_clk  {rise@0.000ns fall@10.000ns period=20.000ns})
  Destination:            u_pwm/pwm_out_reg_reg/D
                            (rising edge-triggered cell FDCE clocked by sys_clk  {rise@0.000ns fall@10.000ns period=20.000ns})
  Path Group:             sys_clk
  Path Type:              Setup (Max at Slow Process Corner)
  Requirement:            20.000ns  (sys_clk rise@20.000ns - sys_clk rise@0.000ns)
  Data Path Delay:        5.330ns  (logic 2.043ns (38.327%)  route 3.287ns (61.673%))
  Logic Levels:           11  (CARRY4=8 LUT3=2 LUT4=1)
  Clock Path Skew:        -0.024ns (DCD - SCD + CPR)
    Destination Clock Delay (DCD):    4.650ns = ( 24.650 - 20.000 )
    Source Clock Delay      (SCD):    4.917ns
    Clock Pessimism Removal (CPR):    0.243ns
  Clock Uncertainty:      0.035ns  ((TSJ^2 + TIJ^2)^1/2 + DJ) / 2 + PE
    Total System Jitter     (TSJ):    0.071ns
    Total Input Jitter      (TIJ):    0.000ns
    Discrete Jitter          (DJ):    0.000ns
    Phase Error              (PE):    0.000ns

    Location             Delay type                Incr(ns)  Path(ns)    Netlist Resource(s)
  -------------------------------------------------------------------    -------------------
                         (clock sys_clk rise edge)    0.000     0.000 r  <hidden>
    Y18                                               0.000     0.000 r  clk
                         net (fo=0)                   0.000     0.000    clk
    Y18                  IBUF (Prop_ibuf_I_O)         1.453     1.453 r  clk_IBUF_inst/O
                         net (fo=1, routed)           1.827     3.280    clk_IBUF
    BUFGCTRL_X0Y0        BUFG (Prop_bufg_I_O)         0.081     3.361 r  clk_IBUF_BUFG_inst/O
                         net (fo=37, routed)          1.556     4.917    u_pwm/CLK
    SLICE_X3Y120         FDCE                                         r  u_pwm/period_set_reg_reg[7]/C
  -------------------------------------------------------------------    -------------------
    SLICE_X3Y120         FDCE (Prop_fdce_C_Q)         0.379     5.296 r  u_pwm/period_set_reg_reg[7]/Q
                         net (fo=70, routed)          1.235     6.531    u_pwm/period_set_reg[7]
    SLICE_X3Y115         LUT3 (Prop_lut3_I1_O)        0.105     6.636 r  u_pwm/next_time_cnt1_carry_i_5/O
                         net (fo=1, routed)           0.000     6.636    u_pwm/next_time_cnt1_carry_i_5_n_0
    SLICE_X3Y115         CARRY4 (Prop_carry4_S[3]_CO[3])
                                                      0.332     6.968 r  u_pwm/next_time_cnt1_carry/CO[3]
                         net (fo=1, routed)           0.000     6.968    u_pwm/next_time_cnt1_carry_n_0
    SLICE_X3Y116         CARRY4 (Prop_carry4_CI_CO[3])
                                                      0.098     7.066 r  u_pwm/next_time_cnt1_carry__0/CO[3]
                         net (fo=1, routed)           0.000     7.066    u_pwm/next_time_cnt1_carry__0_n_0
    SLICE_X3Y117         CARRY4 (Prop_carry4_CI_CO[3])
                                                      0.098     7.164 r  u_pwm/next_time_cnt1_carry__1/CO[3]
                         net (fo=1, routed)           0.000     7.164    u_pwm/next_time_cnt1_carry__1_n_0
    SLICE_X3Y118         CARRY4 (Prop_carry4_CI_CO[3])
                                                      0.098     7.262 f  u_pwm/next_time_cnt1_carry__2/CO[3]
                         net (fo=64, routed)          1.476     8.737    u_pwm/next_time_cnt1_carry__2_n_0
    SLICE_X2Y115         LUT3 (Prop_lut3_I2_O)        0.105     8.842 r  u_pwm/next_pwm_out0_carry_i_8/O
                         net (fo=1, routed)           0.000     8.842    u_pwm/next_pwm_out0_carry_i_8_n_0
    SLICE_X2Y115         CARRY4 (Prop_carry4_S[0]_CO[3])
                                                      0.423     9.265 r  u_pwm/next_pwm_out0_carry/CO[3]
                         net (fo=1, routed)           0.000     9.265    u_pwm/next_pwm_out0_carry_n_0
    SLICE_X2Y116         CARRY4 (Prop_carry4_CI_CO[3])
                                                      0.100     9.365 r  u_pwm/next_pwm_out0_carry__0/CO[3]
                         net (fo=1, routed)           0.000     9.365    u_pwm/next_pwm_out0_carry__0_n_0
    SLICE_X2Y117         CARRY4 (Prop_carry4_CI_CO[3])
                                                      0.100     9.465 r  u_pwm/next_pwm_out0_carry__1/CO[3]
                         net (fo=1, routed)           0.000     9.465    u_pwm/next_pwm_out0_carry__1_n_0
    SLICE_X2Y118         CARRY4 (Prop_carry4_CI_CO[3])
                                                      0.100     9.565 r  u_pwm/next_pwm_out0_carry__2/CO[3]
                         net (fo=1, routed)           0.577    10.142    u_pwm/data0
    SLICE_X2Y119         LUT4 (Prop_lut4_I1_O)        0.105    10.247 r  u_pwm/pwm_out_reg_i_1/O
                         net (fo=1, routed)           0.000    10.247    u_pwm/pwm_out_reg_i_1_n_0
    SLICE_X2Y119         FDCE                                         r  u_pwm/pwm_out_reg_reg/D
  -------------------------------------------------------------------    -------------------

                         (clock sys_clk rise edge)   20.000    20.000 r  <hidden>
    Y18                                               0.000    20.000 r  clk
                         net (fo=0)                   0.000    20.000    clk
    Y18                  IBUF (Prop_ibuf_I_O)         1.387    21.387 r  clk_IBUF_inst/O
                         net (fo=1, routed)           1.734    23.121    clk_IBUF
    BUFGCTRL_X0Y0        BUFG (Prop_bufg_I_O)         0.077    23.198 r  clk_IBUF_BUFG_inst/O
                         net (fo=37, routed)          1.452    24.650    u_pwm/CLK
    SLICE_X2Y119         FDCE                                         r  u_pwm/pwm_out_reg_reg/C
                         clock pessimism              0.243    24.893    <hidden>
                         clock uncertainty           -0.035    24.857    <hidden>
    SLICE_X2Y119         FDCE (Setup_fdce_C_D)        0.072    24.929    u_pwm/pwm_out_reg_reg
  -------------------------------------------------------------------
                         required time                         24.929    <hidden>
                         arrival time                         -10.247    <hidden>
  -------------------------------------------------------------------
                         slack                                 14.682    <hidden>

Slack (MET) :             15.919ns  (required time - arrival time)
  Source:                 u_pwm/period_set_reg_reg[7]/C
                            (rising edge-triggered cell FDCE clocked by sys_clk  {rise@0.000ns fall@10.000ns period=20.000ns})
  Destination:            u_pwm/time_cnt_reg[7]/D
                            (rising edge-triggered cell FDCE clocked by sys_clk  {rise@0.000ns fall@10.000ns period=20.000ns})
  Path Group:             sys_clk
  Path Type:              Setup (Max at Slow Process Corner)
  Requirement:            20.000ns  (sys_clk rise@20.000ns - sys_clk rise@0.000ns)
  Data Path Delay:        4.059ns  (logic 1.215ns (29.936%)  route 2.844ns (70.064%))
  Logic Levels:           6  (CARRY4=4 LUT3=1 LUT5=1)
  Clock Path Skew:        -0.020ns (DCD - SCD + CPR)
    Destination Clock Delay (DCD):    4.654ns = ( 24.654 - 20.000 )
    Source Clock Delay      (SCD):    4.917ns
    Clock Pessimism Removal (CPR):    0.243ns
  Clock Uncertainty:      0.035ns  ((TSJ^2 + TIJ^2)^1/2 + DJ) / 2 + PE
    Total System Jitter     (TSJ):    0.071ns
    Total Input Jitter      (TIJ):    0.000ns
    Discrete Jitter          (DJ):    0.000ns
    Phase Error              (PE):    0.000ns

    Location             Delay type                Incr(ns)  Path(ns)    Netlist Resource(s)
  -------------------------------------------------------------------    -------------------
                         (clock sys_clk rise edge)    0.000     0.000 r  <hidden>
    Y18                                               0.000     0.000 r  clk
                         net (fo=0)                   0.000     0.000    clk
    Y18                  IBUF (Prop_ibuf_I_O)         1.453     1.453 r  clk_IBUF_inst/O
                         net (fo=1, routed)           1.827     3.280    clk_IBUF
    BUFGCTRL_X0Y0        BUFG (Prop_bufg_I_O)         0.081     3.361 r  clk_IBUF_BUFG_inst/O
                         net (fo=37, routed)          1.556     4.917    u_pwm/CLK
    SLICE_X3Y120         FDCE                                         r  u_pwm/period_set_reg_reg[7]/C
  -------------------------------------------------------------------    -------------------
    SLICE_X3Y120         FDCE (Prop_fdce_C_Q)         0.379     5.296 r  u_pwm/period_set_reg_reg[7]/Q
                         net (fo=70, routed)          1.235     6.531    u_pwm/period_set_reg[7]
    SLICE_X3Y115         LUT3 (Prop_lut3_I1_O)        0.105     6.636 r  u_pwm/next_time_cnt1_carry_i_5/O
                         net (fo=1, routed)           0.000     6.636    u_pwm/next_time_cnt1_carry_i_5_n_0
    SLICE_X3Y115         CARRY4 (Prop_carry4_S[3]_CO[3])
                                                      0.332     6.968 r  u_pwm/next_time_cnt1_carry/CO[3]
                         net (fo=1, routed)           0.000     6.968    u_pwm/next_time_cnt1_carry_n_0
    SLICE_X3Y116         CARRY4 (Prop_carry4_CI_CO[3])
                                                      0.098     7.066 r  u_pwm/next_time_cnt1_carry__0/CO[3]
                         net (fo=1, routed)           0.000     7.066    u_pwm/next_time_cnt1_carry__0_n_0
    SLICE_X3Y117         CARRY4 (Prop_carry4_CI_CO[3])
                                                      0.098     7.164 r  u_pwm/next_time_cnt1_carry__1/CO[3]
                         net (fo=1, routed)           0.000     7.164    u_pwm/next_time_cnt1_carry__1_n_0
    SLICE_X3Y118         CARRY4 (Prop_carry4_CI_CO[3])
                                                      0.098     7.262 r  u_pwm/next_time_cnt1_carry__2/CO[3]
                         net (fo=64, routed)          1.609     8.870    u_pwm/next_time_cnt1_carry__2_n_0
    SLICE_X3Y114         LUT5 (Prop_lut5_I1_O)        0.105     8.975 r  u_pwm/time_cnt[7]_i_1/O
                         net (fo=1, routed)           0.000     8.975    u_pwm/time_cnt[7]_i_1_n_0
    SLICE_X3Y114         FDCE                                         r  u_pwm/time_cnt_reg[7]/D
  -------------------------------------------------------------------    -------------------

                         (clock sys_clk rise edge)   20.000    20.000 r  <hidden>
    Y18                                               0.000    20.000 r  clk
                         net (fo=0)                   0.000    20.000    clk
    Y18                  IBUF (Prop_ibuf_I_O)         1.387    21.387 r  clk_IBUF_inst/O
                         net (fo=1, routed)           1.734    23.121    clk_IBUF
    BUFGCTRL_X0Y0        BUFG (Prop_bufg_I_O)         0.077    23.198 r  clk_IBUF_BUFG_inst/O
                         net (fo=37, routed)          1.456    24.654    u_pwm/CLK
    SLICE_X3Y114         FDCE                                         r  u_pwm/time_cnt_reg[7]/C
                         clock pessimism              0.243    24.897    <hidden>
                         clock uncertainty           -0.035    24.861    <hidden>
    SLICE_X3Y114         FDCE (Setup_fdce_C_D)        0.033    24.894    u_pwm/time_cnt_reg[7]
  -------------------------------------------------------------------
                         required time                         24.894    <hidden>
                         arrival time                          -8.975    <hidden>
  -------------------------------------------------------------------
                         slack                                 15.919    <hidden>

Slack (MET) :             15.920ns  (required time - arrival time)
  Source:                 u_pwm/period_set_reg_reg[7]/C
                            (rising edge-triggered cell FDCE clocked by sys_clk  {rise@0.000ns fall@10.000ns period=20.000ns})
  Destination:            u_pwm/time_cnt_reg[4]/D
                            (rising edge-triggered cell FDCE clocked by sys_clk  {rise@0.000ns fall@10.000ns period=20.000ns})
  Path Group:             sys_clk
  Path Type:              Setup (Max at Slow Process Corner)
  Requirement:            20.000ns  (sys_clk rise@20.000ns - sys_clk rise@0.000ns)
  Data Path Delay:        4.055ns  (logic 1.215ns (29.965%)  route 2.840ns (70.035%))
  Logic Levels:           6  (CARRY4=4 LUT3=1 LUT5=1)
  Clock Path Skew:        -0.020ns (DCD - SCD + CPR)
    Destination Clock Delay (DCD):    4.654ns = ( 24.654 - 20.000 )
    Source Clock Delay      (SCD):    4.917ns
    Clock Pessimism Removal (CPR):    0.243ns
  Clock Uncertainty:      0.035ns  ((TSJ^2 + TIJ^2)^1/2 + DJ) / 2 + PE
    Total System Jitter     (TSJ):    0.071ns
    Total Input Jitter      (TIJ):    0.000ns
    Discrete Jitter          (DJ):    0.000ns
    Phase Error              (PE):    0.000ns

    Location             Delay type                Incr(ns)  Path(ns)    Netlist Resource(s)
  -------------------------------------------------------------------    -------------------
                         (clock sys_clk rise edge)    0.000     0.000 r  <hidden>
    Y18                                               0.000     0.000 r  clk
                         net (fo=0)                   0.000     0.000    clk
    Y18                  IBUF (Prop_ibuf_I_O)         1.453     1.453 r  clk_IBUF_inst/O
                         net (fo=1, routed)           1.827     3.280    clk_IBUF
    BUFGCTRL_X0Y0        BUFG (Prop_bufg_I_O)         0.081     3.361 r  clk_IBUF_BUFG_inst/O
                         net (fo=37, routed)          1.556     4.917    u_pwm/CLK
    SLICE_X3Y120         FDCE                                         r  u_pwm/period_set_reg_reg[7]/C
  -------------------------------------------------------------------    -------------------
    SLICE_X3Y120         FDCE (Prop_fdce_C_Q)         0.379     5.296 r  u_pwm/period_set_reg_reg[7]/Q
                         net (fo=70, routed)          1.235     6.531    u_pwm/period_set_reg[7]
    SLICE_X3Y115         LUT3 (Prop_lut3_I1_O)        0.105     6.636 r  u_pwm/next_time_cnt1_carry_i_5/O
                         net (fo=1, routed)           0.000     6.636    u_pwm/next_time_cnt1_carry_i_5_n_0
    SLICE_X3Y115         CARRY4 (Prop_carry4_S[3]_CO[3])
                                                      0.332     6.968 r  u_pwm/next_time_cnt1_carry/CO[3]
                         net (fo=1, routed)           0.000     6.968    u_pwm/next_time_cnt1_carry_n_0
    SLICE_X3Y116         CARRY4 (Prop_carry4_CI_CO[3])
                                                      0.098     7.066 r  u_pwm/next_time_cnt1_carry__0/CO[3]
                         net (fo=1, routed)           0.000     7.066    u_pwm/next_time_cnt1_carry__0_n_0
    SLICE_X3Y117         CARRY4 (Prop_carry4_CI_CO[3])
                                                      0.098     7.164 r  u_pwm/next_time_cnt1_carry__1/CO[3]
                         net (fo=1, routed)           0.000     7.164    u_pwm/next_time_cnt1_carry__1_n_0
    SLICE_X3Y118         CARRY4 (Prop_carry4_CI_CO[3])
                                                      0.098     7.262 r  u_pwm/next_time_cnt1_carry__2/CO[3]
                         net (fo=64, routed)          1.605     8.866    u_pwm/next_time_cnt1_carry__2_n_0
    SLICE_X3Y114         LUT5 (Prop_lut5_I1_O)        0.105     8.971 r  u_pwm/time_cnt[4]_i_1/O
                         net (fo=1, routed)           0.000     8.971    u_pwm/time_cnt[4]_i_1_n_0
    SLICE_X3Y114         FDCE                                         r  u_pwm/time_cnt_reg[4]/D
  -------------------------------------------------------------------    -------------------

                         (clock sys_clk rise edge)   20.000    20.000 r  <hidden>
    Y18                                               0.000    20.000 r  clk
                         net (fo=0)                   0.000    20.000    clk
    Y18                  IBUF (Prop_ibuf_I_O)         1.387    21.387 r  clk_IBUF_inst/O
                         net (fo=1, routed)           1.734    23.121    clk_IBUF
    BUFGCTRL_X0Y0        BUFG (Prop_bufg_I_O)         0.077    23.198 r  clk_IBUF_BUFG_inst/O
                         net (fo=37, routed)          1.456    24.654    u_pwm/CLK
    SLICE_X3Y114         FDCE                                         r  u_pwm/time_cnt_reg[4]/C
                         clock pessimism              0.243    24.897    <hidden>
                         clock uncertainty           -0.035    24.861    <hidden>
    SLICE_X3Y114         FDCE (Setup_fdce_C_D)        0.030    24.891    u_pwm/time_cnt_reg[4]
  -------------------------------------------------------------------
                         required time                         24.891    <hidden>
                         arrival time                          -8.971    <hidden>
  -------------------------------------------------------------------
                         slack                                 15.920    <hidden>

Slack (MET) :             15.920ns  (required time - arrival time)
  Source:                 u_pwm/period_set_reg_reg[7]/C
                            (rising edge-triggered cell FDCE clocked by sys_clk  {rise@0.000ns fall@10.000ns period=20.000ns})
  Destination:            u_pwm/time_cnt_reg[6]/D
                            (rising edge-triggered cell FDCE clocked by sys_clk  {rise@0.000ns fall@10.000ns period=20.000ns})
  Path Group:             sys_clk
  Path Type:              Setup (Max at Slow Process Corner)
  Requirement:            20.000ns  (sys_clk rise@20.000ns - sys_clk rise@0.000ns)
  Data Path Delay:        4.057ns  (logic 1.215ns (29.950%)  route 2.842ns (70.050%))
  Logic Levels:           6  (CARRY4=4 LUT3=1 LUT5=1)
  Clock Path Skew:        -0.020ns (DCD - SCD + CPR)
    Destination Clock Delay (DCD):    4.654ns = ( 24.654 - 20.000 )
    Source Clock Delay      (SCD):    4.917ns
    Clock Pessimism Removal (CPR):    0.243ns
  Clock Uncertainty:      0.035ns  ((TSJ^2 + TIJ^2)^1/2 + DJ) / 2 + PE
    Total System Jitter     (TSJ):    0.071ns
    Total Input Jitter      (TIJ):    0.000ns
    Discrete Jitter          (DJ):    0.000ns
    Phase Error              (PE):    0.000ns

    Location             Delay type                Incr(ns)  Path(ns)    Netlist Resource(s)
  -------------------------------------------------------------------    -------------------
                         (clock sys_clk rise edge)    0.000     0.000 r  <hidden>
    Y18                                               0.000     0.000 r  clk
                         net (fo=0)                   0.000     0.000    clk
    Y18                  IBUF (Prop_ibuf_I_O)         1.453     1.453 r  clk_IBUF_inst/O
                         net (fo=1, routed)           1.827     3.280    clk_IBUF
    BUFGCTRL_X0Y0        BUFG (Prop_bufg_I_O)         0.081     3.361 r  clk_IBUF_BUFG_inst/O
                         net (fo=37, routed)          1.556     4.917    u_pwm/CLK
    SLICE_X3Y120         FDCE                                         r  u_pwm/period_set_reg_reg[7]/C
  -------------------------------------------------------------------    -------------------
    SLICE_X3Y120         FDCE (Prop_fdce_C_Q)         0.379     5.296 r  u_pwm/period_set_reg_reg[7]/Q
                         net (fo=70, routed)          1.235     6.531    u_pwm/period_set_reg[7]
    SLICE_X3Y115         LUT3 (Prop_lut3_I1_O)        0.105     6.636 r  u_pwm/next_time_cnt1_carry_i_5/O
                         net (fo=1, routed)           0.000     6.636    u_pwm/next_time_cnt1_carry_i_5_n_0
    SLICE_X3Y115         CARRY4 (Prop_carry4_S[3]_CO[3])
                                                      0.332     6.968 r  u_pwm/next_time_cnt1_carry/CO[3]
                         net (fo=1, routed)           0.000     6.968    u_pwm/next_time_cnt1_carry_n_0
    SLICE_X3Y116         CARRY4 (Prop_carry4_CI_CO[3])
                                                      0.098     7.066 r  u_pwm/next_time_cnt1_carry__0/CO[3]
                         net (fo=1, routed)           0.000     7.066    u_pwm/next_time_cnt1_carry__0_n_0
    SLICE_X3Y117         CARRY4 (Prop_carry4_CI_CO[3])
                                                      0.098     7.164 r  u_pwm/next_time_cnt1_carry__1/CO[3]
                         net (fo=1, routed)           0.000     7.164    u_pwm/next_time_cnt1_carry__1_n_0
    SLICE_X3Y118         CARRY4 (Prop_carry4_CI_CO[3])
                                                      0.098     7.262 r  u_pwm/next_time_cnt1_carry__2/CO[3]
                         net (fo=64, routed)          1.607     8.868    u_pwm/next_time_cnt1_carry__2_n_0
    SLICE_X3Y114         LUT5 (Prop_lut5_I1_O)        0.105     8.973 r  u_pwm/time_cnt[6]_i_1/O
                         net (fo=1, routed)           0.000     8.973    u_pwm/time_cnt[6]_i_1_n_0
    SLICE_X3Y114         FDCE                                         r  u_pwm/time_cnt_reg[6]/D
  -------------------------------------------------------------------    -------------------

                         (clock sys_clk rise edge)   20.000    20.000 r  <hidden>
    Y18                                               0.000    20.000 r  clk
                         net (fo=0)                   0.000    20.000    clk
    Y18                  IBUF (Prop_ibuf_I_O)         1.387    21.387 r  clk_IBUF_inst/O
                         net (fo=1, routed)           1.734    23.121    clk_IBUF
    BUFGCTRL_X0Y0        BUFG (Prop_bufg_I_O)         0.077    23.198 r  clk_IBUF_BUFG_inst/O
                         net (fo=37, routed)          1.456    24.654    u_pwm/CLK
    SLICE_X3Y114         FDCE                                         r  u_pwm/time_cnt_reg[6]/C
                         clock pessimism              0.243    24.897    <hidden>
                         clock uncertainty           -0.035    24.861    <hidden>
    SLICE_X3Y114         FDCE (Setup_fdce_C_D)        0.032    24.893    u_pwm/time_cnt_reg[6]
  -------------------------------------------------------------------
                         required time                         24.893    <hidden>
                         arrival time                          -8.973    <hidden>
  -------------------------------------------------------------------
                         slack                                 15.920    <hidden>

Slack (MET) :             15.922ns  (required time - arrival time)
  Source:                 u_pwm/period_set_reg_reg[7]/C
                            (rising edge-triggered cell FDCE clocked by sys_clk  {rise@0.000ns fall@10.000ns period=20.000ns})
  Destination:            u_pwm/time_cnt_reg[5]/D
                            (rising edge-triggered cell FDCE clocked by sys_clk  {rise@0.000ns fall@10.000ns period=20.000ns})
  Path Group:             sys_clk
  Path Type:              Setup (Max at Slow Process Corner)
  Requirement:            20.000ns  (sys_clk rise@20.000ns - sys_clk rise@0.000ns)
  Data Path Delay:        4.055ns  (logic 1.215ns (29.965%)  route 2.840ns (70.035%))
  Logic Levels:           6  (CARRY4=4 LUT3=1 LUT5=1)
  Clock Path Skew:        -0.020ns (DCD - SCD + CPR)
    Destination Clock Delay (DCD):    4.654ns = ( 24.654 - 20.000 )
    Source Clock Delay      (SCD):    4.917ns
    Clock Pessimism Removal (CPR):    0.243ns
  Clock Uncertainty:      0.035ns  ((TSJ^2 + TIJ^2)^1/2 + DJ) / 2 + PE
    Total System Jitter     (TSJ):    0.071ns
    Total Input Jitter      (TIJ):    0.000ns
    Discrete Jitter          (DJ):    0.000ns
    Phase Error              (PE):    0.000ns

    Location             Delay type                Incr(ns)  Path(ns)    Netlist Resource(s)
  -------------------------------------------------------------------    -------------------
                         (clock sys_clk rise edge)    0.000     0.000 r  <hidden>
    Y18                                               0.000     0.000 r  clk
                         net (fo=0)                   0.000     0.000    clk
    Y18                  IBUF (Prop_ibuf_I_O)         1.453     1.453 r  clk_IBUF_inst/O
                         net (fo=1, routed)           1.827     3.280    clk_IBUF
    BUFGCTRL_X0Y0        BUFG (Prop_bufg_I_O)         0.081     3.361 r  clk_IBUF_BUFG_inst/O
                         net (fo=37, routed)          1.556     4.917    u_pwm/CLK
    SLICE_X3Y120         FDCE                                         r  u_pwm/period_set_reg_reg[7]/C
  -------------------------------------------------------------------    -------------------
    SLICE_X3Y120         FDCE (Prop_fdce_C_Q)         0.379     5.296 r  u_pwm/period_set_reg_reg[7]/Q
                         net (fo=70, routed)          1.235     6.531    u_pwm/period_set_reg[7]
    SLICE_X3Y115         LUT3 (Prop_lut3_I1_O)        0.105     6.636 r  u_pwm/next_time_cnt1_carry_i_5/O
                         net (fo=1, routed)           0.000     6.636    u_pwm/next_time_cnt1_carry_i_5_n_0
    SLICE_X3Y115         CARRY4 (Prop_carry4_S[3]_CO[3])
                                                      0.332     6.968 r  u_pwm/next_time_cnt1_carry/CO[3]
                         net (fo=1, routed)           0.000     6.968    u_pwm/next_time_cnt1_carry_n_0
    SLICE_X3Y116         CARRY4 (Prop_carry4_CI_CO[3])
                                                      0.098     7.066 r  u_pwm/next_time_cnt1_carry__0/CO[3]
                         net (fo=1, routed)           0.000     7.066    u_pwm/next_time_cnt1_carry__0_n_0
    SLICE_X3Y117         CARRY4 (Prop_carry4_CI_CO[3])
                                                      0.098     7.164 r  u_pwm/next_time_cnt1_carry__1/CO[3]
                         net (fo=1, routed)           0.000     7.164    u_pwm/next_time_cnt1_carry__1_n_0
    SLICE_X3Y118         CARRY4 (Prop_carry4_CI_CO[3])
                                                      0.098     7.262 r  u_pwm/next_time_cnt1_carry__2/CO[3]
                         net (fo=64, routed)          1.605     8.866    u_pwm/next_time_cnt1_carry__2_n_0
    SLICE_X3Y114         LUT5 (Prop_lut5_I1_O)        0.105     8.971 r  u_pwm/time_cnt[5]_i_1/O
                         net (fo=1, routed)           0.000     8.971    u_pwm/time_cnt[5]_i_1_n_0
    SLICE_X3Y114         FDCE                                         r  u_pwm/time_cnt_reg[5]/D
  -------------------------------------------------------------------    -------------------

                         (clock sys_clk rise edge)   20.000    20.000 r  <hidden>
    Y18                                               0.000    20.000 r  clk
                         net (fo=0)                   0.000    20.000    clk
    Y18                  IBUF (Prop_ibuf_I_O)         1.387    21.387 r  clk_IBUF_inst/O
                         net (fo=1, routed)           1.734    23.121    clk_IBUF
    BUFGCTRL_X0Y0        BUFG (Prop_bufg_I_O)         0.077    23.198 r  clk_IBUF_BUFG_inst/O
                         net (fo=37, routed)          1.456    24.654    u_pwm/CLK
    SLICE_X3Y114         FDCE                                         r  u_pwm/time_cnt_reg[5]/C
                         clock pessimism              0.243    24.897    <hidden>
                         clock uncertainty           -0.035    24.861    <hidden>
    SLICE_X3Y114         FDCE (Setup_fdce_C_D)        0.032    24.893    u_pwm/time_cnt_reg[5]
  -------------------------------------------------------------------
                         required time                         24.893    <hidden>
                         arrival time                          -8.971    <hidden>
  -------------------------------------------------------------------
                         slack                                 15.922    <hidden>
