Copyright 1986-2022 Xilinx, Inc. All Rights Reserved. Copyright 2022-2026 Advanced Micro Devices, Inc. All Rights Reserved.
-----------------------------------------------------------------------------------------------------------------------------------------------------------------------------
| Tool Version : Vivado v.2026.1 (win64) Build 6511674 Tue Jun 16 11:02:23 MDT 2026
| Date         : Wed Sep 16 12:30:22 2026
| Host         : DependOnOMEN16 running 64-bit major release  (build 9200)
| Command      : report_timing_summary -delay_type min_max -report_unconstrained -check_timing_verbose -file D:/Project/FPGA_XC7A200T/docs/reports/step5a/timing_summary.rpt
| Design       : pwm_demo_top
| Device       : 7a200t-fbg484
| Speed File   : -2  PRODUCTION 1.23 2018-06-13
| Design State : Routed
-----------------------------------------------------------------------------------------------------------------------------------------------------------------------------

Timing Summary Report

------------------------------------------------------------------------------------------------
| Timer Settings
| --------------
------------------------------------------------------------------------------------------------

  Enable Multi Corner Analysis               :  Yes
  Enable Pessimism Removal                   :  Yes
  Pessimism Removal Resolution               :  Nearest Common Node
  Enable Input Delay Default Clock           :  No
  Enable Preset / Clear Arcs                 :  No
  Disable Flight Delays                      :  No
  Ignore I/O Paths                           :  No
  Timing Early Launch at Borrowing Latches   :  No
  Borrow Time for Max Delay Exceptions       :  Yes
  Merge Timing Exceptions                    :  Yes
  Inter-SLR Compensation                     :  Conservative

  Corner  Analyze    Analyze
  Name    Max Paths  Min Paths
  ------  ---------  ---------
  Slow    Yes        Yes
  Fast    Yes        Yes


------------------------------------------------------------------------------------------------
| Report Methodology
| ------------------
------------------------------------------------------------------------------------------------

Rule       Severity  Description                                  Violations
---------  --------  -------------------------------------------  ----------
TIMING-18  Warning   Missing input or output delay                1
XDCB-5     Warning   Runtime inefficient way to find pin objects  1

Note: This report is based on the most recent report_methodology run and may not be up-to-date. Run report_methodology on the current design for the latest report.



check_timing report

Table of Contents
-----------------
1. checking no_clock (0)
2. checking constant_clock (0)
3. checking pulse_width_clock (0)
4. checking unconstrained_internal_endpoints (0)
5. checking no_input_delay (1)
6. checking no_output_delay (1)
7. checking multiple_clock (0)
8. checking generated_clocks (0)
9. checking loops (0)
10. checking partial_input_delay (0)
11. checking partial_output_delay (0)
12. checking latch_loops (0)

1. checking no_clock (0)
------------------------
 There are 0 register/latch pins with no clock.


2. checking constant_clock (0)
------------------------------
 There are 0 register/latch pins with constant_clock.


3. checking pulse_width_clock (0)
---------------------------------
 There are 0 register/latch pins which need pulse_width check


4. checking unconstrained_internal_endpoints (0)
------------------------------------------------
 There are 0 pins that are not constrained for maximum delay.

 There are 0 pins that are not constrained for maximum delay due to constant clock.


5. checking no_input_delay (1)
------------------------------
 There are 0 input ports with no input delay specified.

 There is 1 input port with no input delay but user has a false path constraint. (MEDIUM)

key2_n


6. checking no_output_delay (1)
-------------------------------
 There is 1 port with no output delay specified. (HIGH)

led1

 There are 0 ports with no output delay but user has a false path constraint

 There are 0 ports with no output delay but with a timing clock defined on it or propagating through it


7. checking multiple_clock (0)
------------------------------
 There are 0 register/latch pins with multiple clocks.


8. checking generated_clocks (0)
--------------------------------
 There are 0 generated clocks that are not connected to a clock source.


9. checking loops (0)
---------------------
 There are 0 combinational loops in the design.


10. checking partial_input_delay (0)
------------------------------------
 There are 0 input ports with partial input delay specified.


11. checking partial_output_delay (0)
-------------------------------------
 There are 0 ports with partial output delay specified.


12. checking latch_loops (0)
----------------------------
 There are 0 combinational latch loops in the design through latch input



------------------------------------------------------------------------------------------------
| Design Timing Summary
| ---------------------
------------------------------------------------------------------------------------------------

    WNS(ns)      TNS(ns)  TNS Failing Endpoints  TNS Total Endpoints      WHS(ns)      THS(ns)  THS Failing Endpoints  THS Total Endpoints     WPWS(ns)     TPWS(ns)  TPWS Failing Endpoints  TPWS Total Endpoints
    -------      -------  ---------------------  -------------------      -------      -------  ---------------------  -------------------     --------     --------  ----------------------  --------------------
     14.682        0.000                      0                   70        0.130        0.000                      0                   70        9.500        0.000                       0                    38


All user specified timing constraints are met.


------------------------------------------------------------------------------------------------
| Clock Summary
| -------------
------------------------------------------------------------------------------------------------

Clock    Waveform(ns)       Period(ns)      Frequency(MHz)
-----    ------------       ----------      --------------
sys_clk  {0.000 10.000}     20.000          50.000


------------------------------------------------------------------------------------------------
| Intra Clock Table
| -----------------
------------------------------------------------------------------------------------------------

Clock             WNS(ns)      TNS(ns)  TNS Failing Endpoints  TNS Total Endpoints      WHS(ns)      THS(ns)  THS Failing Endpoints  THS Total Endpoints     WPWS(ns)     TPWS(ns)  TPWS Failing Endpoints  TPWS Total Endpoints
-----             -------      -------  ---------------------  -------------------      -------      -------  ---------------------  -------------------     --------     --------  ----------------------  --------------------
sys_clk            14.682        0.000                      0                   35        0.130        0.000                      0                   35        9.500        0.000                       0                    38


------------------------------------------------------------------------------------------------
| Inter Clock Table
| -----------------
------------------------------------------------------------------------------------------------

From Clock    To Clock          WNS(ns)      TNS(ns)  TNS Failing Endpoints  TNS Total Endpoints      WHS(ns)      THS(ns)  THS Failing Endpoints  THS Total Endpoints
----------    --------          -------      -------  ---------------------  -------------------      -------      -------  ---------------------  -------------------


------------------------------------------------------------------------------------------------
| Other Path Groups Table
| -----------------------
------------------------------------------------------------------------------------------------

Path Group         From Clock         To Clock               WNS(ns)      TNS(ns)  TNS Failing Endpoints  TNS Total Endpoints      WHS(ns)      THS(ns)  THS Failing Endpoints  THS Total Endpoints
----------         ----------         --------               -------      -------  ---------------------  -------------------      -------      -------  ---------------------  -------------------
**async_default**  sys_clk            sys_clk                 17.185        0.000                      0                   35        0.719        0.000                      0                   35


------------------------------------------------------------------------------------------------
| User Ignored Path Table
| -----------------------
------------------------------------------------------------------------------------------------

Path Group    From Clock    To Clock
----------    ----------    --------
(none)                      sys_clk


------------------------------------------------------------------------------------------------
| Unconstrained Path Table
| ------------------------
------------------------------------------------------------------------------------------------

Path Group    From Clock    To Clock
----------    ----------    --------
(none)        sys_clk


------------------------------------------------------------------------------------------------
| Timing Details
| --------------
------------------------------------------------------------------------------------------------


---------------------------------------------------------------------------------------------------
From Clock:  sys_clk
  To Clock:  sys_clk

Setup :            0  Failing Endpoints,  Worst Slack       14.682ns,  Total Violation        0.000ns
Hold  :            0  Failing Endpoints,  Worst Slack        0.130ns,  Total Violation        0.000ns
PW    :            0  Failing Endpoints,  Worst Slack        9.500ns,  Total Violation        0.000ns
---------------------------------------------------------------------------------------------------


Max Delay Paths
--------------------------------------------------------------------------------------
Slack (MET) :             14.682ns  (required time - arrival time)
  Source:                 u_pwm/period_set_reg_reg[7]/C
                            (rising edge-triggered cell FDCE clocked by sys_clk  {rise@0.000ns fall@10.000ns period=20.000ns})
  Destination:            u_pwm/pwm_out_reg_reg/D
                            (rising edge-triggered cell FDCE clocked by sys_clk  {rise@0.000ns fall@10.000ns period=20.000ns})
  Path Group:             sys_clk
  Path Type:              Setup (Max at Slow Process Corner)
  Requirement:            20.000ns  (sys_clk rise@20.000ns - sys_clk rise@0.000ns)
  Data Path Delay:        5.330ns  (logic 2.043ns (38.327%)  route 3.287ns (61.673%))
  Logic Levels:           11  (CARRY4=8 LUT3=2 LUT4=1)
  Clock Path Skew:        -0.024ns (DCD - SCD + CPR)
    Destination Clock Delay (DCD):    4.650ns = ( 24.650 - 20.000 )
    Source Clock Delay      (SCD):    4.917ns
    Clock Pessimism Removal (CPR):    0.243ns
  Clock Uncertainty:      0.035ns  ((TSJ^2 + TIJ^2)^1/2 + DJ) / 2 + PE
    Total System Jitter     (TSJ):    0.071ns
    Total Input Jitter      (TIJ):    0.000ns
    Discrete Jitter          (DJ):    0.000ns
    Phase Error              (PE):    0.000ns

    Location             Delay type                Incr(ns)  Path(ns)    Netlist Resource(s)
  -------------------------------------------------------------------    -------------------
                         (clock sys_clk rise edge)    0.000     0.000 r  <hidden>
    Y18                                               0.000     0.000 r  clk
                         net (fo=0)                   0.000     0.000    clk
    Y18                  IBUF (Prop_ibuf_I_O)         1.453     1.453 r  clk_IBUF_inst/O
                         net (fo=1, routed)           1.827     3.280    clk_IBUF
    BUFGCTRL_X0Y0        BUFG (Prop_bufg_I_O)         0.081     3.361 r  clk_IBUF_BUFG_inst/O
                         net (fo=37, routed)          1.556     4.917    u_pwm/CLK
    SLICE_X3Y120         FDCE                                         r  u_pwm/period_set_reg_reg[7]/C
  -------------------------------------------------------------------    -------------------
    SLICE_X3Y120         FDCE (Prop_fdce_C_Q)         0.379     5.296 r  u_pwm/period_set_reg_reg[7]/Q
                         net (fo=70, routed)          1.235     6.531    u_pwm/period_set_reg[7]
    SLICE_X3Y115         LUT3 (Prop_lut3_I1_O)        0.105     6.636 r  u_pwm/next_time_cnt1_carry_i_5/O
                         net (fo=1, routed)           0.000     6.636    u_pwm/next_time_cnt1_carry_i_5_n_0
    SLICE_X3Y115         CARRY4 (Prop_carry4_S[3]_CO[3])
                                                      0.332     6.968 r  u_pwm/next_time_cnt1_carry/CO[3]
                         net (fo=1, routed)           0.000     6.968    u_pwm/next_time_cnt1_carry_n_0
    SLICE_X3Y116         CARRY4 (Prop_carry4_CI_CO[3])
                                                      0.098     7.066 r  u_pwm/next_time_cnt1_carry__0/CO[3]
                         net (fo=1, routed)           0.000     7.066    u_pwm/next_time_cnt1_carry__0_n_0
    SLICE_X3Y117         CARRY4 (Prop_carry4_CI_CO[3])
                                                      0.098     7.164 r  u_pwm/next_time_cnt1_carry__1/CO[3]
                         net (fo=1, routed)           0.000     7.164    u_pwm/next_time_cnt1_carry__1_n_0
    SLICE_X3Y118         CARRY4 (Prop_carry4_CI_CO[3])
                                                      0.098     7.262 f  u_pwm/next_time_cnt1_carry__2/CO[3]
                         net (fo=64, routed)          1.476     8.737    u_pwm/next_time_cnt1_carry__2_n_0
    SLICE_X2Y115         LUT3 (Prop_lut3_I2_O)        0.105     8.842 r  u_pwm/next_pwm_out0_carry_i_8/O
                         net (fo=1, routed)           0.000     8.842    u_pwm/next_pwm_out0_carry_i_8_n_0
    SLICE_X2Y115         CARRY4 (Prop_carry4_S[0]_CO[3])
                                                      0.423     9.265 r  u_pwm/next_pwm_out0_carry/CO[3]
                         net (fo=1, routed)           0.000     9.265    u_pwm/next_pwm_out0_carry_n_0
    SLICE_X2Y116         CARRY4 (Prop_carry4_CI_CO[3])
                                                      0.100     9.365 r  u_pwm/next_pwm_out0_carry__0/CO[3]
                         net (fo=1, routed)           0.000     9.365    u_pwm/next_pwm_out0_carry__0_n_0
    SLICE_X2Y117         CARRY4 (Prop_carry4_CI_CO[3])
                                                      0.100     9.465 r  u_pwm/next_pwm_out0_carry__1/CO[3]
                         net (fo=1, routed)           0.000     9.465    u_pwm/next_pwm_out0_carry__1_n_0
    SLICE_X2Y118         CARRY4 (Prop_carry4_CI_CO[3])
                                                      0.100     9.565 r  u_pwm/next_pwm_out0_carry__2/CO[3]
                         net (fo=1, routed)           0.577    10.142    u_pwm/data0
    SLICE_X2Y119         LUT4 (Prop_lut4_I1_O)        0.105    10.247 r  u_pwm/pwm_out_reg_i_1/O
                         net (fo=1, routed)           0.000    10.247    u_pwm/pwm_out_reg_i_1_n_0
    SLICE_X2Y119         FDCE                                         r  u_pwm/pwm_out_reg_reg/D
  -------------------------------------------------------------------    -------------------

                         (clock sys_clk rise edge)   20.000    20.000 r  <hidden>
    Y18                                               0.000    20.000 r  clk
                         net (fo=0)                   0.000    20.000    clk
    Y18                  IBUF (Prop_ibuf_I_O)         1.387    21.387 r  clk_IBUF_inst/O
                         net (fo=1, routed)           1.734    23.121    clk_IBUF
    BUFGCTRL_X0Y0        BUFG (Prop_bufg_I_O)         0.077    23.198 r  clk_IBUF_BUFG_inst/O
                         net (fo=37, routed)          1.452    24.650    u_pwm/CLK
    SLICE_X2Y119         FDCE                                         r  u_pwm/pwm_out_reg_reg/C
                         clock pessimism              0.243    24.893    <hidden>
                         clock uncertainty           -0.035    24.857    <hidden>
    SLICE_X2Y119         FDCE (Setup_fdce_C_D)        0.072    24.929    u_pwm/pwm_out_reg_reg
  -------------------------------------------------------------------
                         required time                         24.929    <hidden>
                         arrival time                         -10.247    <hidden>
  -------------------------------------------------------------------
                         slack                                 14.682    <hidden>





Min Delay Paths
--------------------------------------------------------------------------------------
Slack (MET) :             0.130ns  (arrival time - required time)
  Source:                 reset_release_reg[0]/C
                            (rising edge-triggered cell FDCE clocked by sys_clk  {rise@0.000ns fall@10.000ns period=20.000ns})
  Destination:            reset_release_reg[1]/D
                            (rising edge-triggered cell FDCE clocked by sys_clk  {rise@0.000ns fall@10.000ns period=20.000ns})
  Path Group:             sys_clk
  Path Type:              Hold (Min at Fast Process Corner)
  Requirement:            0.000ns  (sys_clk rise@0.000ns - sys_clk rise@0.000ns)
  Data Path Delay:        0.205ns  (logic 0.141ns (68.843%)  route 0.064ns (31.157%))
  Logic Levels:           0
  Clock Path Skew:        0.000ns (DCD - SCD - CPR)
    Destination Clock Delay (DCD):    2.174ns
    Source Clock Delay      (SCD):    1.651ns
    Clock Pessimism Removal (CPR):    0.523ns

    Location             Delay type                Incr(ns)  Path(ns)    Netlist Resource(s)
  -------------------------------------------------------------------    -------------------
                         (clock sys_clk rise edge)    0.000     0.000 r  <hidden>
    Y18                                               0.000     0.000 r  clk
                         net (fo=0)                   0.000     0.000    clk
    Y18                  IBUF (Prop_ibuf_I_O)         0.289     0.289 r  clk_IBUF_inst/O
                         net (fo=1, routed)           0.690     0.980    clk_IBUF
    BUFGCTRL_X0Y0        BUFG (Prop_bufg_I_O)         0.026     1.006 r  clk_IBUF_BUFG_inst/O
                         net (fo=37, routed)          0.646     1.651    clk_IBUF_BUFG
    SLICE_X0Y120         FDCE                                         r  reset_release_reg[0]/C
  -------------------------------------------------------------------    -------------------
    SLICE_X0Y120         FDCE (Prop_fdce_C_Q)         0.141     1.792 r  reset_release_reg[0]/Q
                         net (fo=1, routed)           0.064     1.856    reset_release[0]
    SLICE_X0Y120         FDCE                                         r  reset_release_reg[1]/D
  -------------------------------------------------------------------    -------------------

                         (clock sys_clk rise edge)    0.000     0.000 r  <hidden>
    Y18                                               0.000     0.000 r  clk
                         net (fo=0)                   0.000     0.000    clk
    Y18                  IBUF (Prop_ibuf_I_O)         0.478     0.478 r  clk_IBUF_inst/O
                         net (fo=1, routed)           0.750     1.227    clk_IBUF
    BUFGCTRL_X0Y0        BUFG (Prop_bufg_I_O)         0.029     1.256 r  clk_IBUF_BUFG_inst/O
                         net (fo=37, routed)          0.918     2.174    clk_IBUF_BUFG
    SLICE_X0Y120         FDCE                                         r  reset_release_reg[1]/C
                         clock pessimism             -0.523     1.651    <hidden>
    SLICE_X0Y120         FDCE (Hold_fdce_C_D)         0.075     1.726    reset_release_reg[1]
  -------------------------------------------------------------------
                         required time                         -1.726    <hidden>
                         arrival time                           1.856    <hidden>
  -------------------------------------------------------------------
                         slack                                  0.130    <hidden>





Pulse Width Checks
--------------------------------------------------------------------------------------
Clock Name:         sys_clk
Waveform(ns):       { 0.000 10.000 }
Period(ns):         20.000
Sources:            { clk }

Check Type        Corner  Lib Pin  Reference Pin  Required(ns)  Actual(ns)  Slack(ns)  Location       Pin
Min Period        n/a     BUFG/I   n/a            1.592         20.000      18.408     BUFGCTRL_X0Y0  clk_IBUF_BUFG_inst/I
Low Pulse Width   Slow    FDCE/C   n/a            0.500         10.000      9.500      SLICE_X2Y115   configured_reg/C
High Pulse Width  Slow    FDCE/C   n/a            0.500         10.000      9.500      SLICE_X2Y115   configured_reg/C



---------------------------------------------------------------------------------------------------
Path Group:  **async_default**
From Clock:  sys_clk
  To Clock:  sys_clk

Setup :            0  Failing Endpoints,  Worst Slack       17.185ns,  Total Violation        0.000ns
Hold  :            0  Failing Endpoints,  Worst Slack        0.719ns,  Total Violation        0.000ns
---------------------------------------------------------------------------------------------------


Max Delay Paths
--------------------------------------------------------------------------------------
Slack (MET) :             17.185ns  (required time - arrival time)
  Source:                 reset_release_reg[1]/C
                            (rising edge-triggered cell FDCE clocked by sys_clk  {rise@0.000ns fall@10.000ns period=20.000ns})
  Destination:            u_pwm/time_cnt_reg[10]/CLR
                            (recovery check against rising-edge clock sys_clk  {rise@0.000ns fall@10.000ns period=20.000ns})
  Path Group:             **async_default**
  Path Type:              Recovery (Max at Slow Process Corner)
  Requirement:            20.000ns  (sys_clk rise@20.000ns - sys_clk rise@0.000ns)
  Data Path Delay:        2.484ns  (logic 0.590ns (23.755%)  route 1.894ns (76.245%))
  Logic Levels:           1  (LUT1=1)
  Clock Path Skew:        -0.038ns (DCD - SCD + CPR)
    Destination Clock Delay (DCD):    4.650ns = ( 24.650 - 20.000 )
    Source Clock Delay      (SCD):    4.917ns
    Clock Pessimism Removal (CPR):    0.229ns
  Clock Uncertainty:      0.035ns  ((TSJ^2 + TIJ^2)^1/2 + DJ) / 2 + PE
    Total System Jitter     (TSJ):    0.071ns
    Total Input Jitter      (TIJ):    0.000ns
    Discrete Jitter          (DJ):    0.000ns
    Phase Error              (PE):    0.000ns

    Location             Delay type                Incr(ns)  Path(ns)    Netlist Resource(s)
  -------------------------------------------------------------------    -------------------
                         (clock sys_clk rise edge)    0.000     0.000 r  <hidden>
    Y18                                               0.000     0.000 r  clk
                         net (fo=0)                   0.000     0.000    clk
    Y18                  IBUF (Prop_ibuf_I_O)         1.453     1.453 r  clk_IBUF_inst/O
                         net (fo=1, routed)           1.827     3.280    clk_IBUF
    BUFGCTRL_X0Y0        BUFG (Prop_bufg_I_O)         0.081     3.361 r  clk_IBUF_BUFG_inst/O
                         net (fo=37, routed)          1.556     4.917    clk_IBUF_BUFG
    SLICE_X0Y120         FDCE                                         r  reset_release_reg[1]/C
  -------------------------------------------------------------------    -------------------
    SLICE_X0Y120         FDCE (Prop_fdce_C_Q)         0.348     5.265 r  reset_release_reg[1]/Q
                         net (fo=35, routed)          0.522     5.787    u_pwm/out[0]
    SLICE_X2Y120         LUT1 (Prop_lut1_I0_O)        0.242     6.029 f  u_pwm/time_cnt[31]_i_2/O
                         net (fo=35, routed)          1.371     7.400    u_pwm/reset_release_reg[1]
    SLICE_X6Y116         FDCE                                         f  u_pwm/time_cnt_reg[10]/CLR
  -------------------------------------------------------------------    -------------------

                         (clock sys_clk rise edge)   20.000    20.000 r  <hidden>
    Y18                                               0.000    20.000 r  clk
                         net (fo=0)                   0.000    20.000    clk
    Y18                  IBUF (Prop_ibuf_I_O)         1.387    21.387 r  clk_IBUF_inst/O
                         net (fo=1, routed)           1.734    23.121    clk_IBUF
    BUFGCTRL_X0Y0        BUFG (Prop_bufg_I_O)         0.077    23.198 r  clk_IBUF_BUFG_inst/O
                         net (fo=37, routed)          1.452    24.650    u_pwm/CLK
    SLICE_X6Y116         FDCE                                         r  u_pwm/time_cnt_reg[10]/C
                         clock pessimism              0.229    24.879    <hidden>
                         clock uncertainty           -0.035    24.843    <hidden>
    SLICE_X6Y116         FDCE (Recov_fdce_C_CLR)     -0.258    24.585    u_pwm/time_cnt_reg[10]
  -------------------------------------------------------------------
                         required time                         24.585    <hidden>
                         arrival time                          -7.400    <hidden>
  -------------------------------------------------------------------
                         slack                                 17.185    <hidden>





Min Delay Paths
--------------------------------------------------------------------------------------
Slack (MET) :             0.719ns  (arrival time - required time)
  Source:                 reset_release_reg[1]/C
                            (rising edge-triggered cell FDCE clocked by sys_clk  {rise@0.000ns fall@10.000ns period=20.000ns})
  Destination:            u_pwm/period_set_reg_reg[7]/CLR
                            (removal check against rising-edge clock sys_clk  {rise@0.000ns fall@10.000ns period=20.000ns})
  Path Group:             **async_default**
  Path Type:              Removal (Min at Fast Process Corner)
  Requirement:            0.000ns  (sys_clk rise@0.000ns - sys_clk rise@0.000ns)
  Data Path Delay:        0.641ns  (logic 0.227ns (35.432%)  route 0.414ns (64.568%))
  Logic Levels:           1  (LUT1=1)
  Clock Path Skew:        0.014ns (DCD - SCD - CPR)
    Destination Clock Delay (DCD):    2.174ns
    Source Clock Delay      (SCD):    1.651ns
    Clock Pessimism Removal (CPR):    0.509ns

    Location             Delay type                Incr(ns)  Path(ns)    Netlist Resource(s)
  -------------------------------------------------------------------    -------------------
                         (clock sys_clk rise edge)    0.000     0.000 r  <hidden>
    Y18                                               0.000     0.000 r  clk
                         net (fo=0)                   0.000     0.000    clk
    Y18                  IBUF (Prop_ibuf_I_O)         0.289     0.289 r  clk_IBUF_inst/O
                         net (fo=1, routed)           0.690     0.980    clk_IBUF
    BUFGCTRL_X0Y0        BUFG (Prop_bufg_I_O)         0.026     1.006 r  clk_IBUF_BUFG_inst/O
                         net (fo=37, routed)          0.646     1.651    clk_IBUF_BUFG
    SLICE_X0Y120         FDCE                                         r  reset_release_reg[1]/C
  -------------------------------------------------------------------    -------------------
    SLICE_X0Y120         FDCE (Prop_fdce_C_Q)         0.128     1.779 r  reset_release_reg[1]/Q
                         net (fo=35, routed)          0.232     2.012    u_pwm/out[0]
    SLICE_X2Y120         LUT1 (Prop_lut1_I0_O)        0.099     2.111 f  u_pwm/time_cnt[31]_i_2/O
                         net (fo=35, routed)          0.181     2.292    u_pwm/reset_release_reg[1]
    SLICE_X3Y120         FDCE                                         f  u_pwm/period_set_reg_reg[7]/CLR
  -------------------------------------------------------------------    -------------------

                         (clock sys_clk rise edge)    0.000     0.000 r  <hidden>
    Y18                                               0.000     0.000 r  clk
                         net (fo=0)                   0.000     0.000    clk
    Y18                  IBUF (Prop_ibuf_I_O)         0.478     0.478 r  clk_IBUF_inst/O
                         net (fo=1, routed)           0.750     1.227    clk_IBUF
    BUFGCTRL_X0Y0        BUFG (Prop_bufg_I_O)         0.029     1.256 r  clk_IBUF_BUFG_inst/O
                         net (fo=37, routed)          0.918     2.174    u_pwm/CLK
    SLICE_X3Y120         FDCE                                         r  u_pwm/period_set_reg_reg[7]/C
                         clock pessimism             -0.509     1.665    <hidden>
    SLICE_X3Y120         FDCE (Remov_fdce_C_CLR)     -0.092     1.573    u_pwm/period_set_reg_reg[7]
  -------------------------------------------------------------------
                         required time                         -1.573    <hidden>
                         arrival time                           2.292    <hidden>
  -------------------------------------------------------------------
                         slack                                  0.719    <hidden>





--------------------------------------------------------------------------------------
Path Group:  (none)
From Clock:
  To Clock:  sys_clk

Max Delay             2 Endpoints
Min Delay             2 Endpoints
--------------------------------------------------------------------------------------


Max Delay Paths
--------------------------------------------------------------------------------------
Slack:                    inf
  Source:                 key2_n
                            (input port)
  Destination:            reset_release_reg[0]/CLR
                            (recovery check against rising-edge clock sys_clk  {rise@0.000ns fall@10.000ns period=20.000ns})
  Path Group:             (none)
  Path Type:              Recovery (Max at Slow Process Corner)
  Data Path Delay:        2.931ns  (logic 1.546ns (52.746%)  route 1.385ns (47.254%))
  Logic Levels:           2  (IBUF=1 LUT1=1)
  Clock Path Skew:        4.649ns (DCD - SCD + CPR)
    Destination Clock Delay (DCD):    4.649ns
    Source Clock Delay      (SCD):    0.000ns
    Clock Pessimism Removal (CPR):    0.000ns
  Clock Uncertainty:      0.025ns  ((TSJ^2 + TIJ^2)^1/2 + DJ) / 2 + PE
    Total System Jitter     (TSJ):    0.050ns
    Total Input Jitter      (TIJ):    0.000ns
    Discrete Jitter          (DJ):    0.000ns
    Phase Error              (PE):    0.000ns
  Timing Exception:       False Path

    Location             Delay type                Incr(ns)  Path(ns)    Netlist Resource(s)
  -------------------------------------------------------------------    -------------------
    V17                                               0.000     0.000 r  key2_n
                         net (fo=0)                   0.000     0.000    key2_n
    V17                  IBUF (Prop_ibuf_I_O)         1.441     1.441 r  key2_n_IBUF_inst/O
                         net (fo=1, routed)           0.981     2.422    key2_n_IBUF
    SLICE_X0Y120         LUT1 (Prop_lut1_I0_O)        0.105     2.527 f  reset_release[1]_i_1/O
                         net (fo=2, routed)           0.405     2.931    reset_release[1]_i_1_n_0
    SLICE_X0Y120         FDCE                                         f  reset_release_reg[0]/CLR
  -------------------------------------------------------------------    -------------------

                         (clock sys_clk rise edge)    0.000     0.000 r  <hidden>
    Y18                                               0.000     0.000 r  clk
                         net (fo=0)                   0.000     0.000    clk
    Y18                  IBUF (Prop_ibuf_I_O)         1.387     1.387 r  clk_IBUF_inst/O
                         net (fo=1, routed)           1.734     3.121    clk_IBUF
    BUFGCTRL_X0Y0        BUFG (Prop_bufg_I_O)         0.077     3.198 r  clk_IBUF_BUFG_inst/O
                         net (fo=37, routed)          1.451     4.649    clk_IBUF_BUFG
    SLICE_X0Y120         FDCE                                         r  reset_release_reg[0]/C





Min Delay Paths
--------------------------------------------------------------------------------------
Slack:                    inf
  Source:                 key2_n
                            (input port)
  Destination:            reset_release_reg[0]/CLR
                            (removal check against rising-edge clock sys_clk  {rise@0.000ns fall@10.000ns period=20.000ns})
  Path Group:             (none)
  Path Type:              Removal (Min at Fast Process Corner)
  Data Path Delay:        0.949ns  (logic 0.323ns (34.006%)  route 0.626ns (65.994%))
  Logic Levels:           2  (IBUF=1 LUT1=1)
  Clock Path Skew:        2.174ns (DCD - SCD - CPR)
    Destination Clock Delay (DCD):    2.174ns
    Source Clock Delay      (SCD):    0.000ns
    Clock Pessimism Removal (CPR):    -0.000ns
  Timing Exception:       False Path

    Location             Delay type                Incr(ns)  Path(ns)    Netlist Resource(s)
  -------------------------------------------------------------------    -------------------
    V17                                               0.000     0.000 r  key2_n
                         net (fo=0)                   0.000     0.000    key2_n
    V17                  IBUF (Prop_ibuf_I_O)         0.278     0.278 r  key2_n_IBUF_inst/O
                         net (fo=1, routed)           0.454     0.731    key2_n_IBUF
    SLICE_X0Y120         LUT1 (Prop_lut1_I0_O)        0.045     0.776 f  reset_release[1]_i_1/O
                         net (fo=2, routed)           0.173     0.949    reset_release[1]_i_1_n_0
    SLICE_X0Y120         FDCE                                         f  reset_release_reg[0]/CLR
  -------------------------------------------------------------------    -------------------

                         (clock sys_clk rise edge)    0.000     0.000 r  <hidden>
    Y18                                               0.000     0.000 r  clk
                         net (fo=0)                   0.000     0.000    clk
    Y18                  IBUF (Prop_ibuf_I_O)         0.478     0.478 r  clk_IBUF_inst/O
                         net (fo=1, routed)           0.750     1.227    clk_IBUF
    BUFGCTRL_X0Y0        BUFG (Prop_bufg_I_O)         0.029     1.256 r  clk_IBUF_BUFG_inst/O
                         net (fo=37, routed)          0.918     2.174    clk_IBUF_BUFG
    SLICE_X0Y120         FDCE                                         r  reset_release_reg[0]/C





--------------------------------------------------------------------------------------
Path Group:  (none)
From Clock:  sys_clk
  To Clock:

Max Delay             1 Endpoint
Min Delay             1 Endpoint
--------------------------------------------------------------------------------------


Max Delay Paths
--------------------------------------------------------------------------------------
Slack:                    inf
  Source:                 u_pwm/pwm_out_reg_reg/C
                            (rising edge-triggered cell FDCE clocked by sys_clk  {rise@0.000ns fall@10.000ns period=20.000ns})
  Destination:            led1
                            (output port)
  Path Group:             (none)
  Path Type:              Max at Slow Process Corner
  Data Path Delay:        5.176ns  (logic 3.754ns (72.532%)  route 1.422ns (27.468%))
  Logic Levels:           1  (OBUF=1)
  Clock Uncertainty:      0.025ns  ((TSJ^2 + TIJ^2)^1/2 + DJ) / 2 + PE
    Total System Jitter     (TSJ):    0.050ns
    Total Input Jitter      (TIJ):    0.000ns
    Discrete Jitter          (DJ):    0.000ns
    Phase Error              (PE):    0.000ns

    Location             Delay type                Incr(ns)  Path(ns)    Netlist Resource(s)
  -------------------------------------------------------------------    -------------------
                         (clock sys_clk rise edge)    0.000     0.000 r  <hidden>
    Y18                                               0.000     0.000 r  clk
                         net (fo=0)                   0.000     0.000    clk
    Y18                  IBUF (Prop_ibuf_I_O)         1.453     1.453 r  clk_IBUF_inst/O
                         net (fo=1, routed)           1.827     3.280    clk_IBUF
    BUFGCTRL_X0Y0        BUFG (Prop_bufg_I_O)         0.081     3.361 r  clk_IBUF_BUFG_inst/O
                         net (fo=37, routed)          1.557     4.918    u_pwm/CLK
    SLICE_X2Y119         FDCE                                         r  u_pwm/pwm_out_reg_reg/C
  -------------------------------------------------------------------    -------------------
    SLICE_X2Y119         FDCE (Prop_fdce_C_Q)         0.433     5.351 r  u_pwm/pwm_out_reg_reg/Q
                         net (fo=1, routed)           1.422     6.772    led1_OBUF
    AA18                 OBUF (Prop_obuf_I_O)         3.321    10.093 r  led1_OBUF_inst/O
                         net (fo=0)                   0.000    10.093    led1
    AA18                                                              r  led1
  -------------------------------------------------------------------    -------------------





Min Delay Paths
--------------------------------------------------------------------------------------
Slack:                    inf
  Source:                 u_pwm/pwm_out_reg_reg/C
                            (rising edge-triggered cell FDCE clocked by sys_clk  {rise@0.000ns fall@10.000ns period=20.000ns})
  Destination:            led1
                            (output port)
  Path Group:             (none)
  Path Type:              Min at Fast Process Corner
  Data Path Delay:        1.780ns  (logic 1.440ns (80.867%)  route 0.341ns (19.133%))
  Logic Levels:           1  (OBUF=1)
  Clock Uncertainty:      0.025ns  ((TSJ^2 + TIJ^2)^1/2 + DJ) / 2 + PE
    Total System Jitter     (TSJ):    0.050ns
    Total Input Jitter      (TIJ):    0.000ns
    Discrete Jitter          (DJ):    0.000ns
    Phase Error              (PE):    0.000ns

    Location             Delay type                Incr(ns)  Path(ns)    Netlist Resource(s)
  -------------------------------------------------------------------    -------------------
                         (clock sys_clk rise edge)    0.000     0.000 r  <hidden>
    Y18                                               0.000     0.000 r  clk
                         net (fo=0)                   0.000     0.000    clk
    Y18                  IBUF (Prop_ibuf_I_O)         0.289     0.289 r  clk_IBUF_inst/O
                         net (fo=1, routed)           0.690     0.980    clk_IBUF
    BUFGCTRL_X0Y0        BUFG (Prop_bufg_I_O)         0.026     1.006 r  clk_IBUF_BUFG_inst/O
                         net (fo=37, routed)          0.647     1.652    u_pwm/CLK
    SLICE_X2Y119         FDCE                                         r  u_pwm/pwm_out_reg_reg/C
  -------------------------------------------------------------------    -------------------
    SLICE_X2Y119         FDCE (Prop_fdce_C_Q)         0.164     1.816 r  u_pwm/pwm_out_reg_reg/Q
                         net (fo=1, routed)           0.341     2.157    led1_OBUF
    AA18                 OBUF (Prop_obuf_I_O)         1.276     3.433 r  led1_OBUF_inst/O
                         net (fo=0)                   0.000     3.433    led1
    AA18                                                              r  led1
  -------------------------------------------------------------------    -------------------
