Copyright 1986-2022 Xilinx, Inc. All Rights Reserved. Copyright 2022-2026 Advanced Micro Devices, Inc. All Rights Reserved.
------------------------------------------------------------------------------------------------------------------------------------------------------------------------------
| Tool Version : Vivado v.2026.1 (win64) Build 6511674 Tue Jun 16 11:02:23 MDT 2026
| Date         : Mon Sep  7 11:24:30 2026
| Host         : DependOnOMEN16 running 64-bit major release  (build 9200)
| Command      : report_timing -delay_type min -max_paths 5 -path_type full_clock_expanded -input_pins -file D:/Project/FPGA_XC7A200T/docs/reports/step4_worst_hold_paths.rpt
| Design       : pwm_controller
| Device       : 7a200t-fbg484
| Speed File   : -2  PRODUCTION 1.23 2018-06-13
| Design State : Routed
------------------------------------------------------------------------------------------------------------------------------------------------------------------------------

Timing Report

Slack (MET) :             0.272ns  (arrival time - required time)
  Source:                 time_cnt_reg[0]/C
                            (rising edge-triggered cell FDCE clocked by sys_clk  {rise@0.000ns fall@10.000ns period=20.000ns})
  Destination:            time_cnt_reg[0]/D
                            (rising edge-triggered cell FDCE clocked by sys_clk  {rise@0.000ns fall@10.000ns period=20.000ns})
  Path Group:             sys_clk
  Path Type:              Hold (Min at Fast Process Corner)
  Requirement:            0.000ns  (sys_clk rise@0.000ns - sys_clk rise@0.000ns)
  Data Path Delay:        0.363ns  (logic 0.186ns (51.185%)  route 0.177ns (48.815%))
  Logic Levels:           1  (LUT4=1)
  Clock Path Skew:        0.000ns (DCD - SCD - CPR)
    Destination Clock Delay (DCD):    2.113ns
    Source Clock Delay      (SCD):    1.588ns
    Clock Pessimism Removal (CPR):    0.525ns

    Location             Delay type                Incr(ns)  Path(ns)    Netlist Resource(s)
  -------------------------------------------------------------------    -------------------
                         (clock sys_clk rise edge)    0.000     0.000 r  <hidden>
    U20                                               0.000     0.000 r  clk
                         net (fo=0)                   0.000     0.000    clk
    U20                                                               r  clk_IBUF_inst/I
    U20                  IBUF (Prop_ibuf_I_O)         0.221     0.221 r  clk_IBUF_inst/O
                         net (fo=1, routed)           0.690     0.912    clk_IBUF
    BUFGCTRL_X0Y0                                                     r  clk_IBUF_BUFG_inst/I
    BUFGCTRL_X0Y0        BUFG (Prop_bufg_I_O)         0.026     0.938 r  clk_IBUF_BUFG_inst/O
                         net (fo=97, routed)          0.651     1.588    clk_IBUF_BUFG
    SLICE_X3Y113         FDCE                                         r  time_cnt_reg[0]/C
  -------------------------------------------------------------------    -------------------
    SLICE_X3Y113         FDCE (Prop_fdce_C_Q)         0.141     1.729 f  time_cnt_reg[0]/Q
                         net (fo=6, routed)           0.177     1.907    time_cnt[0]
    SLICE_X3Y113                                                      f  time_cnt[0]_i_1/I3
    SLICE_X3Y113         LUT4 (Prop_lut4_I3_O)        0.045     1.952 r  time_cnt[0]_i_1/O
                         net (fo=1, routed)           0.000     1.952    time_cnt[0]_i_1_n_0
    SLICE_X3Y113         FDCE                                         r  time_cnt_reg[0]/D
  -------------------------------------------------------------------    -------------------

                         (clock sys_clk rise edge)    0.000     0.000 r  <hidden>
    U20                                               0.000     0.000 r  clk
                         net (fo=0)                   0.000     0.000    clk
    U20                                                               r  clk_IBUF_inst/I
    U20                  IBUF (Prop_ibuf_I_O)         0.411     0.411 r  clk_IBUF_inst/O
                         net (fo=1, routed)           0.750     1.160    clk_IBUF
    BUFGCTRL_X0Y0                                                     r  clk_IBUF_BUFG_inst/I
    BUFGCTRL_X0Y0        BUFG (Prop_bufg_I_O)         0.029     1.189 r  clk_IBUF_BUFG_inst/O
                         net (fo=97, routed)          0.924     2.113    clk_IBUF_BUFG
    SLICE_X3Y113         FDCE                                         r  time_cnt_reg[0]/C
                         clock pessimism             -0.525     1.588    <hidden>
    SLICE_X3Y113         FDCE (Hold_fdce_C_D)         0.091     1.679    time_cnt_reg[0]
  -------------------------------------------------------------------
                         required time                         -1.679    <hidden>
                         arrival time                           1.952    <hidden>
  -------------------------------------------------------------------
                         slack                                  0.272    <hidden>

Slack (MET) :             0.506ns  (arrival time - required time)
  Source:                 time_cnt_reg[6]/C
                            (rising edge-triggered cell FDCE clocked by sys_clk  {rise@0.000ns fall@10.000ns period=20.000ns})
  Destination:            time_cnt_reg[6]/D
                            (rising edge-triggered cell FDCE clocked by sys_clk  {rise@0.000ns fall@10.000ns period=20.000ns})
  Path Group:             sys_clk
  Path Type:              Hold (Min at Fast Process Corner)
  Requirement:            0.000ns  (sys_clk rise@0.000ns - sys_clk rise@0.000ns)
  Data Path Delay:        0.598ns  (logic 0.360ns (60.195%)  route 0.238ns (39.805%))
  Logic Levels:           2  (CARRY4=1 LUT4=1)
  Clock Path Skew:        0.000ns (DCD - SCD - CPR)
    Destination Clock Delay (DCD):    2.113ns
    Source Clock Delay      (SCD):    1.588ns
    Clock Pessimism Removal (CPR):    0.525ns

    Location             Delay type                Incr(ns)  Path(ns)    Netlist Resource(s)
  -------------------------------------------------------------------    -------------------
                         (clock sys_clk rise edge)    0.000     0.000 r  <hidden>
    U20                                               0.000     0.000 r  clk
                         net (fo=0)                   0.000     0.000    clk
    U20                                                               r  clk_IBUF_inst/I
    U20                  IBUF (Prop_ibuf_I_O)         0.221     0.221 r  clk_IBUF_inst/O
                         net (fo=1, routed)           0.690     0.912    clk_IBUF
    BUFGCTRL_X0Y0                                                     r  clk_IBUF_BUFG_inst/I
    BUFGCTRL_X0Y0        BUFG (Prop_bufg_I_O)         0.026     0.938 r  clk_IBUF_BUFG_inst/O
                         net (fo=97, routed)          0.651     1.588    clk_IBUF_BUFG
    SLICE_X3Y114         FDCE                                         r  time_cnt_reg[6]/C
  -------------------------------------------------------------------    -------------------
    SLICE_X3Y114         FDCE (Prop_fdce_C_Q)         0.141     1.729 r  time_cnt_reg[6]/Q
                         net (fo=3, routed)           0.065     1.794    time_cnt[6]
    SLICE_X2Y114                                                      r  time_cnt_reg[8]_i_2/S[1]
    SLICE_X2Y114         CARRY4 (Prop_carry4_S[1]_O[1])
                                                      0.111     1.905 r  time_cnt_reg[8]_i_2/O[1]
                         net (fo=3, routed)           0.173     2.078    time_cnt_reg[8]_i_2_n_6
    SLICE_X3Y114                                                      r  time_cnt[6]_i_1/I3
    SLICE_X3Y114         LUT4 (Prop_lut4_I3_O)        0.108     2.186 r  time_cnt[6]_i_1/O
                         net (fo=1, routed)           0.000     2.186    time_cnt[6]_i_1_n_0
    SLICE_X3Y114         FDCE                                         r  time_cnt_reg[6]/D
  -------------------------------------------------------------------    -------------------

                         (clock sys_clk rise edge)    0.000     0.000 r  <hidden>
    U20                                               0.000     0.000 r  clk
                         net (fo=0)                   0.000     0.000    clk
    U20                                                               r  clk_IBUF_inst/I
    U20                  IBUF (Prop_ibuf_I_O)         0.411     0.411 r  clk_IBUF_inst/O
                         net (fo=1, routed)           0.750     1.160    clk_IBUF
    BUFGCTRL_X0Y0                                                     r  clk_IBUF_BUFG_inst/I
    BUFGCTRL_X0Y0        BUFG (Prop_bufg_I_O)         0.029     1.189 r  clk_IBUF_BUFG_inst/O
                         net (fo=97, routed)          0.924     2.113    clk_IBUF_BUFG
    SLICE_X3Y114         FDCE                                         r  time_cnt_reg[6]/C
                         clock pessimism             -0.525     1.588    <hidden>
    SLICE_X3Y114         FDCE (Hold_fdce_C_D)         0.092     1.680    time_cnt_reg[6]
  -------------------------------------------------------------------
                         required time                         -1.680    <hidden>
                         arrival time                           2.186    <hidden>
  -------------------------------------------------------------------
                         slack                                  0.506    <hidden>

Slack (MET) :             0.554ns  (arrival time - required time)
  Source:                 time_cnt_reg[6]/C
                            (rising edge-triggered cell FDCE clocked by sys_clk  {rise@0.000ns fall@10.000ns period=20.000ns})
  Destination:            time_cnt_reg[7]/D
                            (rising edge-triggered cell FDCE clocked by sys_clk  {rise@0.000ns fall@10.000ns period=20.000ns})
  Path Group:             sys_clk
  Path Type:              Hold (Min at Fast Process Corner)
  Requirement:            0.000ns  (sys_clk rise@0.000ns - sys_clk rise@0.000ns)
  Data Path Delay:        0.661ns  (logic 0.451ns (68.194%)  route 0.210ns (31.806%))
  Logic Levels:           2  (CARRY4=1 LUT4=1)
  Clock Path Skew:        0.000ns (DCD - SCD - CPR)
    Destination Clock Delay (DCD):    2.113ns
    Source Clock Delay      (SCD):    1.588ns
    Clock Pessimism Removal (CPR):    0.525ns

    Location             Delay type                Incr(ns)  Path(ns)    Netlist Resource(s)
  -------------------------------------------------------------------    -------------------
                         (clock sys_clk rise edge)    0.000     0.000 r  <hidden>
    U20                                               0.000     0.000 r  clk
                         net (fo=0)                   0.000     0.000    clk
    U20                                                               r  clk_IBUF_inst/I
    U20                  IBUF (Prop_ibuf_I_O)         0.221     0.221 r  clk_IBUF_inst/O
                         net (fo=1, routed)           0.690     0.912    clk_IBUF
    BUFGCTRL_X0Y0                                                     r  clk_IBUF_BUFG_inst/I
    BUFGCTRL_X0Y0        BUFG (Prop_bufg_I_O)         0.026     0.938 r  clk_IBUF_BUFG_inst/O
                         net (fo=97, routed)          0.651     1.588    clk_IBUF_BUFG
    SLICE_X3Y114         FDCE                                         r  time_cnt_reg[6]/C
  -------------------------------------------------------------------    -------------------
    SLICE_X3Y114         FDCE (Prop_fdce_C_Q)         0.141     1.729 r  time_cnt_reg[6]/Q
                         net (fo=3, routed)           0.065     1.794    time_cnt[6]
    SLICE_X2Y114                                                      r  time_cnt_reg[8]_i_2/S[1]
    SLICE_X2Y114         CARRY4 (Prop_carry4_S[1]_O[2])
                                                      0.196     1.990 r  time_cnt_reg[8]_i_2/O[2]
                         net (fo=3, routed)           0.145     2.135    time_cnt_reg[8]_i_2_n_5
    SLICE_X3Y114                                                      r  time_cnt[7]_i_1/I3
    SLICE_X3Y114         LUT4 (Prop_lut4_I3_O)        0.114     2.249 r  time_cnt[7]_i_1/O
                         net (fo=1, routed)           0.000     2.249    time_cnt[7]_i_1_n_0
    SLICE_X3Y114         FDCE                                         r  time_cnt_reg[7]/D
  -------------------------------------------------------------------    -------------------

                         (clock sys_clk rise edge)    0.000     0.000 r  <hidden>
    U20                                               0.000     0.000 r  clk
                         net (fo=0)                   0.000     0.000    clk
    U20                                                               r  clk_IBUF_inst/I
    U20                  IBUF (Prop_ibuf_I_O)         0.411     0.411 r  clk_IBUF_inst/O
                         net (fo=1, routed)           0.750     1.160    clk_IBUF
    BUFGCTRL_X0Y0                                                     r  clk_IBUF_BUFG_inst/I
    BUFGCTRL_X0Y0        BUFG (Prop_bufg_I_O)         0.029     1.189 r  clk_IBUF_BUFG_inst/O
                         net (fo=97, routed)          0.924     2.113    clk_IBUF_BUFG
    SLICE_X3Y114         FDCE                                         r  time_cnt_reg[7]/C
                         clock pessimism             -0.525     1.588    <hidden>
    SLICE_X3Y114         FDCE (Hold_fdce_C_D)         0.107     1.695    time_cnt_reg[7]
  -------------------------------------------------------------------
                         required time                         -1.695    <hidden>
                         arrival time                           2.249    <hidden>
  -------------------------------------------------------------------
                         slack                                  0.554    <hidden>

Slack (MET) :             0.570ns  (arrival time - required time)
  Source:                 time_cnt_reg[22]/C
                            (rising edge-triggered cell FDCE clocked by sys_clk  {rise@0.000ns fall@10.000ns period=20.000ns})
  Destination:            time_cnt_reg[22]/D
                            (rising edge-triggered cell FDCE clocked by sys_clk  {rise@0.000ns fall@10.000ns period=20.000ns})
  Path Group:             sys_clk
  Path Type:              Hold (Min at Fast Process Corner)
  Requirement:            0.000ns  (sys_clk rise@0.000ns - sys_clk rise@0.000ns)
  Data Path Delay:        0.662ns  (logic 0.360ns (54.419%)  route 0.302ns (45.581%))
  Logic Levels:           2  (CARRY4=1 LUT4=1)
  Clock Path Skew:        0.000ns (DCD - SCD - CPR)
    Destination Clock Delay (DCD):    2.110ns
    Source Clock Delay      (SCD):    1.586ns
    Clock Pessimism Removal (CPR):    0.524ns

    Location             Delay type                Incr(ns)  Path(ns)    Netlist Resource(s)
  -------------------------------------------------------------------    -------------------
                         (clock sys_clk rise edge)    0.000     0.000 r  <hidden>
    U20                                               0.000     0.000 r  clk
                         net (fo=0)                   0.000     0.000    clk
    U20                                                               r  clk_IBUF_inst/I
    U20                  IBUF (Prop_ibuf_I_O)         0.221     0.221 r  clk_IBUF_inst/O
                         net (fo=1, routed)           0.690     0.912    clk_IBUF
    BUFGCTRL_X0Y0                                                     r  clk_IBUF_BUFG_inst/I
    BUFGCTRL_X0Y0        BUFG (Prop_bufg_I_O)         0.026     0.938 r  clk_IBUF_BUFG_inst/O
                         net (fo=97, routed)          0.649     1.586    clk_IBUF_BUFG
    SLICE_X1Y117         FDCE                                         r  time_cnt_reg[22]/C
  -------------------------------------------------------------------    -------------------
    SLICE_X1Y117         FDCE (Prop_fdce_C_Q)         0.141     1.727 r  time_cnt_reg[22]/Q
                         net (fo=3, routed)           0.161     1.888    time_cnt[22]
    SLICE_X2Y118                                                      r  time_cnt_reg[24]_i_2/S[1]
    SLICE_X2Y118         CARRY4 (Prop_carry4_S[1]_O[1])
                                                      0.111     1.999 r  time_cnt_reg[24]_i_2/O[1]
                         net (fo=3, routed)           0.140     2.140    time_cnt_reg[24]_i_2_n_6
    SLICE_X1Y117                                                      r  time_cnt[22]_i_1/I3
    SLICE_X1Y117         LUT4 (Prop_lut4_I3_O)        0.108     2.248 r  time_cnt[22]_i_1/O
                         net (fo=1, routed)           0.000     2.248    time_cnt[22]_i_1_n_0
    SLICE_X1Y117         FDCE                                         r  time_cnt_reg[22]/D
  -------------------------------------------------------------------    -------------------

                         (clock sys_clk rise edge)    0.000     0.000 r  <hidden>
    U20                                               0.000     0.000 r  clk
                         net (fo=0)                   0.000     0.000    clk
    U20                                                               r  clk_IBUF_inst/I
    U20                  IBUF (Prop_ibuf_I_O)         0.411     0.411 r  clk_IBUF_inst/O
                         net (fo=1, routed)           0.750     1.160    clk_IBUF
    BUFGCTRL_X0Y0                                                     r  clk_IBUF_BUFG_inst/I
    BUFGCTRL_X0Y0        BUFG (Prop_bufg_I_O)         0.029     1.189 r  clk_IBUF_BUFG_inst/O
                         net (fo=97, routed)          0.921     2.110    clk_IBUF_BUFG
    SLICE_X1Y117         FDCE                                         r  time_cnt_reg[22]/C
                         clock pessimism             -0.524     1.586    <hidden>
    SLICE_X1Y117         FDCE (Hold_fdce_C_D)         0.092     1.678    time_cnt_reg[22]
  -------------------------------------------------------------------
                         required time                         -1.678    <hidden>
                         arrival time                           2.248    <hidden>
  -------------------------------------------------------------------
                         slack                                  0.570    <hidden>

Slack (MET) :             0.581ns  (arrival time - required time)
  Source:                 compare_value_reg_reg[25]/C
                            (rising edge-triggered cell FDCE clocked by sys_clk  {rise@0.000ns fall@10.000ns period=20.000ns})
  Destination:            pwm_out_reg_reg/D
                            (rising edge-triggered cell FDCE clocked by sys_clk  {rise@0.000ns fall@10.000ns period=20.000ns})
  Path Group:             sys_clk
  Path Type:              Hold (Min at Fast Process Corner)
  Requirement:            0.000ns  (sys_clk rise@0.000ns - sys_clk rise@0.000ns)
  Data Path Delay:        0.711ns  (logic 0.366ns (51.497%)  route 0.345ns (48.503%))
  Logic Levels:           3  (CARRY4=1 LUT5=1 LUT6=1)
  Clock Path Skew:        0.039ns (DCD - SCD - CPR)
    Destination Clock Delay (DCD):    2.109ns
    Source Clock Delay      (SCD):    1.584ns
    Clock Pessimism Removal (CPR):    0.486ns

    Location             Delay type                Incr(ns)  Path(ns)    Netlist Resource(s)
  -------------------------------------------------------------------    -------------------
                         (clock sys_clk rise edge)    0.000     0.000 r  <hidden>
    U20                                               0.000     0.000 r  clk
                         net (fo=0)                   0.000     0.000    clk
    U20                                                               r  clk_IBUF_inst/I
    U20                  IBUF (Prop_ibuf_I_O)         0.221     0.221 r  clk_IBUF_inst/O
                         net (fo=1, routed)           0.690     0.912    clk_IBUF
    BUFGCTRL_X0Y0                                                     r  clk_IBUF_BUFG_inst/I
    BUFGCTRL_X0Y0        BUFG (Prop_bufg_I_O)         0.026     0.938 r  clk_IBUF_BUFG_inst/O
                         net (fo=97, routed)          0.647     1.584    clk_IBUF_BUFG
    SLICE_X4Y118         FDCE                                         r  compare_value_reg_reg[25]/C
  -------------------------------------------------------------------    -------------------
    SLICE_X4Y118         FDCE (Prop_fdce_C_Q)         0.141     1.725 f  compare_value_reg_reg[25]/Q
                         net (fo=2, routed)           0.143     1.868    compare_value_reg[25]
    SLICE_X3Y118                                                      f  pwm_out_reg_i_17/I4
    SLICE_X3Y118         LUT5 (Prop_lut5_I4_O)        0.048     1.916 r  pwm_out_reg_i_17/O
                         net (fo=1, routed)           0.000     1.916    pwm_out_reg_i_17_n_0
    SLICE_X3Y118                                                      r  pwm_out_reg_reg_i_5/DI[0]
    SLICE_X3Y118         CARRY4 (Prop_carry4_DI[0]_CO[3])
                                                      0.132     2.048 r  pwm_out_reg_reg_i_5/CO[3]
                         net (fo=1, routed)           0.201     2.250    data0
    SLICE_X1Y118                                                      r  pwm_out_reg_i_1/I4
    SLICE_X1Y118         LUT6 (Prop_lut6_I4_O)        0.045     2.295 r  pwm_out_reg_i_1/O
                         net (fo=1, routed)           0.000     2.295    pwm_out_reg_i_1_n_0
    SLICE_X1Y118         FDCE                                         r  pwm_out_reg_reg/D
  -------------------------------------------------------------------    -------------------

                         (clock sys_clk rise edge)    0.000     0.000 r  <hidden>
    U20                                               0.000     0.000 r  clk
                         net (fo=0)                   0.000     0.000    clk
    U20                                                               r  clk_IBUF_inst/I
    U20                  IBUF (Prop_ibuf_I_O)         0.411     0.411 r  clk_IBUF_inst/O
                         net (fo=1, routed)           0.750     1.160    clk_IBUF
    BUFGCTRL_X0Y0                                                     r  clk_IBUF_BUFG_inst/I
    BUFGCTRL_X0Y0        BUFG (Prop_bufg_I_O)         0.029     1.189 r  clk_IBUF_BUFG_inst/O
                         net (fo=97, routed)          0.920     2.109    clk_IBUF_BUFG
    SLICE_X1Y118         FDCE                                         r  pwm_out_reg_reg/C
                         clock pessimism             -0.486     1.623    <hidden>
    SLICE_X1Y118         FDCE (Hold_fdce_C_D)         0.091     1.714    pwm_out_reg_reg
  -------------------------------------------------------------------
                         required time                         -1.714    <hidden>
                         arrival time                           2.295    <hidden>
  -------------------------------------------------------------------
                         slack                                  0.581    <hidden>




