Copyright 1986-2022 Xilinx, Inc. All Rights Reserved. Copyright 2022-2026 Advanced Micro Devices, Inc. All Rights Reserved.
---------------------------------------------------------------------------------------------------------------------------------------------
| Tool Version : Vivado v.2026.1 (win64) Build 6511674 Tue Jun 16 11:02:23 MDT 2026
| Date         : Mon Sep  7 11:24:31 2026
| Host         : DependOnOMEN16 running 64-bit major release  (build 9200)
| Command      : report_utilization -file D:/Project/FPGA_XC7A200T/docs/reports/step4_impl_utilization.rpt
| Design       : pwm_controller
| Device       : xc7a200tfbg484-2
| Speed File   : -2
| Design State : Routed
---------------------------------------------------------------------------------------------------------------------------------------------

Utilization Design Information

Table of Contents
-----------------
1. Slice Logic
1.1 Summary of Registers by Type
2. Slice Logic Distribution
3. Memory
4. DSP
5. IO and GT Specific
6. Clocking
7. Specific Feature
8. Primitives
9. Black Boxes
10. Instantiated Netlists

1. Slice Logic
--------------

+-------------------------+------+-------+------------+-----------+-------+
|        Site Type        | Used | Fixed | Prohibited | Available | Util% |
+-------------------------+------+-------+------------+-----------+-------+
| Slice LUTs              |  105 |     0 |          0 |    134600 |  0.08 |
|   LUT as Logic          |  105 |     0 |          0 |    134600 |  0.08 |
|   LUT as Memory         |    0 |     0 |          0 |     46200 |  0.00 |
| Slice Registers         |   97 |     0 |          0 |    269200 |  0.04 |
|   Register as Flip Flop |   97 |     0 |          0 |    269200 |  0.04 |
|   Register as Latch     |    0 |     0 |          0 |    269200 |  0.00 |
| F7 Muxes                |    0 |     0 |          0 |     67300 |  0.00 |
| F8 Muxes                |    0 |     0 |          0 |     33650 |  0.00 |
| Unique Control Sets     |    2 |       |          0 |     33650 | <0.01 |
+-------------------------+------+-------+------------+-----------+-------+
* Warning! LUT value is adjusted to account for LUT combining.
** Note: Available Control Sets calculated as Slice * 1, Review the Control Sets Report for more information regarding control sets.


1.1 Summary of Registers by Type
--------------------------------

+-------+--------------+-------------+--------------+
| Total | Clock Enable | Synchronous | Asynchronous |
+-------+--------------+-------------+--------------+
| 0     |            _ |           - |            - |
| 0     |            _ |           - |          Set |
| 0     |            _ |           - |        Reset |
| 0     |            _ |         Set |            - |
| 0     |            _ |       Reset |            - |
| 0     |          Yes |           - |            - |
| 0     |          Yes |           - |          Set |
| 97    |          Yes |           - |        Reset |
| 0     |          Yes |         Set |            - |
| 0     |          Yes |       Reset |            - |
+-------+--------------+-------------+--------------+


2. Slice Logic Distribution
---------------------------

+--------------------------------------------+------+-------+------------+-----------+-------+
|                  Site Type                 | Used | Fixed | Prohibited | Available | Util% |
+--------------------------------------------+------+-------+------------+-----------+-------+
| Slice                                      |   47 |     0 |          0 |     33650 |  0.14 |
|   SLICEL                                   |   35 |     0 |            |           |       |
|   SLICEM                                   |   12 |     0 |            |           |       |
| LUT as Logic                               |  105 |     0 |          0 |    134600 |  0.08 |
|   using O5 output only                     |    0 |       |            |           |       |
|   using O6 output only                     |   57 |       |            |           |       |
|   using O5 and O6                          |   48 |       |            |           |       |
| LUT as Memory                              |    0 |     0 |          0 |     46200 |  0.00 |
|   LUT as Distributed RAM                   |    0 |     0 |            |           |       |
|     using O5 output only                   |    0 |       |            |           |       |
|     using O6 output only                   |    0 |       |            |           |       |
|     using O5 and O6                        |    0 |       |            |           |       |
|   LUT as Shift Register                    |    0 |     0 |            |           |       |
|     using O5 output only                   |    0 |       |            |           |       |
|     using O6 output only                   |    0 |       |            |           |       |
|     using O5 and O6                        |    0 |       |            |           |       |
| Slice Registers                            |   97 |     0 |          0 |    269200 |  0.04 |
|   Register driven from within the Slice    |   33 |       |            |           |       |
|   Register driven from outside the Slice   |   64 |       |            |           |       |
|     LUT in front of the register is unused |   22 |       |            |           |       |
|     LUT in front of the register is used   |   42 |       |            |           |       |
+--------------------------------------------+------+-------+------------+-----------+-------+


3. Memory
---------

+----------------+------+-------+------------+-----------+-------+
|    Site Type   | Used | Fixed | Prohibited | Available | Util% |
+----------------+------+-------+------------+-----------+-------+
| Block RAM Tile |    0 |     0 |          0 |       365 |  0.00 |
|   RAMB36/FIFO* |    0 |     0 |          0 |       365 |  0.00 |
|   RAMB18       |    0 |     0 |          0 |       730 |  0.00 |
+----------------+------+-------+------------+-----------+-------+
* Note: Each Block RAM Tile only has one FIFO logic available and therefore can accommodate only one FIFO36E1 or one FIFO18E1. However, if a FIFO18E1 occupies a Block RAM Tile, that tile can still accommodate a RAMB18E1


4. DSP
------

+-----------+------+-------+------------+-----------+-------+
| Site Type | Used | Fixed | Prohibited | Available | Util% |
+-----------+------+-------+------------+-----------+-------+
| DSPs      |    0 |     0 |          0 |       740 |  0.00 |
+-----------+------+-------+------------+-----------+-------+


5. IO and GT Specific
---------------------

+-----------------------------+------+-------+------------+-----------+-------+
|          Site Type          | Used | Fixed | Prohibited | Available | Util% |
+-----------------------------+------+-------+------------+-----------+-------+
| Bonded IOB                  |   68 |     0 |          0 |       285 | 23.86 |
|   IOB Master Pads           |   32 |       |            |           |       |
|   IOB Slave Pads            |   33 |       |            |           |       |
| Bonded IPADs                |    0 |     0 |          0 |        14 |  0.00 |
| Bonded OPADs                |    0 |     0 |          0 |         8 |  0.00 |
| PHY_CONTROL                 |    0 |     0 |          0 |        10 |  0.00 |
| PHASER_REF                  |    0 |     0 |          0 |        10 |  0.00 |
| OUT_FIFO                    |    0 |     0 |          0 |        40 |  0.00 |
| IN_FIFO                     |    0 |     0 |          0 |        40 |  0.00 |
| IDELAYCTRL                  |    0 |     0 |          0 |        10 |  0.00 |
| IBUFDS                      |    0 |     0 |          0 |       274 |  0.00 |
| GTPE2_CHANNEL               |    0 |     0 |          0 |         4 |  0.00 |
| PHASER_OUT/PHASER_OUT_PHY   |    0 |     0 |          0 |        40 |  0.00 |
| PHASER_IN/PHASER_IN_PHY     |    0 |     0 |          0 |        40 |  0.00 |
| IDELAYE2/IDELAYE2_FINEDELAY |    0 |     0 |          0 |       500 |  0.00 |
| IBUFDS_GTE2                 |    0 |     0 |          0 |         2 |  0.00 |
| ILOGIC                      |    0 |     0 |          0 |       285 |  0.00 |
| OLOGIC                      |    0 |     0 |          0 |       285 |  0.00 |
+-----------------------------+------+-------+------------+-----------+-------+


6. Clocking
-----------

+------------+------+-------+------------+-----------+-------+
|  Site Type | Used | Fixed | Prohibited | Available | Util% |
+------------+------+-------+------------+-----------+-------+
| BUFGCTRL   |    1 |     0 |          0 |        32 |  3.13 |
| BUFIO      |    0 |     0 |          0 |        40 |  0.00 |
| MMCME2_ADV |    0 |     0 |          0 |        10 |  0.00 |
| PLLE2_ADV  |    0 |     0 |          0 |        10 |  0.00 |
| BUFMRCE    |    0 |     0 |          0 |        20 |  0.00 |
| BUFHCE     |    0 |     0 |          0 |       120 |  0.00 |
| BUFR       |    0 |     0 |          0 |        40 |  0.00 |
+------------+------+-------+------------+-----------+-------+


7. Specific Feature
-------------------

+-------------+------+-------+------------+-----------+-------+
|  Site Type  | Used | Fixed | Prohibited | Available | Util% |
+-------------+------+-------+------------+-----------+-------+
| BSCANE2     |    0 |     0 |          0 |         4 |  0.00 |
| CAPTUREE2   |    0 |     0 |          0 |         1 |  0.00 |
| DNA_PORT    |    0 |     0 |          0 |         1 |  0.00 |
| EFUSE_USR   |    0 |     0 |          0 |         1 |  0.00 |
| FRAME_ECCE2 |    0 |     0 |          0 |         1 |  0.00 |
| ICAPE2      |    0 |     0 |          0 |         2 |  0.00 |
| PCIE_2_1    |    0 |     0 |          0 |         1 |  0.00 |
| STARTUPE2   |    0 |     0 |          0 |         1 |  0.00 |
| XADC        |    0 |     0 |          0 |         1 |  0.00 |
+-------------+------+-------+------------+-----------+-------+


8. Primitives
-------------

+----------+------+---------------------+
| Ref Name | Used | Functional Category |
+----------+------+---------------------+
| FDCE     |   97 |        Flop & Latch |
| LUT4     |   76 |                 LUT |
| IBUF     |   67 |                  IO |
| LUT5     |   35 |                 LUT |
| LUT1     |   32 |                 LUT |
| CARRY4   |   24 |          CarryLogic |
| LUT6     |   10 |                 LUT |
| OBUF     |    1 |                  IO |
| BUFG     |    1 |               Clock |
+----------+------+---------------------+


9. Black Boxes
--------------

+----------+------+
| Ref Name | Used |
+----------+------+


10. Instantiated Netlists
-------------------------

+----------+------+
| Ref Name | Used |
+----------+------+



Placed primitive inventory (actual LOC / BEL)
GND | GND |  | 
VCC | VCC |  | 
clk_IBUF_BUFG_inst | BUFG | BUFGCTRL_X0Y0 | BUFG.BUFG
clk_IBUF_inst | IBUF | IOB_X0Y128 | IOB33.INBUF_EN
compare_value_reg_reg[0] | FDCE | SLICE_X2Y115 | SLICEM.AFF
compare_value_reg_reg[10] | FDCE | SLICE_X2Y116 | SLICEM.AFF
compare_value_reg_reg[11] | FDCE | SLICE_X2Y116 | SLICEM.BFF
compare_value_reg_reg[12] | FDCE | SLICE_X2Y116 | SLICEM.CFF
compare_value_reg_reg[13] | FDCE | SLICE_X2Y116 | SLICEM.DFF
compare_value_reg_reg[14] | FDCE | SLICE_X4Y115 | SLICEL.AFF
compare_value_reg_reg[15] | FDCE | SLICE_X4Y115 | SLICEL.BFF
compare_value_reg_reg[16] | FDCE | SLICE_X4Y117 | SLICEL.AFF
compare_value_reg_reg[17] | FDCE | SLICE_X4Y117 | SLICEL.BFF
compare_value_reg_reg[18] | FDCE | SLICE_X4Y116 | SLICEL.AFF
compare_value_reg_reg[19] | FDCE | SLICE_X4Y117 | SLICEL.CFF
compare_value_reg_reg[1] | FDCE | SLICE_X2Y115 | SLICEM.BFF
compare_value_reg_reg[20] | FDCE | SLICE_X5Y117 | SLICEL.AFF
compare_value_reg_reg[21] | FDCE | SLICE_X5Y117 | SLICEL.BFF
compare_value_reg_reg[22] | FDCE | SLICE_X5Y117 | SLICEL.CFF
compare_value_reg_reg[23] | FDCE | SLICE_X5Y117 | SLICEL.DFF
compare_value_reg_reg[24] | FDCE | SLICE_X4Y118 | SLICEL.AFF
compare_value_reg_reg[25] | FDCE | SLICE_X4Y118 | SLICEL.BFF
compare_value_reg_reg[26] | FDCE | SLICE_X4Y118 | SLICEL.CFF
compare_value_reg_reg[27] | FDCE | SLICE_X4Y118 | SLICEL.DFF
compare_value_reg_reg[28] | FDCE | SLICE_X5Y118 | SLICEL.AFF
compare_value_reg_reg[29] | FDCE | SLICE_X3Y117 | SLICEL.AFF
compare_value_reg_reg[2] | FDCE | SLICE_X2Y115 | SLICEM.CFF
compare_value_reg_reg[30] | FDCE | SLICE_X3Y117 | SLICEL.BFF
compare_value_reg_reg[31] | FDCE | SLICE_X3Y117 | SLICEL.CFF
compare_value_reg_reg[3] | FDCE | SLICE_X2Y115 | SLICEM.DFF
compare_value_reg_reg[4] | FDCE | SLICE_X3Y115 | SLICEL.AFF
compare_value_reg_reg[5] | FDCE | SLICE_X3Y115 | SLICEL.BFF
compare_value_reg_reg[6] | FDCE | SLICE_X3Y115 | SLICEL.CFF
compare_value_reg_reg[7] | FDCE | SLICE_X3Y115 | SLICEL.DFF
compare_value_reg_reg[8] | FDCE | SLICE_X3Y116 | SLICEL.AFF
compare_value_reg_reg[9] | FDCE | SLICE_X3Y116 | SLICEL.BFF
compare_value_set_IBUF[0]_inst | IBUF | IOB_X0Y100 | IOB33.INBUF_EN
compare_value_set_IBUF[10]_inst | IBUF | IOB_X0Y110 | IOB33.INBUF_EN
compare_value_set_IBUF[11]_inst | IBUF | IOB_X0Y111 | IOB33.INBUF_EN
compare_value_set_IBUF[12]_inst | IBUF | IOB_X0Y112 | IOB33.INBUF_EN
compare_value_set_IBUF[13]_inst | IBUF | IOB_X0Y113 | IOB33.INBUF_EN
compare_value_set_IBUF[14]_inst | IBUF | IOB_X1Y100 | IOB33.INBUF_EN
compare_value_set_IBUF[15]_inst | IBUF | IOB_X1Y101 | IOB33.INBUF_EN
compare_value_set_IBUF[16]_inst | IBUF | IOB_X1Y102 | IOB33.INBUF_EN
compare_value_set_IBUF[17]_inst | IBUF | IOB_X1Y103 | IOB33.INBUF_EN
compare_value_set_IBUF[18]_inst | IBUF | IOB_X1Y104 | IOB33.INBUF_EN
compare_value_set_IBUF[19]_inst | IBUF | IOB_X1Y105 | IOB33.INBUF_EN
compare_value_set_IBUF[1]_inst | IBUF | IOB_X0Y101 | IOB33.INBUF_EN
compare_value_set_IBUF[20]_inst | IBUF | IOB_X1Y106 | IOB33.INBUF_EN
compare_value_set_IBUF[21]_inst | IBUF | IOB_X1Y107 | IOB33.INBUF_EN
compare_value_set_IBUF[22]_inst | IBUF | IOB_X1Y108 | IOB33.INBUF_EN
compare_value_set_IBUF[23]_inst | IBUF | IOB_X1Y109 | IOB33.INBUF_EN
compare_value_set_IBUF[24]_inst | IBUF | IOB_X1Y110 | IOB33.INBUF_EN
compare_value_set_IBUF[25]_inst | IBUF | IOB_X1Y111 | IOB33.INBUF_EN
compare_value_set_IBUF[26]_inst | IBUF | IOB_X1Y112 | IOB33.INBUF_EN
compare_value_set_IBUF[27]_inst | IBUF | IOB_X1Y113 | IOB33.INBUF_EN
compare_value_set_IBUF[28]_inst | IBUF | IOB_X1Y114 | IOB33.INBUF_EN
compare_value_set_IBUF[29]_inst | IBUF | IOB_X1Y115 | IOB33.INBUF_EN
compare_value_set_IBUF[2]_inst | IBUF | IOB_X0Y102 | IOB33.INBUF_EN
compare_value_set_IBUF[30]_inst | IBUF | IOB_X1Y116 | IOB33.INBUF_EN
compare_value_set_IBUF[31]_inst | IBUF | IOB_X1Y117 | IOB33.INBUF_EN
compare_value_set_IBUF[3]_inst | IBUF | IOB_X0Y103 | IOB33.INBUF_EN
compare_value_set_IBUF[4]_inst | IBUF | IOB_X0Y104 | IOB33.INBUF_EN
compare_value_set_IBUF[5]_inst | IBUF | IOB_X0Y105 | IOB33.INBUF_EN
compare_value_set_IBUF[6]_inst | IBUF | IOB_X0Y106 | IOB33.INBUF_EN
compare_value_set_IBUF[7]_inst | IBUF | IOB_X0Y107 | IOB33.INBUF_EN
compare_value_set_IBUF[8]_inst | IBUF | IOB_X0Y108 | IOB33.INBUF_EN
compare_value_set_IBUF[9]_inst | IBUF | IOB_X0Y109 | IOB33.INBUF_EN
config_en_IBUF_inst | IBUF | IOB_X0Y147 | IOB33.INBUF_EN
period_set_IBUF[0]_inst | IBUF | IOB_X0Y114 | IOB33.INBUF_EN
period_set_IBUF[10]_inst | IBUF | IOB_X0Y124 | IOB33.INBUF_EN
period_set_IBUF[11]_inst | IBUF | IOB_X0Y125 | IOB33.INBUF_EN
period_set_IBUF[12]_inst | IBUF | IOB_X0Y126 | IOB33.INBUF_EN
period_set_IBUF[13]_inst | IBUF | IOB_X0Y127 | IOB33.INBUF_EN
period_set_IBUF[14]_inst | IBUF | IOB_X0Y129 | IOB33.INBUF_EN
period_set_IBUF[15]_inst | IBUF | IOB_X0Y130 | IOB33.INBUF_EN
period_set_IBUF[16]_inst | IBUF | IOB_X0Y131 | IOB33.INBUF_EN
period_set_IBUF[17]_inst | IBUF | IOB_X0Y132 | IOB33.INBUF_EN
period_set_IBUF[18]_inst | IBUF | IOB_X0Y133 | IOB33.INBUF_EN
period_set_IBUF[19]_inst | IBUF | IOB_X0Y134 | IOB33.INBUF_EN
period_set_IBUF[1]_inst | IBUF | IOB_X0Y115 | IOB33.INBUF_EN
period_set_IBUF[20]_inst | IBUF | IOB_X0Y135 | IOB33.INBUF_EN
period_set_IBUF[21]_inst | IBUF | IOB_X0Y136 | IOB33.INBUF_EN
period_set_IBUF[22]_inst | IBUF | IOB_X0Y137 | IOB33.INBUF_EN
period_set_IBUF[23]_inst | IBUF | IOB_X0Y138 | IOB33.INBUF_EN
period_set_IBUF[24]_inst | IBUF | IOB_X0Y139 | IOB33.INBUF_EN
period_set_IBUF[25]_inst | IBUF | IOB_X0Y140 | IOB33.INBUF_EN
period_set_IBUF[26]_inst | IBUF | IOB_X0Y141 | IOB33.INBUF_EN
period_set_IBUF[27]_inst | IBUF | IOB_X0Y142 | IOB33.INBUF_EN
period_set_IBUF[28]_inst | IBUF | IOB_X0Y143 | IOB33.INBUF_EN
period_set_IBUF[29]_inst | IBUF | IOB_X0Y144 | IOB33.INBUF_EN
period_set_IBUF[2]_inst | IBUF | IOB_X0Y116 | IOB33.INBUF_EN
period_set_IBUF[30]_inst | IBUF | IOB_X0Y145 | IOB33.INBUF_EN
period_set_IBUF[31]_inst | IBUF | IOB_X0Y146 | IOB33.INBUF_EN
period_set_IBUF[3]_inst | IBUF | IOB_X0Y117 | IOB33.INBUF_EN
period_set_IBUF[4]_inst | IBUF | IOB_X0Y118 | IOB33.INBUF_EN
period_set_IBUF[5]_inst | IBUF | IOB_X0Y119 | IOB33.INBUF_EN
period_set_IBUF[6]_inst | IBUF | IOB_X0Y120 | IOB33.INBUF_EN
period_set_IBUF[7]_inst | IBUF | IOB_X0Y121 | IOB33.INBUF_EN
period_set_IBUF[8]_inst | IBUF | IOB_X0Y122 | IOB33.INBUF_EN
period_set_IBUF[9]_inst | IBUF | IOB_X0Y123 | IOB33.INBUF_EN
period_set_reg[31]_i_1 | LUT1 | SLICE_X0Y124 | SLICEL.C6LUT
period_set_reg_reg[0] | FDCE | SLICE_X5Y114 | SLICEL.BFF
period_set_reg_reg[10] | FDCE | SLICE_X3Y116 | SLICEL.CFF
period_set_reg_reg[11] | FDCE | SLICE_X3Y116 | SLICEL.DFF
period_set_reg_reg[12] | FDCE | SLICE_X5Y118 | SLICEL.BFF
period_set_reg_reg[13] | FDCE | SLICE_X5Y118 | SLICEL.CFF
period_set_reg_reg[14] | FDCE | SLICE_X5Y119 | SLICEL.AFF
period_set_reg_reg[15] | FDCE | SLICE_X5Y119 | SLICEL.BFF
period_set_reg_reg[16] | FDCE | SLICE_X4Y117 | SLICEL.DFF
period_set_reg_reg[17] | FDCE | SLICE_X3Y118 | SLICEL.AFF
period_set_reg_reg[18] | FDCE | SLICE_X5Y124 | SLICEL.AFF
period_set_reg_reg[19] | FDCE | SLICE_X4Y124 | SLICEL.AFF
period_set_reg_reg[1] | FDCE | SLICE_X4Y114 | SLICEL.AFF
period_set_reg_reg[20] | FDCE | SLICE_X4Y124 | SLICEL.BFF
period_set_reg_reg[21] | FDCE | SLICE_X3Y121 | SLICEL.AFF
period_set_reg_reg[22] | FDCE | SLICE_X2Y123 | SLICEM.AFF
period_set_reg_reg[23] | FDCE | SLICE_X5Y123 | SLICEL.AFF
period_set_reg_reg[24] | FDCE | SLICE_X5Y123 | SLICEL.BFF
period_set_reg_reg[25] | FDCE | SLICE_X4Y123 | SLICEL.AFF
period_set_reg_reg[26] | FDCE | SLICE_X4Y123 | SLICEL.BFF
period_set_reg_reg[27] | FDCE | SLICE_X4Y123 | SLICEL.CFF
period_set_reg_reg[28] | FDCE | SLICE_X3Y121 | SLICEL.BFF
period_set_reg_reg[29] | FDCE | SLICE_X4Y124 | SLICEL.CFF
period_set_reg_reg[2] | FDCE | SLICE_X4Y114 | SLICEL.BFF
period_set_reg_reg[30] | FDCE | SLICE_X4Y124 | SLICEL.DFF
period_set_reg_reg[31] | FDCE | SLICE_X4Y123 | SLICEL.DFF
period_set_reg_reg[3] | FDCE | SLICE_X4Y114 | SLICEL.CFF
period_set_reg_reg[4] | FDCE | SLICE_X4Y114 | SLICEL.DFF
period_set_reg_reg[5] | FDCE | SLICE_X4Y116 | SLICEL.BFF
period_set_reg_reg[6] | FDCE | SLICE_X4Y116 | SLICEL.CFF
period_set_reg_reg[7] | FDCE | SLICE_X4Y115 | SLICEL.CFF
period_set_reg_reg[8] | FDCE | SLICE_X4Y115 | SLICEL.DFF
period_set_reg_reg[9] | FDCE | SLICE_X4Y116 | SLICEL.DFF
pwm_out_OBUF_inst | OBUF | IOB_X0Y149 | IOB33.OUTBUF
pwm_out_reg_i_1 | LUT6 | SLICE_X1Y118 | SLICEL.A6LUT
pwm_out_reg_i_10 | LUT4 | SLICE_X0Y113 | SLICEL.B6LUT
pwm_out_reg_i_11 | LUT5 | SLICE_X6Y113 | SLICEM.A6LUT
pwm_out_reg_i_12 | LUT6 | SLICE_X6Y117 | SLICEM.A6LUT
pwm_out_reg_i_14 | LUT5 | SLICE_X3Y118 | SLICEL.D5LUT
pwm_out_reg_i_15 | LUT5 | SLICE_X3Y118 | SLICEL.C5LUT
pwm_out_reg_i_16 | LUT5 | SLICE_X3Y118 | SLICEL.B5LUT
pwm_out_reg_i_17 | LUT5 | SLICE_X3Y118 | SLICEL.A5LUT
pwm_out_reg_i_18 | LUT5 | SLICE_X3Y118 | SLICEL.D6LUT
pwm_out_reg_i_19 | LUT5 | SLICE_X3Y118 | SLICEL.C6LUT
pwm_out_reg_i_2 | LUT6 | SLICE_X1Y123 | SLICEL.A6LUT
pwm_out_reg_i_20 | LUT5 | SLICE_X3Y118 | SLICEL.B6LUT
pwm_out_reg_i_21 | LUT5 | SLICE_X3Y118 | SLICEL.A6LUT
pwm_out_reg_i_22 | LUT6 | SLICE_X0Y124 | SLICEL.A6LUT
pwm_out_reg_i_23 | LUT4 | SLICE_X1Y118 | SLICEL.B6LUT
pwm_out_reg_i_24 | LUT4 | SLICE_X1Y114 | SLICEL.A6LUT
pwm_out_reg_i_25 | LUT4 | SLICE_X1Y120 | SLICEL.B6LUT
pwm_out_reg_i_26 | LUT4 | SLICE_X1Y120 | SLICEL.C6LUT
pwm_out_reg_i_27 | LUT4 | SLICE_X6Y113 | SLICEM.B6LUT
pwm_out_reg_i_29 | LUT5 | SLICE_X3Y117 | SLICEL.D5LUT
pwm_out_reg_i_3 | LUT6 | SLICE_X0Y113 | SLICEL.A6LUT
pwm_out_reg_i_30 | LUT5 | SLICE_X3Y117 | SLICEL.C5LUT
pwm_out_reg_i_31 | LUT5 | SLICE_X3Y117 | SLICEL.B5LUT
pwm_out_reg_i_32 | LUT5 | SLICE_X3Y117 | SLICEL.A5LUT
pwm_out_reg_i_33 | LUT5 | SLICE_X3Y117 | SLICEL.D6LUT
pwm_out_reg_i_34 | LUT5 | SLICE_X3Y117 | SLICEL.C6LUT
pwm_out_reg_i_35 | LUT5 | SLICE_X3Y117 | SLICEL.B6LUT
pwm_out_reg_i_36 | LUT5 | SLICE_X3Y117 | SLICEL.A6LUT
pwm_out_reg_i_38 | LUT5 | SLICE_X3Y116 | SLICEL.D5LUT
pwm_out_reg_i_39 | LUT5 | SLICE_X3Y116 | SLICEL.C5LUT
pwm_out_reg_i_4 | LUT6 | SLICE_X6Y115 | SLICEM.A6LUT
pwm_out_reg_i_40 | LUT5 | SLICE_X3Y116 | SLICEL.B5LUT
pwm_out_reg_i_41 | LUT5 | SLICE_X3Y116 | SLICEL.A5LUT
pwm_out_reg_i_42 | LUT5 | SLICE_X3Y116 | SLICEL.D6LUT
pwm_out_reg_i_43 | LUT5 | SLICE_X3Y116 | SLICEL.C6LUT
pwm_out_reg_i_44 | LUT5 | SLICE_X3Y116 | SLICEL.B6LUT
pwm_out_reg_i_45 | LUT5 | SLICE_X3Y116 | SLICEL.A6LUT
pwm_out_reg_i_46 | LUT5 | SLICE_X3Y115 | SLICEL.D5LUT
pwm_out_reg_i_47 | LUT5 | SLICE_X3Y115 | SLICEL.C5LUT
pwm_out_reg_i_48 | LUT5 | SLICE_X3Y115 | SLICEL.B5LUT
pwm_out_reg_i_49 | LUT5 | SLICE_X3Y115 | SLICEL.A5LUT
pwm_out_reg_i_50 | LUT5 | SLICE_X3Y115 | SLICEL.D6LUT
pwm_out_reg_i_51 | LUT5 | SLICE_X3Y115 | SLICEL.C6LUT
pwm_out_reg_i_52 | LUT5 | SLICE_X3Y115 | SLICEL.B6LUT
pwm_out_reg_i_53 | LUT5 | SLICE_X3Y115 | SLICEL.A6LUT
pwm_out_reg_i_6 | LUT5 | SLICE_X0Y124 | SLICEL.B6LUT
pwm_out_reg_i_7 | LUT6 | SLICE_X1Y120 | SLICEL.A6LUT
pwm_out_reg_i_8 | LUT4 | SLICE_X0Y113 | SLICEL.C6LUT
pwm_out_reg_i_9 | LUT4 | SLICE_X0Y113 | SLICEL.D6LUT
pwm_out_reg_reg | FDCE | SLICE_X1Y118 | SLICEL.AFF
pwm_out_reg_reg_i_13 | CARRY4 | SLICE_X3Y117 | SLICEL.CARRY4
pwm_out_reg_reg_i_28 | CARRY4 | SLICE_X3Y116 | SLICEL.CARRY4
pwm_out_reg_reg_i_37 | CARRY4 | SLICE_X3Y115 | SLICEL.CARRY4
pwm_out_reg_reg_i_5 | CARRY4 | SLICE_X3Y118 | SLICEL.CARRY4
reset_n_IBUF_inst | IBUF | IOB_X0Y148 | IOB33.INBUF_EN
time_cnt[0]_i_1 | LUT4 | SLICE_X3Y113 | SLICEL.A6LUT
time_cnt[10]_i_1 | LUT4 | SLICE_X3Y114 | SLICEL.A6LUT
time_cnt[11]_i_1 | LUT4 | SLICE_X3Y114 | SLICEL.A5LUT
time_cnt[12]_i_1 | LUT4 | SLICE_X1Y116 | SLICEL.A6LUT
time_cnt[13]_i_1 | LUT4 | SLICE_X1Y116 | SLICEL.A5LUT
time_cnt[14]_i_1 | LUT4 | SLICE_X1Y116 | SLICEL.B6LUT
time_cnt[15]_i_1 | LUT4 | SLICE_X1Y116 | SLICEL.B5LUT
time_cnt[16]_i_1 | LUT4 | SLICE_X1Y117 | SLICEL.A6LUT
time_cnt[17]_i_1 | LUT4 | SLICE_X1Y117 | SLICEL.A5LUT
time_cnt[18]_i_1 | LUT4 | SLICE_X1Y117 | SLICEL.B6LUT
time_cnt[19]_i_1 | LUT4 | SLICE_X1Y117 | SLICEL.B5LUT
time_cnt[1]_i_1 | LUT4 | SLICE_X3Y113 | SLICEL.A5LUT
time_cnt[20]_i_1 | LUT4 | SLICE_X1Y117 | SLICEL.C6LUT
time_cnt[21]_i_1 | LUT4 | SLICE_X1Y117 | SLICEL.C5LUT
time_cnt[22]_i_1 | LUT4 | SLICE_X1Y117 | SLICEL.D6LUT
time_cnt[23]_i_1 | LUT4 | SLICE_X1Y117 | SLICEL.D5LUT
time_cnt[24]_i_1 | LUT4 | SLICE_X3Y119 | SLICEL.A6LUT
time_cnt[25]_i_1 | LUT4 | SLICE_X3Y119 | SLICEL.A5LUT
time_cnt[26]_i_1 | LUT4 | SLICE_X3Y119 | SLICEL.B6LUT
time_cnt[27]_i_1 | LUT4 | SLICE_X3Y119 | SLICEL.B5LUT
time_cnt[28]_i_1 | LUT4 | SLICE_X3Y119 | SLICEL.C6LUT
time_cnt[29]_i_1 | LUT4 | SLICE_X3Y119 | SLICEL.C5LUT
time_cnt[2]_i_1 | LUT4 | SLICE_X3Y113 | SLICEL.B6LUT
time_cnt[30]_i_1 | LUT4 | SLICE_X3Y119 | SLICEL.D6LUT
time_cnt[31]_i_1 | LUT4 | SLICE_X3Y119 | SLICEL.D5LUT
time_cnt[31]_i_10 | LUT4 | SLICE_X4Y118 | SLICEL.B5LUT
time_cnt[31]_i_11 | LUT4 | SLICE_X4Y118 | SLICEL.A5LUT
time_cnt[31]_i_12 | LUT4 | SLICE_X4Y118 | SLICEL.D6LUT
time_cnt[31]_i_13 | LUT4 | SLICE_X4Y118 | SLICEL.C6LUT
time_cnt[31]_i_14 | LUT4 | SLICE_X4Y118 | SLICEL.B6LUT
time_cnt[31]_i_15 | LUT4 | SLICE_X4Y118 | SLICEL.A6LUT
time_cnt[31]_i_16 | LUT6 | SLICE_X4Y121 | SLICEL.A6LUT
time_cnt[31]_i_17 | LUT4 | SLICE_X4Y114 | SLICEL.B6LUT
time_cnt[31]_i_18 | LUT4 | SLICE_X4Y114 | SLICEL.C6LUT
time_cnt[31]_i_19 | LUT4 | SLICE_X6Y117 | SLICEM.B6LUT
time_cnt[31]_i_2 | LUT6 | SLICE_X4Y119 | SLICEL.A6LUT
time_cnt[31]_i_20 | LUT4 | SLICE_X4Y114 | SLICEL.D6LUT
time_cnt[31]_i_22 | LUT4 | SLICE_X4Y117 | SLICEL.D5LUT
time_cnt[31]_i_23 | LUT4 | SLICE_X4Y117 | SLICEL.C5LUT
time_cnt[31]_i_24 | LUT4 | SLICE_X4Y117 | SLICEL.B5LUT
time_cnt[31]_i_25 | LUT4 | SLICE_X4Y117 | SLICEL.A5LUT
time_cnt[31]_i_26 | LUT4 | SLICE_X4Y117 | SLICEL.D6LUT
time_cnt[31]_i_27 | LUT4 | SLICE_X4Y117 | SLICEL.C6LUT
time_cnt[31]_i_28 | LUT4 | SLICE_X4Y117 | SLICEL.B6LUT
time_cnt[31]_i_29 | LUT4 | SLICE_X4Y117 | SLICEL.A6LUT
time_cnt[31]_i_34 | LUT4 | SLICE_X4Y116 | SLICEL.D5LUT
time_cnt[31]_i_35 | LUT4 | SLICE_X4Y116 | SLICEL.C5LUT
time_cnt[31]_i_36 | LUT4 | SLICE_X4Y116 | SLICEL.B5LUT
time_cnt[31]_i_37 | LUT4 | SLICE_X4Y116 | SLICEL.A5LUT
time_cnt[31]_i_38 | LUT4 | SLICE_X4Y116 | SLICEL.D6LUT
time_cnt[31]_i_39 | LUT4 | SLICE_X4Y116 | SLICEL.C6LUT
time_cnt[31]_i_40 | LUT4 | SLICE_X4Y116 | SLICEL.B6LUT
time_cnt[31]_i_41 | LUT4 | SLICE_X4Y116 | SLICEL.A6LUT
time_cnt[31]_i_44 | LUT1 | SLICE_X5Y121 | SLICEL.C6LUT
time_cnt[31]_i_45 | LUT1 | SLICE_X5Y121 | SLICEL.B6LUT
time_cnt[31]_i_46 | LUT1 | SLICE_X5Y121 | SLICEL.A6LUT
time_cnt[31]_i_47 | LUT1 | SLICE_X5Y120 | SLICEL.D6LUT
time_cnt[31]_i_48 | LUT1 | SLICE_X5Y120 | SLICEL.C6LUT
time_cnt[31]_i_49 | LUT1 | SLICE_X5Y120 | SLICEL.B6LUT
time_cnt[31]_i_5 | LUT5 | SLICE_X4Y121 | SLICEL.B6LUT
time_cnt[31]_i_50 | LUT1 | SLICE_X5Y120 | SLICEL.A6LUT
time_cnt[31]_i_51 | LUT1 | SLICE_X5Y119 | SLICEL.D6LUT
time_cnt[31]_i_52 | LUT1 | SLICE_X5Y119 | SLICEL.C6LUT
time_cnt[31]_i_53 | LUT1 | SLICE_X5Y119 | SLICEL.B6LUT
time_cnt[31]_i_54 | LUT1 | SLICE_X5Y119 | SLICEL.A6LUT
time_cnt[31]_i_55 | LUT4 | SLICE_X4Y115 | SLICEL.D5LUT
time_cnt[31]_i_56 | LUT4 | SLICE_X4Y115 | SLICEL.C5LUT
time_cnt[31]_i_57 | LUT4 | SLICE_X4Y115 | SLICEL.B5LUT
time_cnt[31]_i_58 | LUT4 | SLICE_X4Y115 | SLICEL.A5LUT
time_cnt[31]_i_59 | LUT4 | SLICE_X4Y115 | SLICEL.D6LUT
time_cnt[31]_i_6 | LUT6 | SLICE_X4Y114 | SLICEL.A6LUT
time_cnt[31]_i_60 | LUT4 | SLICE_X4Y115 | SLICEL.C6LUT
time_cnt[31]_i_61 | LUT4 | SLICE_X4Y115 | SLICEL.B6LUT
time_cnt[31]_i_62 | LUT4 | SLICE_X4Y115 | SLICEL.A6LUT
time_cnt[31]_i_65 | LUT1 | SLICE_X5Y118 | SLICEL.D6LUT
time_cnt[31]_i_66 | LUT1 | SLICE_X5Y118 | SLICEL.C6LUT
time_cnt[31]_i_67 | LUT1 | SLICE_X5Y118 | SLICEL.B6LUT
time_cnt[31]_i_68 | LUT1 | SLICE_X5Y118 | SLICEL.A6LUT
time_cnt[31]_i_69 | LUT1 | SLICE_X5Y117 | SLICEL.D6LUT
time_cnt[31]_i_70 | LUT1 | SLICE_X5Y117 | SLICEL.C6LUT
time_cnt[31]_i_71 | LUT1 | SLICE_X5Y117 | SLICEL.B6LUT
time_cnt[31]_i_72 | LUT1 | SLICE_X5Y117 | SLICEL.A6LUT
time_cnt[31]_i_74 | LUT1 | SLICE_X5Y116 | SLICEL.D6LUT
time_cnt[31]_i_75 | LUT1 | SLICE_X5Y116 | SLICEL.C6LUT
time_cnt[31]_i_76 | LUT1 | SLICE_X5Y116 | SLICEL.B6LUT
time_cnt[31]_i_77 | LUT1 | SLICE_X5Y116 | SLICEL.A6LUT
time_cnt[31]_i_78 | LUT1 | SLICE_X5Y115 | SLICEL.D6LUT
time_cnt[31]_i_79 | LUT1 | SLICE_X5Y115 | SLICEL.C6LUT
time_cnt[31]_i_8 | LUT4 | SLICE_X4Y118 | SLICEL.D5LUT
time_cnt[31]_i_80 | LUT1 | SLICE_X5Y115 | SLICEL.B6LUT
time_cnt[31]_i_81 | LUT1 | SLICE_X5Y115 | SLICEL.A6LUT
time_cnt[31]_i_82 | LUT1 | SLICE_X5Y114 | SLICEL.D6LUT
time_cnt[31]_i_83 | LUT1 | SLICE_X5Y114 | SLICEL.C6LUT
time_cnt[31]_i_84 | LUT1 | SLICE_X5Y114 | SLICEL.B6LUT
time_cnt[31]_i_85 | LUT1 | SLICE_X5Y114 | SLICEL.A6LUT
time_cnt[31]_i_9 | LUT4 | SLICE_X4Y118 | SLICEL.C5LUT
time_cnt[3]_i_1 | LUT4 | SLICE_X3Y113 | SLICEL.B5LUT
time_cnt[4]_i_1 | LUT4 | SLICE_X3Y114 | SLICEL.B6LUT
time_cnt[5]_i_1 | LUT4 | SLICE_X3Y114 | SLICEL.B5LUT
time_cnt[6]_i_1 | LUT4 | SLICE_X3Y114 | SLICEL.C6LUT
time_cnt[7]_i_1 | LUT4 | SLICE_X3Y114 | SLICEL.C5LUT
time_cnt[8]_i_1 | LUT4 | SLICE_X3Y114 | SLICEL.D6LUT
time_cnt[9]_i_1 | LUT4 | SLICE_X3Y114 | SLICEL.D5LUT
time_cnt_reg[0] | FDCE | SLICE_X3Y113 | SLICEL.AFF
time_cnt_reg[10] | FDCE | SLICE_X3Y114 | SLICEL.AFF
time_cnt_reg[11] | FDCE | SLICE_X3Y114 | SLICEL.A5FF
time_cnt_reg[12] | FDCE | SLICE_X1Y116 | SLICEL.AFF
time_cnt_reg[12]_i_2 | CARRY4 | SLICE_X2Y115 | SLICEM.CARRY4
time_cnt_reg[13] | FDCE | SLICE_X1Y116 | SLICEL.A5FF
time_cnt_reg[14] | FDCE | SLICE_X1Y116 | SLICEL.BFF
time_cnt_reg[15] | FDCE | SLICE_X1Y116 | SLICEL.B5FF
time_cnt_reg[16] | FDCE | SLICE_X1Y117 | SLICEL.AFF
time_cnt_reg[16]_i_2 | CARRY4 | SLICE_X2Y116 | SLICEM.CARRY4
time_cnt_reg[17] | FDCE | SLICE_X1Y117 | SLICEL.A5FF
time_cnt_reg[18] | FDCE | SLICE_X1Y117 | SLICEL.BFF
time_cnt_reg[19] | FDCE | SLICE_X1Y117 | SLICEL.B5FF
time_cnt_reg[1] | FDCE | SLICE_X3Y113 | SLICEL.A5FF
time_cnt_reg[20] | FDCE | SLICE_X1Y117 | SLICEL.CFF
time_cnt_reg[20]_i_2 | CARRY4 | SLICE_X2Y117 | SLICEM.CARRY4
time_cnt_reg[21] | FDCE | SLICE_X1Y117 | SLICEL.C5FF
time_cnt_reg[22] | FDCE | SLICE_X1Y117 | SLICEL.DFF
time_cnt_reg[23] | FDCE | SLICE_X1Y117 | SLICEL.D5FF
time_cnt_reg[24] | FDCE | SLICE_X3Y119 | SLICEL.AFF
time_cnt_reg[24]_i_2 | CARRY4 | SLICE_X2Y118 | SLICEM.CARRY4
time_cnt_reg[25] | FDCE | SLICE_X3Y119 | SLICEL.A5FF
time_cnt_reg[26] | FDCE | SLICE_X3Y119 | SLICEL.BFF
time_cnt_reg[27] | FDCE | SLICE_X3Y119 | SLICEL.B5FF
time_cnt_reg[28] | FDCE | SLICE_X3Y119 | SLICEL.CFF
time_cnt_reg[28]_i_2 | CARRY4 | SLICE_X2Y119 | SLICEM.CARRY4
time_cnt_reg[29] | FDCE | SLICE_X3Y119 | SLICEL.C5FF
time_cnt_reg[2] | FDCE | SLICE_X3Y113 | SLICEL.BFF
time_cnt_reg[30] | FDCE | SLICE_X3Y119 | SLICEL.DFF
time_cnt_reg[31] | FDCE | SLICE_X3Y119 | SLICEL.D5FF
time_cnt_reg[31]_i_21 | CARRY4 | SLICE_X4Y116 | SLICEL.CARRY4
time_cnt_reg[31]_i_3 | CARRY4 | SLICE_X4Y118 | SLICEL.CARRY4
time_cnt_reg[31]_i_30 | CARRY4 | SLICE_X5Y121 | SLICEL.CARRY4
time_cnt_reg[31]_i_31 | CARRY4 | SLICE_X5Y120 | SLICEL.CARRY4
time_cnt_reg[31]_i_32 | CARRY4 | SLICE_X5Y119 | SLICEL.CARRY4
time_cnt_reg[31]_i_33 | CARRY4 | SLICE_X4Y115 | SLICEL.CARRY4
time_cnt_reg[31]_i_4 | CARRY4 | SLICE_X2Y120 | SLICEM.CARRY4
time_cnt_reg[31]_i_42 | CARRY4 | SLICE_X5Y118 | SLICEL.CARRY4
time_cnt_reg[31]_i_43 | CARRY4 | SLICE_X5Y117 | SLICEL.CARRY4
time_cnt_reg[31]_i_63 | CARRY4 | SLICE_X5Y116 | SLICEL.CARRY4
time_cnt_reg[31]_i_64 | CARRY4 | SLICE_X5Y115 | SLICEL.CARRY4
time_cnt_reg[31]_i_7 | CARRY4 | SLICE_X4Y117 | SLICEL.CARRY4
time_cnt_reg[31]_i_73 | CARRY4 | SLICE_X5Y114 | SLICEL.CARRY4
time_cnt_reg[3] | FDCE | SLICE_X3Y113 | SLICEL.B5FF
time_cnt_reg[4] | FDCE | SLICE_X3Y114 | SLICEL.BFF
time_cnt_reg[4]_i_2 | CARRY4 | SLICE_X2Y113 | SLICEM.CARRY4
time_cnt_reg[5] | FDCE | SLICE_X3Y114 | SLICEL.B5FF
time_cnt_reg[6] | FDCE | SLICE_X3Y114 | SLICEL.CFF
time_cnt_reg[7] | FDCE | SLICE_X3Y114 | SLICEL.C5FF
time_cnt_reg[8] | FDCE | SLICE_X3Y114 | SLICEL.DFF
time_cnt_reg[8]_i_2 | CARRY4 | SLICE_X2Y114 | SLICEM.CARRY4
time_cnt_reg[9] | FDCE | SLICE_X3Y114 | SLICEL.D5FF
