Copyright 1986-2022 Xilinx, Inc. All Rights Reserved. Copyright 2022-2026 Advanced Micro Devices, Inc. All Rights Reserved.
---------------------------------------------------------------------------------------------------------------------------------------------
| Tool Version : Vivado v.2026.1 (win64) Build 6511674 Tue Jun 16 11:02:23 MDT 2026
| Date         : Fri Sep  4 16:44:05 2026
| Host         : DependOnOMEN16 running 64-bit major release  (build 9200)
| Command      : report_utilization -file D:/Project/FPGA_XC7A200T/docs/reports/step3_synth_utilization.rpt
| Design       : pwm_controller
| Device       : xc7a200tfbg484-2
| Speed File   : -2
| Design State : Synthesized
---------------------------------------------------------------------------------------------------------------------------------------------

Utilization Design Information

Table of Contents
-----------------
1. Slice Logic
1.1 Summary of Registers by Type
2. Memory
3. DSP
4. IO and GT Specific
5. Clocking
6. Specific Feature
7. Primitives
8. Black Boxes
9. Instantiated Netlists

1. Slice Logic
--------------

+-------------------------+------+-------+------------+-----------+-------+
|        Site Type        | Used | Fixed | Prohibited | Available | Util% |
+-------------------------+------+-------+------------+-----------+-------+
| Slice LUTs*             |  106 |     0 |          0 |    134600 |  0.08 |
|   LUT as Logic          |  106 |     0 |          0 |    134600 |  0.08 |
|   LUT as Memory         |    0 |     0 |          0 |     46200 |  0.00 |
| Slice Registers         |   97 |     0 |          0 |    269200 |  0.04 |
|   Register as Flip Flop |   97 |     0 |          0 |    269200 |  0.04 |
|   Register as Latch     |    0 |     0 |          0 |    269200 |  0.00 |
| F7 Muxes                |    0 |     0 |          0 |     67300 |  0.00 |
| F8 Muxes                |    0 |     0 |          0 |     33650 |  0.00 |
| Unique Control Sets     |    2 |       |          0 |     33650 | <0.01 |
+-------------------------+------+-------+------------+-----------+-------+
* Warning! The Final LUT count, after physical optimizations and full implementation, is typically lower. Run opt_design after synthesis, if not already completed, for a more realistic count.
Warning! LUT value is adjusted to account for LUT combining.
Warning! For any ECO changes, please run place_design if there are unplaced instances
** Note: Available Control Sets calculated as Slice * 1, Review the Control Sets Report for more information regarding control sets.


1.1 Summary of Registers by Type
--------------------------------

+-------+--------------+-------------+--------------+
| Total | Clock Enable | Synchronous | Asynchronous |
+-------+--------------+-------------+--------------+
| 0     |            _ |           - |            - |
| 0     |            _ |           - |          Set |
| 0     |            _ |           - |        Reset |
| 0     |            _ |         Set |            - |
| 0     |            _ |       Reset |            - |
| 0     |          Yes |           - |            - |
| 0     |          Yes |           - |          Set |
| 97    |          Yes |           - |        Reset |
| 0     |          Yes |         Set |            - |
| 0     |          Yes |       Reset |            - |
+-------+--------------+-------------+--------------+


2. Memory
---------

+----------------+------+-------+------------+-----------+-------+
|    Site Type   | Used | Fixed | Prohibited | Available | Util% |
+----------------+------+-------+------------+-----------+-------+
| Block RAM Tile |    0 |     0 |          0 |       365 |  0.00 |
|   RAMB36/FIFO* |    0 |     0 |          0 |       365 |  0.00 |
|   RAMB18       |    0 |     0 |          0 |       730 |  0.00 |
+----------------+------+-------+------------+-----------+-------+
* Note: Each Block RAM Tile only has one FIFO logic available and therefore can accommodate only one FIFO36E1 or one FIFO18E1. However, if a FIFO18E1 occupies a Block RAM Tile, that tile can still accommodate a RAMB18E1


3. DSP
------

+-----------+------+-------+------------+-----------+-------+
| Site Type | Used | Fixed | Prohibited | Available | Util% |
+-----------+------+-------+------------+-----------+-------+
| DSPs      |    0 |     0 |          0 |       740 |  0.00 |
+-----------+------+-------+------------+-----------+-------+


4. IO and GT Specific
---------------------

+-----------------------------+------+-------+------------+-----------+-------+
|          Site Type          | Used | Fixed | Prohibited | Available | Util% |
+-----------------------------+------+-------+------------+-----------+-------+
| Bonded IOB                  |   68 |     0 |          0 |       285 | 23.86 |
| Bonded IPADs                |    0 |     0 |          0 |        14 |  0.00 |
| Bonded OPADs                |    0 |     0 |          0 |         8 |  0.00 |
| PHY_CONTROL                 |    0 |     0 |          0 |        10 |  0.00 |
| PHASER_REF                  |    0 |     0 |          0 |        10 |  0.00 |
| OUT_FIFO                    |    0 |     0 |          0 |        40 |  0.00 |
| IN_FIFO                     |    0 |     0 |          0 |        40 |  0.00 |
| IDELAYCTRL                  |    0 |     0 |          0 |        10 |  0.00 |
| IBUFDS                      |    0 |     0 |          0 |       274 |  0.00 |
| GTPE2_CHANNEL               |    0 |     0 |          0 |         4 |  0.00 |
| PHASER_OUT/PHASER_OUT_PHY   |    0 |     0 |          0 |        40 |  0.00 |
| PHASER_IN/PHASER_IN_PHY     |    0 |     0 |          0 |        40 |  0.00 |
| IDELAYE2/IDELAYE2_FINEDELAY |    0 |     0 |          0 |       500 |  0.00 |
| IBUFDS_GTE2                 |    0 |     0 |          0 |         2 |  0.00 |
| ILOGIC                      |    0 |     0 |          0 |       285 |  0.00 |
| OLOGIC                      |    0 |     0 |          0 |       285 |  0.00 |
+-----------------------------+------+-------+------------+-----------+-------+


5. Clocking
-----------

+------------+------+-------+------------+-----------+-------+
|  Site Type | Used | Fixed | Prohibited | Available | Util% |
+------------+------+-------+------------+-----------+-------+
| BUFGCTRL   |    1 |     0 |          0 |        32 |  3.13 |
| BUFIO      |    0 |     0 |          0 |        40 |  0.00 |
| MMCME2_ADV |    0 |     0 |          0 |        10 |  0.00 |
| PLLE2_ADV  |    0 |     0 |          0 |        10 |  0.00 |
| BUFMRCE    |    0 |     0 |          0 |        20 |  0.00 |
| BUFHCE     |    0 |     0 |          0 |       120 |  0.00 |
| BUFR       |    0 |     0 |          0 |        40 |  0.00 |
+------------+------+-------+------------+-----------+-------+


6. Specific Feature
-------------------

+-------------+------+-------+------------+-----------+-------+
|  Site Type  | Used | Fixed | Prohibited | Available | Util% |
+-------------+------+-------+------------+-----------+-------+
| BSCANE2     |    0 |     0 |          0 |         4 |  0.00 |
| CAPTUREE2   |    0 |     0 |          0 |         1 |  0.00 |
| DNA_PORT    |    0 |     0 |          0 |         1 |  0.00 |
| EFUSE_USR   |    0 |     0 |          0 |         1 |  0.00 |
| FRAME_ECCE2 |    0 |     0 |          0 |         1 |  0.00 |
| ICAPE2      |    0 |     0 |          0 |         2 |  0.00 |
| PCIE_2_1    |    0 |     0 |          0 |         1 |  0.00 |
| STARTUPE2   |    0 |     0 |          0 |         1 |  0.00 |
| XADC        |    0 |     0 |          0 |         1 |  0.00 |
+-------------+------+-------+------------+-----------+-------+


7. Primitives
-------------

+----------+------+---------------------+
| Ref Name | Used | Functional Category |
+----------+------+---------------------+
| FDCE     |   97 |        Flop & Latch |
| LUT4     |   74 |                 LUT |
| IBUF     |   67 |                  IO |
| LUT5     |   41 |                 LUT |
| LUT1     |   32 |                 LUT |
| CARRY4   |   24 |          CarryLogic |
| LUT6     |    6 |                 LUT |
| OBUF     |    1 |                  IO |
| LUT3     |    1 |                 LUT |
| BUFG     |    1 |               Clock |
+----------+------+---------------------+


8. Black Boxes
--------------

+----------+------+
| Ref Name | Used |
+----------+------+


9. Instantiated Netlists
------------------------

+----------+------+
| Ref Name | Used |
+----------+------+



Step 3 synthesized primitive inventory
--------------------------------------
BUFG             1
CARRY4           24
FDCE             97
GND              1
IBUF             67
LUT1             32
LUT3             1
LUT4             74
LUT5             41
LUT6             6
OBUF             1
VCC              1

State-related synthesized cells
-------------------------------
period_set_reg         33
  period_set_reg[31]_i_1                                     LUT1
  period_set_reg_reg[0]                                      FDCE
  period_set_reg_reg[10]                                     FDCE
  period_set_reg_reg[11]                                     FDCE
  period_set_reg_reg[12]                                     FDCE
  period_set_reg_reg[13]                                     FDCE
  period_set_reg_reg[14]                                     FDCE
  period_set_reg_reg[15]                                     FDCE
  period_set_reg_reg[16]                                     FDCE
  period_set_reg_reg[17]                                     FDCE
  period_set_reg_reg[18]                                     FDCE
  period_set_reg_reg[19]                                     FDCE
  period_set_reg_reg[1]                                      FDCE
  period_set_reg_reg[20]                                     FDCE
  period_set_reg_reg[21]                                     FDCE
  period_set_reg_reg[22]                                     FDCE
  period_set_reg_reg[23]                                     FDCE
  period_set_reg_reg[24]                                     FDCE
  period_set_reg_reg[25]                                     FDCE
  period_set_reg_reg[26]                                     FDCE
  period_set_reg_reg[27]                                     FDCE
  period_set_reg_reg[28]                                     FDCE
  period_set_reg_reg[29]                                     FDCE
  period_set_reg_reg[2]                                      FDCE
  period_set_reg_reg[30]                                     FDCE
  period_set_reg_reg[31]                                     FDCE
  period_set_reg_reg[3]                                      FDCE
  period_set_reg_reg[4]                                      FDCE
  period_set_reg_reg[5]                                      FDCE
  period_set_reg_reg[6]                                      FDCE
  period_set_reg_reg[7]                                      FDCE
  period_set_reg_reg[8]                                      FDCE
  period_set_reg_reg[9]                                      FDCE
compare_value_reg      32
  compare_value_reg_reg[0]                                   FDCE
  compare_value_reg_reg[10]                                  FDCE
  compare_value_reg_reg[11]                                  FDCE
  compare_value_reg_reg[12]                                  FDCE
  compare_value_reg_reg[13]                                  FDCE
  compare_value_reg_reg[14]                                  FDCE
  compare_value_reg_reg[15]                                  FDCE
  compare_value_reg_reg[16]                                  FDCE
  compare_value_reg_reg[17]                                  FDCE
  compare_value_reg_reg[18]                                  FDCE
  compare_value_reg_reg[19]                                  FDCE
  compare_value_reg_reg[1]                                   FDCE
  compare_value_reg_reg[20]                                  FDCE
  compare_value_reg_reg[21]                                  FDCE
  compare_value_reg_reg[22]                                  FDCE
  compare_value_reg_reg[23]                                  FDCE
  compare_value_reg_reg[24]                                  FDCE
  compare_value_reg_reg[25]                                  FDCE
  compare_value_reg_reg[26]                                  FDCE
  compare_value_reg_reg[27]                                  FDCE
  compare_value_reg_reg[28]                                  FDCE
  compare_value_reg_reg[29]                                  FDCE
  compare_value_reg_reg[2]                                   FDCE
  compare_value_reg_reg[30]                                  FDCE
  compare_value_reg_reg[31]                                  FDCE
  compare_value_reg_reg[3]                                   FDCE
  compare_value_reg_reg[4]                                   FDCE
  compare_value_reg_reg[5]                                   FDCE
  compare_value_reg_reg[6]                                   FDCE
  compare_value_reg_reg[7]                                   FDCE
  compare_value_reg_reg[8]                                   FDCE
  compare_value_reg_reg[9]                                   FDCE
time_cnt               156
  time_cnt[0]_i_1                                            LUT4
  time_cnt[10]_i_1                                           LUT4
  time_cnt[11]_i_1                                           LUT4
  time_cnt[12]_i_1                                           LUT4
  time_cnt[13]_i_1                                           LUT4
  time_cnt[14]_i_1                                           LUT4
  time_cnt[15]_i_1                                           LUT4
  time_cnt[16]_i_1                                           LUT4
  time_cnt[17]_i_1                                           LUT4
  time_cnt[18]_i_1                                           LUT4
  time_cnt[19]_i_1                                           LUT4
  time_cnt[1]_i_1                                            LUT4
  time_cnt[20]_i_1                                           LUT4
  time_cnt[21]_i_1                                           LUT4
  time_cnt[22]_i_1                                           LUT4
  time_cnt[23]_i_1                                           LUT4
  time_cnt[24]_i_1                                           LUT4
  time_cnt[25]_i_1                                           LUT4
  time_cnt[26]_i_1                                           LUT4
  time_cnt[27]_i_1                                           LUT4
  time_cnt[28]_i_1                                           LUT4
  time_cnt[29]_i_1                                           LUT4
  time_cnt[2]_i_1                                            LUT4
  time_cnt[30]_i_1                                           LUT4
  time_cnt[31]_i_1                                           LUT4
  time_cnt[31]_i_10                                          LUT4
  time_cnt[31]_i_11                                          LUT4
  time_cnt[31]_i_12                                          LUT4
  time_cnt[31]_i_13                                          LUT4
  time_cnt[31]_i_14                                          LUT5
  time_cnt[31]_i_15                                          LUT5
  time_cnt[31]_i_16                                          LUT5
  time_cnt[31]_i_17                                          LUT5
  time_cnt[31]_i_19                                          LUT4
  time_cnt[31]_i_20                                          LUT4
  time_cnt[31]_i_21                                          LUT4
  time_cnt[31]_i_22                                          LUT4
  time_cnt[31]_i_23                                          LUT4
  time_cnt[31]_i_24                                          LUT4
  time_cnt[31]_i_25                                          LUT4
  time_cnt[31]_i_26                                          LUT4
  time_cnt[31]_i_3                                           LUT4
  time_cnt[31]_i_30                                          LUT4
  time_cnt[31]_i_31                                          LUT4
  time_cnt[31]_i_32                                          LUT4
  time_cnt[31]_i_33                                          LUT4
  time_cnt[31]_i_35                                          LUT4
  time_cnt[31]_i_36                                          LUT4
  time_cnt[31]_i_37                                          LUT4
  time_cnt[31]_i_38                                          LUT4
  time_cnt[31]_i_39                                          LUT4
  time_cnt[31]_i_40                                          LUT4
  time_cnt[31]_i_41                                          LUT4
  time_cnt[31]_i_42                                          LUT4
  time_cnt[31]_i_45                                          LUT1
  time_cnt[31]_i_46                                          LUT1
  time_cnt[31]_i_47                                          LUT1
  time_cnt[31]_i_48                                          LUT1
  time_cnt[31]_i_49                                          LUT1
  time_cnt[31]_i_50                                          LUT1
  time_cnt[31]_i_51                                          LUT1
  time_cnt[31]_i_52                                          LUT1
  time_cnt[31]_i_53                                          LUT1
  time_cnt[31]_i_54                                          LUT1
  time_cnt[31]_i_55                                          LUT1
  time_cnt[31]_i_56                                          LUT4
  time_cnt[31]_i_57                                          LUT4
  time_cnt[31]_i_58                                          LUT4
  time_cnt[31]_i_59                                          LUT4
  time_cnt[31]_i_6                                           LUT4
  time_cnt[31]_i_60                                          LUT4
  time_cnt[31]_i_61                                          LUT4
  time_cnt[31]_i_62                                          LUT4
  time_cnt[31]_i_63                                          LUT4
  time_cnt[31]_i_66                                          LUT1
  time_cnt[31]_i_67                                          LUT1
  time_cnt[31]_i_68                                          LUT1
  time_cnt[31]_i_69                                          LUT1
  time_cnt[31]_i_7                                           LUT4
  time_cnt[31]_i_70                                          LUT1
  time_cnt[31]_i_71                                          LUT1
  time_cnt[31]_i_72                                          LUT1
  time_cnt[31]_i_73                                          LUT1
  time_cnt[31]_i_75                                          LUT1
  time_cnt[31]_i_76                                          LUT1
  time_cnt[31]_i_77                                          LUT1
  time_cnt[31]_i_78                                          LUT1
  time_cnt[31]_i_79                                          LUT1
  time_cnt[31]_i_8                                           LUT4
  time_cnt[31]_i_80                                          LUT1
  time_cnt[31]_i_81                                          LUT1
  time_cnt[31]_i_82                                          LUT1
  time_cnt[31]_i_83                                          LUT1
  time_cnt[31]_i_84                                          LUT1
  time_cnt[31]_i_85                                          LUT1
  time_cnt[31]_i_86                                          LUT1
  time_cnt[31]_i_9                                           LUT4
  time_cnt[3]_i_1                                            LUT4
  time_cnt[4]_i_1                                            LUT4
  time_cnt[5]_i_1                                            LUT4
  time_cnt[6]_i_1                                            LUT4
  time_cnt[7]_i_1                                            LUT4
  time_cnt[8]_i_1                                            LUT4
  time_cnt[9]_i_1                                            LUT4
  time_cnt_reg[0]                                            FDCE
  time_cnt_reg[10]                                           FDCE
  time_cnt_reg[11]                                           FDCE
  time_cnt_reg[12]                                           FDCE
  time_cnt_reg[12]_i_2                                       CARRY4
  time_cnt_reg[13]                                           FDCE
  time_cnt_reg[14]                                           FDCE
  time_cnt_reg[15]                                           FDCE
  time_cnt_reg[16]                                           FDCE
  time_cnt_reg[16]_i_2                                       CARRY4
  time_cnt_reg[17]                                           FDCE
  time_cnt_reg[18]                                           FDCE
  time_cnt_reg[19]                                           FDCE
  time_cnt_reg[1]                                            FDCE
  time_cnt_reg[20]                                           FDCE
  time_cnt_reg[20]_i_2                                       CARRY4
  time_cnt_reg[21]                                           FDCE
  time_cnt_reg[22]                                           FDCE
  time_cnt_reg[23]                                           FDCE
  time_cnt_reg[24]                                           FDCE
  time_cnt_reg[24]_i_2                                       CARRY4
  time_cnt_reg[25]                                           FDCE
  time_cnt_reg[26]                                           FDCE
  time_cnt_reg[27]                                           FDCE
  time_cnt_reg[28]                                           FDCE
  time_cnt_reg[28]_i_2                                       CARRY4
  time_cnt_reg[29]                                           FDCE
  time_cnt_reg[2]                                            FDCE
  time_cnt_reg[30]                                           FDCE
  time_cnt_reg[31]                                           FDCE
  time_cnt_reg[31]_i_18                                      CARRY4
  time_cnt_reg[31]_i_2                                       CARRY4
  time_cnt_reg[31]_i_27                                      CARRY4
  time_cnt_reg[31]_i_28                                      CARRY4
  time_cnt_reg[31]_i_29                                      CARRY4
  time_cnt_reg[31]_i_34                                      CARRY4
  time_cnt_reg[31]_i_4                                       CARRY4
  time_cnt_reg[31]_i_43                                      CARRY4
  time_cnt_reg[31]_i_44                                      CARRY4
  time_cnt_reg[31]_i_5                                       CARRY4
  time_cnt_reg[31]_i_64                                      CARRY4
  time_cnt_reg[31]_i_65                                      CARRY4
  time_cnt_reg[31]_i_74                                      CARRY4
  time_cnt_reg[3]                                            FDCE
  time_cnt_reg[4]                                            FDCE
  time_cnt_reg[4]_i_2                                        CARRY4
  time_cnt_reg[5]                                            FDCE
  time_cnt_reg[6]                                            FDCE
  time_cnt_reg[7]                                            FDCE
  time_cnt_reg[8]                                            FDCE
  time_cnt_reg[8]_i_2                                        CARRY4
  time_cnt_reg[9]                                            FDCE
pwm_out_reg            54
  pwm_out_reg_i_1                                            LUT4
  pwm_out_reg_i_10                                           LUT5
  pwm_out_reg_i_11                                           LUT5
  pwm_out_reg_i_12                                           LUT5
  pwm_out_reg_i_13                                           LUT3
  pwm_out_reg_i_14                                           LUT5
  pwm_out_reg_i_15                                           LUT5
  pwm_out_reg_i_16                                           LUT5
  pwm_out_reg_i_17                                           LUT5
  pwm_out_reg_i_18                                           LUT5
  pwm_out_reg_i_20                                           LUT5
  pwm_out_reg_i_21                                           LUT5
  pwm_out_reg_i_22                                           LUT5
  pwm_out_reg_i_23                                           LUT5
  pwm_out_reg_i_24                                           LUT5
  pwm_out_reg_i_25                                           LUT5
  pwm_out_reg_i_26                                           LUT5
  pwm_out_reg_i_27                                           LUT5
  pwm_out_reg_i_28                                           LUT6
  pwm_out_reg_i_29                                           LUT6
  pwm_out_reg_i_3                                            LUT6
  pwm_out_reg_i_30                                           LUT6
  pwm_out_reg_i_31                                           LUT4
  pwm_out_reg_i_32                                           LUT4
  pwm_out_reg_i_33                                           LUT4
  pwm_out_reg_i_34                                           LUT4
  pwm_out_reg_i_35                                           LUT6
  pwm_out_reg_i_36                                           LUT6
  pwm_out_reg_i_38                                           LUT5
  pwm_out_reg_i_39                                           LUT5
  pwm_out_reg_i_40                                           LUT5
  pwm_out_reg_i_41                                           LUT5
  pwm_out_reg_i_42                                           LUT5
  pwm_out_reg_i_43                                           LUT5
  pwm_out_reg_i_44                                           LUT5
  pwm_out_reg_i_45                                           LUT5
  pwm_out_reg_i_46                                           LUT5
  pwm_out_reg_i_47                                           LUT5
  pwm_out_reg_i_48                                           LUT5
  pwm_out_reg_i_49                                           LUT5
  pwm_out_reg_i_5                                            LUT5
  pwm_out_reg_i_50                                           LUT5
  pwm_out_reg_i_51                                           LUT5
  pwm_out_reg_i_52                                           LUT5
  pwm_out_reg_i_53                                           LUT5
  pwm_out_reg_i_6                                            LUT5
  pwm_out_reg_i_7                                            LUT5
  pwm_out_reg_i_8                                            LUT5
  pwm_out_reg_i_9                                            LUT5
  pwm_out_reg_reg                                            FDCE
  pwm_out_reg_reg_i_19                                       CARRY4
  pwm_out_reg_reg_i_2                                        CARRY4
  pwm_out_reg_reg_i_37                                       CARRY4
  pwm_out_reg_reg_i_4                                        CARRY4
next_time_cnt          0
next_pwm_out           0
