Copyright 1986-2022 Xilinx, Inc. All Rights Reserved. Copyright 2022-2026 Advanced Micro Devices, Inc. All Rights Reserved.
-----------------------------------------------------------------------------------------------------------------------------------------------------------------------------------------
| Tool Version : Vivado v.2026.1 (win64) Build 6511674 Tue Jun 16 11:02:23 MDT 2026
| Date         : Mon Sep  7 11:24:30 2026
| Host         : DependOnOMEN16 running 64-bit major release  (build 9200)
| Command      : report_timing_summary -delay_type min_max -report_unconstrained -check_timing_verbose -max_paths 5 -file D:/Project/FPGA_XC7A200T/docs/reports/step4_timing_summary.rpt
| Design       : pwm_controller
| Device       : 7a200t-fbg484
| Speed File   : -2  PRODUCTION 1.23 2018-06-13
| Design State : Routed
-----------------------------------------------------------------------------------------------------------------------------------------------------------------------------------------

Timing Summary Report

------------------------------------------------------------------------------------------------
| Timer Settings
| --------------
------------------------------------------------------------------------------------------------

  Enable Multi Corner Analysis               :  Yes
  Enable Pessimism Removal                   :  Yes
  Pessimism Removal Resolution               :  Nearest Common Node
  Enable Input Delay Default Clock           :  No
  Enable Preset / Clear Arcs                 :  No
  Disable Flight Delays                      :  No
  Ignore I/O Paths                           :  No
  Timing Early Launch at Borrowing Latches   :  No
  Borrow Time for Max Delay Exceptions       :  Yes
  Merge Timing Exceptions                    :  Yes
  Inter-SLR Compensation                     :  Conservative

  Corner  Analyze    Analyze    
  Name    Max Paths  Min Paths  
  ------  ---------  ---------  
  Slow    Yes        Yes        
  Fast    Yes        Yes        


------------------------------------------------------------------------------------------------
| Report Methodology
| ------------------
------------------------------------------------------------------------------------------------

Rule       Severity  Description                    Violations  
---------  --------  -----------------------------  ----------  
TIMING-18  Warning   Missing input or output delay  67          

Note: This report is based on the most recent report_methodology run and may not be up-to-date. Run report_methodology on the current design for the latest report.



check_timing report

Table of Contents
-----------------
1. checking no_clock (0)
2. checking constant_clock (0)
3. checking pulse_width_clock (0)
4. checking unconstrained_internal_endpoints (0)
5. checking no_input_delay (66)
6. checking no_output_delay (1)
7. checking multiple_clock (0)
8. checking generated_clocks (0)
9. checking loops (0)
10. checking partial_input_delay (0)
11. checking partial_output_delay (0)
12. checking latch_loops (0)

1. checking no_clock (0)
------------------------
 There are 0 register/latch pins with no clock.


2. checking constant_clock (0)
------------------------------
 There are 0 register/latch pins with constant_clock.


3. checking pulse_width_clock (0)
---------------------------------
 There are 0 register/latch pins which need pulse_width check


4. checking unconstrained_internal_endpoints (0)
------------------------------------------------
 There are 0 pins that are not constrained for maximum delay.

 There are 0 pins that are not constrained for maximum delay due to constant clock.


5. checking no_input_delay (66)
-------------------------------
 There are 66 input ports with no input delay specified. (HIGH)

compare_value_set[0]
compare_value_set[10]
compare_value_set[11]
compare_value_set[12]
compare_value_set[13]
compare_value_set[14]
compare_value_set[15]
compare_value_set[16]
compare_value_set[17]
compare_value_set[18]
compare_value_set[19]
compare_value_set[1]
compare_value_set[20]
compare_value_set[21]
compare_value_set[22]
compare_value_set[23]
compare_value_set[24]
compare_value_set[25]
compare_value_set[26]
compare_value_set[27]
compare_value_set[28]
compare_value_set[29]
compare_value_set[2]
compare_value_set[30]
compare_value_set[31]
compare_value_set[3]
compare_value_set[4]
compare_value_set[5]
compare_value_set[6]
compare_value_set[7]
compare_value_set[8]
compare_value_set[9]
config_en
period_set[0]
period_set[10]
period_set[11]
period_set[12]
period_set[13]
period_set[14]
period_set[15]
period_set[16]
period_set[17]
period_set[18]
period_set[19]
period_set[1]
period_set[20]
period_set[21]
period_set[22]
period_set[23]
period_set[24]
period_set[25]
period_set[26]
period_set[27]
period_set[28]
period_set[29]
period_set[2]
period_set[30]
period_set[31]
period_set[3]
period_set[4]
period_set[5]
period_set[6]
period_set[7]
period_set[8]
period_set[9]
reset_n

 There are 0 input ports with no input delay but user has a false path constraint.


6. checking no_output_delay (1)
-------------------------------
 There is 1 port with no output delay specified. (HIGH)

pwm_out

 There are 0 ports with no output delay but user has a false path constraint

 There are 0 ports with no output delay but with a timing clock defined on it or propagating through it


7. checking multiple_clock (0)
------------------------------
 There are 0 register/latch pins with multiple clocks.


8. checking generated_clocks (0)
--------------------------------
 There are 0 generated clocks that are not connected to a clock source.


9. checking loops (0)
---------------------
 There are 0 combinational loops in the design.


10. checking partial_input_delay (0)
------------------------------------
 There are 0 input ports with partial input delay specified.


11. checking partial_output_delay (0)
-------------------------------------
 There are 0 ports with partial output delay specified.


12. checking latch_loops (0)
----------------------------
 There are 0 combinational latch loops in the design through latch input



------------------------------------------------------------------------------------------------
| Design Timing Summary
| ---------------------
------------------------------------------------------------------------------------------------

    WNS(ns)      TNS(ns)  TNS Failing Endpoints  TNS Total Endpoints      WHS(ns)      THS(ns)  THS Failing Endpoints  THS Total Endpoints     WPWS(ns)     TPWS(ns)  TPWS Failing Endpoints  TPWS Total Endpoints  
    -------      -------  ---------------------  -------------------      -------      -------  ---------------------  -------------------     --------     --------  ----------------------  --------------------  
     13.349        0.000                      0                   33        0.272        0.000                      0                   33        9.500        0.000                       0                    98  


All user specified timing constraints are met.


------------------------------------------------------------------------------------------------
| Clock Summary
| -------------
------------------------------------------------------------------------------------------------

Clock    Waveform(ns)       Period(ns)      Frequency(MHz)
-----    ------------       ----------      --------------
sys_clk  {0.000 10.000}     20.000          50.000          


------------------------------------------------------------------------------------------------
| Intra Clock Table
| -----------------
------------------------------------------------------------------------------------------------

Clock             WNS(ns)      TNS(ns)  TNS Failing Endpoints  TNS Total Endpoints      WHS(ns)      THS(ns)  THS Failing Endpoints  THS Total Endpoints     WPWS(ns)     TPWS(ns)  TPWS Failing Endpoints  TPWS Total Endpoints  
-----             -------      -------  ---------------------  -------------------      -------      -------  ---------------------  -------------------     --------     --------  ----------------------  --------------------  
sys_clk            13.349        0.000                      0                   33        0.272        0.000                      0                   33        9.500        0.000                       0                    98  


------------------------------------------------------------------------------------------------
| Inter Clock Table
| -----------------
------------------------------------------------------------------------------------------------

From Clock    To Clock          WNS(ns)      TNS(ns)  TNS Failing Endpoints  TNS Total Endpoints      WHS(ns)      THS(ns)  THS Failing Endpoints  THS Total Endpoints  
----------    --------          -------      -------  ---------------------  -------------------      -------      -------  ---------------------  -------------------  


------------------------------------------------------------------------------------------------
| Other Path Groups Table
| -----------------------
------------------------------------------------------------------------------------------------

Path Group    From Clock    To Clock          WNS(ns)      TNS(ns)  TNS Failing Endpoints  TNS Total Endpoints      WHS(ns)      THS(ns)  THS Failing Endpoints  THS Total Endpoints  
----------    ----------    --------          -------      -------  ---------------------  -------------------      -------      -------  ---------------------  -------------------  


------------------------------------------------------------------------------------------------
| User Ignored Path Table
| -----------------------
------------------------------------------------------------------------------------------------

Path Group    From Clock    To Clock    
----------    ----------    --------    


------------------------------------------------------------------------------------------------
| Unconstrained Path Table
| ------------------------
------------------------------------------------------------------------------------------------

Path Group    From Clock    To Clock    
----------    ----------    --------    
(none)        sys_clk                     
(none)                      sys_clk       


------------------------------------------------------------------------------------------------
| Timing Details
| --------------
------------------------------------------------------------------------------------------------


---------------------------------------------------------------------------------------------------
From Clock:  sys_clk
  To Clock:  sys_clk

Setup :            0  Failing Endpoints,  Worst Slack       13.349ns,  Total Violation        0.000ns
Hold  :            0  Failing Endpoints,  Worst Slack        0.272ns,  Total Violation        0.000ns
PW    :            0  Failing Endpoints,  Worst Slack        9.500ns,  Total Violation        0.000ns
---------------------------------------------------------------------------------------------------


Max Delay Paths
--------------------------------------------------------------------------------------
Slack (MET) :             13.349ns  (required time - arrival time)
  Source:                 period_set_reg_reg[19]/C
                            (rising edge-triggered cell FDCE clocked by sys_clk  {rise@0.000ns fall@10.000ns period=20.000ns})
  Destination:            pwm_out_reg_reg/D
                            (rising edge-triggered cell FDCE clocked by sys_clk  {rise@0.000ns fall@10.000ns period=20.000ns})
  Path Group:             sys_clk
  Path Type:              Setup (Max at Slow Process Corner)
  Requirement:            20.000ns  (sys_clk rise@20.000ns - sys_clk rise@0.000ns)
  Data Path Delay:        6.617ns  (logic 2.607ns (39.399%)  route 4.010ns (60.601%))
  Logic Levels:           11  (CARRY4=7 LUT1=1 LUT4=1 LUT5=1 LUT6=1)
  Clock Path Skew:        -0.029ns (DCD - SCD + CPR)
    Destination Clock Delay (DCD):    4.058ns = ( 24.058 - 20.000 ) 
    Source Clock Delay      (SCD):    4.380ns
    Clock Pessimism Removal (CPR):    0.294ns
  Clock Uncertainty:      0.035ns  ((TSJ^2 + TIJ^2)^1/2 + DJ) / 2 + PE
    Total System Jitter     (TSJ):    0.071ns
    Total Input Jitter      (TIJ):    0.000ns
    Discrete Jitter          (DJ):    0.000ns
    Phase Error              (PE):    0.000ns

    Location             Delay type                Incr(ns)  Path(ns)    Netlist Resource(s)
  -------------------------------------------------------------------    -------------------
                         (clock sys_clk rise edge)    0.000     0.000 r  <hidden>
    U20                                               0.000     0.000 r  clk
                         net (fo=0)                   0.000     0.000    clk
    U20                  IBUF (Prop_ibuf_I_O)         0.925     0.925 r  clk_IBUF_inst/O
                         net (fo=1, routed)           1.827     2.752    clk_IBUF
    BUFGCTRL_X0Y0        BUFG (Prop_bufg_I_O)         0.081     2.833 r  clk_IBUF_BUFG_inst/O
                         net (fo=97, routed)          1.548     4.380    clk_IBUF_BUFG
    SLICE_X4Y124         FDCE                                         r  period_set_reg_reg[19]/C
  -------------------------------------------------------------------    -------------------
    SLICE_X4Y124         FDCE (Prop_fdce_C_Q)         0.379     4.759 f  period_set_reg_reg[19]/Q
                         net (fo=3, routed)           1.025     5.785    period_set_reg[19]
    SLICE_X5Y118         LUT1 (Prop_lut1_I0_O)        0.105     5.890 r  time_cnt[31]_i_66/O
                         net (fo=1, routed)           0.000     5.890    time_cnt[31]_i_66_n_0
    SLICE_X5Y118         CARRY4 (Prop_carry4_S[2]_CO[3])
                                                      0.332     6.222 r  time_cnt_reg[31]_i_42/CO[3]
                         net (fo=1, routed)           0.000     6.222    time_cnt_reg[31]_i_42_n_0
    SLICE_X5Y119         CARRY4 (Prop_carry4_CI_CO[3])
                                                      0.098     6.320 r  time_cnt_reg[31]_i_32/CO[3]
                         net (fo=1, routed)           0.000     6.320    time_cnt_reg[31]_i_32_n_0
    SLICE_X5Y120         CARRY4 (Prop_carry4_CI_CO[3])
                                                      0.098     6.418 r  time_cnt_reg[31]_i_31/CO[3]
                         net (fo=1, routed)           0.000     6.418    time_cnt_reg[31]_i_31_n_0
    SLICE_X5Y121         CARRY4 (Prop_carry4_CI_O[1])
                                                      0.265     6.683 r  time_cnt_reg[31]_i_30/O[1]
                         net (fo=2, routed)           1.123     7.805    next_time_cnt2[30]
    SLICE_X4Y118         LUT4 (Prop_lut4_I2_O)        0.250     8.055 r  time_cnt[31]_i_12/O
                         net (fo=1, routed)           0.000     8.055    time_cnt[31]_i_12_n_0
    SLICE_X4Y118         CARRY4 (Prop_carry4_S[3]_CO[3])
                                                      0.332     8.387 r  time_cnt_reg[31]_i_3/CO[3]
                         net (fo=64, routed)          1.378     9.765    time_cnt_reg[31]_i_3_n_0
    SLICE_X3Y117         LUT5 (Prop_lut5_I3_O)        0.105     9.870 r  pwm_out_reg_i_36/O
                         net (fo=1, routed)           0.000     9.870    pwm_out_reg_i_36_n_0
    SLICE_X3Y117         CARRY4 (Prop_carry4_S[0]_CO[3])
                                                      0.440    10.310 r  pwm_out_reg_reg_i_13/CO[3]
                         net (fo=1, routed)           0.000    10.310    pwm_out_reg_reg_i_13_n_0
    SLICE_X3Y118         CARRY4 (Prop_carry4_CI_CO[3])
                                                      0.098    10.408 r  pwm_out_reg_reg_i_5/CO[3]
                         net (fo=1, routed)           0.484    10.892    data0
    SLICE_X1Y118         LUT6 (Prop_lut6_I4_O)        0.105    10.997 r  pwm_out_reg_i_1/O
                         net (fo=1, routed)           0.000    10.997    pwm_out_reg_i_1_n_0
    SLICE_X1Y118         FDCE                                         r  pwm_out_reg_reg/D
  -------------------------------------------------------------------    -------------------

                         (clock sys_clk rise edge)   20.000    20.000 r  <hidden>
    U20                                               0.000    20.000 r  clk
                         net (fo=0)                   0.000    20.000    clk
    U20                  IBUF (Prop_ibuf_I_O)         0.794    20.794 r  clk_IBUF_inst/O
                         net (fo=1, routed)           1.734    22.528    clk_IBUF
    BUFGCTRL_X0Y0        BUFG (Prop_bufg_I_O)         0.077    22.605 r  clk_IBUF_BUFG_inst/O
                         net (fo=97, routed)          1.453    24.058    clk_IBUF_BUFG
    SLICE_X1Y118         FDCE                                         r  pwm_out_reg_reg/C
                         clock pessimism              0.294    24.351    <hidden>
                         clock uncertainty           -0.035    24.316    <hidden>
    SLICE_X1Y118         FDCE (Setup_fdce_C_D)        0.030    24.346    pwm_out_reg_reg
  -------------------------------------------------------------------
                         required time                         24.346    <hidden>
                         arrival time                         -10.997    <hidden>
  -------------------------------------------------------------------
                         slack                                 13.349    <hidden>

Slack (MET) :             14.569ns  (required time - arrival time)
  Source:                 period_set_reg_reg[19]/C
                            (rising edge-triggered cell FDCE clocked by sys_clk  {rise@0.000ns fall@10.000ns period=20.000ns})
  Destination:            time_cnt_reg[10]/D
                            (rising edge-triggered cell FDCE clocked by sys_clk  {rise@0.000ns fall@10.000ns period=20.000ns})
  Path Group:             sys_clk
  Path Type:              Setup (Max at Slow Process Corner)
  Requirement:            20.000ns  (sys_clk rise@20.000ns - sys_clk rise@0.000ns)
  Data Path Delay:        5.399ns  (logic 1.964ns (36.374%)  route 3.435ns (63.626%))
  Logic Levels:           8  (CARRY4=5 LUT1=1 LUT4=2)
  Clock Path Skew:        -0.026ns (DCD - SCD + CPR)
    Destination Clock Delay (DCD):    4.061ns = ( 24.061 - 20.000 ) 
    Source Clock Delay      (SCD):    4.380ns
    Clock Pessimism Removal (CPR):    0.294ns
  Clock Uncertainty:      0.035ns  ((TSJ^2 + TIJ^2)^1/2 + DJ) / 2 + PE
    Total System Jitter     (TSJ):    0.071ns
    Total Input Jitter      (TIJ):    0.000ns
    Discrete Jitter          (DJ):    0.000ns
    Phase Error              (PE):    0.000ns

    Location             Delay type                Incr(ns)  Path(ns)    Netlist Resource(s)
  -------------------------------------------------------------------    -------------------
                         (clock sys_clk rise edge)    0.000     0.000 r  <hidden>
    U20                                               0.000     0.000 r  clk
                         net (fo=0)                   0.000     0.000    clk
    U20                  IBUF (Prop_ibuf_I_O)         0.925     0.925 r  clk_IBUF_inst/O
                         net (fo=1, routed)           1.827     2.752    clk_IBUF
    BUFGCTRL_X0Y0        BUFG (Prop_bufg_I_O)         0.081     2.833 r  clk_IBUF_BUFG_inst/O
                         net (fo=97, routed)          1.548     4.380    clk_IBUF_BUFG
    SLICE_X4Y124         FDCE                                         r  period_set_reg_reg[19]/C
  -------------------------------------------------------------------    -------------------
    SLICE_X4Y124         FDCE (Prop_fdce_C_Q)         0.379     4.759 f  period_set_reg_reg[19]/Q
                         net (fo=3, routed)           1.025     5.785    period_set_reg[19]
    SLICE_X5Y118         LUT1 (Prop_lut1_I0_O)        0.105     5.890 r  time_cnt[31]_i_66/O
                         net (fo=1, routed)           0.000     5.890    time_cnt[31]_i_66_n_0
    SLICE_X5Y118         CARRY4 (Prop_carry4_S[2]_CO[3])
                                                      0.332     6.222 r  time_cnt_reg[31]_i_42/CO[3]
                         net (fo=1, routed)           0.000     6.222    time_cnt_reg[31]_i_42_n_0
    SLICE_X5Y119         CARRY4 (Prop_carry4_CI_CO[3])
                                                      0.098     6.320 r  time_cnt_reg[31]_i_32/CO[3]
                         net (fo=1, routed)           0.000     6.320    time_cnt_reg[31]_i_32_n_0
    SLICE_X5Y120         CARRY4 (Prop_carry4_CI_CO[3])
                                                      0.098     6.418 r  time_cnt_reg[31]_i_31/CO[3]
                         net (fo=1, routed)           0.000     6.418    time_cnt_reg[31]_i_31_n_0
    SLICE_X5Y121         CARRY4 (Prop_carry4_CI_O[1])
                                                      0.265     6.683 r  time_cnt_reg[31]_i_30/O[1]
                         net (fo=2, routed)           1.123     7.805    next_time_cnt2[30]
    SLICE_X4Y118         LUT4 (Prop_lut4_I2_O)        0.250     8.055 r  time_cnt[31]_i_12/O
                         net (fo=1, routed)           0.000     8.055    time_cnt[31]_i_12_n_0
    SLICE_X4Y118         CARRY4 (Prop_carry4_S[3]_CO[3])
                                                      0.332     8.387 r  time_cnt_reg[31]_i_3/CO[3]
                         net (fo=64, routed)          1.288     9.675    time_cnt_reg[31]_i_3_n_0
    SLICE_X3Y114         LUT4 (Prop_lut4_I1_O)        0.105     9.780 r  time_cnt[10]_i_1/O
                         net (fo=1, routed)           0.000     9.780    time_cnt[10]_i_1_n_0
    SLICE_X3Y114         FDCE                                         r  time_cnt_reg[10]/D
  -------------------------------------------------------------------    -------------------

                         (clock sys_clk rise edge)   20.000    20.000 r  <hidden>
    U20                                               0.000    20.000 r  clk
                         net (fo=0)                   0.000    20.000    clk
    U20                  IBUF (Prop_ibuf_I_O)         0.794    20.794 r  clk_IBUF_inst/O
                         net (fo=1, routed)           1.734    22.528    clk_IBUF
    BUFGCTRL_X0Y0        BUFG (Prop_bufg_I_O)         0.077    22.605 r  clk_IBUF_BUFG_inst/O
                         net (fo=97, routed)          1.456    24.061    clk_IBUF_BUFG
    SLICE_X3Y114         FDCE                                         r  time_cnt_reg[10]/C
                         clock pessimism              0.294    24.354    <hidden>
                         clock uncertainty           -0.035    24.319    <hidden>
    SLICE_X3Y114         FDCE (Setup_fdce_C_D)        0.030    24.349    time_cnt_reg[10]
  -------------------------------------------------------------------
                         required time                         24.349    <hidden>
                         arrival time                          -9.780    <hidden>
  -------------------------------------------------------------------
                         slack                                 14.569    <hidden>

Slack (MET) :             14.571ns  (required time - arrival time)
  Source:                 period_set_reg_reg[19]/C
                            (rising edge-triggered cell FDCE clocked by sys_clk  {rise@0.000ns fall@10.000ns period=20.000ns})
  Destination:            time_cnt_reg[4]/D
                            (rising edge-triggered cell FDCE clocked by sys_clk  {rise@0.000ns fall@10.000ns period=20.000ns})
  Path Group:             sys_clk
  Path Type:              Setup (Max at Slow Process Corner)
  Requirement:            20.000ns  (sys_clk rise@20.000ns - sys_clk rise@0.000ns)
  Data Path Delay:        5.399ns  (logic 1.964ns (36.374%)  route 3.435ns (63.626%))
  Logic Levels:           8  (CARRY4=5 LUT1=1 LUT4=2)
  Clock Path Skew:        -0.026ns (DCD - SCD + CPR)
    Destination Clock Delay (DCD):    4.061ns = ( 24.061 - 20.000 ) 
    Source Clock Delay      (SCD):    4.380ns
    Clock Pessimism Removal (CPR):    0.294ns
  Clock Uncertainty:      0.035ns  ((TSJ^2 + TIJ^2)^1/2 + DJ) / 2 + PE
    Total System Jitter     (TSJ):    0.071ns
    Total Input Jitter      (TIJ):    0.000ns
    Discrete Jitter          (DJ):    0.000ns
    Phase Error              (PE):    0.000ns

    Location             Delay type                Incr(ns)  Path(ns)    Netlist Resource(s)
  -------------------------------------------------------------------    -------------------
                         (clock sys_clk rise edge)    0.000     0.000 r  <hidden>
    U20                                               0.000     0.000 r  clk
                         net (fo=0)                   0.000     0.000    clk
    U20                  IBUF (Prop_ibuf_I_O)         0.925     0.925 r  clk_IBUF_inst/O
                         net (fo=1, routed)           1.827     2.752    clk_IBUF
    BUFGCTRL_X0Y0        BUFG (Prop_bufg_I_O)         0.081     2.833 r  clk_IBUF_BUFG_inst/O
                         net (fo=97, routed)          1.548     4.380    clk_IBUF_BUFG
    SLICE_X4Y124         FDCE                                         r  period_set_reg_reg[19]/C
  -------------------------------------------------------------------    -------------------
    SLICE_X4Y124         FDCE (Prop_fdce_C_Q)         0.379     4.759 f  period_set_reg_reg[19]/Q
                         net (fo=3, routed)           1.025     5.785    period_set_reg[19]
    SLICE_X5Y118         LUT1 (Prop_lut1_I0_O)        0.105     5.890 r  time_cnt[31]_i_66/O
                         net (fo=1, routed)           0.000     5.890    time_cnt[31]_i_66_n_0
    SLICE_X5Y118         CARRY4 (Prop_carry4_S[2]_CO[3])
                                                      0.332     6.222 r  time_cnt_reg[31]_i_42/CO[3]
                         net (fo=1, routed)           0.000     6.222    time_cnt_reg[31]_i_42_n_0
    SLICE_X5Y119         CARRY4 (Prop_carry4_CI_CO[3])
                                                      0.098     6.320 r  time_cnt_reg[31]_i_32/CO[3]
                         net (fo=1, routed)           0.000     6.320    time_cnt_reg[31]_i_32_n_0
    SLICE_X5Y120         CARRY4 (Prop_carry4_CI_CO[3])
                                                      0.098     6.418 r  time_cnt_reg[31]_i_31/CO[3]
                         net (fo=1, routed)           0.000     6.418    time_cnt_reg[31]_i_31_n_0
    SLICE_X5Y121         CARRY4 (Prop_carry4_CI_O[1])
                                                      0.265     6.683 r  time_cnt_reg[31]_i_30/O[1]
                         net (fo=2, routed)           1.123     7.805    next_time_cnt2[30]
    SLICE_X4Y118         LUT4 (Prop_lut4_I2_O)        0.250     8.055 r  time_cnt[31]_i_12/O
                         net (fo=1, routed)           0.000     8.055    time_cnt[31]_i_12_n_0
    SLICE_X4Y118         CARRY4 (Prop_carry4_S[3]_CO[3])
                                                      0.332     8.387 r  time_cnt_reg[31]_i_3/CO[3]
                         net (fo=64, routed)          1.288     9.675    time_cnt_reg[31]_i_3_n_0
    SLICE_X3Y114         LUT4 (Prop_lut4_I1_O)        0.105     9.780 r  time_cnt[4]_i_1/O
                         net (fo=1, routed)           0.000     9.780    time_cnt[4]_i_1_n_0
    SLICE_X3Y114         FDCE                                         r  time_cnt_reg[4]/D
  -------------------------------------------------------------------    -------------------

                         (clock sys_clk rise edge)   20.000    20.000 r  <hidden>
    U20                                               0.000    20.000 r  clk
                         net (fo=0)                   0.000    20.000    clk
    U20                  IBUF (Prop_ibuf_I_O)         0.794    20.794 r  clk_IBUF_inst/O
                         net (fo=1, routed)           1.734    22.528    clk_IBUF
    BUFGCTRL_X0Y0        BUFG (Prop_bufg_I_O)         0.077    22.605 r  clk_IBUF_BUFG_inst/O
                         net (fo=97, routed)          1.456    24.061    clk_IBUF_BUFG
    SLICE_X3Y114         FDCE                                         r  time_cnt_reg[4]/C
                         clock pessimism              0.294    24.354    <hidden>
                         clock uncertainty           -0.035    24.319    <hidden>
    SLICE_X3Y114         FDCE (Setup_fdce_C_D)        0.032    24.351    time_cnt_reg[4]
  -------------------------------------------------------------------
                         required time                         24.351    <hidden>
                         arrival time                          -9.780    <hidden>
  -------------------------------------------------------------------
                         slack                                 14.571    <hidden>

Slack (MET) :             14.587ns  (required time - arrival time)
  Source:                 period_set_reg_reg[19]/C
                            (rising edge-triggered cell FDCE clocked by sys_clk  {rise@0.000ns fall@10.000ns period=20.000ns})
  Destination:            time_cnt_reg[12]/D
                            (rising edge-triggered cell FDCE clocked by sys_clk  {rise@0.000ns fall@10.000ns period=20.000ns})
  Path Group:             sys_clk
  Path Type:              Setup (Max at Slow Process Corner)
  Requirement:            20.000ns  (sys_clk rise@20.000ns - sys_clk rise@0.000ns)
  Data Path Delay:        5.380ns  (logic 1.964ns (36.502%)  route 3.416ns (63.498%))
  Logic Levels:           8  (CARRY4=5 LUT1=1 LUT4=2)
  Clock Path Skew:        -0.027ns (DCD - SCD + CPR)
    Destination Clock Delay (DCD):    4.060ns = ( 24.060 - 20.000 ) 
    Source Clock Delay      (SCD):    4.380ns
    Clock Pessimism Removal (CPR):    0.294ns
  Clock Uncertainty:      0.035ns  ((TSJ^2 + TIJ^2)^1/2 + DJ) / 2 + PE
    Total System Jitter     (TSJ):    0.071ns
    Total Input Jitter      (TIJ):    0.000ns
    Discrete Jitter          (DJ):    0.000ns
    Phase Error              (PE):    0.000ns

    Location             Delay type                Incr(ns)  Path(ns)    Netlist Resource(s)
  -------------------------------------------------------------------    -------------------
                         (clock sys_clk rise edge)    0.000     0.000 r  <hidden>
    U20                                               0.000     0.000 r  clk
                         net (fo=0)                   0.000     0.000    clk
    U20                  IBUF (Prop_ibuf_I_O)         0.925     0.925 r  clk_IBUF_inst/O
                         net (fo=1, routed)           1.827     2.752    clk_IBUF
    BUFGCTRL_X0Y0        BUFG (Prop_bufg_I_O)         0.081     2.833 r  clk_IBUF_BUFG_inst/O
                         net (fo=97, routed)          1.548     4.380    clk_IBUF_BUFG
    SLICE_X4Y124         FDCE                                         r  period_set_reg_reg[19]/C
  -------------------------------------------------------------------    -------------------
    SLICE_X4Y124         FDCE (Prop_fdce_C_Q)         0.379     4.759 f  period_set_reg_reg[19]/Q
                         net (fo=3, routed)           1.025     5.785    period_set_reg[19]
    SLICE_X5Y118         LUT1 (Prop_lut1_I0_O)        0.105     5.890 r  time_cnt[31]_i_66/O
                         net (fo=1, routed)           0.000     5.890    time_cnt[31]_i_66_n_0
    SLICE_X5Y118         CARRY4 (Prop_carry4_S[2]_CO[3])
                                                      0.332     6.222 r  time_cnt_reg[31]_i_42/CO[3]
                         net (fo=1, routed)           0.000     6.222    time_cnt_reg[31]_i_42_n_0
    SLICE_X5Y119         CARRY4 (Prop_carry4_CI_CO[3])
                                                      0.098     6.320 r  time_cnt_reg[31]_i_32/CO[3]
                         net (fo=1, routed)           0.000     6.320    time_cnt_reg[31]_i_32_n_0
    SLICE_X5Y120         CARRY4 (Prop_carry4_CI_CO[3])
                                                      0.098     6.418 r  time_cnt_reg[31]_i_31/CO[3]
                         net (fo=1, routed)           0.000     6.418    time_cnt_reg[31]_i_31_n_0
    SLICE_X5Y121         CARRY4 (Prop_carry4_CI_O[1])
                                                      0.265     6.683 r  time_cnt_reg[31]_i_30/O[1]
                         net (fo=2, routed)           1.123     7.805    next_time_cnt2[30]
    SLICE_X4Y118         LUT4 (Prop_lut4_I2_O)        0.250     8.055 r  time_cnt[31]_i_12/O
                         net (fo=1, routed)           0.000     8.055    time_cnt[31]_i_12_n_0
    SLICE_X4Y118         CARRY4 (Prop_carry4_S[3]_CO[3])
                                                      0.332     8.387 r  time_cnt_reg[31]_i_3/CO[3]
                         net (fo=64, routed)          1.269     9.656    time_cnt_reg[31]_i_3_n_0
    SLICE_X1Y116         LUT4 (Prop_lut4_I1_O)        0.105     9.761 r  time_cnt[12]_i_1/O
                         net (fo=1, routed)           0.000     9.761    time_cnt[12]_i_1_n_0
    SLICE_X1Y116         FDCE                                         r  time_cnt_reg[12]/D
  -------------------------------------------------------------------    -------------------

                         (clock sys_clk rise edge)   20.000    20.000 r  <hidden>
    U20                                               0.000    20.000 r  clk
                         net (fo=0)                   0.000    20.000    clk
    U20                  IBUF (Prop_ibuf_I_O)         0.794    20.794 r  clk_IBUF_inst/O
                         net (fo=1, routed)           1.734    22.528    clk_IBUF
    BUFGCTRL_X0Y0        BUFG (Prop_bufg_I_O)         0.077    22.605 r  clk_IBUF_BUFG_inst/O
                         net (fo=97, routed)          1.455    24.060    clk_IBUF_BUFG
    SLICE_X1Y116         FDCE                                         r  time_cnt_reg[12]/C
                         clock pessimism              0.294    24.353    <hidden>
                         clock uncertainty           -0.035    24.318    <hidden>
    SLICE_X1Y116         FDCE (Setup_fdce_C_D)        0.030    24.348    time_cnt_reg[12]
  -------------------------------------------------------------------
                         required time                         24.348    <hidden>
                         arrival time                          -9.761    <hidden>
  -------------------------------------------------------------------
                         slack                                 14.587    <hidden>

Slack (MET) :             14.588ns  (required time - arrival time)
  Source:                 period_set_reg_reg[19]/C
                            (rising edge-triggered cell FDCE clocked by sys_clk  {rise@0.000ns fall@10.000ns period=20.000ns})
  Destination:            time_cnt_reg[0]/D
                            (rising edge-triggered cell FDCE clocked by sys_clk  {rise@0.000ns fall@10.000ns period=20.000ns})
  Path Group:             sys_clk
  Path Type:              Setup (Max at Slow Process Corner)
  Requirement:            20.000ns  (sys_clk rise@20.000ns - sys_clk rise@0.000ns)
  Data Path Delay:        5.382ns  (logic 1.964ns (36.492%)  route 3.418ns (63.508%))
  Logic Levels:           8  (CARRY4=5 LUT1=1 LUT4=2)
  Clock Path Skew:        -0.025ns (DCD - SCD + CPR)
    Destination Clock Delay (DCD):    4.062ns = ( 24.062 - 20.000 ) 
    Source Clock Delay      (SCD):    4.380ns
    Clock Pessimism Removal (CPR):    0.294ns
  Clock Uncertainty:      0.035ns  ((TSJ^2 + TIJ^2)^1/2 + DJ) / 2 + PE
    Total System Jitter     (TSJ):    0.071ns
    Total Input Jitter      (TIJ):    0.000ns
    Discrete Jitter          (DJ):    0.000ns
    Phase Error              (PE):    0.000ns

    Location             Delay type                Incr(ns)  Path(ns)    Netlist Resource(s)
  -------------------------------------------------------------------    -------------------
                         (clock sys_clk rise edge)    0.000     0.000 r  <hidden>
    U20                                               0.000     0.000 r  clk
                         net (fo=0)                   0.000     0.000    clk
    U20                  IBUF (Prop_ibuf_I_O)         0.925     0.925 r  clk_IBUF_inst/O
                         net (fo=1, routed)           1.827     2.752    clk_IBUF
    BUFGCTRL_X0Y0        BUFG (Prop_bufg_I_O)         0.081     2.833 r  clk_IBUF_BUFG_inst/O
                         net (fo=97, routed)          1.548     4.380    clk_IBUF_BUFG
    SLICE_X4Y124         FDCE                                         r  period_set_reg_reg[19]/C
  -------------------------------------------------------------------    -------------------
    SLICE_X4Y124         FDCE (Prop_fdce_C_Q)         0.379     4.759 f  period_set_reg_reg[19]/Q
                         net (fo=3, routed)           1.025     5.785    period_set_reg[19]
    SLICE_X5Y118         LUT1 (Prop_lut1_I0_O)        0.105     5.890 r  time_cnt[31]_i_66/O
                         net (fo=1, routed)           0.000     5.890    time_cnt[31]_i_66_n_0
    SLICE_X5Y118         CARRY4 (Prop_carry4_S[2]_CO[3])
                                                      0.332     6.222 r  time_cnt_reg[31]_i_42/CO[3]
                         net (fo=1, routed)           0.000     6.222    time_cnt_reg[31]_i_42_n_0
    SLICE_X5Y119         CARRY4 (Prop_carry4_CI_CO[3])
                                                      0.098     6.320 r  time_cnt_reg[31]_i_32/CO[3]
                         net (fo=1, routed)           0.000     6.320    time_cnt_reg[31]_i_32_n_0
    SLICE_X5Y120         CARRY4 (Prop_carry4_CI_CO[3])
                                                      0.098     6.418 r  time_cnt_reg[31]_i_31/CO[3]
                         net (fo=1, routed)           0.000     6.418    time_cnt_reg[31]_i_31_n_0
    SLICE_X5Y121         CARRY4 (Prop_carry4_CI_O[1])
                                                      0.265     6.683 r  time_cnt_reg[31]_i_30/O[1]
                         net (fo=2, routed)           1.123     7.805    next_time_cnt2[30]
    SLICE_X4Y118         LUT4 (Prop_lut4_I2_O)        0.250     8.055 r  time_cnt[31]_i_12/O
                         net (fo=1, routed)           0.000     8.055    time_cnt[31]_i_12_n_0
    SLICE_X4Y118         CARRY4 (Prop_carry4_S[3]_CO[3])
                                                      0.332     8.387 r  time_cnt_reg[31]_i_3/CO[3]
                         net (fo=64, routed)          1.270     9.657    time_cnt_reg[31]_i_3_n_0
    SLICE_X3Y113         LUT4 (Prop_lut4_I1_O)        0.105     9.762 r  time_cnt[0]_i_1/O
                         net (fo=1, routed)           0.000     9.762    time_cnt[0]_i_1_n_0
    SLICE_X3Y113         FDCE                                         r  time_cnt_reg[0]/D
  -------------------------------------------------------------------    -------------------

                         (clock sys_clk rise edge)   20.000    20.000 r  <hidden>
    U20                                               0.000    20.000 r  clk
                         net (fo=0)                   0.000    20.000    clk
    U20                  IBUF (Prop_ibuf_I_O)         0.794    20.794 r  clk_IBUF_inst/O
                         net (fo=1, routed)           1.734    22.528    clk_IBUF
    BUFGCTRL_X0Y0        BUFG (Prop_bufg_I_O)         0.077    22.605 r  clk_IBUF_BUFG_inst/O
                         net (fo=97, routed)          1.457    24.062    clk_IBUF_BUFG
    SLICE_X3Y113         FDCE                                         r  time_cnt_reg[0]/C
                         clock pessimism              0.294    24.355    <hidden>
                         clock uncertainty           -0.035    24.320    <hidden>
    SLICE_X3Y113         FDCE (Setup_fdce_C_D)        0.030    24.350    time_cnt_reg[0]
  -------------------------------------------------------------------
                         required time                         24.350    <hidden>
                         arrival time                          -9.762    <hidden>
  -------------------------------------------------------------------
                         slack                                 14.588    <hidden>





Min Delay Paths
--------------------------------------------------------------------------------------
Slack (MET) :             0.272ns  (arrival time - required time)
  Source:                 time_cnt_reg[0]/C
                            (rising edge-triggered cell FDCE clocked by sys_clk  {rise@0.000ns fall@10.000ns period=20.000ns})
  Destination:            time_cnt_reg[0]/D
                            (rising edge-triggered cell FDCE clocked by sys_clk  {rise@0.000ns fall@10.000ns period=20.000ns})
  Path Group:             sys_clk
  Path Type:              Hold (Min at Fast Process Corner)
  Requirement:            0.000ns  (sys_clk rise@0.000ns - sys_clk rise@0.000ns)
  Data Path Delay:        0.363ns  (logic 0.186ns (51.185%)  route 0.177ns (48.815%))
  Logic Levels:           1  (LUT4=1)
  Clock Path Skew:        0.000ns (DCD - SCD - CPR)
    Destination Clock Delay (DCD):    2.113ns
    Source Clock Delay      (SCD):    1.588ns
    Clock Pessimism Removal (CPR):    0.525ns

    Location             Delay type                Incr(ns)  Path(ns)    Netlist Resource(s)
  -------------------------------------------------------------------    -------------------
                         (clock sys_clk rise edge)    0.000     0.000 r  <hidden>
    U20                                               0.000     0.000 r  clk
                         net (fo=0)                   0.000     0.000    clk
    U20                  IBUF (Prop_ibuf_I_O)         0.221     0.221 r  clk_IBUF_inst/O
                         net (fo=1, routed)           0.690     0.912    clk_IBUF
    BUFGCTRL_X0Y0        BUFG (Prop_bufg_I_O)         0.026     0.938 r  clk_IBUF_BUFG_inst/O
                         net (fo=97, routed)          0.651     1.588    clk_IBUF_BUFG
    SLICE_X3Y113         FDCE                                         r  time_cnt_reg[0]/C
  -------------------------------------------------------------------    -------------------
    SLICE_X3Y113         FDCE (Prop_fdce_C_Q)         0.141     1.729 f  time_cnt_reg[0]/Q
                         net (fo=6, routed)           0.177     1.907    time_cnt[0]
    SLICE_X3Y113         LUT4 (Prop_lut4_I3_O)        0.045     1.952 r  time_cnt[0]_i_1/O
                         net (fo=1, routed)           0.000     1.952    time_cnt[0]_i_1_n_0
    SLICE_X3Y113         FDCE                                         r  time_cnt_reg[0]/D
  -------------------------------------------------------------------    -------------------

                         (clock sys_clk rise edge)    0.000     0.000 r  <hidden>
    U20                                               0.000     0.000 r  clk
                         net (fo=0)                   0.000     0.000    clk
    U20                  IBUF (Prop_ibuf_I_O)         0.411     0.411 r  clk_IBUF_inst/O
                         net (fo=1, routed)           0.750     1.160    clk_IBUF
    BUFGCTRL_X0Y0        BUFG (Prop_bufg_I_O)         0.029     1.189 r  clk_IBUF_BUFG_inst/O
                         net (fo=97, routed)          0.924     2.113    clk_IBUF_BUFG
    SLICE_X3Y113         FDCE                                         r  time_cnt_reg[0]/C
                         clock pessimism             -0.525     1.588    <hidden>
    SLICE_X3Y113         FDCE (Hold_fdce_C_D)         0.091     1.679    time_cnt_reg[0]
  -------------------------------------------------------------------
                         required time                         -1.679    <hidden>
                         arrival time                           1.952    <hidden>
  -------------------------------------------------------------------
                         slack                                  0.272    <hidden>

Slack (MET) :             0.506ns  (arrival time - required time)
  Source:                 time_cnt_reg[6]/C
                            (rising edge-triggered cell FDCE clocked by sys_clk  {rise@0.000ns fall@10.000ns period=20.000ns})
  Destination:            time_cnt_reg[6]/D
                            (rising edge-triggered cell FDCE clocked by sys_clk  {rise@0.000ns fall@10.000ns period=20.000ns})
  Path Group:             sys_clk
  Path Type:              Hold (Min at Fast Process Corner)
  Requirement:            0.000ns  (sys_clk rise@0.000ns - sys_clk rise@0.000ns)
  Data Path Delay:        0.598ns  (logic 0.360ns (60.195%)  route 0.238ns (39.805%))
  Logic Levels:           2  (CARRY4=1 LUT4=1)
  Clock Path Skew:        0.000ns (DCD - SCD - CPR)
    Destination Clock Delay (DCD):    2.113ns
    Source Clock Delay      (SCD):    1.588ns
    Clock Pessimism Removal (CPR):    0.525ns

    Location             Delay type                Incr(ns)  Path(ns)    Netlist Resource(s)
  -------------------------------------------------------------------    -------------------
                         (clock sys_clk rise edge)    0.000     0.000 r  <hidden>
    U20                                               0.000     0.000 r  clk
                         net (fo=0)                   0.000     0.000    clk
    U20                  IBUF (Prop_ibuf_I_O)         0.221     0.221 r  clk_IBUF_inst/O
                         net (fo=1, routed)           0.690     0.912    clk_IBUF
    BUFGCTRL_X0Y0        BUFG (Prop_bufg_I_O)         0.026     0.938 r  clk_IBUF_BUFG_inst/O
                         net (fo=97, routed)          0.651     1.588    clk_IBUF_BUFG
    SLICE_X3Y114         FDCE                                         r  time_cnt_reg[6]/C
  -------------------------------------------------------------------    -------------------
    SLICE_X3Y114         FDCE (Prop_fdce_C_Q)         0.141     1.729 r  time_cnt_reg[6]/Q
                         net (fo=3, routed)           0.065     1.794    time_cnt[6]
    SLICE_X2Y114         CARRY4 (Prop_carry4_S[1]_O[1])
                                                      0.111     1.905 r  time_cnt_reg[8]_i_2/O[1]
                         net (fo=3, routed)           0.173     2.078    time_cnt_reg[8]_i_2_n_6
    SLICE_X3Y114         LUT4 (Prop_lut4_I3_O)        0.108     2.186 r  time_cnt[6]_i_1/O
                         net (fo=1, routed)           0.000     2.186    time_cnt[6]_i_1_n_0
    SLICE_X3Y114         FDCE                                         r  time_cnt_reg[6]/D
  -------------------------------------------------------------------    -------------------

                         (clock sys_clk rise edge)    0.000     0.000 r  <hidden>
    U20                                               0.000     0.000 r  clk
                         net (fo=0)                   0.000     0.000    clk
    U20                  IBUF (Prop_ibuf_I_O)         0.411     0.411 r  clk_IBUF_inst/O
                         net (fo=1, routed)           0.750     1.160    clk_IBUF
    BUFGCTRL_X0Y0        BUFG (Prop_bufg_I_O)         0.029     1.189 r  clk_IBUF_BUFG_inst/O
                         net (fo=97, routed)          0.924     2.113    clk_IBUF_BUFG
    SLICE_X3Y114         FDCE                                         r  time_cnt_reg[6]/C
                         clock pessimism             -0.525     1.588    <hidden>
    SLICE_X3Y114         FDCE (Hold_fdce_C_D)         0.092     1.680    time_cnt_reg[6]
  -------------------------------------------------------------------
                         required time                         -1.680    <hidden>
                         arrival time                           2.186    <hidden>
  -------------------------------------------------------------------
                         slack                                  0.506    <hidden>

Slack (MET) :             0.554ns  (arrival time - required time)
  Source:                 time_cnt_reg[6]/C
                            (rising edge-triggered cell FDCE clocked by sys_clk  {rise@0.000ns fall@10.000ns period=20.000ns})
  Destination:            time_cnt_reg[7]/D
                            (rising edge-triggered cell FDCE clocked by sys_clk  {rise@0.000ns fall@10.000ns period=20.000ns})
  Path Group:             sys_clk
  Path Type:              Hold (Min at Fast Process Corner)
  Requirement:            0.000ns  (sys_clk rise@0.000ns - sys_clk rise@0.000ns)
  Data Path Delay:        0.661ns  (logic 0.451ns (68.194%)  route 0.210ns (31.806%))
  Logic Levels:           2  (CARRY4=1 LUT4=1)
  Clock Path Skew:        0.000ns (DCD - SCD - CPR)
    Destination Clock Delay (DCD):    2.113ns
    Source Clock Delay      (SCD):    1.588ns
    Clock Pessimism Removal (CPR):    0.525ns

    Location             Delay type                Incr(ns)  Path(ns)    Netlist Resource(s)
  -------------------------------------------------------------------    -------------------
                         (clock sys_clk rise edge)    0.000     0.000 r  <hidden>
    U20                                               0.000     0.000 r  clk
                         net (fo=0)                   0.000     0.000    clk
    U20                  IBUF (Prop_ibuf_I_O)         0.221     0.221 r  clk_IBUF_inst/O
                         net (fo=1, routed)           0.690     0.912    clk_IBUF
    BUFGCTRL_X0Y0        BUFG (Prop_bufg_I_O)         0.026     0.938 r  clk_IBUF_BUFG_inst/O
                         net (fo=97, routed)          0.651     1.588    clk_IBUF_BUFG
    SLICE_X3Y114         FDCE                                         r  time_cnt_reg[6]/C
  -------------------------------------------------------------------    -------------------
    SLICE_X3Y114         FDCE (Prop_fdce_C_Q)         0.141     1.729 r  time_cnt_reg[6]/Q
                         net (fo=3, routed)           0.065     1.794    time_cnt[6]
    SLICE_X2Y114         CARRY4 (Prop_carry4_S[1]_O[2])
                                                      0.196     1.990 r  time_cnt_reg[8]_i_2/O[2]
                         net (fo=3, routed)           0.145     2.135    time_cnt_reg[8]_i_2_n_5
    SLICE_X3Y114         LUT4 (Prop_lut4_I3_O)        0.114     2.249 r  time_cnt[7]_i_1/O
                         net (fo=1, routed)           0.000     2.249    time_cnt[7]_i_1_n_0
    SLICE_X3Y114         FDCE                                         r  time_cnt_reg[7]/D
  -------------------------------------------------------------------    -------------------

                         (clock sys_clk rise edge)    0.000     0.000 r  <hidden>
    U20                                               0.000     0.000 r  clk
                         net (fo=0)                   0.000     0.000    clk
    U20                  IBUF (Prop_ibuf_I_O)         0.411     0.411 r  clk_IBUF_inst/O
                         net (fo=1, routed)           0.750     1.160    clk_IBUF
    BUFGCTRL_X0Y0        BUFG (Prop_bufg_I_O)         0.029     1.189 r  clk_IBUF_BUFG_inst/O
                         net (fo=97, routed)          0.924     2.113    clk_IBUF_BUFG
    SLICE_X3Y114         FDCE                                         r  time_cnt_reg[7]/C
                         clock pessimism             -0.525     1.588    <hidden>
    SLICE_X3Y114         FDCE (Hold_fdce_C_D)         0.107     1.695    time_cnt_reg[7]
  -------------------------------------------------------------------
                         required time                         -1.695    <hidden>
                         arrival time                           2.249    <hidden>
  -------------------------------------------------------------------
                         slack                                  0.554    <hidden>

Slack (MET) :             0.570ns  (arrival time - required time)
  Source:                 time_cnt_reg[22]/C
                            (rising edge-triggered cell FDCE clocked by sys_clk  {rise@0.000ns fall@10.000ns period=20.000ns})
  Destination:            time_cnt_reg[22]/D
                            (rising edge-triggered cell FDCE clocked by sys_clk  {rise@0.000ns fall@10.000ns period=20.000ns})
  Path Group:             sys_clk
  Path Type:              Hold (Min at Fast Process Corner)
  Requirement:            0.000ns  (sys_clk rise@0.000ns - sys_clk rise@0.000ns)
  Data Path Delay:        0.662ns  (logic 0.360ns (54.419%)  route 0.302ns (45.581%))
  Logic Levels:           2  (CARRY4=1 LUT4=1)
  Clock Path Skew:        0.000ns (DCD - SCD - CPR)
    Destination Clock Delay (DCD):    2.110ns
    Source Clock Delay      (SCD):    1.586ns
    Clock Pessimism Removal (CPR):    0.524ns

    Location             Delay type                Incr(ns)  Path(ns)    Netlist Resource(s)
  -------------------------------------------------------------------    -------------------
                         (clock sys_clk rise edge)    0.000     0.000 r  <hidden>
    U20                                               0.000     0.000 r  clk
                         net (fo=0)                   0.000     0.000    clk
    U20                  IBUF (Prop_ibuf_I_O)         0.221     0.221 r  clk_IBUF_inst/O
                         net (fo=1, routed)           0.690     0.912    clk_IBUF
    BUFGCTRL_X0Y0        BUFG (Prop_bufg_I_O)         0.026     0.938 r  clk_IBUF_BUFG_inst/O
                         net (fo=97, routed)          0.649     1.586    clk_IBUF_BUFG
    SLICE_X1Y117         FDCE                                         r  time_cnt_reg[22]/C
  -------------------------------------------------------------------    -------------------
    SLICE_X1Y117         FDCE (Prop_fdce_C_Q)         0.141     1.727 r  time_cnt_reg[22]/Q
                         net (fo=3, routed)           0.161     1.888    time_cnt[22]
    SLICE_X2Y118         CARRY4 (Prop_carry4_S[1]_O[1])
                                                      0.111     1.999 r  time_cnt_reg[24]_i_2/O[1]
                         net (fo=3, routed)           0.140     2.140    time_cnt_reg[24]_i_2_n_6
    SLICE_X1Y117         LUT4 (Prop_lut4_I3_O)        0.108     2.248 r  time_cnt[22]_i_1/O
                         net (fo=1, routed)           0.000     2.248    time_cnt[22]_i_1_n_0
    SLICE_X1Y117         FDCE                                         r  time_cnt_reg[22]/D
  -------------------------------------------------------------------    -------------------

                         (clock sys_clk rise edge)    0.000     0.000 r  <hidden>
    U20                                               0.000     0.000 r  clk
                         net (fo=0)                   0.000     0.000    clk
    U20                  IBUF (Prop_ibuf_I_O)         0.411     0.411 r  clk_IBUF_inst/O
                         net (fo=1, routed)           0.750     1.160    clk_IBUF
    BUFGCTRL_X0Y0        BUFG (Prop_bufg_I_O)         0.029     1.189 r  clk_IBUF_BUFG_inst/O
                         net (fo=97, routed)          0.921     2.110    clk_IBUF_BUFG
    SLICE_X1Y117         FDCE                                         r  time_cnt_reg[22]/C
                         clock pessimism             -0.524     1.586    <hidden>
    SLICE_X1Y117         FDCE (Hold_fdce_C_D)         0.092     1.678    time_cnt_reg[22]
  -------------------------------------------------------------------
                         required time                         -1.678    <hidden>
                         arrival time                           2.248    <hidden>
  -------------------------------------------------------------------
                         slack                                  0.570    <hidden>

Slack (MET) :             0.581ns  (arrival time - required time)
  Source:                 compare_value_reg_reg[25]/C
                            (rising edge-triggered cell FDCE clocked by sys_clk  {rise@0.000ns fall@10.000ns period=20.000ns})
  Destination:            pwm_out_reg_reg/D
                            (rising edge-triggered cell FDCE clocked by sys_clk  {rise@0.000ns fall@10.000ns period=20.000ns})
  Path Group:             sys_clk
  Path Type:              Hold (Min at Fast Process Corner)
  Requirement:            0.000ns  (sys_clk rise@0.000ns - sys_clk rise@0.000ns)
  Data Path Delay:        0.711ns  (logic 0.366ns (51.497%)  route 0.345ns (48.503%))
  Logic Levels:           3  (CARRY4=1 LUT5=1 LUT6=1)
  Clock Path Skew:        0.039ns (DCD - SCD - CPR)
    Destination Clock Delay (DCD):    2.109ns
    Source Clock Delay      (SCD):    1.584ns
    Clock Pessimism Removal (CPR):    0.486ns

    Location             Delay type                Incr(ns)  Path(ns)    Netlist Resource(s)
  -------------------------------------------------------------------    -------------------
                         (clock sys_clk rise edge)    0.000     0.000 r  <hidden>
    U20                                               0.000     0.000 r  clk
                         net (fo=0)                   0.000     0.000    clk
    U20                  IBUF (Prop_ibuf_I_O)         0.221     0.221 r  clk_IBUF_inst/O
                         net (fo=1, routed)           0.690     0.912    clk_IBUF
    BUFGCTRL_X0Y0        BUFG (Prop_bufg_I_O)         0.026     0.938 r  clk_IBUF_BUFG_inst/O
                         net (fo=97, routed)          0.647     1.584    clk_IBUF_BUFG
    SLICE_X4Y118         FDCE                                         r  compare_value_reg_reg[25]/C
  -------------------------------------------------------------------    -------------------
    SLICE_X4Y118         FDCE (Prop_fdce_C_Q)         0.141     1.725 f  compare_value_reg_reg[25]/Q
                         net (fo=2, routed)           0.143     1.868    compare_value_reg[25]
    SLICE_X3Y118         LUT5 (Prop_lut5_I4_O)        0.048     1.916 r  pwm_out_reg_i_17/O
                         net (fo=1, routed)           0.000     1.916    pwm_out_reg_i_17_n_0
    SLICE_X3Y118         CARRY4 (Prop_carry4_DI[0]_CO[3])
                                                      0.132     2.048 r  pwm_out_reg_reg_i_5/CO[3]
                         net (fo=1, routed)           0.201     2.250    data0
    SLICE_X1Y118         LUT6 (Prop_lut6_I4_O)        0.045     2.295 r  pwm_out_reg_i_1/O
                         net (fo=1, routed)           0.000     2.295    pwm_out_reg_i_1_n_0
    SLICE_X1Y118         FDCE                                         r  pwm_out_reg_reg/D
  -------------------------------------------------------------------    -------------------

                         (clock sys_clk rise edge)    0.000     0.000 r  <hidden>
    U20                                               0.000     0.000 r  clk
                         net (fo=0)                   0.000     0.000    clk
    U20                  IBUF (Prop_ibuf_I_O)         0.411     0.411 r  clk_IBUF_inst/O
                         net (fo=1, routed)           0.750     1.160    clk_IBUF
    BUFGCTRL_X0Y0        BUFG (Prop_bufg_I_O)         0.029     1.189 r  clk_IBUF_BUFG_inst/O
                         net (fo=97, routed)          0.920     2.109    clk_IBUF_BUFG
    SLICE_X1Y118         FDCE                                         r  pwm_out_reg_reg/C
                         clock pessimism             -0.486     1.623    <hidden>
    SLICE_X1Y118         FDCE (Hold_fdce_C_D)         0.091     1.714    pwm_out_reg_reg
  -------------------------------------------------------------------
                         required time                         -1.714    <hidden>
                         arrival time                           2.295    <hidden>
  -------------------------------------------------------------------
                         slack                                  0.581    <hidden>





Pulse Width Checks
--------------------------------------------------------------------------------------
Clock Name:         sys_clk
Waveform(ns):       { 0.000 10.000 }
Period(ns):         20.000
Sources:            { clk }

Check Type        Corner  Lib Pin  Reference Pin  Required(ns)  Actual(ns)  Slack(ns)  Location       Pin
Min Period        n/a     BUFG/I   n/a            1.592         20.000      18.408     BUFGCTRL_X0Y0  clk_IBUF_BUFG_inst/I
Min Period        n/a     FDCE/C   n/a            1.000         20.000      19.000     SLICE_X2Y115   compare_value_reg_reg[0]/C
Min Period        n/a     FDCE/C   n/a            1.000         20.000      19.000     SLICE_X2Y116   compare_value_reg_reg[10]/C
Min Period        n/a     FDCE/C   n/a            1.000         20.000      19.000     SLICE_X2Y116   compare_value_reg_reg[11]/C
Min Period        n/a     FDCE/C   n/a            1.000         20.000      19.000     SLICE_X2Y116   compare_value_reg_reg[12]/C
Low Pulse Width   Slow    FDCE/C   n/a            0.500         10.000      9.500      SLICE_X2Y115   compare_value_reg_reg[0]/C
Low Pulse Width   Fast    FDCE/C   n/a            0.500         10.000      9.500      SLICE_X2Y115   compare_value_reg_reg[0]/C
Low Pulse Width   Slow    FDCE/C   n/a            0.500         10.000      9.500      SLICE_X2Y116   compare_value_reg_reg[10]/C
Low Pulse Width   Fast    FDCE/C   n/a            0.500         10.000      9.500      SLICE_X2Y116   compare_value_reg_reg[10]/C
Low Pulse Width   Slow    FDCE/C   n/a            0.500         10.000      9.500      SLICE_X2Y116   compare_value_reg_reg[11]/C
High Pulse Width  Slow    FDCE/C   n/a            0.500         10.000      9.500      SLICE_X2Y115   compare_value_reg_reg[0]/C
High Pulse Width  Fast    FDCE/C   n/a            0.500         10.000      9.500      SLICE_X2Y115   compare_value_reg_reg[0]/C
High Pulse Width  Slow    FDCE/C   n/a            0.500         10.000      9.500      SLICE_X2Y116   compare_value_reg_reg[10]/C
High Pulse Width  Fast    FDCE/C   n/a            0.500         10.000      9.500      SLICE_X2Y116   compare_value_reg_reg[10]/C
High Pulse Width  Slow    FDCE/C   n/a            0.500         10.000      9.500      SLICE_X2Y116   compare_value_reg_reg[11]/C



--------------------------------------------------------------------------------------
Path Group:  (none)
From Clock:  sys_clk
  To Clock:  

Max Delay             1 Endpoint
Min Delay             1 Endpoint
--------------------------------------------------------------------------------------


Max Delay Paths
--------------------------------------------------------------------------------------
Slack:                    inf
  Source:                 pwm_out_reg_reg/C
                            (rising edge-triggered cell FDCE clocked by sys_clk  {rise@0.000ns fall@10.000ns period=20.000ns})
  Destination:            pwm_out
                            (output port)
  Path Group:             (none)
  Path Type:              Max at Slow Process Corner
  Data Path Delay:        4.774ns  (logic 2.765ns (57.925%)  route 2.009ns (42.075%))
  Logic Levels:           1  (OBUF=1)
  Clock Uncertainty:      0.025ns  ((TSJ^2 + TIJ^2)^1/2 + DJ) / 2 + PE
    Total System Jitter     (TSJ):    0.050ns
    Total Input Jitter      (TIJ):    0.000ns
    Discrete Jitter          (DJ):    0.000ns
    Phase Error              (PE):    0.000ns

    Location             Delay type                Incr(ns)  Path(ns)    Netlist Resource(s)
  -------------------------------------------------------------------    -------------------
                         (clock sys_clk rise edge)    0.000     0.000 r  <hidden>
    U20                                               0.000     0.000 r  clk
                         net (fo=0)                   0.000     0.000    clk
    U20                  IBUF (Prop_ibuf_I_O)         0.925     0.925 r  clk_IBUF_inst/O
                         net (fo=1, routed)           1.827     2.752    clk_IBUF
    BUFGCTRL_X0Y0        BUFG (Prop_bufg_I_O)         0.081     2.833 r  clk_IBUF_BUFG_inst/O
                         net (fo=97, routed)          1.558     4.390    clk_IBUF_BUFG
    SLICE_X1Y118         FDCE                                         r  pwm_out_reg_reg/C
  -------------------------------------------------------------------    -------------------
    SLICE_X1Y118         FDCE (Prop_fdce_C_Q)         0.379     4.769 r  pwm_out_reg_reg/Q
                         net (fo=1, routed)           2.009     6.778    pwm_out_OBUF
    P20                  OBUF (Prop_obuf_I_O)         2.386     9.164 r  pwm_out_OBUF_inst/O
                         net (fo=0)                   0.000     9.164    pwm_out
    P20                                                               r  pwm_out
  -------------------------------------------------------------------    -------------------





Min Delay Paths
--------------------------------------------------------------------------------------
Slack:                    inf
  Source:                 pwm_out_reg_reg/C
                            (rising edge-triggered cell FDCE clocked by sys_clk  {rise@0.000ns fall@10.000ns period=20.000ns})
  Destination:            pwm_out
                            (output port)
  Path Group:             (none)
  Path Type:              Min at Fast Process Corner
  Data Path Delay:        1.921ns  (logic 1.297ns (67.537%)  route 0.624ns (32.463%))
  Logic Levels:           1  (OBUF=1)
  Clock Uncertainty:      0.025ns  ((TSJ^2 + TIJ^2)^1/2 + DJ) / 2 + PE
    Total System Jitter     (TSJ):    0.050ns
    Total Input Jitter      (TIJ):    0.000ns
    Discrete Jitter          (DJ):    0.000ns
    Phase Error              (PE):    0.000ns

    Location             Delay type                Incr(ns)  Path(ns)    Netlist Resource(s)
  -------------------------------------------------------------------    -------------------
                         (clock sys_clk rise edge)    0.000     0.000 r  <hidden>
    U20                                               0.000     0.000 r  clk
                         net (fo=0)                   0.000     0.000    clk
    U20                  IBUF (Prop_ibuf_I_O)         0.221     0.221 r  clk_IBUF_inst/O
                         net (fo=1, routed)           0.690     0.912    clk_IBUF
    BUFGCTRL_X0Y0        BUFG (Prop_bufg_I_O)         0.026     0.938 r  clk_IBUF_BUFG_inst/O
                         net (fo=97, routed)          0.648     1.585    clk_IBUF_BUFG
    SLICE_X1Y118         FDCE                                         r  pwm_out_reg_reg/C
  -------------------------------------------------------------------    -------------------
    SLICE_X1Y118         FDCE (Prop_fdce_C_Q)         0.141     1.726 r  pwm_out_reg_reg/Q
                         net (fo=1, routed)           0.624     2.350    pwm_out_OBUF
    P20                  OBUF (Prop_obuf_I_O)         1.156     3.506 r  pwm_out_OBUF_inst/O
                         net (fo=0)                   0.000     3.506    pwm_out
    P20                                                               r  pwm_out
  -------------------------------------------------------------------    -------------------





--------------------------------------------------------------------------------------
Path Group:  (none)
From Clock:  
  To Clock:  sys_clk

Max Delay           258 Endpoints
Min Delay           258 Endpoints
--------------------------------------------------------------------------------------


Max Delay Paths
--------------------------------------------------------------------------------------
Slack:                    inf
  Source:                 compare_value_set[23]
                            (input port)
  Destination:            pwm_out_reg_reg/D
                            (rising edge-triggered cell FDCE clocked by sys_clk  {rise@0.000ns fall@10.000ns period=20.000ns})
  Path Group:             (none)
  Path Type:              Setup (Max at Slow Process Corner)
  Data Path Delay:        6.895ns  (logic 1.350ns (19.576%)  route 5.545ns (80.424%))
  Logic Levels:           5  (IBUF=1 LUT4=1 LUT5=1 LUT6=2)
  Clock Path Skew:        4.058ns (DCD - SCD + CPR)
    Destination Clock Delay (DCD):    4.058ns
    Source Clock Delay      (SCD):    0.000ns
    Clock Pessimism Removal (CPR):    0.000ns
  Clock Uncertainty:      0.025ns  ((TSJ^2 + TIJ^2)^1/2 + DJ) / 2 + PE
    Total System Jitter     (TSJ):    0.050ns
    Total Input Jitter      (TIJ):    0.000ns
    Discrete Jitter          (DJ):    0.000ns
    Phase Error              (PE):    0.000ns

    Location             Delay type                Incr(ns)  Path(ns)    Netlist Resource(s)
  -------------------------------------------------------------------    -------------------
    AB6                                               0.000     0.000 f  compare_value_set[23]
                         net (fo=0)                   0.000     0.000    compare_value_set[23]
    AB6                  IBUF (Prop_ibuf_I_O)         0.930     0.930 f  compare_value_set_IBUF[23]_inst/O
                         net (fo=2, routed)           3.835     4.765    compare_value_set_IBUF[23]
    SLICE_X6Y113         LUT4 (Prop_lut4_I2_O)        0.105     4.870 r  pwm_out_reg_i_27/O
                         net (fo=1, routed)           0.361     5.230    pwm_out_reg_i_27_n_0
    SLICE_X6Y113         LUT5 (Prop_lut5_I4_O)        0.105     5.335 r  pwm_out_reg_i_11/O
                         net (fo=1, routed)           0.536     5.871    pwm_out_reg_i_11_n_0
    SLICE_X6Y115         LUT6 (Prop_lut6_I4_O)        0.105     5.976 r  pwm_out_reg_i_4/O
                         net (fo=1, routed)           0.814     6.790    pwm_out_reg_i_4_n_0
    SLICE_X1Y118         LUT6 (Prop_lut6_I2_O)        0.105     6.895 r  pwm_out_reg_i_1/O
                         net (fo=1, routed)           0.000     6.895    pwm_out_reg_i_1_n_0
    SLICE_X1Y118         FDCE                                         r  pwm_out_reg_reg/D
  -------------------------------------------------------------------    -------------------

                         (clock sys_clk rise edge)    0.000     0.000 r  <hidden>
    U20                                               0.000     0.000 r  clk
                         net (fo=0)                   0.000     0.000    clk
    U20                  IBUF (Prop_ibuf_I_O)         0.794     0.794 r  clk_IBUF_inst/O
                         net (fo=1, routed)           1.734     2.528    clk_IBUF
    BUFGCTRL_X0Y0        BUFG (Prop_bufg_I_O)         0.077     2.605 r  clk_IBUF_BUFG_inst/O
                         net (fo=97, routed)          1.453     4.058    clk_IBUF_BUFG
    SLICE_X1Y118         FDCE                                         r  pwm_out_reg_reg/C

Slack:                    inf
  Source:                 compare_value_set[17]
                            (input port)
  Destination:            compare_value_reg_reg[17]/D
                            (rising edge-triggered cell FDCE clocked by sys_clk  {rise@0.000ns fall@10.000ns period=20.000ns})
  Path Group:             (none)
  Path Type:              Setup (Max at Slow Process Corner)
  Data Path Delay:        5.255ns  (logic 0.922ns (17.536%)  route 4.334ns (82.464%))
  Logic Levels:           1  (IBUF=1)
  Clock Path Skew:        4.056ns (DCD - SCD + CPR)
    Destination Clock Delay (DCD):    4.056ns
    Source Clock Delay      (SCD):    0.000ns
    Clock Pessimism Removal (CPR):    0.000ns
  Clock Uncertainty:      0.025ns  ((TSJ^2 + TIJ^2)^1/2 + DJ) / 2 + PE
    Total System Jitter     (TSJ):    0.050ns
    Total Input Jitter      (TIJ):    0.000ns
    Discrete Jitter          (DJ):    0.000ns
    Phase Error              (PE):    0.000ns

    Location             Delay type                Incr(ns)  Path(ns)    Netlist Resource(s)
  -------------------------------------------------------------------    -------------------
    Y7                                                0.000     0.000 r  compare_value_set[17]
                         net (fo=0)                   0.000     0.000    compare_value_set[17]
    Y7                   IBUF (Prop_ibuf_I_O)         0.922     0.922 r  compare_value_set_IBUF[17]_inst/O
                         net (fo=2, routed)           4.334     5.255    compare_value_set_IBUF[17]
    SLICE_X4Y117         FDCE                                         r  compare_value_reg_reg[17]/D
  -------------------------------------------------------------------    -------------------

                         (clock sys_clk rise edge)    0.000     0.000 r  <hidden>
    U20                                               0.000     0.000 r  clk
                         net (fo=0)                   0.000     0.000    clk
    U20                  IBUF (Prop_ibuf_I_O)         0.794     0.794 r  clk_IBUF_inst/O
                         net (fo=1, routed)           1.734     2.528    clk_IBUF
    BUFGCTRL_X0Y0        BUFG (Prop_bufg_I_O)         0.077     2.605 r  clk_IBUF_BUFG_inst/O
                         net (fo=97, routed)          1.451     4.056    clk_IBUF_BUFG
    SLICE_X4Y117         FDCE                                         r  compare_value_reg_reg[17]/C

Slack:                    inf
  Source:                 compare_value_set[18]
                            (input port)
  Destination:            compare_value_reg_reg[18]/D
                            (rising edge-triggered cell FDCE clocked by sys_clk  {rise@0.000ns fall@10.000ns period=20.000ns})
  Path Group:             (none)
  Path Type:              Setup (Max at Slow Process Corner)
  Data Path Delay:        5.166ns  (logic 0.928ns (17.972%)  route 4.237ns (82.028%))
  Logic Levels:           1  (IBUF=1)
  Clock Path Skew:        4.057ns (DCD - SCD + CPR)
    Destination Clock Delay (DCD):    4.057ns
    Source Clock Delay      (SCD):    0.000ns
    Clock Pessimism Removal (CPR):    0.000ns
  Clock Uncertainty:      0.025ns  ((TSJ^2 + TIJ^2)^1/2 + DJ) / 2 + PE
    Total System Jitter     (TSJ):    0.050ns
    Total Input Jitter      (TIJ):    0.000ns
    Discrete Jitter          (DJ):    0.000ns
    Phase Error              (PE):    0.000ns

    Location             Delay type                Incr(ns)  Path(ns)    Netlist Resource(s)
  -------------------------------------------------------------------    -------------------
    Y8                                                0.000     0.000 r  compare_value_set[18]
                         net (fo=0)                   0.000     0.000    compare_value_set[18]
    Y8                   IBUF (Prop_ibuf_I_O)         0.928     0.928 r  compare_value_set_IBUF[18]_inst/O
                         net (fo=2, routed)           4.237     5.166    compare_value_set_IBUF[18]
    SLICE_X4Y116         FDCE                                         r  compare_value_reg_reg[18]/D
  -------------------------------------------------------------------    -------------------

                         (clock sys_clk rise edge)    0.000     0.000 r  <hidden>
    U20                                               0.000     0.000 r  clk
                         net (fo=0)                   0.000     0.000    clk
    U20                  IBUF (Prop_ibuf_I_O)         0.794     0.794 r  clk_IBUF_inst/O
                         net (fo=1, routed)           1.734     2.528    clk_IBUF
    BUFGCTRL_X0Y0        BUFG (Prop_bufg_I_O)         0.077     2.605 r  clk_IBUF_BUFG_inst/O
                         net (fo=97, routed)          1.452     4.057    clk_IBUF_BUFG
    SLICE_X4Y116         FDCE                                         r  compare_value_reg_reg[18]/C

Slack:                    inf
  Source:                 compare_value_set[15]
                            (input port)
  Destination:            compare_value_reg_reg[15]/D
                            (rising edge-triggered cell FDCE clocked by sys_clk  {rise@0.000ns fall@10.000ns period=20.000ns})
  Path Group:             (none)
  Path Type:              Setup (Max at Slow Process Corner)
  Data Path Delay:        5.151ns  (logic 0.917ns (17.813%)  route 4.233ns (82.187%))
  Logic Levels:           1  (IBUF=1)
  Clock Path Skew:        4.057ns (DCD - SCD + CPR)
    Destination Clock Delay (DCD):    4.057ns
    Source Clock Delay      (SCD):    0.000ns
    Clock Pessimism Removal (CPR):    0.000ns
  Clock Uncertainty:      0.025ns  ((TSJ^2 + TIJ^2)^1/2 + DJ) / 2 + PE
    Total System Jitter     (TSJ):    0.050ns
    Total Input Jitter      (TIJ):    0.000ns
    Discrete Jitter          (DJ):    0.000ns
    Phase Error              (PE):    0.000ns

    Location             Delay type                Incr(ns)  Path(ns)    Netlist Resource(s)
  -------------------------------------------------------------------    -------------------
    Y9                                                0.000     0.000 r  compare_value_set[15]
                         net (fo=0)                   0.000     0.000    compare_value_set[15]
    Y9                   IBUF (Prop_ibuf_I_O)         0.917     0.917 r  compare_value_set_IBUF[15]_inst/O
                         net (fo=2, routed)           4.233     5.151    compare_value_set_IBUF[15]
    SLICE_X4Y115         FDCE                                         r  compare_value_reg_reg[15]/D
  -------------------------------------------------------------------    -------------------

                         (clock sys_clk rise edge)    0.000     0.000 r  <hidden>
    U20                                               0.000     0.000 r  clk
                         net (fo=0)                   0.000     0.000    clk
    U20                  IBUF (Prop_ibuf_I_O)         0.794     0.794 r  clk_IBUF_inst/O
                         net (fo=1, routed)           1.734     2.528    clk_IBUF
    BUFGCTRL_X0Y0        BUFG (Prop_bufg_I_O)         0.077     2.605 r  clk_IBUF_BUFG_inst/O
                         net (fo=97, routed)          1.452     4.057    clk_IBUF_BUFG
    SLICE_X4Y115         FDCE                                         r  compare_value_reg_reg[15]/C

Slack:                    inf
  Source:                 compare_value_set[21]
                            (input port)
  Destination:            compare_value_reg_reg[21]/D
                            (rising edge-triggered cell FDCE clocked by sys_clk  {rise@0.000ns fall@10.000ns period=20.000ns})
  Path Group:             (none)
  Path Type:              Setup (Max at Slow Process Corner)
  Data Path Delay:        5.115ns  (logic 0.920ns (17.983%)  route 4.196ns (82.017%))
  Logic Levels:           1  (IBUF=1)
  Clock Path Skew:        4.056ns (DCD - SCD + CPR)
    Destination Clock Delay (DCD):    4.056ns
    Source Clock Delay      (SCD):    0.000ns
    Clock Pessimism Removal (CPR):    0.000ns
  Clock Uncertainty:      0.025ns  ((TSJ^2 + TIJ^2)^1/2 + DJ) / 2 + PE
    Total System Jitter     (TSJ):    0.050ns
    Total Input Jitter      (TIJ):    0.000ns
    Discrete Jitter          (DJ):    0.000ns
    Phase Error              (PE):    0.000ns

    Location             Delay type                Incr(ns)  Path(ns)    Netlist Resource(s)
  -------------------------------------------------------------------    -------------------
    V8                                                0.000     0.000 r  compare_value_set[21]
                         net (fo=0)                   0.000     0.000    compare_value_set[21]
    V8                   IBUF (Prop_ibuf_I_O)         0.920     0.920 r  compare_value_set_IBUF[21]_inst/O
                         net (fo=2, routed)           4.196     5.115    compare_value_set_IBUF[21]
    SLICE_X5Y117         FDCE                                         r  compare_value_reg_reg[21]/D
  -------------------------------------------------------------------    -------------------

                         (clock sys_clk rise edge)    0.000     0.000 r  <hidden>
    U20                                               0.000     0.000 r  clk
                         net (fo=0)                   0.000     0.000    clk
    U20                  IBUF (Prop_ibuf_I_O)         0.794     0.794 r  clk_IBUF_inst/O
                         net (fo=1, routed)           1.734     2.528    clk_IBUF
    BUFGCTRL_X0Y0        BUFG (Prop_bufg_I_O)         0.077     2.605 r  clk_IBUF_BUFG_inst/O
                         net (fo=97, routed)          1.451     4.056    clk_IBUF_BUFG
    SLICE_X5Y117         FDCE                                         r  compare_value_reg_reg[21]/C





Min Delay Paths
--------------------------------------------------------------------------------------
Slack:                    inf
  Source:                 period_set[1]
                            (input port)
  Destination:            period_set_reg_reg[1]/D
                            (rising edge-triggered cell FDCE clocked by sys_clk  {rise@0.000ns fall@10.000ns period=20.000ns})
  Path Group:             (none)
  Path Type:              Hold (Min at Fast Process Corner)
  Data Path Delay:        0.594ns  (logic 0.238ns (40.144%)  route 0.355ns (59.856%))
  Logic Levels:           1  (IBUF=1)
  Clock Path Skew:        2.112ns (DCD - SCD - CPR)
    Destination Clock Delay (DCD):    2.112ns
    Source Clock Delay      (SCD):    0.000ns
    Clock Pessimism Removal (CPR):    -0.000ns

    Location             Delay type                Incr(ns)  Path(ns)    Netlist Resource(s)
  -------------------------------------------------------------------    -------------------
    AB18                                              0.000     0.000 r  period_set[1]
                         net (fo=0)                   0.000     0.000    period_set[1]
    AB18                 IBUF (Prop_ibuf_I_O)         0.238     0.238 r  period_set_IBUF[1]_inst/O
                         net (fo=2, routed)           0.355     0.594    period_set_IBUF[1]
    SLICE_X4Y114         FDCE                                         r  period_set_reg_reg[1]/D
  -------------------------------------------------------------------    -------------------

                         (clock sys_clk rise edge)    0.000     0.000 r  <hidden>
    U20                                               0.000     0.000 r  clk
                         net (fo=0)                   0.000     0.000    clk
    U20                  IBUF (Prop_ibuf_I_O)         0.411     0.411 r  clk_IBUF_inst/O
                         net (fo=1, routed)           0.750     1.160    clk_IBUF
    BUFGCTRL_X0Y0        BUFG (Prop_bufg_I_O)         0.029     1.189 r  clk_IBUF_BUFG_inst/O
                         net (fo=97, routed)          0.923     2.112    clk_IBUF_BUFG
    SLICE_X4Y114         FDCE                                         r  period_set_reg_reg[1]/C

Slack:                    inf
  Source:                 period_set[7]
                            (input port)
  Destination:            period_set_reg_reg[7]/D
                            (rising edge-triggered cell FDCE clocked by sys_clk  {rise@0.000ns fall@10.000ns period=20.000ns})
  Path Group:             (none)
  Path Type:              Hold (Min at Fast Process Corner)
  Data Path Delay:        0.643ns  (logic 0.218ns (33.815%)  route 0.426ns (66.185%))
  Logic Levels:           1  (IBUF=1)
  Clock Path Skew:        2.111ns (DCD - SCD - CPR)
    Destination Clock Delay (DCD):    2.111ns
    Source Clock Delay      (SCD):    0.000ns
    Clock Pessimism Removal (CPR):    -0.000ns

    Location             Delay type                Incr(ns)  Path(ns)    Netlist Resource(s)
  -------------------------------------------------------------------    -------------------
    V19                                               0.000     0.000 r  period_set[7]
                         net (fo=0)                   0.000     0.000    period_set[7]
    V19                  IBUF (Prop_ibuf_I_O)         0.218     0.218 r  period_set_IBUF[7]_inst/O
                         net (fo=2, routed)           0.426     0.643    period_set_IBUF[7]
    SLICE_X4Y115         FDCE                                         r  period_set_reg_reg[7]/D
  -------------------------------------------------------------------    -------------------

                         (clock sys_clk rise edge)    0.000     0.000 r  <hidden>
    U20                                               0.000     0.000 r  clk
                         net (fo=0)                   0.000     0.000    clk
    U20                  IBUF (Prop_ibuf_I_O)         0.411     0.411 r  clk_IBUF_inst/O
                         net (fo=1, routed)           0.750     1.160    clk_IBUF
    BUFGCTRL_X0Y0        BUFG (Prop_bufg_I_O)         0.029     1.189 r  clk_IBUF_BUFG_inst/O
                         net (fo=97, routed)          0.922     2.111    clk_IBUF_BUFG
    SLICE_X4Y115         FDCE                                         r  period_set_reg_reg[7]/C

Slack:                    inf
  Source:                 period_set[4]
                            (input port)
  Destination:            period_set_reg_reg[4]/D
                            (rising edge-triggered cell FDCE clocked by sys_clk  {rise@0.000ns fall@10.000ns period=20.000ns})
  Path Group:             (none)
  Path Type:              Hold (Min at Fast Process Corner)
  Data Path Delay:        0.651ns  (logic 0.224ns (34.329%)  route 0.428ns (65.671%))
  Logic Levels:           1  (IBUF=1)
  Clock Path Skew:        2.112ns (DCD - SCD - CPR)
    Destination Clock Delay (DCD):    2.112ns
    Source Clock Delay      (SCD):    0.000ns
    Clock Pessimism Removal (CPR):    -0.000ns

    Location             Delay type                Incr(ns)  Path(ns)    Netlist Resource(s)
  -------------------------------------------------------------------    -------------------
    V17                                               0.000     0.000 r  period_set[4]
                         net (fo=0)                   0.000     0.000    period_set[4]
    V17                  IBUF (Prop_ibuf_I_O)         0.224     0.224 r  period_set_IBUF[4]_inst/O
                         net (fo=2, routed)           0.428     0.651    period_set_IBUF[4]
    SLICE_X4Y114         FDCE                                         r  period_set_reg_reg[4]/D
  -------------------------------------------------------------------    -------------------

                         (clock sys_clk rise edge)    0.000     0.000 r  <hidden>
    U20                                               0.000     0.000 r  clk
                         net (fo=0)                   0.000     0.000    clk
    U20                  IBUF (Prop_ibuf_I_O)         0.411     0.411 r  clk_IBUF_inst/O
                         net (fo=1, routed)           0.750     1.160    clk_IBUF
    BUFGCTRL_X0Y0        BUFG (Prop_bufg_I_O)         0.029     1.189 r  clk_IBUF_BUFG_inst/O
                         net (fo=97, routed)          0.923     2.112    clk_IBUF_BUFG
    SLICE_X4Y114         FDCE                                         r  period_set_reg_reg[4]/C

Slack:                    inf
  Source:                 compare_value_set[11]
                            (input port)
  Destination:            compare_value_reg_reg[11]/D
                            (rising edge-triggered cell FDCE clocked by sys_clk  {rise@0.000ns fall@10.000ns period=20.000ns})
  Path Group:             (none)
  Path Type:              Hold (Min at Fast Process Corner)
  Data Path Delay:        0.663ns  (logic 0.189ns (28.429%)  route 0.475ns (71.571%))
  Logic Levels:           1  (IBUF=1)
  Clock Path Skew:        2.111ns (DCD - SCD - CPR)
    Destination Clock Delay (DCD):    2.111ns
    Source Clock Delay      (SCD):    0.000ns
    Clock Pessimism Removal (CPR):    -0.000ns

    Location             Delay type                Incr(ns)  Path(ns)    Netlist Resource(s)
  -------------------------------------------------------------------    -------------------
    R14                                               0.000     0.000 r  compare_value_set[11]
                         net (fo=0)                   0.000     0.000    compare_value_set[11]
    R14                  IBUF (Prop_ibuf_I_O)         0.189     0.189 r  compare_value_set_IBUF[11]_inst/O
                         net (fo=2, routed)           0.475     0.663    compare_value_set_IBUF[11]
    SLICE_X2Y116         FDCE                                         r  compare_value_reg_reg[11]/D
  -------------------------------------------------------------------    -------------------

                         (clock sys_clk rise edge)    0.000     0.000 r  <hidden>
    U20                                               0.000     0.000 r  clk
                         net (fo=0)                   0.000     0.000    clk
    U20                  IBUF (Prop_ibuf_I_O)         0.411     0.411 r  clk_IBUF_inst/O
                         net (fo=1, routed)           0.750     1.160    clk_IBUF
    BUFGCTRL_X0Y0        BUFG (Prop_bufg_I_O)         0.029     1.189 r  clk_IBUF_BUFG_inst/O
                         net (fo=97, routed)          0.922     2.111    clk_IBUF_BUFG
    SLICE_X2Y116         FDCE                                         r  compare_value_reg_reg[11]/C

Slack:                    inf
  Source:                 period_set[0]
                            (input port)
  Destination:            period_set_reg_reg[0]/D
                            (rising edge-triggered cell FDCE clocked by sys_clk  {rise@0.000ns fall@10.000ns period=20.000ns})
  Path Group:             (none)
  Path Type:              Hold (Min at Fast Process Corner)
  Data Path Delay:        0.672ns  (logic 0.213ns (31.608%)  route 0.460ns (68.392%))
  Logic Levels:           1  (IBUF=1)
  Clock Path Skew:        2.112ns (DCD - SCD - CPR)
    Destination Clock Delay (DCD):    2.112ns
    Source Clock Delay      (SCD):    0.000ns
    Clock Pessimism Removal (CPR):    -0.000ns

    Location             Delay type                Incr(ns)  Path(ns)    Netlist Resource(s)
  -------------------------------------------------------------------    -------------------
    U17                                               0.000     0.000 r  period_set[0]
                         net (fo=0)                   0.000     0.000    period_set[0]
    U17                  IBUF (Prop_ibuf_I_O)         0.213     0.213 r  period_set_IBUF[0]_inst/O
                         net (fo=2, routed)           0.460     0.672    period_set_IBUF[0]
    SLICE_X5Y114         FDCE                                         r  period_set_reg_reg[0]/D
  -------------------------------------------------------------------    -------------------

                         (clock sys_clk rise edge)    0.000     0.000 r  <hidden>
    U20                                               0.000     0.000 r  clk
                         net (fo=0)                   0.000     0.000    clk
    U20                  IBUF (Prop_ibuf_I_O)         0.411     0.411 r  clk_IBUF_inst/O
                         net (fo=1, routed)           0.750     1.160    clk_IBUF
    BUFGCTRL_X0Y0        BUFG (Prop_bufg_I_O)         0.029     1.189 r  clk_IBUF_BUFG_inst/O
                         net (fo=97, routed)          0.923     2.112    clk_IBUF_BUFG
    SLICE_X5Y114         FDCE                                         r  period_set_reg_reg[0]/C





