Copyright 1986-2022 Xilinx, Inc. All Rights Reserved. Copyright 2022-2026 Advanced Micro Devices, Inc. All Rights Reserved.
-------------------------------------------------------------------------------------------------------------------------------------------------------------------------------
| Tool Version : Vivado v.2026.1 (win64) Build 6511674 Tue Jun 16 11:02:23 MDT 2026
| Date         : Mon Sep  7 11:24:30 2026
| Host         : DependOnOMEN16 running 64-bit major release  (build 9200)
| Command      : report_timing -delay_type max -max_paths 5 -path_type full_clock_expanded -input_pins -file D:/Project/FPGA_XC7A200T/docs/reports/step4_worst_setup_paths.rpt
| Design       : pwm_controller
| Device       : 7a200t-fbg484
| Speed File   : -2  PRODUCTION 1.23 2018-06-13
| Design State : Routed
-------------------------------------------------------------------------------------------------------------------------------------------------------------------------------

Timing Report

Slack (MET) :             13.349ns  (required time - arrival time)
  Source:                 period_set_reg_reg[19]/C
                            (rising edge-triggered cell FDCE clocked by sys_clk  {rise@0.000ns fall@10.000ns period=20.000ns})
  Destination:            pwm_out_reg_reg/D
                            (rising edge-triggered cell FDCE clocked by sys_clk  {rise@0.000ns fall@10.000ns period=20.000ns})
  Path Group:             sys_clk
  Path Type:              Setup (Max at Slow Process Corner)
  Requirement:            20.000ns  (sys_clk rise@20.000ns - sys_clk rise@0.000ns)
  Data Path Delay:        6.617ns  (logic 2.607ns (39.399%)  route 4.010ns (60.601%))
  Logic Levels:           11  (CARRY4=7 LUT1=1 LUT4=1 LUT5=1 LUT6=1)
  Clock Path Skew:        -0.029ns (DCD - SCD + CPR)
    Destination Clock Delay (DCD):    4.058ns = ( 24.058 - 20.000 ) 
    Source Clock Delay      (SCD):    4.380ns
    Clock Pessimism Removal (CPR):    0.294ns
  Clock Uncertainty:      0.035ns  ((TSJ^2 + TIJ^2)^1/2 + DJ) / 2 + PE
    Total System Jitter     (TSJ):    0.071ns
    Total Input Jitter      (TIJ):    0.000ns
    Discrete Jitter          (DJ):    0.000ns
    Phase Error              (PE):    0.000ns

    Location             Delay type                Incr(ns)  Path(ns)    Netlist Resource(s)
  -------------------------------------------------------------------    -------------------
                         (clock sys_clk rise edge)    0.000     0.000 r  <hidden>
    U20                                               0.000     0.000 r  clk
                         net (fo=0)                   0.000     0.000    clk
    U20                                                               r  clk_IBUF_inst/I
    U20                  IBUF (Prop_ibuf_I_O)         0.925     0.925 r  clk_IBUF_inst/O
                         net (fo=1, routed)           1.827     2.752    clk_IBUF
    BUFGCTRL_X0Y0                                                     r  clk_IBUF_BUFG_inst/I
    BUFGCTRL_X0Y0        BUFG (Prop_bufg_I_O)         0.081     2.833 r  clk_IBUF_BUFG_inst/O
                         net (fo=97, routed)          1.548     4.380    clk_IBUF_BUFG
    SLICE_X4Y124         FDCE                                         r  period_set_reg_reg[19]/C
  -------------------------------------------------------------------    -------------------
    SLICE_X4Y124         FDCE (Prop_fdce_C_Q)         0.379     4.759 f  period_set_reg_reg[19]/Q
                         net (fo=3, routed)           1.025     5.785    period_set_reg[19]
    SLICE_X5Y118                                                      f  time_cnt[31]_i_66/I0
    SLICE_X5Y118         LUT1 (Prop_lut1_I0_O)        0.105     5.890 r  time_cnt[31]_i_66/O
                         net (fo=1, routed)           0.000     5.890    time_cnt[31]_i_66_n_0
    SLICE_X5Y118                                                      r  time_cnt_reg[31]_i_42/S[2]
    SLICE_X5Y118         CARRY4 (Prop_carry4_S[2]_CO[3])
                                                      0.332     6.222 r  time_cnt_reg[31]_i_42/CO[3]
                         net (fo=1, routed)           0.000     6.222    time_cnt_reg[31]_i_42_n_0
    SLICE_X5Y119                                                      r  time_cnt_reg[31]_i_32/CI
    SLICE_X5Y119         CARRY4 (Prop_carry4_CI_CO[3])
                                                      0.098     6.320 r  time_cnt_reg[31]_i_32/CO[3]
                         net (fo=1, routed)           0.000     6.320    time_cnt_reg[31]_i_32_n_0
    SLICE_X5Y120                                                      r  time_cnt_reg[31]_i_31/CI
    SLICE_X5Y120         CARRY4 (Prop_carry4_CI_CO[3])
                                                      0.098     6.418 r  time_cnt_reg[31]_i_31/CO[3]
                         net (fo=1, routed)           0.000     6.418    time_cnt_reg[31]_i_31_n_0
    SLICE_X5Y121                                                      r  time_cnt_reg[31]_i_30/CI
    SLICE_X5Y121         CARRY4 (Prop_carry4_CI_O[1])
                                                      0.265     6.683 r  time_cnt_reg[31]_i_30/O[1]
                         net (fo=2, routed)           1.123     7.805    next_time_cnt2[30]
    SLICE_X4Y118                                                      r  time_cnt[31]_i_12/I2
    SLICE_X4Y118         LUT4 (Prop_lut4_I2_O)        0.250     8.055 r  time_cnt[31]_i_12/O
                         net (fo=1, routed)           0.000     8.055    time_cnt[31]_i_12_n_0
    SLICE_X4Y118                                                      r  time_cnt_reg[31]_i_3/S[3]
    SLICE_X4Y118         CARRY4 (Prop_carry4_S[3]_CO[3])
                                                      0.332     8.387 r  time_cnt_reg[31]_i_3/CO[3]
                         net (fo=64, routed)          1.378     9.765    time_cnt_reg[31]_i_3_n_0
    SLICE_X3Y117                                                      r  pwm_out_reg_i_36/I3
    SLICE_X3Y117         LUT5 (Prop_lut5_I3_O)        0.105     9.870 r  pwm_out_reg_i_36/O
                         net (fo=1, routed)           0.000     9.870    pwm_out_reg_i_36_n_0
    SLICE_X3Y117                                                      r  pwm_out_reg_reg_i_13/S[0]
    SLICE_X3Y117         CARRY4 (Prop_carry4_S[0]_CO[3])
                                                      0.440    10.310 r  pwm_out_reg_reg_i_13/CO[3]
                         net (fo=1, routed)           0.000    10.310    pwm_out_reg_reg_i_13_n_0
    SLICE_X3Y118                                                      r  pwm_out_reg_reg_i_5/CI
    SLICE_X3Y118         CARRY4 (Prop_carry4_CI_CO[3])
                                                      0.098    10.408 r  pwm_out_reg_reg_i_5/CO[3]
                         net (fo=1, routed)           0.484    10.892    data0
    SLICE_X1Y118                                                      r  pwm_out_reg_i_1/I4
    SLICE_X1Y118         LUT6 (Prop_lut6_I4_O)        0.105    10.997 r  pwm_out_reg_i_1/O
                         net (fo=1, routed)           0.000    10.997    pwm_out_reg_i_1_n_0
    SLICE_X1Y118         FDCE                                         r  pwm_out_reg_reg/D
  -------------------------------------------------------------------    -------------------

                         (clock sys_clk rise edge)   20.000    20.000 r  <hidden>
    U20                                               0.000    20.000 r  clk
                         net (fo=0)                   0.000    20.000    clk
    U20                                                               r  clk_IBUF_inst/I
    U20                  IBUF (Prop_ibuf_I_O)         0.794    20.794 r  clk_IBUF_inst/O
                         net (fo=1, routed)           1.734    22.528    clk_IBUF
    BUFGCTRL_X0Y0                                                     r  clk_IBUF_BUFG_inst/I
    BUFGCTRL_X0Y0        BUFG (Prop_bufg_I_O)         0.077    22.605 r  clk_IBUF_BUFG_inst/O
                         net (fo=97, routed)          1.453    24.058    clk_IBUF_BUFG
    SLICE_X1Y118         FDCE                                         r  pwm_out_reg_reg/C
                         clock pessimism              0.294    24.351    <hidden>
                         clock uncertainty           -0.035    24.316    <hidden>
    SLICE_X1Y118         FDCE (Setup_fdce_C_D)        0.030    24.346    pwm_out_reg_reg
  -------------------------------------------------------------------
                         required time                         24.346    <hidden>
                         arrival time                         -10.997    <hidden>
  -------------------------------------------------------------------
                         slack                                 13.349    <hidden>

Slack (MET) :             14.569ns  (required time - arrival time)
  Source:                 period_set_reg_reg[19]/C
                            (rising edge-triggered cell FDCE clocked by sys_clk  {rise@0.000ns fall@10.000ns period=20.000ns})
  Destination:            time_cnt_reg[10]/D
                            (rising edge-triggered cell FDCE clocked by sys_clk  {rise@0.000ns fall@10.000ns period=20.000ns})
  Path Group:             sys_clk
  Path Type:              Setup (Max at Slow Process Corner)
  Requirement:            20.000ns  (sys_clk rise@20.000ns - sys_clk rise@0.000ns)
  Data Path Delay:        5.399ns  (logic 1.964ns (36.374%)  route 3.435ns (63.626%))
  Logic Levels:           8  (CARRY4=5 LUT1=1 LUT4=2)
  Clock Path Skew:        -0.026ns (DCD - SCD + CPR)
    Destination Clock Delay (DCD):    4.061ns = ( 24.061 - 20.000 ) 
    Source Clock Delay      (SCD):    4.380ns
    Clock Pessimism Removal (CPR):    0.294ns
  Clock Uncertainty:      0.035ns  ((TSJ^2 + TIJ^2)^1/2 + DJ) / 2 + PE
    Total System Jitter     (TSJ):    0.071ns
    Total Input Jitter      (TIJ):    0.000ns
    Discrete Jitter          (DJ):    0.000ns
    Phase Error              (PE):    0.000ns

    Location             Delay type                Incr(ns)  Path(ns)    Netlist Resource(s)
  -------------------------------------------------------------------    -------------------
                         (clock sys_clk rise edge)    0.000     0.000 r  <hidden>
    U20                                               0.000     0.000 r  clk
                         net (fo=0)                   0.000     0.000    clk
    U20                                                               r  clk_IBUF_inst/I
    U20                  IBUF (Prop_ibuf_I_O)         0.925     0.925 r  clk_IBUF_inst/O
                         net (fo=1, routed)           1.827     2.752    clk_IBUF
    BUFGCTRL_X0Y0                                                     r  clk_IBUF_BUFG_inst/I
    BUFGCTRL_X0Y0        BUFG (Prop_bufg_I_O)         0.081     2.833 r  clk_IBUF_BUFG_inst/O
                         net (fo=97, routed)          1.548     4.380    clk_IBUF_BUFG
    SLICE_X4Y124         FDCE                                         r  period_set_reg_reg[19]/C
  -------------------------------------------------------------------    -------------------
    SLICE_X4Y124         FDCE (Prop_fdce_C_Q)         0.379     4.759 f  period_set_reg_reg[19]/Q
                         net (fo=3, routed)           1.025     5.785    period_set_reg[19]
    SLICE_X5Y118                                                      f  time_cnt[31]_i_66/I0
    SLICE_X5Y118         LUT1 (Prop_lut1_I0_O)        0.105     5.890 r  time_cnt[31]_i_66/O
                         net (fo=1, routed)           0.000     5.890    time_cnt[31]_i_66_n_0
    SLICE_X5Y118                                                      r  time_cnt_reg[31]_i_42/S[2]
    SLICE_X5Y118         CARRY4 (Prop_carry4_S[2]_CO[3])
                                                      0.332     6.222 r  time_cnt_reg[31]_i_42/CO[3]
                         net (fo=1, routed)           0.000     6.222    time_cnt_reg[31]_i_42_n_0
    SLICE_X5Y119                                                      r  time_cnt_reg[31]_i_32/CI
    SLICE_X5Y119         CARRY4 (Prop_carry4_CI_CO[3])
                                                      0.098     6.320 r  time_cnt_reg[31]_i_32/CO[3]
                         net (fo=1, routed)           0.000     6.320    time_cnt_reg[31]_i_32_n_0
    SLICE_X5Y120                                                      r  time_cnt_reg[31]_i_31/CI
    SLICE_X5Y120         CARRY4 (Prop_carry4_CI_CO[3])
                                                      0.098     6.418 r  time_cnt_reg[31]_i_31/CO[3]
                         net (fo=1, routed)           0.000     6.418    time_cnt_reg[31]_i_31_n_0
    SLICE_X5Y121                                                      r  time_cnt_reg[31]_i_30/CI
    SLICE_X5Y121         CARRY4 (Prop_carry4_CI_O[1])
                                                      0.265     6.683 r  time_cnt_reg[31]_i_30/O[1]
                         net (fo=2, routed)           1.123     7.805    next_time_cnt2[30]
    SLICE_X4Y118                                                      r  time_cnt[31]_i_12/I2
    SLICE_X4Y118         LUT4 (Prop_lut4_I2_O)        0.250     8.055 r  time_cnt[31]_i_12/O
                         net (fo=1, routed)           0.000     8.055    time_cnt[31]_i_12_n_0
    SLICE_X4Y118                                                      r  time_cnt_reg[31]_i_3/S[3]
    SLICE_X4Y118         CARRY4 (Prop_carry4_S[3]_CO[3])
                                                      0.332     8.387 r  time_cnt_reg[31]_i_3/CO[3]
                         net (fo=64, routed)          1.288     9.675    time_cnt_reg[31]_i_3_n_0
    SLICE_X3Y114                                                      r  time_cnt[10]_i_1/I1
    SLICE_X3Y114         LUT4 (Prop_lut4_I1_O)        0.105     9.780 r  time_cnt[10]_i_1/O
                         net (fo=1, routed)           0.000     9.780    time_cnt[10]_i_1_n_0
    SLICE_X3Y114         FDCE                                         r  time_cnt_reg[10]/D
  -------------------------------------------------------------------    -------------------

                         (clock sys_clk rise edge)   20.000    20.000 r  <hidden>
    U20                                               0.000    20.000 r  clk
                         net (fo=0)                   0.000    20.000    clk
    U20                                                               r  clk_IBUF_inst/I
    U20                  IBUF (Prop_ibuf_I_O)         0.794    20.794 r  clk_IBUF_inst/O
                         net (fo=1, routed)           1.734    22.528    clk_IBUF
    BUFGCTRL_X0Y0                                                     r  clk_IBUF_BUFG_inst/I
    BUFGCTRL_X0Y0        BUFG (Prop_bufg_I_O)         0.077    22.605 r  clk_IBUF_BUFG_inst/O
                         net (fo=97, routed)          1.456    24.061    clk_IBUF_BUFG
    SLICE_X3Y114         FDCE                                         r  time_cnt_reg[10]/C
                         clock pessimism              0.294    24.354    <hidden>
                         clock uncertainty           -0.035    24.319    <hidden>
    SLICE_X3Y114         FDCE (Setup_fdce_C_D)        0.030    24.349    time_cnt_reg[10]
  -------------------------------------------------------------------
                         required time                         24.349    <hidden>
                         arrival time                          -9.780    <hidden>
  -------------------------------------------------------------------
                         slack                                 14.569    <hidden>

Slack (MET) :             14.571ns  (required time - arrival time)
  Source:                 period_set_reg_reg[19]/C
                            (rising edge-triggered cell FDCE clocked by sys_clk  {rise@0.000ns fall@10.000ns period=20.000ns})
  Destination:            time_cnt_reg[4]/D
                            (rising edge-triggered cell FDCE clocked by sys_clk  {rise@0.000ns fall@10.000ns period=20.000ns})
  Path Group:             sys_clk
  Path Type:              Setup (Max at Slow Process Corner)
  Requirement:            20.000ns  (sys_clk rise@20.000ns - sys_clk rise@0.000ns)
  Data Path Delay:        5.399ns  (logic 1.964ns (36.374%)  route 3.435ns (63.626%))
  Logic Levels:           8  (CARRY4=5 LUT1=1 LUT4=2)
  Clock Path Skew:        -0.026ns (DCD - SCD + CPR)
    Destination Clock Delay (DCD):    4.061ns = ( 24.061 - 20.000 ) 
    Source Clock Delay      (SCD):    4.380ns
    Clock Pessimism Removal (CPR):    0.294ns
  Clock Uncertainty:      0.035ns  ((TSJ^2 + TIJ^2)^1/2 + DJ) / 2 + PE
    Total System Jitter     (TSJ):    0.071ns
    Total Input Jitter      (TIJ):    0.000ns
    Discrete Jitter          (DJ):    0.000ns
    Phase Error              (PE):    0.000ns

    Location             Delay type                Incr(ns)  Path(ns)    Netlist Resource(s)
  -------------------------------------------------------------------    -------------------
                         (clock sys_clk rise edge)    0.000     0.000 r  <hidden>
    U20                                               0.000     0.000 r  clk
                         net (fo=0)                   0.000     0.000    clk
    U20                                                               r  clk_IBUF_inst/I
    U20                  IBUF (Prop_ibuf_I_O)         0.925     0.925 r  clk_IBUF_inst/O
                         net (fo=1, routed)           1.827     2.752    clk_IBUF
    BUFGCTRL_X0Y0                                                     r  clk_IBUF_BUFG_inst/I
    BUFGCTRL_X0Y0        BUFG (Prop_bufg_I_O)         0.081     2.833 r  clk_IBUF_BUFG_inst/O
                         net (fo=97, routed)          1.548     4.380    clk_IBUF_BUFG
    SLICE_X4Y124         FDCE                                         r  period_set_reg_reg[19]/C
  -------------------------------------------------------------------    -------------------
    SLICE_X4Y124         FDCE (Prop_fdce_C_Q)         0.379     4.759 f  period_set_reg_reg[19]/Q
                         net (fo=3, routed)           1.025     5.785    period_set_reg[19]
    SLICE_X5Y118                                                      f  time_cnt[31]_i_66/I0
    SLICE_X5Y118         LUT1 (Prop_lut1_I0_O)        0.105     5.890 r  time_cnt[31]_i_66/O
                         net (fo=1, routed)           0.000     5.890    time_cnt[31]_i_66_n_0
    SLICE_X5Y118                                                      r  time_cnt_reg[31]_i_42/S[2]
    SLICE_X5Y118         CARRY4 (Prop_carry4_S[2]_CO[3])
                                                      0.332     6.222 r  time_cnt_reg[31]_i_42/CO[3]
                         net (fo=1, routed)           0.000     6.222    time_cnt_reg[31]_i_42_n_0
    SLICE_X5Y119                                                      r  time_cnt_reg[31]_i_32/CI
    SLICE_X5Y119         CARRY4 (Prop_carry4_CI_CO[3])
                                                      0.098     6.320 r  time_cnt_reg[31]_i_32/CO[3]
                         net (fo=1, routed)           0.000     6.320    time_cnt_reg[31]_i_32_n_0
    SLICE_X5Y120                                                      r  time_cnt_reg[31]_i_31/CI
    SLICE_X5Y120         CARRY4 (Prop_carry4_CI_CO[3])
                                                      0.098     6.418 r  time_cnt_reg[31]_i_31/CO[3]
                         net (fo=1, routed)           0.000     6.418    time_cnt_reg[31]_i_31_n_0
    SLICE_X5Y121                                                      r  time_cnt_reg[31]_i_30/CI
    SLICE_X5Y121         CARRY4 (Prop_carry4_CI_O[1])
                                                      0.265     6.683 r  time_cnt_reg[31]_i_30/O[1]
                         net (fo=2, routed)           1.123     7.805    next_time_cnt2[30]
    SLICE_X4Y118                                                      r  time_cnt[31]_i_12/I2
    SLICE_X4Y118         LUT4 (Prop_lut4_I2_O)        0.250     8.055 r  time_cnt[31]_i_12/O
                         net (fo=1, routed)           0.000     8.055    time_cnt[31]_i_12_n_0
    SLICE_X4Y118                                                      r  time_cnt_reg[31]_i_3/S[3]
    SLICE_X4Y118         CARRY4 (Prop_carry4_S[3]_CO[3])
                                                      0.332     8.387 r  time_cnt_reg[31]_i_3/CO[3]
                         net (fo=64, routed)          1.288     9.675    time_cnt_reg[31]_i_3_n_0
    SLICE_X3Y114                                                      r  time_cnt[4]_i_1/I1
    SLICE_X3Y114         LUT4 (Prop_lut4_I1_O)        0.105     9.780 r  time_cnt[4]_i_1/O
                         net (fo=1, routed)           0.000     9.780    time_cnt[4]_i_1_n_0
    SLICE_X3Y114         FDCE                                         r  time_cnt_reg[4]/D
  -------------------------------------------------------------------    -------------------

                         (clock sys_clk rise edge)   20.000    20.000 r  <hidden>
    U20                                               0.000    20.000 r  clk
                         net (fo=0)                   0.000    20.000    clk
    U20                                                               r  clk_IBUF_inst/I
    U20                  IBUF (Prop_ibuf_I_O)         0.794    20.794 r  clk_IBUF_inst/O
                         net (fo=1, routed)           1.734    22.528    clk_IBUF
    BUFGCTRL_X0Y0                                                     r  clk_IBUF_BUFG_inst/I
    BUFGCTRL_X0Y0        BUFG (Prop_bufg_I_O)         0.077    22.605 r  clk_IBUF_BUFG_inst/O
                         net (fo=97, routed)          1.456    24.061    clk_IBUF_BUFG
    SLICE_X3Y114         FDCE                                         r  time_cnt_reg[4]/C
                         clock pessimism              0.294    24.354    <hidden>
                         clock uncertainty           -0.035    24.319    <hidden>
    SLICE_X3Y114         FDCE (Setup_fdce_C_D)        0.032    24.351    time_cnt_reg[4]
  -------------------------------------------------------------------
                         required time                         24.351    <hidden>
                         arrival time                          -9.780    <hidden>
  -------------------------------------------------------------------
                         slack                                 14.571    <hidden>

Slack (MET) :             14.587ns  (required time - arrival time)
  Source:                 period_set_reg_reg[19]/C
                            (rising edge-triggered cell FDCE clocked by sys_clk  {rise@0.000ns fall@10.000ns period=20.000ns})
  Destination:            time_cnt_reg[12]/D
                            (rising edge-triggered cell FDCE clocked by sys_clk  {rise@0.000ns fall@10.000ns period=20.000ns})
  Path Group:             sys_clk
  Path Type:              Setup (Max at Slow Process Corner)
  Requirement:            20.000ns  (sys_clk rise@20.000ns - sys_clk rise@0.000ns)
  Data Path Delay:        5.380ns  (logic 1.964ns (36.502%)  route 3.416ns (63.498%))
  Logic Levels:           8  (CARRY4=5 LUT1=1 LUT4=2)
  Clock Path Skew:        -0.027ns (DCD - SCD + CPR)
    Destination Clock Delay (DCD):    4.060ns = ( 24.060 - 20.000 ) 
    Source Clock Delay      (SCD):    4.380ns
    Clock Pessimism Removal (CPR):    0.294ns
  Clock Uncertainty:      0.035ns  ((TSJ^2 + TIJ^2)^1/2 + DJ) / 2 + PE
    Total System Jitter     (TSJ):    0.071ns
    Total Input Jitter      (TIJ):    0.000ns
    Discrete Jitter          (DJ):    0.000ns
    Phase Error              (PE):    0.000ns

    Location             Delay type                Incr(ns)  Path(ns)    Netlist Resource(s)
  -------------------------------------------------------------------    -------------------
                         (clock sys_clk rise edge)    0.000     0.000 r  <hidden>
    U20                                               0.000     0.000 r  clk
                         net (fo=0)                   0.000     0.000    clk
    U20                                                               r  clk_IBUF_inst/I
    U20                  IBUF (Prop_ibuf_I_O)         0.925     0.925 r  clk_IBUF_inst/O
                         net (fo=1, routed)           1.827     2.752    clk_IBUF
    BUFGCTRL_X0Y0                                                     r  clk_IBUF_BUFG_inst/I
    BUFGCTRL_X0Y0        BUFG (Prop_bufg_I_O)         0.081     2.833 r  clk_IBUF_BUFG_inst/O
                         net (fo=97, routed)          1.548     4.380    clk_IBUF_BUFG
    SLICE_X4Y124         FDCE                                         r  period_set_reg_reg[19]/C
  -------------------------------------------------------------------    -------------------
    SLICE_X4Y124         FDCE (Prop_fdce_C_Q)         0.379     4.759 f  period_set_reg_reg[19]/Q
                         net (fo=3, routed)           1.025     5.785    period_set_reg[19]
    SLICE_X5Y118                                                      f  time_cnt[31]_i_66/I0
    SLICE_X5Y118         LUT1 (Prop_lut1_I0_O)        0.105     5.890 r  time_cnt[31]_i_66/O
                         net (fo=1, routed)           0.000     5.890    time_cnt[31]_i_66_n_0
    SLICE_X5Y118                                                      r  time_cnt_reg[31]_i_42/S[2]
    SLICE_X5Y118         CARRY4 (Prop_carry4_S[2]_CO[3])
                                                      0.332     6.222 r  time_cnt_reg[31]_i_42/CO[3]
                         net (fo=1, routed)           0.000     6.222    time_cnt_reg[31]_i_42_n_0
    SLICE_X5Y119                                                      r  time_cnt_reg[31]_i_32/CI
    SLICE_X5Y119         CARRY4 (Prop_carry4_CI_CO[3])
                                                      0.098     6.320 r  time_cnt_reg[31]_i_32/CO[3]
                         net (fo=1, routed)           0.000     6.320    time_cnt_reg[31]_i_32_n_0
    SLICE_X5Y120                                                      r  time_cnt_reg[31]_i_31/CI
    SLICE_X5Y120         CARRY4 (Prop_carry4_CI_CO[3])
                                                      0.098     6.418 r  time_cnt_reg[31]_i_31/CO[3]
                         net (fo=1, routed)           0.000     6.418    time_cnt_reg[31]_i_31_n_0
    SLICE_X5Y121                                                      r  time_cnt_reg[31]_i_30/CI
    SLICE_X5Y121         CARRY4 (Prop_carry4_CI_O[1])
                                                      0.265     6.683 r  time_cnt_reg[31]_i_30/O[1]
                         net (fo=2, routed)           1.123     7.805    next_time_cnt2[30]
    SLICE_X4Y118                                                      r  time_cnt[31]_i_12/I2
    SLICE_X4Y118         LUT4 (Prop_lut4_I2_O)        0.250     8.055 r  time_cnt[31]_i_12/O
                         net (fo=1, routed)           0.000     8.055    time_cnt[31]_i_12_n_0
    SLICE_X4Y118                                                      r  time_cnt_reg[31]_i_3/S[3]
    SLICE_X4Y118         CARRY4 (Prop_carry4_S[3]_CO[3])
                                                      0.332     8.387 r  time_cnt_reg[31]_i_3/CO[3]
                         net (fo=64, routed)          1.269     9.656    time_cnt_reg[31]_i_3_n_0
    SLICE_X1Y116                                                      r  time_cnt[12]_i_1/I1
    SLICE_X1Y116         LUT4 (Prop_lut4_I1_O)        0.105     9.761 r  time_cnt[12]_i_1/O
                         net (fo=1, routed)           0.000     9.761    time_cnt[12]_i_1_n_0
    SLICE_X1Y116         FDCE                                         r  time_cnt_reg[12]/D
  -------------------------------------------------------------------    -------------------

                         (clock sys_clk rise edge)   20.000    20.000 r  <hidden>
    U20                                               0.000    20.000 r  clk
                         net (fo=0)                   0.000    20.000    clk
    U20                                                               r  clk_IBUF_inst/I
    U20                  IBUF (Prop_ibuf_I_O)         0.794    20.794 r  clk_IBUF_inst/O
                         net (fo=1, routed)           1.734    22.528    clk_IBUF
    BUFGCTRL_X0Y0                                                     r  clk_IBUF_BUFG_inst/I
    BUFGCTRL_X0Y0        BUFG (Prop_bufg_I_O)         0.077    22.605 r  clk_IBUF_BUFG_inst/O
                         net (fo=97, routed)          1.455    24.060    clk_IBUF_BUFG
    SLICE_X1Y116         FDCE                                         r  time_cnt_reg[12]/C
                         clock pessimism              0.294    24.353    <hidden>
                         clock uncertainty           -0.035    24.318    <hidden>
    SLICE_X1Y116         FDCE (Setup_fdce_C_D)        0.030    24.348    time_cnt_reg[12]
  -------------------------------------------------------------------
                         required time                         24.348    <hidden>
                         arrival time                          -9.761    <hidden>
  -------------------------------------------------------------------
                         slack                                 14.587    <hidden>

Slack (MET) :             14.588ns  (required time - arrival time)
  Source:                 period_set_reg_reg[19]/C
                            (rising edge-triggered cell FDCE clocked by sys_clk  {rise@0.000ns fall@10.000ns period=20.000ns})
  Destination:            time_cnt_reg[0]/D
                            (rising edge-triggered cell FDCE clocked by sys_clk  {rise@0.000ns fall@10.000ns period=20.000ns})
  Path Group:             sys_clk
  Path Type:              Setup (Max at Slow Process Corner)
  Requirement:            20.000ns  (sys_clk rise@20.000ns - sys_clk rise@0.000ns)
  Data Path Delay:        5.382ns  (logic 1.964ns (36.492%)  route 3.418ns (63.508%))
  Logic Levels:           8  (CARRY4=5 LUT1=1 LUT4=2)
  Clock Path Skew:        -0.025ns (DCD - SCD + CPR)
    Destination Clock Delay (DCD):    4.062ns = ( 24.062 - 20.000 ) 
    Source Clock Delay      (SCD):    4.380ns
    Clock Pessimism Removal (CPR):    0.294ns
  Clock Uncertainty:      0.035ns  ((TSJ^2 + TIJ^2)^1/2 + DJ) / 2 + PE
    Total System Jitter     (TSJ):    0.071ns
    Total Input Jitter      (TIJ):    0.000ns
    Discrete Jitter          (DJ):    0.000ns
    Phase Error              (PE):    0.000ns

    Location             Delay type                Incr(ns)  Path(ns)    Netlist Resource(s)
  -------------------------------------------------------------------    -------------------
                         (clock sys_clk rise edge)    0.000     0.000 r  <hidden>
    U20                                               0.000     0.000 r  clk
                         net (fo=0)                   0.000     0.000    clk
    U20                                                               r  clk_IBUF_inst/I
    U20                  IBUF (Prop_ibuf_I_O)         0.925     0.925 r  clk_IBUF_inst/O
                         net (fo=1, routed)           1.827     2.752    clk_IBUF
    BUFGCTRL_X0Y0                                                     r  clk_IBUF_BUFG_inst/I
    BUFGCTRL_X0Y0        BUFG (Prop_bufg_I_O)         0.081     2.833 r  clk_IBUF_BUFG_inst/O
                         net (fo=97, routed)          1.548     4.380    clk_IBUF_BUFG
    SLICE_X4Y124         FDCE                                         r  period_set_reg_reg[19]/C
  -------------------------------------------------------------------    -------------------
    SLICE_X4Y124         FDCE (Prop_fdce_C_Q)         0.379     4.759 f  period_set_reg_reg[19]/Q
                         net (fo=3, routed)           1.025     5.785    period_set_reg[19]
    SLICE_X5Y118                                                      f  time_cnt[31]_i_66/I0
    SLICE_X5Y118         LUT1 (Prop_lut1_I0_O)        0.105     5.890 r  time_cnt[31]_i_66/O
                         net (fo=1, routed)           0.000     5.890    time_cnt[31]_i_66_n_0
    SLICE_X5Y118                                                      r  time_cnt_reg[31]_i_42/S[2]
    SLICE_X5Y118         CARRY4 (Prop_carry4_S[2]_CO[3])
                                                      0.332     6.222 r  time_cnt_reg[31]_i_42/CO[3]
                         net (fo=1, routed)           0.000     6.222    time_cnt_reg[31]_i_42_n_0
    SLICE_X5Y119                                                      r  time_cnt_reg[31]_i_32/CI
    SLICE_X5Y119         CARRY4 (Prop_carry4_CI_CO[3])
                                                      0.098     6.320 r  time_cnt_reg[31]_i_32/CO[3]
                         net (fo=1, routed)           0.000     6.320    time_cnt_reg[31]_i_32_n_0
    SLICE_X5Y120                                                      r  time_cnt_reg[31]_i_31/CI
    SLICE_X5Y120         CARRY4 (Prop_carry4_CI_CO[3])
                                                      0.098     6.418 r  time_cnt_reg[31]_i_31/CO[3]
                         net (fo=1, routed)           0.000     6.418    time_cnt_reg[31]_i_31_n_0
    SLICE_X5Y121                                                      r  time_cnt_reg[31]_i_30/CI
    SLICE_X5Y121         CARRY4 (Prop_carry4_CI_O[1])
                                                      0.265     6.683 r  time_cnt_reg[31]_i_30/O[1]
                         net (fo=2, routed)           1.123     7.805    next_time_cnt2[30]
    SLICE_X4Y118                                                      r  time_cnt[31]_i_12/I2
    SLICE_X4Y118         LUT4 (Prop_lut4_I2_O)        0.250     8.055 r  time_cnt[31]_i_12/O
                         net (fo=1, routed)           0.000     8.055    time_cnt[31]_i_12_n_0
    SLICE_X4Y118                                                      r  time_cnt_reg[31]_i_3/S[3]
    SLICE_X4Y118         CARRY4 (Prop_carry4_S[3]_CO[3])
                                                      0.332     8.387 r  time_cnt_reg[31]_i_3/CO[3]
                         net (fo=64, routed)          1.270     9.657    time_cnt_reg[31]_i_3_n_0
    SLICE_X3Y113                                                      r  time_cnt[0]_i_1/I1
    SLICE_X3Y113         LUT4 (Prop_lut4_I1_O)        0.105     9.762 r  time_cnt[0]_i_1/O
                         net (fo=1, routed)           0.000     9.762    time_cnt[0]_i_1_n_0
    SLICE_X3Y113         FDCE                                         r  time_cnt_reg[0]/D
  -------------------------------------------------------------------    -------------------

                         (clock sys_clk rise edge)   20.000    20.000 r  <hidden>
    U20                                               0.000    20.000 r  clk
                         net (fo=0)                   0.000    20.000    clk
    U20                                                               r  clk_IBUF_inst/I
    U20                  IBUF (Prop_ibuf_I_O)         0.794    20.794 r  clk_IBUF_inst/O
                         net (fo=1, routed)           1.734    22.528    clk_IBUF
    BUFGCTRL_X0Y0                                                     r  clk_IBUF_BUFG_inst/I
    BUFGCTRL_X0Y0        BUFG (Prop_bufg_I_O)         0.077    22.605 r  clk_IBUF_BUFG_inst/O
                         net (fo=97, routed)          1.457    24.062    clk_IBUF_BUFG
    SLICE_X3Y113         FDCE                                         r  time_cnt_reg[0]/C
                         clock pessimism              0.294    24.355    <hidden>
                         clock uncertainty           -0.035    24.320    <hidden>
    SLICE_X3Y113         FDCE (Setup_fdce_C_D)        0.030    24.350    time_cnt_reg[0]
  -------------------------------------------------------------------
                         required time                         24.350    <hidden>
                         arrival time                          -9.762    <hidden>
  -------------------------------------------------------------------
                         slack                                 14.588    <hidden>




