Copyright 1986-2022 Xilinx, Inc. All Rights Reserved. Copyright 2022-2026 Advanced Micro Devices, Inc. All Rights Reserved.
--------------------------------------------------------------------------------------------------------------------------------------------------------------------------------------------
| Tool Version : Vivado v.2026.1 (win64) Build 6511674 Tue Jun 16 11:02:23 MDT 2026
| Date         : Sun Sep 20 13:25:29 2026
| Host         : DependOnOMEN16 running 64-bit major release  (build 9200)
| Command      : report_timing_summary -delay_type min_max -report_unconstrained -check_timing_verbose -file D:/Project/FPGA_XC7A200T/docs/reports/step6d/final03/routed_timing_summary.rpt
| Design       : mc_foc_pwm_top
| Device       : 7a200t-fbg484
| Speed File   : -2  PRODUCTION 1.23 2018-06-13
| Design State : Routed
--------------------------------------------------------------------------------------------------------------------------------------------------------------------------------------------

Timing Summary Report

------------------------------------------------------------------------------------------------
| Timer Settings
| --------------
------------------------------------------------------------------------------------------------

  Enable Multi Corner Analysis               :  Yes
  Enable Pessimism Removal                   :  Yes
  Pessimism Removal Resolution               :  Nearest Common Node
  Enable Input Delay Default Clock           :  No
  Enable Preset / Clear Arcs                 :  No
  Disable Flight Delays                      :  No
  Ignore I/O Paths                           :  No
  Timing Early Launch at Borrowing Latches   :  No
  Borrow Time for Max Delay Exceptions       :  Yes
  Merge Timing Exceptions                    :  Yes
  Inter-SLR Compensation                     :  Conservative

  Corner  Analyze    Analyze
  Name    Max Paths  Min Paths
  ------  ---------  ---------
  Slow    Yes        Yes
  Fast    Yes        Yes


------------------------------------------------------------------------------------------------
| Report Methodology
| ------------------
------------------------------------------------------------------------------------------------

Rule       Severity  Description                                 Violations
---------  --------  ------------------------------------------  ----------
DPIR-1     Warning   Asynchronous driver check                   1318
SYNTH-6    Warning   Timing of a RAM block might be sub-optimal  2
SYNTH-10   Warning   Wide multiplier                             40
TIMING-18  Warning   Missing input or output delay               209

Note: This report is based on the most recent report_methodology run and may not be up-to-date. Run report_methodology on the current design for the latest report.



check_timing report

Table of Contents
-----------------
1. checking no_clock (0)
2. checking constant_clock (0)
3. checking pulse_width_clock (0)
4. checking unconstrained_internal_endpoints (0)
5. checking no_input_delay (198)
6. checking no_output_delay (8)
7. checking multiple_clock (0)
8. checking generated_clocks (0)
9. checking loops (0)
10. checking partial_input_delay (0)
11. checking partial_output_delay (0)
12. checking latch_loops (0)

1. checking no_clock (0)
------------------------
 There are 0 register/latch pins with no clock.


2. checking constant_clock (0)
------------------------------
 There are 0 register/latch pins with constant_clock.


3. checking pulse_width_clock (0)
---------------------------------
 There are 0 register/latch pins which need pulse_width check


4. checking unconstrained_internal_endpoints (0)
------------------------------------------------
 There are 0 pins that are not constrained for maximum delay.

 There are 0 pins that are not constrained for maximum delay due to constant clock.


5. checking no_input_delay (198)
--------------------------------
 There are 198 input ports with no input delay specified. (HIGH)

ia[0]
ia[10]
ia[11]
ia[12]
ia[13]
ia[14]
ia[15]
ia[16]
ia[17]
ia[18]
ia[19]
ia[1]
ia[20]
ia[21]
ia[22]
ia[23]
ia[2]
ia[3]
ia[4]
ia[5]
ia[6]
ia[7]
ia[8]
ia[9]
ib[0]
ib[10]
ib[11]
ib[12]
ib[13]
ib[14]
ib[15]
ib[16]
ib[17]
ib[18]
ib[19]
ib[1]
ib[20]
ib[21]
ib[22]
ib[23]
ib[2]
ib[3]
ib[4]
ib[5]
ib[6]
ib[7]
ib[8]
ib[9]
ic[0]
ic[10]
ic[11]
ic[12]
ic[13]
ic[14]
ic[15]
ic[16]
ic[17]
ic[18]
ic[19]
ic[1]
ic[20]
ic[21]
ic[22]
ic[23]
ic[2]
ic[3]
ic[4]
ic[5]
ic[6]
ic[7]
ic[8]
ic[9]
id_ref[0]
id_ref[10]
id_ref[11]
id_ref[12]
id_ref[13]
id_ref[14]
id_ref[15]
id_ref[16]
id_ref[17]
id_ref[18]
id_ref[19]
id_ref[1]
id_ref[20]
id_ref[21]
id_ref[22]
id_ref[23]
id_ref[24]
id_ref[2]
id_ref[3]
id_ref[4]
id_ref[5]
id_ref[6]
id_ref[7]
id_ref[8]
id_ref[9]
iq_ref[0]
iq_ref[10]
iq_ref[11]
iq_ref[12]
iq_ref[13]
iq_ref[14]
iq_ref[15]
iq_ref[16]
iq_ref[17]
iq_ref[18]
iq_ref[19]
iq_ref[1]
iq_ref[20]
iq_ref[21]
iq_ref[22]
iq_ref[23]
iq_ref[24]
iq_ref[2]
iq_ref[3]
iq_ref[4]
iq_ref[5]
iq_ref[6]
iq_ref[7]
iq_ref[8]
iq_ref[9]
pi_reset
reset_n
run_enable
sample_valid
theta_e[10]
theta_e[11]
theta_e[12]
theta_e[13]
theta_e[14]
theta_e[15]
theta_e[2]
theta_e[3]
theta_e[4]
theta_e[5]
theta_e[6]
theta_e[7]
theta_e[8]
theta_e[9]
uq_zero_en
vdc[0]
vdc[10]
vdc[11]
vdc[12]
vdc[13]
vdc[14]
vdc[15]
vdc[16]
vdc[17]
vdc[18]
vdc[19]
vdc[1]
vdc[20]
vdc[21]
vdc[22]
vdc[23]
vdc[24]
vdc[2]
vdc[3]
vdc[4]
vdc[5]
vdc[6]
vdc[7]
vdc[8]
vdc[9]
we[0]
we[10]
we[11]
we[12]
we[13]
we[14]
we[15]
we[16]
we[17]
we[18]
we[19]
we[1]
we[20]
we[21]
we[22]
we[23]
we[24]
we[25]
we[26]
we[27]
we[28]
we[29]
we[2]
we[30]
we[31]
we[3]
we[4]
we[5]
we[6]
we[7]
we[8]
we[9]

 There are 0 input ports with no input delay but user has a false path constraint.


6. checking no_output_delay (8)
-------------------------------
 There are 8 ports with no output delay specified. (HIGH)

fault_code[0]
fault_code[1]
needs_reset
pwm_u
pwm_v
pwm_w
sample_ready
sample_request

 There are 0 ports with no output delay but user has a false path constraint

 There are 0 ports with no output delay but with a timing clock defined on it or propagating through it


7. checking multiple_clock (0)
------------------------------
 There are 0 register/latch pins with multiple clocks.


8. checking generated_clocks (0)
--------------------------------
 There are 0 generated clocks that are not connected to a clock source.


9. checking loops (0)
---------------------
 There are 0 combinational loops in the design.


10. checking partial_input_delay (0)
------------------------------------
 There are 0 input ports with partial input delay specified.


11. checking partial_output_delay (0)
-------------------------------------
 There are 0 ports with partial output delay specified.


12. checking latch_loops (0)
----------------------------
 There are 0 combinational latch loops in the design through latch input



------------------------------------------------------------------------------------------------
| Design Timing Summary
| ---------------------
------------------------------------------------------------------------------------------------

    WNS(ns)      TNS(ns)  TNS Failing Endpoints  TNS Total Endpoints      WHS(ns)      THS(ns)  THS Failing Endpoints  THS Total Endpoints     WPWS(ns)     TPWS(ns)  TPWS Failing Endpoints  TPWS Total Endpoints
    -------      -------  ---------------------  -------------------      -------      -------  ---------------------  -------------------     --------     --------  ----------------------  --------------------
      2.053        0.000                      0                20150        0.069        0.000                      0                20150        9.500        0.000                       0                  8515


All user specified timing constraints are met.


------------------------------------------------------------------------------------------------
| Clock Summary
| -------------
------------------------------------------------------------------------------------------------

Clock    Waveform(ns)       Period(ns)      Frequency(MHz)
-----    ------------       ----------      --------------
sys_clk  {0.000 10.000}     20.000          50.000


------------------------------------------------------------------------------------------------
| Intra Clock Table
| -----------------
------------------------------------------------------------------------------------------------

Clock             WNS(ns)      TNS(ns)  TNS Failing Endpoints  TNS Total Endpoints      WHS(ns)      THS(ns)  THS Failing Endpoints  THS Total Endpoints     WPWS(ns)     TPWS(ns)  TPWS Failing Endpoints  TPWS Total Endpoints
-----             -------      -------  ---------------------  -------------------      -------      -------  ---------------------  -------------------     --------     --------  ----------------------  --------------------
sys_clk             2.053        0.000                      0                20150        0.069        0.000                      0                20150        9.500        0.000                       0                  8515


------------------------------------------------------------------------------------------------
| Inter Clock Table
| -----------------
------------------------------------------------------------------------------------------------

From Clock    To Clock          WNS(ns)      TNS(ns)  TNS Failing Endpoints  TNS Total Endpoints      WHS(ns)      THS(ns)  THS Failing Endpoints  THS Total Endpoints
----------    --------          -------      -------  ---------------------  -------------------      -------      -------  ---------------------  -------------------


------------------------------------------------------------------------------------------------
| Other Path Groups Table
| -----------------------
------------------------------------------------------------------------------------------------

Path Group    From Clock    To Clock          WNS(ns)      TNS(ns)  TNS Failing Endpoints  TNS Total Endpoints      WHS(ns)      THS(ns)  THS Failing Endpoints  THS Total Endpoints
----------    ----------    --------          -------      -------  ---------------------  -------------------      -------      -------  ---------------------  -------------------


------------------------------------------------------------------------------------------------
| User Ignored Path Table
| -----------------------
------------------------------------------------------------------------------------------------

Path Group    From Clock    To Clock
----------    ----------    --------


------------------------------------------------------------------------------------------------
| Unconstrained Path Table
| ------------------------
------------------------------------------------------------------------------------------------

Path Group    From Clock    To Clock
----------    ----------    --------
(none)
(none)        sys_clk
(none)                      sys_clk


------------------------------------------------------------------------------------------------
| Timing Details
| --------------
------------------------------------------------------------------------------------------------


---------------------------------------------------------------------------------------------------
From Clock:  sys_clk
  To Clock:  sys_clk

Setup :            0  Failing Endpoints,  Worst Slack        2.053ns,  Total Violation        0.000ns
Hold  :            0  Failing Endpoints,  Worst Slack        0.069ns,  Total Violation        0.000ns
PW    :            0  Failing Endpoints,  Worst Slack        9.500ns,  Total Violation        0.000ns
---------------------------------------------------------------------------------------------------


Max Delay Paths
--------------------------------------------------------------------------------------
Slack (MET) :             2.053ns  (required time - arrival time)
  Source:                 foc/svpwm/divider_denominator_reg[5]/C
                            (rising edge-triggered cell FDCE clocked by sys_clk  {rise@0.000ns fall@10.000ns period=20.000ns})
  Destination:            foc/svpwm/t1_debug_reg[10]/CE
                            (rising edge-triggered cell FDCE clocked by sys_clk  {rise@0.000ns fall@10.000ns period=20.000ns})
  Path Group:             sys_clk
  Path Type:              Setup (Max at Slow Process Corner)
  Requirement:            20.000ns  (sys_clk rise@20.000ns - sys_clk rise@0.000ns)
  Data Path Delay:        17.738ns  (logic 10.601ns (59.765%)  route 7.137ns (40.235%))
  Logic Levels:           24  (CARRY4=16 DSP48E1=3 LUT2=1 LUT3=1 LUT4=2 LUT5=1)
  Clock Path Skew:        -0.038ns (DCD - SCD + CPR)
    Destination Clock Delay (DCD):    4.127ns = ( 24.127 - 20.000 )
    Source Clock Delay      (SCD):    4.466ns
    Clock Pessimism Removal (CPR):    0.301ns
  Clock Uncertainty:      0.035ns  ((TSJ^2 + TIJ^2)^1/2 + DJ) / 2 + PE
    Total System Jitter     (TSJ):    0.071ns
    Total Input Jitter      (TIJ):    0.000ns
    Discrete Jitter          (DJ):    0.000ns
    Phase Error              (PE):    0.000ns

    Location             Delay type                Incr(ns)  Path(ns)    Netlist Resource(s)
  -------------------------------------------------------------------    -------------------
                         (clock sys_clk rise edge)    0.000     0.000 r  <hidden>
    U20                                               0.000     0.000 r  clk
                         net (fo=0)                   0.000     0.000    clk
    U20                  IBUF (Prop_ibuf_I_O)         0.925     0.925 r  clk_IBUF_inst/O
                         net (fo=1, routed)           1.827     2.752    clk_IBUF
    BUFGCTRL_X0Y0        BUFG (Prop_bufg_I_O)         0.081     2.833 r  clk_IBUF_BUFG_inst/O
                         net (fo=8520, routed)        1.633     4.466    foc/svpwm/clk_IBUF_BUFG
    SLICE_X24Y87         FDCE                                         r  foc/svpwm/divider_denominator_reg[5]/C
  -------------------------------------------------------------------    -------------------
    SLICE_X24Y87         FDCE (Prop_fdce_C_Q)         0.348     4.814 r  foc/svpwm/divider_denominator_reg[5]/Q
                         net (fo=20, routed)          1.427     6.240    foc/svpwm/divider_denominator[5]
    DSP48_X0Y27          DSP48E1 (Prop_dsp48e1_B[5]_PCOUT[47])
                                                      3.381     9.621 r  foc/svpwm/t_stage_valid4__14/PCOUT[47]
                         net (fo=1, routed)           0.002     9.623    foc/svpwm/t_stage_valid4__14_n_106
    DSP48_X0Y28          DSP48E1 (Prop_dsp48e1_PCIN[47]_PCOUT[47])
                                                      1.438    11.061 r  foc/svpwm/t_stage_valid4__15/PCOUT[47]
                         net (fo=1, routed)           0.002    11.063    foc/svpwm/t_stage_valid4__15_n_106
    DSP48_X0Y29          DSP48E1 (Prop_dsp48e1_PCIN[47]_P[42])
                                                      1.271    12.334 r  foc/svpwm/t_stage_valid4__16/P[42]
                         net (fo=2, routed)           1.084    13.418    foc/svpwm/t_stage_valid4__16_n_63
    SLICE_X12Y80         LUT3 (Prop_lut3_I0_O)        0.127    13.545 r  foc/svpwm/t_stage_valid_i_576/O
                         net (fo=2, routed)           0.689    14.234    foc/svpwm/t_stage_valid_i_576_n_0
    SLICE_X12Y80         LUT4 (Prop_lut4_I3_O)        0.268    14.502 r  foc/svpwm/t_stage_valid_i_580/O
                         net (fo=1, routed)           0.000    14.502    foc/svpwm/t_stage_valid_i_580_n_0
    SLICE_X12Y80         CARRY4 (Prop_carry4_S[3]_CO[3])
                                                      0.314    14.816 r  foc/svpwm/t_stage_valid_reg_i_437/CO[3]
                         net (fo=1, routed)           0.000    14.816    foc/svpwm/t_stage_valid_reg_i_437_n_0
    SLICE_X12Y81         CARRY4 (Prop_carry4_CI_CO[3])
                                                      0.100    14.916 r  foc/svpwm/t_stage_valid_reg_i_436/CO[3]
                         net (fo=1, routed)           0.000    14.916    foc/svpwm/t_stage_valid_reg_i_436_n_0
    SLICE_X12Y82         CARRY4 (Prop_carry4_CI_CO[3])
                                                      0.100    15.016 r  foc/svpwm/t_stage_valid_reg_i_435/CO[3]
                         net (fo=1, routed)           0.000    15.016    foc/svpwm/t_stage_valid_reg_i_435_n_0
    SLICE_X12Y83         CARRY4 (Prop_carry4_CI_CO[3])
                                                      0.100    15.116 r  foc/svpwm/t_stage_valid_reg_i_319/CO[3]
                         net (fo=1, routed)           0.000    15.116    foc/svpwm/t_stage_valid_reg_i_319_n_0
    SLICE_X12Y84         CARRY4 (Prop_carry4_CI_CO[3])
                                                      0.100    15.216 r  foc/svpwm/t_stage_valid_reg_i_318/CO[3]
                         net (fo=1, routed)           0.000    15.216    foc/svpwm/t_stage_valid_reg_i_318_n_0
    SLICE_X12Y85         CARRY4 (Prop_carry4_CI_CO[3])
                                                      0.100    15.316 r  foc/svpwm/t_stage_valid_reg_i_317/CO[3]
                         net (fo=1, routed)           0.000    15.316    foc/svpwm/t_stage_valid_reg_i_317_n_0
    SLICE_X12Y86         CARRY4 (Prop_carry4_CI_CO[3])
                                                      0.100    15.416 r  foc/svpwm/t_stage_valid_reg_i_215/CO[3]
                         net (fo=1, routed)           0.000    15.416    foc/svpwm/t_stage_valid_reg_i_215_n_0
    SLICE_X12Y87         CARRY4 (Prop_carry4_CI_CO[3])
                                                      0.100    15.516 r  foc/svpwm/t_stage_valid_reg_i_214/CO[3]
                         net (fo=1, routed)           0.000    15.516    foc/svpwm/t_stage_valid_reg_i_214_n_0
    SLICE_X12Y88         CARRY4 (Prop_carry4_CI_CO[3])
                                                      0.100    15.616 r  foc/svpwm/t_stage_valid_reg_i_213/CO[3]
                         net (fo=1, routed)           0.000    15.616    foc/svpwm/t_stage_valid_reg_i_213_n_0
    SLICE_X12Y89         CARRY4 (Prop_carry4_CI_CO[3])
                                                      0.100    15.716 r  foc/svpwm/t_stage_valid_reg_i_133/CO[3]
                         net (fo=1, routed)           0.000    15.716    foc/svpwm/t_stage_valid_reg_i_133_n_0
    SLICE_X12Y90         CARRY4 (Prop_carry4_CI_CO[3])
                                                      0.100    15.816 r  foc/svpwm/t_stage_valid_reg_i_132/CO[3]
                         net (fo=1, routed)           0.000    15.816    foc/svpwm/t_stage_valid_reg_i_132_n_0
    SLICE_X12Y91         CARRY4 (Prop_carry4_CI_CO[3])
                                                      0.100    15.916 r  foc/svpwm/t_stage_valid_reg_i_131/CO[3]
                         net (fo=1, routed)           0.000    15.916    foc/svpwm/t_stage_valid_reg_i_131_n_0
    SLICE_X12Y92         CARRY4 (Prop_carry4_CI_O[0])
                                                      0.178    16.094 r  foc/svpwm/t_stage_valid_reg_i_76/O[0]
                         net (fo=1, routed)           0.461    16.555    foc/svpwm/t_stage_valid_reg_i_76_n_7
    SLICE_X13Y92         CARRY4 (Prop_carry4_S[1]_CO[3])
                                                      0.695    17.250 r  foc/svpwm/t_stage_valid_reg_i_72/CO[3]
                         net (fo=1, routed)           0.000    17.250    foc/svpwm/t_stage_valid_reg_i_72_n_0
    SLICE_X13Y93         CARRY4 (Prop_carry4_CI_O[3])
                                                      0.260    17.510 f  foc/svpwm/t_stage_valid_reg_i_32/O[3]
                         net (fo=1, routed)           0.706    18.216    foc/svpwm/reconstructed_numerator_a[111]
    SLICE_X14Y89         LUT2 (Prop_lut2_I0_O)        0.257    18.473 r  foc/svpwm/t_stage_valid_i_10/O
                         net (fo=1, routed)           0.000    18.473    foc/svpwm/t_stage_valid_i_10_n_0
    SLICE_X14Y89         CARRY4 (Prop_carry4_S[1]_CO[1])
                                                      0.409    18.882 f  foc/svpwm/t_stage_valid_reg_i_3/CO[1]
                         net (fo=4, routed)           0.997    19.879    foc/svpwm/t_stage_valid21_out
    SLICE_X31Y85         LUT5 (Prop_lut5_I3_O)        0.280    20.159 r  foc/svpwm/t_stage_valid_i_1/O
                         net (fo=2, routed)           0.504    20.663    foc/svpwm/t_stage_valid22_out
    SLICE_X31Y79         LUT4 (Prop_lut4_I0_O)        0.275    20.938 r  foc/svpwm/t1_debug[33]_i_1/O
                         net (fo=68, routed)          1.266    22.204    foc/svpwm/t1_debug[33]_i_1_n_0
    SLICE_X12Y66         FDCE                                         r  foc/svpwm/t1_debug_reg[10]/CE
  -------------------------------------------------------------------    -------------------

                         (clock sys_clk rise edge)   20.000    20.000 r  <hidden>
    U20                                               0.000    20.000 r  clk
                         net (fo=0)                   0.000    20.000    clk
    U20                  IBUF (Prop_ibuf_I_O)         0.794    20.794 r  clk_IBUF_inst/O
                         net (fo=1, routed)           1.734    22.528    clk_IBUF
    BUFGCTRL_X0Y0        BUFG (Prop_bufg_I_O)         0.077    22.605 r  clk_IBUF_BUFG_inst/O
                         net (fo=8520, routed)        1.522    24.127    foc/svpwm/clk_IBUF_BUFG
    SLICE_X12Y66         FDCE                                         r  foc/svpwm/t1_debug_reg[10]/C
                         clock pessimism              0.301    24.428    <hidden>
                         clock uncertainty           -0.035    24.392    <hidden>
    SLICE_X12Y66         FDCE (Setup_fdce_C_CE)      -0.136    24.256    foc/svpwm/t1_debug_reg[10]
  -------------------------------------------------------------------
                         required time                         24.256    <hidden>
                         arrival time                         -22.204    <hidden>
  -------------------------------------------------------------------
                         slack                                  2.053    <hidden>





Min Delay Paths
--------------------------------------------------------------------------------------
Slack (MET) :             0.069ns  (arrival time - required time)
  Source:                 foc/pi_core/eval_engine/ff_hl_reg[0]/CLK
                            (rising edge-triggered cell DSP48E1 clocked by sys_clk  {rise@0.000ns fall@10.000ns period=20.000ns})
  Destination:            foc/pi_core/eval_engine/ff_pair0_reg[0][18]/D
                            (rising edge-triggered cell FDRE clocked by sys_clk  {rise@0.000ns fall@10.000ns period=20.000ns})
  Path Group:             sys_clk
  Path Type:              Hold (Min at Fast Process Corner)
  Requirement:            0.000ns  (sys_clk rise@0.000ns - sys_clk rise@0.000ns)
  Data Path Delay:        0.460ns  (logic 0.235ns (51.045%)  route 0.225ns (48.955%))
  Logic Levels:           2  (CARRY4=1 LUT2=1)
  Clock Path Skew:        0.257ns (DCD - SCD - CPR)
    Destination Clock Delay (DCD):    2.110ns
    Source Clock Delay      (SCD):    1.596ns
    Clock Pessimism Removal (CPR):    0.257ns

    Location             Delay type                Incr(ns)  Path(ns)    Netlist Resource(s)
  -------------------------------------------------------------------    -------------------
                         (clock sys_clk rise edge)    0.000     0.000 r  <hidden>
    U20                                               0.000     0.000 r  clk
                         net (fo=0)                   0.000     0.000    clk
    U20                  IBUF (Prop_ibuf_I_O)         0.221     0.221 r  clk_IBUF_inst/O
                         net (fo=1, routed)           0.690     0.912    clk_IBUF
    BUFGCTRL_X0Y0        BUFG (Prop_bufg_I_O)         0.026     0.938 r  clk_IBUF_BUFG_inst/O
                         net (fo=8520, routed)        0.658     1.596    foc/pi_core/eval_engine/clk_IBUF_BUFG
    DSP48_X5Y40          DSP48E1                                      r  foc/pi_core/eval_engine/ff_hl_reg[0]/CLK
  -------------------------------------------------------------------    -------------------
    DSP48_X5Y40          DSP48E1 (Prop_dsp48e1_CLK_P[2])
                                                      0.126     1.722 r  foc/pi_core/eval_engine/ff_hl_reg[0]/P[2]
                         net (fo=1, routed)           0.225     1.947    foc/pi_core/eval_engine/ff_hl_reg_n_103_[0]
    SLICE_X94Y99         LUT2 (Prop_lut2_I1_O)        0.045     1.992 r  foc/pi_core/eval_engine/ff_pair0[0][18]_i_2/O
                         net (fo=1, routed)           0.000     1.992    foc/pi_core/eval_engine/ff_pair0[0][18]_i_2_n_0
    SLICE_X94Y99         CARRY4 (Prop_carry4_S[3]_O[3])
                                                      0.064     2.056 r  foc/pi_core/eval_engine/ff_pair0_reg[0][18]_i_1/O[3]
                         net (fo=1, routed)           0.000     2.056    foc/pi_core/eval_engine/ff_pair0_reg[0][18]_i_1_n_4
    SLICE_X94Y99         FDRE                                         r  foc/pi_core/eval_engine/ff_pair0_reg[0][18]/D
  -------------------------------------------------------------------    -------------------

                         (clock sys_clk rise edge)    0.000     0.000 r  <hidden>
    U20                                               0.000     0.000 r  clk
                         net (fo=0)                   0.000     0.000    clk
    U20                  IBUF (Prop_ibuf_I_O)         0.411     0.411 r  clk_IBUF_inst/O
                         net (fo=1, routed)           0.750     1.160    clk_IBUF
    BUFGCTRL_X0Y0        BUFG (Prop_bufg_I_O)         0.029     1.189 r  clk_IBUF_BUFG_inst/O
                         net (fo=8520, routed)        0.921     2.110    foc/pi_core/eval_engine/clk_IBUF_BUFG
    SLICE_X94Y99         FDRE                                         r  foc/pi_core/eval_engine/ff_pair0_reg[0][18]/C
                         clock pessimism             -0.257     1.853    <hidden>
    SLICE_X94Y99         FDRE (Hold_fdre_C_D)         0.134     1.987    foc/pi_core/eval_engine/ff_pair0_reg[0][18]
  -------------------------------------------------------------------
                         required time                         -1.987    <hidden>
                         arrival time                           2.056    <hidden>
  -------------------------------------------------------------------
                         slack                                  0.069    <hidden>





Pulse Width Checks
--------------------------------------------------------------------------------------
Clock Name:         sys_clk
Waveform(ns):       { 0.000 10.000 }
Period(ns):         20.000
Sources:            { clk }

Check Type        Corner  Lib Pin      Reference Pin  Required(ns)  Actual(ns)  Slack(ns)  Location      Pin
Min Period        n/a     DSP48E1/CLK  n/a            3.272         20.000      16.728     DSP48_X5Y46   foc/pi_core/eval_engine/ff_hh_reg[0]/CLK
Low Pulse Width   Slow    FDCE/C       n/a            0.500         10.000      9.500      SLICE_X64Y98  acc_x0_carry_i_9/C
High Pulse Width  Slow    FDCE/C       n/a            0.500         10.000      9.500      SLICE_X64Y98  acc_x0_carry_i_9/C



--------------------------------------------------------------------------------------
Path Group:  (none)
From Clock:
  To Clock:

Max Delay             2 Endpoints
Min Delay             2 Endpoints
--------------------------------------------------------------------------------------


Max Delay Paths
--------------------------------------------------------------------------------------
Slack:                    inf
  Source:                 reset_n
                            (input port)
  Destination:            sample_ready
                            (output port)
  Path Group:             (none)
  Path Type:              Max at Slow Process Corner
  Data Path Delay:        11.448ns  (logic 3.800ns (33.195%)  route 7.648ns (66.805%))
  Logic Levels:           5  (IBUF=1 LUT3=1 LUT4=1 LUT5=1 OBUF=1)

    Location             Delay type                Incr(ns)  Path(ns)    Netlist Resource(s)
  -------------------------------------------------------------------    -------------------
    AB16                                              0.000     0.000 r  reset_n
                         net (fo=0)                   0.000     0.000    reset_n
    AB16                 IBUF (Prop_ibuf_I_O)         0.940     0.940 r  reset_n_IBUF_inst/O
                         net (fo=72, routed)          2.950     3.890    pwm/reset_n_IBUF
    SLICE_X36Y90         LUT3 (Prop_lut3_I2_O)        0.105     3.995 r  pwm/running_i_1/O
                         net (fo=97, routed)          1.054     5.049    foc/p_31_in
    SLICE_X44Y91         LUT4 (Prop_lut4_I3_O)        0.264     5.313 r  foc/sample_ready_OBUF_inst_i_3/O
                         net (fo=3, routed)           1.080     6.393    pwm/foc_ready
    SLICE_X31Y89         LUT5 (Prop_lut5_I2_O)        0.105     6.498 r  pwm/sample_ready_OBUF_inst_i_1/O
                         net (fo=1, routed)           2.563     9.061    sample_ready_OBUF
    T15                  OBUF (Prop_obuf_I_O)         2.386    11.448 r  sample_ready_OBUF_inst/O
                         net (fo=0)                   0.000    11.448    sample_ready
    T15                                                               r  sample_ready
  -------------------------------------------------------------------    -------------------





Min Delay Paths
--------------------------------------------------------------------------------------
Slack:                    inf
  Source:                 reset_n
                            (input port)
  Destination:            sample_request
                            (output port)
  Path Group:             (none)
  Path Type:              Min at Fast Process Corner
  Data Path Delay:        3.656ns  (logic 1.440ns (39.385%)  route 2.216ns (60.615%))
  Logic Levels:           3  (IBUF=1 LUT5=1 OBUF=1)

    Location             Delay type                Incr(ns)  Path(ns)    Netlist Resource(s)
  -------------------------------------------------------------------    -------------------
    AB16                                              0.000     0.000 r  reset_n
                         net (fo=0)                   0.000     0.000    reset_n
    AB16                 IBUF (Prop_ibuf_I_O)         0.236     0.236 r  reset_n_IBUF_inst/O
                         net (fo=72, routed)          1.240     1.476    pwm/reset_n_IBUF
    SLICE_X31Y88         LUT5 (Prop_lut5_I2_O)        0.045     1.521 r  pwm/sample_request_OBUF_inst_i_1/O
                         net (fo=1, routed)           0.976     2.497    sample_request_OBUF
    T14                  OBUF (Prop_obuf_I_O)         1.159     3.656 r  sample_request_OBUF_inst/O
                         net (fo=0)                   0.000     3.656    sample_request
    T14                                                               r  sample_request
  -------------------------------------------------------------------    -------------------





--------------------------------------------------------------------------------------
Path Group:  (none)
From Clock:  sys_clk
  To Clock:

Max Delay             8 Endpoints
Min Delay             8 Endpoints
--------------------------------------------------------------------------------------


Max Delay Paths
--------------------------------------------------------------------------------------
Slack:                    inf
  Source:                 needs_reset_reg/C
                            (rising edge-triggered cell FDCE clocked by sys_clk  {rise@0.000ns fall@10.000ns period=20.000ns})
  Destination:            sample_ready
                            (output port)
  Path Group:             (none)
  Path Type:              Max at Slow Process Corner
  Data Path Delay:        9.339ns  (logic 3.252ns (34.829%)  route 6.086ns (65.171%))
  Logic Levels:           4  (LUT3=1 LUT4=1 LUT5=1 OBUF=1)
  Clock Uncertainty:      0.025ns  ((TSJ^2 + TIJ^2)^1/2 + DJ) / 2 + PE
    Total System Jitter     (TSJ):    0.050ns
    Total Input Jitter      (TIJ):    0.000ns
    Discrete Jitter          (DJ):    0.000ns
    Phase Error              (PE):    0.000ns

    Location             Delay type                Incr(ns)  Path(ns)    Netlist Resource(s)
  -------------------------------------------------------------------    -------------------
                         (clock sys_clk rise edge)    0.000     0.000 r  <hidden>
    U20                                               0.000     0.000 r  clk
                         net (fo=0)                   0.000     0.000    clk
    U20                  IBUF (Prop_ibuf_I_O)         0.925     0.925 r  clk_IBUF_inst/O
                         net (fo=1, routed)           1.827     2.752    clk_IBUF
    BUFGCTRL_X0Y0        BUFG (Prop_bufg_I_O)         0.081     2.833 r  clk_IBUF_BUFG_inst/O
                         net (fo=8520, routed)        1.631     4.464    clk_IBUF_BUFG
    SLICE_X31Y86         FDCE                                         r  needs_reset_reg/C
  -------------------------------------------------------------------    -------------------
    SLICE_X31Y86         FDCE (Prop_fdce_C_Q)         0.379     4.843 f  needs_reset_reg/Q
                         net (fo=30, routed)          1.389     6.231    pwm/needs_reset_OBUF
    SLICE_X36Y90         LUT3 (Prop_lut3_I0_O)        0.118     6.349 r  pwm/running_i_1/O
                         net (fo=97, routed)          1.054     7.404    foc/p_31_in
    SLICE_X44Y91         LUT4 (Prop_lut4_I3_O)        0.264     7.668 r  foc/sample_ready_OBUF_inst_i_3/O
                         net (fo=3, routed)           1.080     8.747    pwm/foc_ready
    SLICE_X31Y89         LUT5 (Prop_lut5_I2_O)        0.105     8.852 r  pwm/sample_ready_OBUF_inst_i_1/O
                         net (fo=1, routed)           2.563    11.416    sample_ready_OBUF
    T15                  OBUF (Prop_obuf_I_O)         2.386    13.802 r  sample_ready_OBUF_inst/O
                         net (fo=0)                   0.000    13.802    sample_ready
    T15                                                               r  sample_ready
  -------------------------------------------------------------------    -------------------





Min Delay Paths
--------------------------------------------------------------------------------------
Slack:                    inf
  Source:                 fault_code_reg[1]/C
                            (rising edge-triggered cell FDCE clocked by sys_clk  {rise@0.000ns fall@10.000ns period=20.000ns})
  Destination:            fault_code[1]
                            (output port)
  Path Group:             (none)
  Path Type:              Min at Fast Process Corner
  Data Path Delay:        2.259ns  (logic 1.263ns (55.907%)  route 0.996ns (44.093%))
  Logic Levels:           1  (OBUF=1)
  Clock Uncertainty:      0.025ns  ((TSJ^2 + TIJ^2)^1/2 + DJ) / 2 + PE
    Total System Jitter     (TSJ):    0.050ns
    Total Input Jitter      (TIJ):    0.000ns
    Discrete Jitter          (DJ):    0.000ns
    Phase Error              (PE):    0.000ns

    Location             Delay type                Incr(ns)  Path(ns)    Netlist Resource(s)
  -------------------------------------------------------------------    -------------------
                         (clock sys_clk rise edge)    0.000     0.000 r  <hidden>
    U20                                               0.000     0.000 r  clk
                         net (fo=0)                   0.000     0.000    clk
    U20                  IBUF (Prop_ibuf_I_O)         0.221     0.221 r  clk_IBUF_inst/O
                         net (fo=1, routed)           0.690     0.912    clk_IBUF
    BUFGCTRL_X0Y0        BUFG (Prop_bufg_I_O)         0.026     0.938 r  clk_IBUF_BUFG_inst/O
                         net (fo=8520, routed)        0.682     1.620    clk_IBUF_BUFG
    SLICE_X32Y87         FDCE                                         r  fault_code_reg[1]/C
  -------------------------------------------------------------------    -------------------
    SLICE_X32Y87         FDCE (Prop_fdce_C_Q)         0.141     1.761 r  fault_code_reg[1]/Q
                         net (fo=3, routed)           0.996     2.757    fault_code_OBUF[1]
    R17                  OBUF (Prop_obuf_I_O)         1.122     3.879 r  fault_code_OBUF[1]_inst/O
                         net (fo=0)                   0.000     3.879    fault_code[1]
    R17                                                               r  fault_code[1]
  -------------------------------------------------------------------    -------------------





--------------------------------------------------------------------------------------
Path Group:  (none)
From Clock:
  To Clock:  sys_clk

Max Delay         11024 Endpoints
Min Delay         11024 Endpoints
--------------------------------------------------------------------------------------


Max Delay Paths
--------------------------------------------------------------------------------------
Slack:                    inf
  Source:                 reset_n
                            (input port)
  Destination:            foc/pi_core/eval_engine/xq_next_reg[37]/CLR
                            (recovery check against rising-edge clock sys_clk  {rise@0.000ns fall@10.000ns period=20.000ns})
  Path Group:             (none)
  Path Type:              Recovery (Max at Slow Process Corner)
  Data Path Delay:        22.689ns  (logic 1.045ns (4.604%)  route 21.645ns (95.396%))
  Logic Levels:           2  (IBUF=1 LUT1=1)
  Clock Path Skew:        3.887ns (DCD - SCD + CPR)
    Destination Clock Delay (DCD):    3.887ns
    Source Clock Delay      (SCD):    0.000ns
    Clock Pessimism Removal (CPR):    0.000ns
  Clock Uncertainty:      0.025ns  ((TSJ^2 + TIJ^2)^1/2 + DJ) / 2 + PE
    Total System Jitter     (TSJ):    0.050ns
    Total Input Jitter      (TIJ):    0.000ns
    Discrete Jitter          (DJ):    0.000ns
    Phase Error              (PE):    0.000ns

    Location             Delay type                Incr(ns)  Path(ns)    Netlist Resource(s)
  -------------------------------------------------------------------    -------------------
    AB16                                              0.000     0.000 r  reset_n
                         net (fo=0)                   0.000     0.000    reset_n
    AB16                 IBUF (Prop_ibuf_I_O)         0.940     0.940 r  reset_n_IBUF_inst/O
                         net (fo=72, routed)          1.366     2.305    foc/svpwm/divider_t1/reset_n_IBUF
    SLICE_X12Y98         LUT1 (Prop_lut1_I0_O)        0.105     2.410 f  foc/svpwm/divider_t1/error_code[1]_i_2/O
                         net (fo=4103, routed)       20.279    22.689    foc/pi_core/eval_engine/busy_reg_1
    SLICE_X64Y127        FDCE                                         f  foc/pi_core/eval_engine/xq_next_reg[37]/CLR
  -------------------------------------------------------------------    -------------------

                         (clock sys_clk rise edge)    0.000     0.000 r  <hidden>
    U20                                               0.000     0.000 r  clk
                         net (fo=0)                   0.000     0.000    clk
    U20                  IBUF (Prop_ibuf_I_O)         0.794     0.794 r  clk_IBUF_inst/O
                         net (fo=1, routed)           1.734     2.528    clk_IBUF
    BUFGCTRL_X0Y0        BUFG (Prop_bufg_I_O)         0.077     2.605 r  clk_IBUF_BUFG_inst/O
                         net (fo=8520, routed)        1.282     3.887    foc/pi_core/eval_engine/clk_IBUF_BUFG
    SLICE_X64Y127        FDCE                                         r  foc/pi_core/eval_engine/xq_next_reg[37]/C





Min Delay Paths
--------------------------------------------------------------------------------------
Slack:                    inf
  Source:                 foc/pi_core/eval_engine/p_2_in__0/ACOUT[0]
                            (internal pin)
  Destination:            foc/pi_core/eval_engine/product_aw_reg[0]__0/ACIN[0]
                            (rising edge-triggered cell DSP48E1 clocked by sys_clk  {rise@0.000ns fall@10.000ns period=20.000ns})
  Path Group:             (none)
  Path Type:              Hold (Min at Slow Process Corner)
  Data Path Delay:        0.002ns  (logic 0.000ns (0.000%)  route 0.002ns (100.000%))
  Logic Levels:           0
  Clock Uncertainty:      0.025ns  ((TSJ^2 + TIJ^2)^1/2 + DJ) / 2 + PE
    Total System Jitter     (TSJ):    0.050ns
    Total Input Jitter      (TIJ):    0.000ns
    Discrete Jitter          (DJ):    0.000ns
    Phase Error              (PE):    0.000ns

    Location             Delay type                Incr(ns)  Path(ns)    Netlist Resource(s)
  -------------------------------------------------------------------    -------------------
    DSP48_X2Y45          DSP48E1                      0.000     0.000 r  foc/pi_core/eval_engine/p_2_in__0/ACOUT[0]
                         net (fo=1, routed)           0.002     0.002    foc/pi_core/eval_engine/p_2_in__0_n_53
    DSP48_X2Y46          DSP48E1                                      r  foc/pi_core/eval_engine/product_aw_reg[0]__0/ACIN[0]
  -------------------------------------------------------------------    -------------------

                         (clock sys_clk rise edge)    0.000     0.000 r  <hidden>
    U20                                               0.000     0.000 r  clk
                         net (fo=0)                   0.000     0.000    clk
    U20                  IBUF (Prop_ibuf_I_O)         0.925     0.925 r  clk_IBUF_inst/O
                         net (fo=1, routed)           1.827     2.752    clk_IBUF
    BUFGCTRL_X0Y0        BUFG (Prop_bufg_I_O)         0.081     2.833 r  clk_IBUF_BUFG_inst/O
                         net (fo=8520, routed)        1.485     4.318    foc/pi_core/eval_engine/clk_IBUF_BUFG
    DSP48_X2Y46          DSP48E1                                      r  foc/pi_core/eval_engine/product_aw_reg[0]__0/CLK
