Copyright 1986-2022 Xilinx, Inc. All Rights Reserved. Copyright 2022-2026 Advanced Micro Devices, Inc. All Rights Reserved.
---------------------------------------------------------------------------------------------------------------------------------------------
| Tool Version : Vivado v.2026.1 (win64) Build 6511674 Tue Jun 16 11:02:23 MDT 2026
| Date         : Sun Sep 20 13:25:30 2026
| Host         : DependOnOMEN16 running 64-bit major release  (build 9200)
| Command      : report_timing -delay_type max -max_paths 5 -file D:/Project/FPGA_XC7A200T/docs/reports/step6d/final03/setup_paths.rpt
| Design       : mc_foc_pwm_top
| Device       : 7a200t-fbg484
| Speed File   : -2  PRODUCTION 1.23 2018-06-13
| Design State : Routed
---------------------------------------------------------------------------------------------------------------------------------------------

Timing Report

Slack (MET) :             2.053ns  (required time - arrival time)
  Source:                 foc/svpwm/divider_denominator_reg[5]/C
                            (rising edge-triggered cell FDCE clocked by sys_clk  {rise@0.000ns fall@10.000ns period=20.000ns})
  Destination:            foc/svpwm/t1_debug_reg[10]/CE
                            (rising edge-triggered cell FDCE clocked by sys_clk  {rise@0.000ns fall@10.000ns period=20.000ns})
  Path Group:             sys_clk
  Path Type:              Setup (Max at Slow Process Corner)
  Requirement:            20.000ns  (sys_clk rise@20.000ns - sys_clk rise@0.000ns)
  Data Path Delay:        17.738ns  (logic 10.601ns (59.765%)  route 7.137ns (40.235%))
  Logic Levels:           24  (CARRY4=16 DSP48E1=3 LUT2=1 LUT3=1 LUT4=2 LUT5=1)
  Clock Path Skew:        -0.038ns (DCD - SCD + CPR)
    Destination Clock Delay (DCD):    4.127ns = ( 24.127 - 20.000 )
    Source Clock Delay      (SCD):    4.466ns
    Clock Pessimism Removal (CPR):    0.301ns
  Clock Uncertainty:      0.035ns  ((TSJ^2 + TIJ^2)^1/2 + DJ) / 2 + PE
    Total System Jitter     (TSJ):    0.071ns
    Total Input Jitter      (TIJ):    0.000ns
    Discrete Jitter          (DJ):    0.000ns
    Phase Error              (PE):    0.000ns

    Location             Delay type                Incr(ns)  Path(ns)    Netlist Resource(s)
  -------------------------------------------------------------------    -------------------
                         (clock sys_clk rise edge)    0.000     0.000 r  <hidden>
    U20                                               0.000     0.000 r  clk
                         net (fo=0)                   0.000     0.000    clk
    U20                  IBUF (Prop_ibuf_I_O)         0.925     0.925 r  clk_IBUF_inst/O
                         net (fo=1, routed)           1.827     2.752    clk_IBUF
    BUFGCTRL_X0Y0        BUFG (Prop_bufg_I_O)         0.081     2.833 r  clk_IBUF_BUFG_inst/O
                         net (fo=8520, routed)        1.633     4.466    foc/svpwm/clk_IBUF_BUFG
    SLICE_X24Y87         FDCE                                         r  foc/svpwm/divider_denominator_reg[5]/C
  -------------------------------------------------------------------    -------------------
    SLICE_X24Y87         FDCE (Prop_fdce_C_Q)         0.348     4.814 r  foc/svpwm/divider_denominator_reg[5]/Q
                         net (fo=20, routed)          1.427     6.240    foc/svpwm/divider_denominator[5]
    DSP48_X0Y27          DSP48E1 (Prop_dsp48e1_B[5]_PCOUT[47])
                                                      3.381     9.621 r  foc/svpwm/t_stage_valid4__14/PCOUT[47]
                         net (fo=1, routed)           0.002     9.623    foc/svpwm/t_stage_valid4__14_n_106
    DSP48_X0Y28          DSP48E1 (Prop_dsp48e1_PCIN[47]_PCOUT[47])
                                                      1.438    11.061 r  foc/svpwm/t_stage_valid4__15/PCOUT[47]
                         net (fo=1, routed)           0.002    11.063    foc/svpwm/t_stage_valid4__15_n_106
    DSP48_X0Y29          DSP48E1 (Prop_dsp48e1_PCIN[47]_P[42])
                                                      1.271    12.334 r  foc/svpwm/t_stage_valid4__16/P[42]
                         net (fo=2, routed)           1.084    13.418    foc/svpwm/t_stage_valid4__16_n_63
    SLICE_X12Y80         LUT3 (Prop_lut3_I0_O)        0.127    13.545 r  foc/svpwm/t_stage_valid_i_576/O
                         net (fo=2, routed)           0.689    14.234    foc/svpwm/t_stage_valid_i_576_n_0
    SLICE_X12Y80         LUT4 (Prop_lut4_I3_O)        0.268    14.502 r  foc/svpwm/t_stage_valid_i_580/O
                         net (fo=1, routed)           0.000    14.502    foc/svpwm/t_stage_valid_i_580_n_0
    SLICE_X12Y80         CARRY4 (Prop_carry4_S[3]_CO[3])
                                                      0.314    14.816 r  foc/svpwm/t_stage_valid_reg_i_437/CO[3]
                         net (fo=1, routed)           0.000    14.816    foc/svpwm/t_stage_valid_reg_i_437_n_0
    SLICE_X12Y81         CARRY4 (Prop_carry4_CI_CO[3])
                                                      0.100    14.916 r  foc/svpwm/t_stage_valid_reg_i_436/CO[3]
                         net (fo=1, routed)           0.000    14.916    foc/svpwm/t_stage_valid_reg_i_436_n_0
    SLICE_X12Y82         CARRY4 (Prop_carry4_CI_CO[3])
                                                      0.100    15.016 r  foc/svpwm/t_stage_valid_reg_i_435/CO[3]
                         net (fo=1, routed)           0.000    15.016    foc/svpwm/t_stage_valid_reg_i_435_n_0
    SLICE_X12Y83         CARRY4 (Prop_carry4_CI_CO[3])
                                                      0.100    15.116 r  foc/svpwm/t_stage_valid_reg_i_319/CO[3]
                         net (fo=1, routed)           0.000    15.116    foc/svpwm/t_stage_valid_reg_i_319_n_0
    SLICE_X12Y84         CARRY4 (Prop_carry4_CI_CO[3])
                                                      0.100    15.216 r  foc/svpwm/t_stage_valid_reg_i_318/CO[3]
                         net (fo=1, routed)           0.000    15.216    foc/svpwm/t_stage_valid_reg_i_318_n_0
    SLICE_X12Y85         CARRY4 (Prop_carry4_CI_CO[3])
                                                      0.100    15.316 r  foc/svpwm/t_stage_valid_reg_i_317/CO[3]
                         net (fo=1, routed)           0.000    15.316    foc/svpwm/t_stage_valid_reg_i_317_n_0
    SLICE_X12Y86         CARRY4 (Prop_carry4_CI_CO[3])
                                                      0.100    15.416 r  foc/svpwm/t_stage_valid_reg_i_215/CO[3]
                         net (fo=1, routed)           0.000    15.416    foc/svpwm/t_stage_valid_reg_i_215_n_0
    SLICE_X12Y87         CARRY4 (Prop_carry4_CI_CO[3])
                                                      0.100    15.516 r  foc/svpwm/t_stage_valid_reg_i_214/CO[3]
                         net (fo=1, routed)           0.000    15.516    foc/svpwm/t_stage_valid_reg_i_214_n_0
    SLICE_X12Y88         CARRY4 (Prop_carry4_CI_CO[3])
                                                      0.100    15.616 r  foc/svpwm/t_stage_valid_reg_i_213/CO[3]
                         net (fo=1, routed)           0.000    15.616    foc/svpwm/t_stage_valid_reg_i_213_n_0
    SLICE_X12Y89         CARRY4 (Prop_carry4_CI_CO[3])
                                                      0.100    15.716 r  foc/svpwm/t_stage_valid_reg_i_133/CO[3]
                         net (fo=1, routed)           0.000    15.716    foc/svpwm/t_stage_valid_reg_i_133_n_0
    SLICE_X12Y90         CARRY4 (Prop_carry4_CI_CO[3])
                                                      0.100    15.816 r  foc/svpwm/t_stage_valid_reg_i_132/CO[3]
                         net (fo=1, routed)           0.000    15.816    foc/svpwm/t_stage_valid_reg_i_132_n_0
    SLICE_X12Y91         CARRY4 (Prop_carry4_CI_CO[3])
                                                      0.100    15.916 r  foc/svpwm/t_stage_valid_reg_i_131/CO[3]
                         net (fo=1, routed)           0.000    15.916    foc/svpwm/t_stage_valid_reg_i_131_n_0
    SLICE_X12Y92         CARRY4 (Prop_carry4_CI_O[0])
                                                      0.178    16.094 r  foc/svpwm/t_stage_valid_reg_i_76/O[0]
                         net (fo=1, routed)           0.461    16.555    foc/svpwm/t_stage_valid_reg_i_76_n_7
    SLICE_X13Y92         CARRY4 (Prop_carry4_S[1]_CO[3])
                                                      0.695    17.250 r  foc/svpwm/t_stage_valid_reg_i_72/CO[3]
                         net (fo=1, routed)           0.000    17.250    foc/svpwm/t_stage_valid_reg_i_72_n_0
    SLICE_X13Y93         CARRY4 (Prop_carry4_CI_O[3])
                                                      0.260    17.510 f  foc/svpwm/t_stage_valid_reg_i_32/O[3]
                         net (fo=1, routed)           0.706    18.216    foc/svpwm/reconstructed_numerator_a[111]
    SLICE_X14Y89         LUT2 (Prop_lut2_I0_O)        0.257    18.473 r  foc/svpwm/t_stage_valid_i_10/O
                         net (fo=1, routed)           0.000    18.473    foc/svpwm/t_stage_valid_i_10_n_0
    SLICE_X14Y89         CARRY4 (Prop_carry4_S[1]_CO[1])
                                                      0.409    18.882 f  foc/svpwm/t_stage_valid_reg_i_3/CO[1]
                         net (fo=4, routed)           0.997    19.879    foc/svpwm/t_stage_valid21_out
    SLICE_X31Y85         LUT5 (Prop_lut5_I3_O)        0.280    20.159 r  foc/svpwm/t_stage_valid_i_1/O
                         net (fo=2, routed)           0.504    20.663    foc/svpwm/t_stage_valid22_out
    SLICE_X31Y79         LUT4 (Prop_lut4_I0_O)        0.275    20.938 r  foc/svpwm/t1_debug[33]_i_1/O
                         net (fo=68, routed)          1.266    22.204    foc/svpwm/t1_debug[33]_i_1_n_0
    SLICE_X12Y66         FDCE                                         r  foc/svpwm/t1_debug_reg[10]/CE
  -------------------------------------------------------------------    -------------------

                         (clock sys_clk rise edge)   20.000    20.000 r  <hidden>
    U20                                               0.000    20.000 r  clk
                         net (fo=0)                   0.000    20.000    clk
    U20                  IBUF (Prop_ibuf_I_O)         0.794    20.794 r  clk_IBUF_inst/O
                         net (fo=1, routed)           1.734    22.528    clk_IBUF
    BUFGCTRL_X0Y0        BUFG (Prop_bufg_I_O)         0.077    22.605 r  clk_IBUF_BUFG_inst/O
                         net (fo=8520, routed)        1.522    24.127    foc/svpwm/clk_IBUF_BUFG
    SLICE_X12Y66         FDCE                                         r  foc/svpwm/t1_debug_reg[10]/C
                         clock pessimism              0.301    24.428    <hidden>
                         clock uncertainty           -0.035    24.392    <hidden>
    SLICE_X12Y66         FDCE (Setup_fdce_C_CE)      -0.136    24.256    foc/svpwm/t1_debug_reg[10]
  -------------------------------------------------------------------
                         required time                         24.256    <hidden>
                         arrival time                         -22.204    <hidden>
  -------------------------------------------------------------------
                         slack                                  2.053    <hidden>

Slack (MET) :             2.093ns  (required time - arrival time)
  Source:                 foc/svpwm/divider_denominator_reg[5]/C
                            (rising edge-triggered cell FDCE clocked by sys_clk  {rise@0.000ns fall@10.000ns period=20.000ns})
  Destination:            foc/svpwm/t1_debug_reg[12]/CE
                            (rising edge-triggered cell FDCE clocked by sys_clk  {rise@0.000ns fall@10.000ns period=20.000ns})
  Path Group:             sys_clk
  Path Type:              Setup (Max at Slow Process Corner)
  Requirement:            20.000ns  (sys_clk rise@20.000ns - sys_clk rise@0.000ns)
  Data Path Delay:        17.665ns  (logic 10.601ns (60.010%)  route 7.064ns (39.990%))
  Logic Levels:           24  (CARRY4=16 DSP48E1=3 LUT2=1 LUT3=1 LUT4=2 LUT5=1)
  Clock Path Skew:        -0.038ns (DCD - SCD + CPR)
    Destination Clock Delay (DCD):    4.127ns = ( 24.127 - 20.000 )
    Source Clock Delay      (SCD):    4.466ns
    Clock Pessimism Removal (CPR):    0.301ns
  Clock Uncertainty:      0.035ns  ((TSJ^2 + TIJ^2)^1/2 + DJ) / 2 + PE
    Total System Jitter     (TSJ):    0.071ns
    Total Input Jitter      (TIJ):    0.000ns
    Discrete Jitter          (DJ):    0.000ns
    Phase Error              (PE):    0.000ns

    Location             Delay type                Incr(ns)  Path(ns)    Netlist Resource(s)
  -------------------------------------------------------------------    -------------------
                         (clock sys_clk rise edge)    0.000     0.000 r  <hidden>
    U20                                               0.000     0.000 r  clk
                         net (fo=0)                   0.000     0.000    clk
    U20                  IBUF (Prop_ibuf_I_O)         0.925     0.925 r  clk_IBUF_inst/O
                         net (fo=1, routed)           1.827     2.752    clk_IBUF
    BUFGCTRL_X0Y0        BUFG (Prop_bufg_I_O)         0.081     2.833 r  clk_IBUF_BUFG_inst/O
                         net (fo=8520, routed)        1.633     4.466    foc/svpwm/clk_IBUF_BUFG
    SLICE_X24Y87         FDCE                                         r  foc/svpwm/divider_denominator_reg[5]/C
  -------------------------------------------------------------------    -------------------
    SLICE_X24Y87         FDCE (Prop_fdce_C_Q)         0.348     4.814 r  foc/svpwm/divider_denominator_reg[5]/Q
                         net (fo=20, routed)          1.427     6.240    foc/svpwm/divider_denominator[5]
    DSP48_X0Y27          DSP48E1 (Prop_dsp48e1_B[5]_PCOUT[47])
                                                      3.381     9.621 r  foc/svpwm/t_stage_valid4__14/PCOUT[47]
                         net (fo=1, routed)           0.002     9.623    foc/svpwm/t_stage_valid4__14_n_106
    DSP48_X0Y28          DSP48E1 (Prop_dsp48e1_PCIN[47]_PCOUT[47])
                                                      1.438    11.061 r  foc/svpwm/t_stage_valid4__15/PCOUT[47]
                         net (fo=1, routed)           0.002    11.063    foc/svpwm/t_stage_valid4__15_n_106
    DSP48_X0Y29          DSP48E1 (Prop_dsp48e1_PCIN[47]_P[42])
                                                      1.271    12.334 r  foc/svpwm/t_stage_valid4__16/P[42]
                         net (fo=2, routed)           1.084    13.418    foc/svpwm/t_stage_valid4__16_n_63
    SLICE_X12Y80         LUT3 (Prop_lut3_I0_O)        0.127    13.545 r  foc/svpwm/t_stage_valid_i_576/O
                         net (fo=2, routed)           0.689    14.234    foc/svpwm/t_stage_valid_i_576_n_0
    SLICE_X12Y80         LUT4 (Prop_lut4_I3_O)        0.268    14.502 r  foc/svpwm/t_stage_valid_i_580/O
                         net (fo=1, routed)           0.000    14.502    foc/svpwm/t_stage_valid_i_580_n_0
    SLICE_X12Y80         CARRY4 (Prop_carry4_S[3]_CO[3])
                                                      0.314    14.816 r  foc/svpwm/t_stage_valid_reg_i_437/CO[3]
                         net (fo=1, routed)           0.000    14.816    foc/svpwm/t_stage_valid_reg_i_437_n_0
    SLICE_X12Y81         CARRY4 (Prop_carry4_CI_CO[3])
                                                      0.100    14.916 r  foc/svpwm/t_stage_valid_reg_i_436/CO[3]
                         net (fo=1, routed)           0.000    14.916    foc/svpwm/t_stage_valid_reg_i_436_n_0
    SLICE_X12Y82         CARRY4 (Prop_carry4_CI_CO[3])
                                                      0.100    15.016 r  foc/svpwm/t_stage_valid_reg_i_435/CO[3]
                         net (fo=1, routed)           0.000    15.016    foc/svpwm/t_stage_valid_reg_i_435_n_0
    SLICE_X12Y83         CARRY4 (Prop_carry4_CI_CO[3])
                                                      0.100    15.116 r  foc/svpwm/t_stage_valid_reg_i_319/CO[3]
                         net (fo=1, routed)           0.000    15.116    foc/svpwm/t_stage_valid_reg_i_319_n_0
    SLICE_X12Y84         CARRY4 (Prop_carry4_CI_CO[3])
                                                      0.100    15.216 r  foc/svpwm/t_stage_valid_reg_i_318/CO[3]
                         net (fo=1, routed)           0.000    15.216    foc/svpwm/t_stage_valid_reg_i_318_n_0
    SLICE_X12Y85         CARRY4 (Prop_carry4_CI_CO[3])
                                                      0.100    15.316 r  foc/svpwm/t_stage_valid_reg_i_317/CO[3]
                         net (fo=1, routed)           0.000    15.316    foc/svpwm/t_stage_valid_reg_i_317_n_0
    SLICE_X12Y86         CARRY4 (Prop_carry4_CI_CO[3])
                                                      0.100    15.416 r  foc/svpwm/t_stage_valid_reg_i_215/CO[3]
                         net (fo=1, routed)           0.000    15.416    foc/svpwm/t_stage_valid_reg_i_215_n_0
    SLICE_X12Y87         CARRY4 (Prop_carry4_CI_CO[3])
                                                      0.100    15.516 r  foc/svpwm/t_stage_valid_reg_i_214/CO[3]
                         net (fo=1, routed)           0.000    15.516    foc/svpwm/t_stage_valid_reg_i_214_n_0
    SLICE_X12Y88         CARRY4 (Prop_carry4_CI_CO[3])
                                                      0.100    15.616 r  foc/svpwm/t_stage_valid_reg_i_213/CO[3]
                         net (fo=1, routed)           0.000    15.616    foc/svpwm/t_stage_valid_reg_i_213_n_0
    SLICE_X12Y89         CARRY4 (Prop_carry4_CI_CO[3])
                                                      0.100    15.716 r  foc/svpwm/t_stage_valid_reg_i_133/CO[3]
                         net (fo=1, routed)           0.000    15.716    foc/svpwm/t_stage_valid_reg_i_133_n_0
    SLICE_X12Y90         CARRY4 (Prop_carry4_CI_CO[3])
                                                      0.100    15.816 r  foc/svpwm/t_stage_valid_reg_i_132/CO[3]
                         net (fo=1, routed)           0.000    15.816    foc/svpwm/t_stage_valid_reg_i_132_n_0
    SLICE_X12Y91         CARRY4 (Prop_carry4_CI_CO[3])
                                                      0.100    15.916 r  foc/svpwm/t_stage_valid_reg_i_131/CO[3]
                         net (fo=1, routed)           0.000    15.916    foc/svpwm/t_stage_valid_reg_i_131_n_0
    SLICE_X12Y92         CARRY4 (Prop_carry4_CI_O[0])
                                                      0.178    16.094 r  foc/svpwm/t_stage_valid_reg_i_76/O[0]
                         net (fo=1, routed)           0.461    16.555    foc/svpwm/t_stage_valid_reg_i_76_n_7
    SLICE_X13Y92         CARRY4 (Prop_carry4_S[1]_CO[3])
                                                      0.695    17.250 r  foc/svpwm/t_stage_valid_reg_i_72/CO[3]
                         net (fo=1, routed)           0.000    17.250    foc/svpwm/t_stage_valid_reg_i_72_n_0
    SLICE_X13Y93         CARRY4 (Prop_carry4_CI_O[3])
                                                      0.260    17.510 f  foc/svpwm/t_stage_valid_reg_i_32/O[3]
                         net (fo=1, routed)           0.706    18.216    foc/svpwm/reconstructed_numerator_a[111]
    SLICE_X14Y89         LUT2 (Prop_lut2_I0_O)        0.257    18.473 r  foc/svpwm/t_stage_valid_i_10/O
                         net (fo=1, routed)           0.000    18.473    foc/svpwm/t_stage_valid_i_10_n_0
    SLICE_X14Y89         CARRY4 (Prop_carry4_S[1]_CO[1])
                                                      0.409    18.882 f  foc/svpwm/t_stage_valid_reg_i_3/CO[1]
                         net (fo=4, routed)           0.997    19.879    foc/svpwm/t_stage_valid21_out
    SLICE_X31Y85         LUT5 (Prop_lut5_I3_O)        0.280    20.159 r  foc/svpwm/t_stage_valid_i_1/O
                         net (fo=2, routed)           0.504    20.663    foc/svpwm/t_stage_valid22_out
    SLICE_X31Y79         LUT4 (Prop_lut4_I0_O)        0.275    20.938 r  foc/svpwm/t1_debug[33]_i_1/O
                         net (fo=68, routed)          1.193    22.131    foc/svpwm/t1_debug[33]_i_1_n_0
    SLICE_X17Y66         FDCE                                         r  foc/svpwm/t1_debug_reg[12]/CE
  -------------------------------------------------------------------    -------------------

                         (clock sys_clk rise edge)   20.000    20.000 r  <hidden>
    U20                                               0.000    20.000 r  clk
                         net (fo=0)                   0.000    20.000    clk
    U20                  IBUF (Prop_ibuf_I_O)         0.794    20.794 r  clk_IBUF_inst/O
                         net (fo=1, routed)           1.734    22.528    clk_IBUF
    BUFGCTRL_X0Y0        BUFG (Prop_bufg_I_O)         0.077    22.605 r  clk_IBUF_BUFG_inst/O
                         net (fo=8520, routed)        1.522    24.127    foc/svpwm/clk_IBUF_BUFG
    SLICE_X17Y66         FDCE                                         r  foc/svpwm/t1_debug_reg[12]/C
                         clock pessimism              0.301    24.428    <hidden>
                         clock uncertainty           -0.035    24.392    <hidden>
    SLICE_X17Y66         FDCE (Setup_fdce_C_CE)      -0.168    24.224    foc/svpwm/t1_debug_reg[12]
  -------------------------------------------------------------------
                         required time                         24.224    <hidden>
                         arrival time                         -22.131    <hidden>
  -------------------------------------------------------------------
                         slack                                  2.093    <hidden>

Slack (MET) :             2.093ns  (required time - arrival time)
  Source:                 foc/svpwm/divider_denominator_reg[5]/C
                            (rising edge-triggered cell FDCE clocked by sys_clk  {rise@0.000ns fall@10.000ns period=20.000ns})
  Destination:            foc/svpwm/t1_debug_reg[14]/CE
                            (rising edge-triggered cell FDCE clocked by sys_clk  {rise@0.000ns fall@10.000ns period=20.000ns})
  Path Group:             sys_clk
  Path Type:              Setup (Max at Slow Process Corner)
  Requirement:            20.000ns  (sys_clk rise@20.000ns - sys_clk rise@0.000ns)
  Data Path Delay:        17.665ns  (logic 10.601ns (60.010%)  route 7.064ns (39.990%))
  Logic Levels:           24  (CARRY4=16 DSP48E1=3 LUT2=1 LUT3=1 LUT4=2 LUT5=1)
  Clock Path Skew:        -0.038ns (DCD - SCD + CPR)
    Destination Clock Delay (DCD):    4.127ns = ( 24.127 - 20.000 )
    Source Clock Delay      (SCD):    4.466ns
    Clock Pessimism Removal (CPR):    0.301ns
  Clock Uncertainty:      0.035ns  ((TSJ^2 + TIJ^2)^1/2 + DJ) / 2 + PE
    Total System Jitter     (TSJ):    0.071ns
    Total Input Jitter      (TIJ):    0.000ns
    Discrete Jitter          (DJ):    0.000ns
    Phase Error              (PE):    0.000ns

    Location             Delay type                Incr(ns)  Path(ns)    Netlist Resource(s)
  -------------------------------------------------------------------    -------------------
                         (clock sys_clk rise edge)    0.000     0.000 r  <hidden>
    U20                                               0.000     0.000 r  clk
                         net (fo=0)                   0.000     0.000    clk
    U20                  IBUF (Prop_ibuf_I_O)         0.925     0.925 r  clk_IBUF_inst/O
                         net (fo=1, routed)           1.827     2.752    clk_IBUF
    BUFGCTRL_X0Y0        BUFG (Prop_bufg_I_O)         0.081     2.833 r  clk_IBUF_BUFG_inst/O
                         net (fo=8520, routed)        1.633     4.466    foc/svpwm/clk_IBUF_BUFG
    SLICE_X24Y87         FDCE                                         r  foc/svpwm/divider_denominator_reg[5]/C
  -------------------------------------------------------------------    -------------------
    SLICE_X24Y87         FDCE (Prop_fdce_C_Q)         0.348     4.814 r  foc/svpwm/divider_denominator_reg[5]/Q
                         net (fo=20, routed)          1.427     6.240    foc/svpwm/divider_denominator[5]
    DSP48_X0Y27          DSP48E1 (Prop_dsp48e1_B[5]_PCOUT[47])
                                                      3.381     9.621 r  foc/svpwm/t_stage_valid4__14/PCOUT[47]
                         net (fo=1, routed)           0.002     9.623    foc/svpwm/t_stage_valid4__14_n_106
    DSP48_X0Y28          DSP48E1 (Prop_dsp48e1_PCIN[47]_PCOUT[47])
                                                      1.438    11.061 r  foc/svpwm/t_stage_valid4__15/PCOUT[47]
                         net (fo=1, routed)           0.002    11.063    foc/svpwm/t_stage_valid4__15_n_106
    DSP48_X0Y29          DSP48E1 (Prop_dsp48e1_PCIN[47]_P[42])
                                                      1.271    12.334 r  foc/svpwm/t_stage_valid4__16/P[42]
                         net (fo=2, routed)           1.084    13.418    foc/svpwm/t_stage_valid4__16_n_63
    SLICE_X12Y80         LUT3 (Prop_lut3_I0_O)        0.127    13.545 r  foc/svpwm/t_stage_valid_i_576/O
                         net (fo=2, routed)           0.689    14.234    foc/svpwm/t_stage_valid_i_576_n_0
    SLICE_X12Y80         LUT4 (Prop_lut4_I3_O)        0.268    14.502 r  foc/svpwm/t_stage_valid_i_580/O
                         net (fo=1, routed)           0.000    14.502    foc/svpwm/t_stage_valid_i_580_n_0
    SLICE_X12Y80         CARRY4 (Prop_carry4_S[3]_CO[3])
                                                      0.314    14.816 r  foc/svpwm/t_stage_valid_reg_i_437/CO[3]
                         net (fo=1, routed)           0.000    14.816    foc/svpwm/t_stage_valid_reg_i_437_n_0
    SLICE_X12Y81         CARRY4 (Prop_carry4_CI_CO[3])
                                                      0.100    14.916 r  foc/svpwm/t_stage_valid_reg_i_436/CO[3]
                         net (fo=1, routed)           0.000    14.916    foc/svpwm/t_stage_valid_reg_i_436_n_0
    SLICE_X12Y82         CARRY4 (Prop_carry4_CI_CO[3])
                                                      0.100    15.016 r  foc/svpwm/t_stage_valid_reg_i_435/CO[3]
                         net (fo=1, routed)           0.000    15.016    foc/svpwm/t_stage_valid_reg_i_435_n_0
    SLICE_X12Y83         CARRY4 (Prop_carry4_CI_CO[3])
                                                      0.100    15.116 r  foc/svpwm/t_stage_valid_reg_i_319/CO[3]
                         net (fo=1, routed)           0.000    15.116    foc/svpwm/t_stage_valid_reg_i_319_n_0
    SLICE_X12Y84         CARRY4 (Prop_carry4_CI_CO[3])
                                                      0.100    15.216 r  foc/svpwm/t_stage_valid_reg_i_318/CO[3]
                         net (fo=1, routed)           0.000    15.216    foc/svpwm/t_stage_valid_reg_i_318_n_0
    SLICE_X12Y85         CARRY4 (Prop_carry4_CI_CO[3])
                                                      0.100    15.316 r  foc/svpwm/t_stage_valid_reg_i_317/CO[3]
                         net (fo=1, routed)           0.000    15.316    foc/svpwm/t_stage_valid_reg_i_317_n_0
    SLICE_X12Y86         CARRY4 (Prop_carry4_CI_CO[3])
                                                      0.100    15.416 r  foc/svpwm/t_stage_valid_reg_i_215/CO[3]
                         net (fo=1, routed)           0.000    15.416    foc/svpwm/t_stage_valid_reg_i_215_n_0
    SLICE_X12Y87         CARRY4 (Prop_carry4_CI_CO[3])
                                                      0.100    15.516 r  foc/svpwm/t_stage_valid_reg_i_214/CO[3]
                         net (fo=1, routed)           0.000    15.516    foc/svpwm/t_stage_valid_reg_i_214_n_0
    SLICE_X12Y88         CARRY4 (Prop_carry4_CI_CO[3])
                                                      0.100    15.616 r  foc/svpwm/t_stage_valid_reg_i_213/CO[3]
                         net (fo=1, routed)           0.000    15.616    foc/svpwm/t_stage_valid_reg_i_213_n_0
    SLICE_X12Y89         CARRY4 (Prop_carry4_CI_CO[3])
                                                      0.100    15.716 r  foc/svpwm/t_stage_valid_reg_i_133/CO[3]
                         net (fo=1, routed)           0.000    15.716    foc/svpwm/t_stage_valid_reg_i_133_n_0
    SLICE_X12Y90         CARRY4 (Prop_carry4_CI_CO[3])
                                                      0.100    15.816 r  foc/svpwm/t_stage_valid_reg_i_132/CO[3]
                         net (fo=1, routed)           0.000    15.816    foc/svpwm/t_stage_valid_reg_i_132_n_0
    SLICE_X12Y91         CARRY4 (Prop_carry4_CI_CO[3])
                                                      0.100    15.916 r  foc/svpwm/t_stage_valid_reg_i_131/CO[3]
                         net (fo=1, routed)           0.000    15.916    foc/svpwm/t_stage_valid_reg_i_131_n_0
    SLICE_X12Y92         CARRY4 (Prop_carry4_CI_O[0])
                                                      0.178    16.094 r  foc/svpwm/t_stage_valid_reg_i_76/O[0]
                         net (fo=1, routed)           0.461    16.555    foc/svpwm/t_stage_valid_reg_i_76_n_7
    SLICE_X13Y92         CARRY4 (Prop_carry4_S[1]_CO[3])
                                                      0.695    17.250 r  foc/svpwm/t_stage_valid_reg_i_72/CO[3]
                         net (fo=1, routed)           0.000    17.250    foc/svpwm/t_stage_valid_reg_i_72_n_0
    SLICE_X13Y93         CARRY4 (Prop_carry4_CI_O[3])
                                                      0.260    17.510 f  foc/svpwm/t_stage_valid_reg_i_32/O[3]
                         net (fo=1, routed)           0.706    18.216    foc/svpwm/reconstructed_numerator_a[111]
    SLICE_X14Y89         LUT2 (Prop_lut2_I0_O)        0.257    18.473 r  foc/svpwm/t_stage_valid_i_10/O
                         net (fo=1, routed)           0.000    18.473    foc/svpwm/t_stage_valid_i_10_n_0
    SLICE_X14Y89         CARRY4 (Prop_carry4_S[1]_CO[1])
                                                      0.409    18.882 f  foc/svpwm/t_stage_valid_reg_i_3/CO[1]
                         net (fo=4, routed)           0.997    19.879    foc/svpwm/t_stage_valid21_out
    SLICE_X31Y85         LUT5 (Prop_lut5_I3_O)        0.280    20.159 r  foc/svpwm/t_stage_valid_i_1/O
                         net (fo=2, routed)           0.504    20.663    foc/svpwm/t_stage_valid22_out
    SLICE_X31Y79         LUT4 (Prop_lut4_I0_O)        0.275    20.938 r  foc/svpwm/t1_debug[33]_i_1/O
                         net (fo=68, routed)          1.193    22.131    foc/svpwm/t1_debug[33]_i_1_n_0
    SLICE_X17Y66         FDCE                                         r  foc/svpwm/t1_debug_reg[14]/CE
  -------------------------------------------------------------------    -------------------

                         (clock sys_clk rise edge)   20.000    20.000 r  <hidden>
    U20                                               0.000    20.000 r  clk
                         net (fo=0)                   0.000    20.000    clk
    U20                  IBUF (Prop_ibuf_I_O)         0.794    20.794 r  clk_IBUF_inst/O
                         net (fo=1, routed)           1.734    22.528    clk_IBUF
    BUFGCTRL_X0Y0        BUFG (Prop_bufg_I_O)         0.077    22.605 r  clk_IBUF_BUFG_inst/O
                         net (fo=8520, routed)        1.522    24.127    foc/svpwm/clk_IBUF_BUFG
    SLICE_X17Y66         FDCE                                         r  foc/svpwm/t1_debug_reg[14]/C
                         clock pessimism              0.301    24.428    <hidden>
                         clock uncertainty           -0.035    24.392    <hidden>
    SLICE_X17Y66         FDCE (Setup_fdce_C_CE)      -0.168    24.224    foc/svpwm/t1_debug_reg[14]
  -------------------------------------------------------------------
                         required time                         24.224    <hidden>
                         arrival time                         -22.131    <hidden>
  -------------------------------------------------------------------
                         slack                                  2.093    <hidden>

Slack (MET) :             2.093ns  (required time - arrival time)
  Source:                 foc/svpwm/divider_denominator_reg[5]/C
                            (rising edge-triggered cell FDCE clocked by sys_clk  {rise@0.000ns fall@10.000ns period=20.000ns})
  Destination:            foc/svpwm/t1_debug_reg[15]/CE
                            (rising edge-triggered cell FDCE clocked by sys_clk  {rise@0.000ns fall@10.000ns period=20.000ns})
  Path Group:             sys_clk
  Path Type:              Setup (Max at Slow Process Corner)
  Requirement:            20.000ns  (sys_clk rise@20.000ns - sys_clk rise@0.000ns)
  Data Path Delay:        17.665ns  (logic 10.601ns (60.010%)  route 7.064ns (39.990%))
  Logic Levels:           24  (CARRY4=16 DSP48E1=3 LUT2=1 LUT3=1 LUT4=2 LUT5=1)
  Clock Path Skew:        -0.038ns (DCD - SCD + CPR)
    Destination Clock Delay (DCD):    4.127ns = ( 24.127 - 20.000 )
    Source Clock Delay      (SCD):    4.466ns
    Clock Pessimism Removal (CPR):    0.301ns
  Clock Uncertainty:      0.035ns  ((TSJ^2 + TIJ^2)^1/2 + DJ) / 2 + PE
    Total System Jitter     (TSJ):    0.071ns
    Total Input Jitter      (TIJ):    0.000ns
    Discrete Jitter          (DJ):    0.000ns
    Phase Error              (PE):    0.000ns

    Location             Delay type                Incr(ns)  Path(ns)    Netlist Resource(s)
  -------------------------------------------------------------------    -------------------
                         (clock sys_clk rise edge)    0.000     0.000 r  <hidden>
    U20                                               0.000     0.000 r  clk
                         net (fo=0)                   0.000     0.000    clk
    U20                  IBUF (Prop_ibuf_I_O)         0.925     0.925 r  clk_IBUF_inst/O
                         net (fo=1, routed)           1.827     2.752    clk_IBUF
    BUFGCTRL_X0Y0        BUFG (Prop_bufg_I_O)         0.081     2.833 r  clk_IBUF_BUFG_inst/O
                         net (fo=8520, routed)        1.633     4.466    foc/svpwm/clk_IBUF_BUFG
    SLICE_X24Y87         FDCE                                         r  foc/svpwm/divider_denominator_reg[5]/C
  -------------------------------------------------------------------    -------------------
    SLICE_X24Y87         FDCE (Prop_fdce_C_Q)         0.348     4.814 r  foc/svpwm/divider_denominator_reg[5]/Q
                         net (fo=20, routed)          1.427     6.240    foc/svpwm/divider_denominator[5]
    DSP48_X0Y27          DSP48E1 (Prop_dsp48e1_B[5]_PCOUT[47])
                                                      3.381     9.621 r  foc/svpwm/t_stage_valid4__14/PCOUT[47]
                         net (fo=1, routed)           0.002     9.623    foc/svpwm/t_stage_valid4__14_n_106
    DSP48_X0Y28          DSP48E1 (Prop_dsp48e1_PCIN[47]_PCOUT[47])
                                                      1.438    11.061 r  foc/svpwm/t_stage_valid4__15/PCOUT[47]
                         net (fo=1, routed)           0.002    11.063    foc/svpwm/t_stage_valid4__15_n_106
    DSP48_X0Y29          DSP48E1 (Prop_dsp48e1_PCIN[47]_P[42])
                                                      1.271    12.334 r  foc/svpwm/t_stage_valid4__16/P[42]
                         net (fo=2, routed)           1.084    13.418    foc/svpwm/t_stage_valid4__16_n_63
    SLICE_X12Y80         LUT3 (Prop_lut3_I0_O)        0.127    13.545 r  foc/svpwm/t_stage_valid_i_576/O
                         net (fo=2, routed)           0.689    14.234    foc/svpwm/t_stage_valid_i_576_n_0
    SLICE_X12Y80         LUT4 (Prop_lut4_I3_O)        0.268    14.502 r  foc/svpwm/t_stage_valid_i_580/O
                         net (fo=1, routed)           0.000    14.502    foc/svpwm/t_stage_valid_i_580_n_0
    SLICE_X12Y80         CARRY4 (Prop_carry4_S[3]_CO[3])
                                                      0.314    14.816 r  foc/svpwm/t_stage_valid_reg_i_437/CO[3]
                         net (fo=1, routed)           0.000    14.816    foc/svpwm/t_stage_valid_reg_i_437_n_0
    SLICE_X12Y81         CARRY4 (Prop_carry4_CI_CO[3])
                                                      0.100    14.916 r  foc/svpwm/t_stage_valid_reg_i_436/CO[3]
                         net (fo=1, routed)           0.000    14.916    foc/svpwm/t_stage_valid_reg_i_436_n_0
    SLICE_X12Y82         CARRY4 (Prop_carry4_CI_CO[3])
                                                      0.100    15.016 r  foc/svpwm/t_stage_valid_reg_i_435/CO[3]
                         net (fo=1, routed)           0.000    15.016    foc/svpwm/t_stage_valid_reg_i_435_n_0
    SLICE_X12Y83         CARRY4 (Prop_carry4_CI_CO[3])
                                                      0.100    15.116 r  foc/svpwm/t_stage_valid_reg_i_319/CO[3]
                         net (fo=1, routed)           0.000    15.116    foc/svpwm/t_stage_valid_reg_i_319_n_0
    SLICE_X12Y84         CARRY4 (Prop_carry4_CI_CO[3])
                                                      0.100    15.216 r  foc/svpwm/t_stage_valid_reg_i_318/CO[3]
                         net (fo=1, routed)           0.000    15.216    foc/svpwm/t_stage_valid_reg_i_318_n_0
    SLICE_X12Y85         CARRY4 (Prop_carry4_CI_CO[3])
                                                      0.100    15.316 r  foc/svpwm/t_stage_valid_reg_i_317/CO[3]
                         net (fo=1, routed)           0.000    15.316    foc/svpwm/t_stage_valid_reg_i_317_n_0
    SLICE_X12Y86         CARRY4 (Prop_carry4_CI_CO[3])
                                                      0.100    15.416 r  foc/svpwm/t_stage_valid_reg_i_215/CO[3]
                         net (fo=1, routed)           0.000    15.416    foc/svpwm/t_stage_valid_reg_i_215_n_0
    SLICE_X12Y87         CARRY4 (Prop_carry4_CI_CO[3])
                                                      0.100    15.516 r  foc/svpwm/t_stage_valid_reg_i_214/CO[3]
                         net (fo=1, routed)           0.000    15.516    foc/svpwm/t_stage_valid_reg_i_214_n_0
    SLICE_X12Y88         CARRY4 (Prop_carry4_CI_CO[3])
                                                      0.100    15.616 r  foc/svpwm/t_stage_valid_reg_i_213/CO[3]
                         net (fo=1, routed)           0.000    15.616    foc/svpwm/t_stage_valid_reg_i_213_n_0
    SLICE_X12Y89         CARRY4 (Prop_carry4_CI_CO[3])
                                                      0.100    15.716 r  foc/svpwm/t_stage_valid_reg_i_133/CO[3]
                         net (fo=1, routed)           0.000    15.716    foc/svpwm/t_stage_valid_reg_i_133_n_0
    SLICE_X12Y90         CARRY4 (Prop_carry4_CI_CO[3])
                                                      0.100    15.816 r  foc/svpwm/t_stage_valid_reg_i_132/CO[3]
                         net (fo=1, routed)           0.000    15.816    foc/svpwm/t_stage_valid_reg_i_132_n_0
    SLICE_X12Y91         CARRY4 (Prop_carry4_CI_CO[3])
                                                      0.100    15.916 r  foc/svpwm/t_stage_valid_reg_i_131/CO[3]
                         net (fo=1, routed)           0.000    15.916    foc/svpwm/t_stage_valid_reg_i_131_n_0
    SLICE_X12Y92         CARRY4 (Prop_carry4_CI_O[0])
                                                      0.178    16.094 r  foc/svpwm/t_stage_valid_reg_i_76/O[0]
                         net (fo=1, routed)           0.461    16.555    foc/svpwm/t_stage_valid_reg_i_76_n_7
    SLICE_X13Y92         CARRY4 (Prop_carry4_S[1]_CO[3])
                                                      0.695    17.250 r  foc/svpwm/t_stage_valid_reg_i_72/CO[3]
                         net (fo=1, routed)           0.000    17.250    foc/svpwm/t_stage_valid_reg_i_72_n_0
    SLICE_X13Y93         CARRY4 (Prop_carry4_CI_O[3])
                                                      0.260    17.510 f  foc/svpwm/t_stage_valid_reg_i_32/O[3]
                         net (fo=1, routed)           0.706    18.216    foc/svpwm/reconstructed_numerator_a[111]
    SLICE_X14Y89         LUT2 (Prop_lut2_I0_O)        0.257    18.473 r  foc/svpwm/t_stage_valid_i_10/O
                         net (fo=1, routed)           0.000    18.473    foc/svpwm/t_stage_valid_i_10_n_0
    SLICE_X14Y89         CARRY4 (Prop_carry4_S[1]_CO[1])
                                                      0.409    18.882 f  foc/svpwm/t_stage_valid_reg_i_3/CO[1]
                         net (fo=4, routed)           0.997    19.879    foc/svpwm/t_stage_valid21_out
    SLICE_X31Y85         LUT5 (Prop_lut5_I3_O)        0.280    20.159 r  foc/svpwm/t_stage_valid_i_1/O
                         net (fo=2, routed)           0.504    20.663    foc/svpwm/t_stage_valid22_out
    SLICE_X31Y79         LUT4 (Prop_lut4_I0_O)        0.275    20.938 r  foc/svpwm/t1_debug[33]_i_1/O
                         net (fo=68, routed)          1.193    22.131    foc/svpwm/t1_debug[33]_i_1_n_0
    SLICE_X17Y66         FDCE                                         r  foc/svpwm/t1_debug_reg[15]/CE
  -------------------------------------------------------------------    -------------------

                         (clock sys_clk rise edge)   20.000    20.000 r  <hidden>
    U20                                               0.000    20.000 r  clk
                         net (fo=0)                   0.000    20.000    clk
    U20                  IBUF (Prop_ibuf_I_O)         0.794    20.794 r  clk_IBUF_inst/O
                         net (fo=1, routed)           1.734    22.528    clk_IBUF
    BUFGCTRL_X0Y0        BUFG (Prop_bufg_I_O)         0.077    22.605 r  clk_IBUF_BUFG_inst/O
                         net (fo=8520, routed)        1.522    24.127    foc/svpwm/clk_IBUF_BUFG
    SLICE_X17Y66         FDCE                                         r  foc/svpwm/t1_debug_reg[15]/C
                         clock pessimism              0.301    24.428    <hidden>
                         clock uncertainty           -0.035    24.392    <hidden>
    SLICE_X17Y66         FDCE (Setup_fdce_C_CE)      -0.168    24.224    foc/svpwm/t1_debug_reg[15]
  -------------------------------------------------------------------
                         required time                         24.224    <hidden>
                         arrival time                         -22.131    <hidden>
  -------------------------------------------------------------------
                         slack                                  2.093    <hidden>

Slack (MET) :             2.093ns  (required time - arrival time)
  Source:                 foc/svpwm/divider_denominator_reg[5]/C
                            (rising edge-triggered cell FDCE clocked by sys_clk  {rise@0.000ns fall@10.000ns period=20.000ns})
  Destination:            foc/svpwm/t1_debug_reg[6]/CE
                            (rising edge-triggered cell FDCE clocked by sys_clk  {rise@0.000ns fall@10.000ns period=20.000ns})
  Path Group:             sys_clk
  Path Type:              Setup (Max at Slow Process Corner)
  Requirement:            20.000ns  (sys_clk rise@20.000ns - sys_clk rise@0.000ns)
  Data Path Delay:        17.665ns  (logic 10.601ns (60.010%)  route 7.064ns (39.990%))
  Logic Levels:           24  (CARRY4=16 DSP48E1=3 LUT2=1 LUT3=1 LUT4=2 LUT5=1)
  Clock Path Skew:        -0.038ns (DCD - SCD + CPR)
    Destination Clock Delay (DCD):    4.127ns = ( 24.127 - 20.000 )
    Source Clock Delay      (SCD):    4.466ns
    Clock Pessimism Removal (CPR):    0.301ns
  Clock Uncertainty:      0.035ns  ((TSJ^2 + TIJ^2)^1/2 + DJ) / 2 + PE
    Total System Jitter     (TSJ):    0.071ns
    Total Input Jitter      (TIJ):    0.000ns
    Discrete Jitter          (DJ):    0.000ns
    Phase Error              (PE):    0.000ns

    Location             Delay type                Incr(ns)  Path(ns)    Netlist Resource(s)
  -------------------------------------------------------------------    -------------------
                         (clock sys_clk rise edge)    0.000     0.000 r  <hidden>
    U20                                               0.000     0.000 r  clk
                         net (fo=0)                   0.000     0.000    clk
    U20                  IBUF (Prop_ibuf_I_O)         0.925     0.925 r  clk_IBUF_inst/O
                         net (fo=1, routed)           1.827     2.752    clk_IBUF
    BUFGCTRL_X0Y0        BUFG (Prop_bufg_I_O)         0.081     2.833 r  clk_IBUF_BUFG_inst/O
                         net (fo=8520, routed)        1.633     4.466    foc/svpwm/clk_IBUF_BUFG
    SLICE_X24Y87         FDCE                                         r  foc/svpwm/divider_denominator_reg[5]/C
  -------------------------------------------------------------------    -------------------
    SLICE_X24Y87         FDCE (Prop_fdce_C_Q)         0.348     4.814 r  foc/svpwm/divider_denominator_reg[5]/Q
                         net (fo=20, routed)          1.427     6.240    foc/svpwm/divider_denominator[5]
    DSP48_X0Y27          DSP48E1 (Prop_dsp48e1_B[5]_PCOUT[47])
                                                      3.381     9.621 r  foc/svpwm/t_stage_valid4__14/PCOUT[47]
                         net (fo=1, routed)           0.002     9.623    foc/svpwm/t_stage_valid4__14_n_106
    DSP48_X0Y28          DSP48E1 (Prop_dsp48e1_PCIN[47]_PCOUT[47])
                                                      1.438    11.061 r  foc/svpwm/t_stage_valid4__15/PCOUT[47]
                         net (fo=1, routed)           0.002    11.063    foc/svpwm/t_stage_valid4__15_n_106
    DSP48_X0Y29          DSP48E1 (Prop_dsp48e1_PCIN[47]_P[42])
                                                      1.271    12.334 r  foc/svpwm/t_stage_valid4__16/P[42]
                         net (fo=2, routed)           1.084    13.418    foc/svpwm/t_stage_valid4__16_n_63
    SLICE_X12Y80         LUT3 (Prop_lut3_I0_O)        0.127    13.545 r  foc/svpwm/t_stage_valid_i_576/O
                         net (fo=2, routed)           0.689    14.234    foc/svpwm/t_stage_valid_i_576_n_0
    SLICE_X12Y80         LUT4 (Prop_lut4_I3_O)        0.268    14.502 r  foc/svpwm/t_stage_valid_i_580/O
                         net (fo=1, routed)           0.000    14.502    foc/svpwm/t_stage_valid_i_580_n_0
    SLICE_X12Y80         CARRY4 (Prop_carry4_S[3]_CO[3])
                                                      0.314    14.816 r  foc/svpwm/t_stage_valid_reg_i_437/CO[3]
                         net (fo=1, routed)           0.000    14.816    foc/svpwm/t_stage_valid_reg_i_437_n_0
    SLICE_X12Y81         CARRY4 (Prop_carry4_CI_CO[3])
                                                      0.100    14.916 r  foc/svpwm/t_stage_valid_reg_i_436/CO[3]
                         net (fo=1, routed)           0.000    14.916    foc/svpwm/t_stage_valid_reg_i_436_n_0
    SLICE_X12Y82         CARRY4 (Prop_carry4_CI_CO[3])
                                                      0.100    15.016 r  foc/svpwm/t_stage_valid_reg_i_435/CO[3]
                         net (fo=1, routed)           0.000    15.016    foc/svpwm/t_stage_valid_reg_i_435_n_0
    SLICE_X12Y83         CARRY4 (Prop_carry4_CI_CO[3])
                                                      0.100    15.116 r  foc/svpwm/t_stage_valid_reg_i_319/CO[3]
                         net (fo=1, routed)           0.000    15.116    foc/svpwm/t_stage_valid_reg_i_319_n_0
    SLICE_X12Y84         CARRY4 (Prop_carry4_CI_CO[3])
                                                      0.100    15.216 r  foc/svpwm/t_stage_valid_reg_i_318/CO[3]
                         net (fo=1, routed)           0.000    15.216    foc/svpwm/t_stage_valid_reg_i_318_n_0
    SLICE_X12Y85         CARRY4 (Prop_carry4_CI_CO[3])
                                                      0.100    15.316 r  foc/svpwm/t_stage_valid_reg_i_317/CO[3]
                         net (fo=1, routed)           0.000    15.316    foc/svpwm/t_stage_valid_reg_i_317_n_0
    SLICE_X12Y86         CARRY4 (Prop_carry4_CI_CO[3])
                                                      0.100    15.416 r  foc/svpwm/t_stage_valid_reg_i_215/CO[3]
                         net (fo=1, routed)           0.000    15.416    foc/svpwm/t_stage_valid_reg_i_215_n_0
    SLICE_X12Y87         CARRY4 (Prop_carry4_CI_CO[3])
                                                      0.100    15.516 r  foc/svpwm/t_stage_valid_reg_i_214/CO[3]
                         net (fo=1, routed)           0.000    15.516    foc/svpwm/t_stage_valid_reg_i_214_n_0
    SLICE_X12Y88         CARRY4 (Prop_carry4_CI_CO[3])
                                                      0.100    15.616 r  foc/svpwm/t_stage_valid_reg_i_213/CO[3]
                         net (fo=1, routed)           0.000    15.616    foc/svpwm/t_stage_valid_reg_i_213_n_0
    SLICE_X12Y89         CARRY4 (Prop_carry4_CI_CO[3])
                                                      0.100    15.716 r  foc/svpwm/t_stage_valid_reg_i_133/CO[3]
                         net (fo=1, routed)           0.000    15.716    foc/svpwm/t_stage_valid_reg_i_133_n_0
    SLICE_X12Y90         CARRY4 (Prop_carry4_CI_CO[3])
                                                      0.100    15.816 r  foc/svpwm/t_stage_valid_reg_i_132/CO[3]
                         net (fo=1, routed)           0.000    15.816    foc/svpwm/t_stage_valid_reg_i_132_n_0
    SLICE_X12Y91         CARRY4 (Prop_carry4_CI_CO[3])
                                                      0.100    15.916 r  foc/svpwm/t_stage_valid_reg_i_131/CO[3]
                         net (fo=1, routed)           0.000    15.916    foc/svpwm/t_stage_valid_reg_i_131_n_0
    SLICE_X12Y92         CARRY4 (Prop_carry4_CI_O[0])
                                                      0.178    16.094 r  foc/svpwm/t_stage_valid_reg_i_76/O[0]
                         net (fo=1, routed)           0.461    16.555    foc/svpwm/t_stage_valid_reg_i_76_n_7
    SLICE_X13Y92         CARRY4 (Prop_carry4_S[1]_CO[3])
                                                      0.695    17.250 r  foc/svpwm/t_stage_valid_reg_i_72/CO[3]
                         net (fo=1, routed)           0.000    17.250    foc/svpwm/t_stage_valid_reg_i_72_n_0
    SLICE_X13Y93         CARRY4 (Prop_carry4_CI_O[3])
                                                      0.260    17.510 f  foc/svpwm/t_stage_valid_reg_i_32/O[3]
                         net (fo=1, routed)           0.706    18.216    foc/svpwm/reconstructed_numerator_a[111]
    SLICE_X14Y89         LUT2 (Prop_lut2_I0_O)        0.257    18.473 r  foc/svpwm/t_stage_valid_i_10/O
                         net (fo=1, routed)           0.000    18.473    foc/svpwm/t_stage_valid_i_10_n_0
    SLICE_X14Y89         CARRY4 (Prop_carry4_S[1]_CO[1])
                                                      0.409    18.882 f  foc/svpwm/t_stage_valid_reg_i_3/CO[1]
                         net (fo=4, routed)           0.997    19.879    foc/svpwm/t_stage_valid21_out
    SLICE_X31Y85         LUT5 (Prop_lut5_I3_O)        0.280    20.159 r  foc/svpwm/t_stage_valid_i_1/O
                         net (fo=2, routed)           0.504    20.663    foc/svpwm/t_stage_valid22_out
    SLICE_X31Y79         LUT4 (Prop_lut4_I0_O)        0.275    20.938 r  foc/svpwm/t1_debug[33]_i_1/O
                         net (fo=68, routed)          1.193    22.131    foc/svpwm/t1_debug[33]_i_1_n_0
    SLICE_X17Y66         FDCE                                         r  foc/svpwm/t1_debug_reg[6]/CE
  -------------------------------------------------------------------    -------------------

                         (clock sys_clk rise edge)   20.000    20.000 r  <hidden>
    U20                                               0.000    20.000 r  clk
                         net (fo=0)                   0.000    20.000    clk
    U20                  IBUF (Prop_ibuf_I_O)         0.794    20.794 r  clk_IBUF_inst/O
                         net (fo=1, routed)           1.734    22.528    clk_IBUF
    BUFGCTRL_X0Y0        BUFG (Prop_bufg_I_O)         0.077    22.605 r  clk_IBUF_BUFG_inst/O
                         net (fo=8520, routed)        1.522    24.127    foc/svpwm/clk_IBUF_BUFG
    SLICE_X17Y66         FDCE                                         r  foc/svpwm/t1_debug_reg[6]/C
                         clock pessimism              0.301    24.428    <hidden>
                         clock uncertainty           -0.035    24.392    <hidden>
    SLICE_X17Y66         FDCE (Setup_fdce_C_CE)      -0.168    24.224    foc/svpwm/t1_debug_reg[6]
  -------------------------------------------------------------------
                         required time                         24.224    <hidden>
                         arrival time                         -22.131    <hidden>
  -------------------------------------------------------------------
                         slack                                  2.093    <hidden>
