Copyright 1986-2022 Xilinx, Inc. All Rights Reserved. Copyright 2022-2026 Advanced Micro Devices, Inc. All Rights Reserved.
-----------------------------------------------------------------------------------------------------------------------------------------------------------------------------------------------------------
| Tool Version : Vivado v.2026.1 (win64) Build 6511674 Tue Jun 16 11:02:23 MDT 2026
| Date         : Sun Oct  4 18:33:44 2026
| Host         : DependOnOMEN16 running 64-bit major release  (build 9200)
| Command      : report_timing -delay_type max -max_paths 5 -input_pins -file D:/Project/FPGA_XC7A200T/learning/study_l1_speed_pi_hdl_compare/.runtime/c_baseline_impl_final_01/reports/critical_paths.rpt
| Design       : speed_pi_compare
| Device       : 7a200t-fbg484
| Speed File   : -2  PRODUCTION 1.23 2018-06-13
| Design State : Routed
-----------------------------------------------------------------------------------------------------------------------------------------------------------------------------------------------------------

Timing Report

Slack (MET) :             0.331ns  (required time - arrival time)
  Source:                 core/v_ref_mmps_1_reg[4]/C
                            (rising edge-triggered cell FDRE clocked by clk_50mhz  {rise@0.000ns fall@10.000ns period=20.000ns})
  Destination:            core/u_PI/PreviousExcess_out1[11]_i_1_psdsp_1/D
                            (rising edge-triggered cell FDRE clocked by clk_50mhz  {rise@0.000ns fall@10.000ns period=20.000ns})
  Path Group:             clk_50mhz
  Path Type:              Setup (Max at Slow Process Corner)
  Requirement:            20.000ns  (clk_50mhz rise@20.000ns - clk_50mhz rise@0.000ns)
  Data Path Delay:        19.409ns  (logic 11.751ns (60.545%)  route 7.658ns (39.455%))
  Logic Levels:           35  (CARRY4=26 DSP48E1=2 LUT2=2 LUT3=1 LUT4=2 LUT5=2)
  Clock Path Skew:        -0.054ns (DCD - SCD + CPR)
    Destination Clock Delay (DCD):    1.285ns = ( 21.285 - 20.000 ) 
    Source Clock Delay      (SCD):    1.406ns
    Clock Pessimism Removal (CPR):    0.067ns
  Clock Uncertainty:      0.035ns  ((TSJ^2 + TIJ^2)^1/2 + DJ) / 2 + PE
    Total System Jitter     (TSJ):    0.071ns
    Total Input Jitter      (TIJ):    0.000ns
    Discrete Jitter          (DJ):    0.000ns
    Phase Error              (PE):    0.000ns

    Location             Delay type                Incr(ns)  Path(ns)    Netlist Resource(s)
  -------------------------------------------------------------------    -------------------
                         (clock clk_50mhz rise edge)
                                                      0.000     0.000 r  <hidden>
                                                      0.000     0.000 r  clk
                         net (fo=558, unset)          1.406     1.406    core/clk
    SLICE_X62Y108        FDRE                                         r  core/v_ref_mmps_1_reg[4]/C
  -------------------------------------------------------------------    -------------------
    SLICE_X62Y108        FDRE (Prop_fdre_C_Q)         0.433     1.839 r  core/v_ref_mmps_1_reg[4]/Q
                         net (fo=6, routed)           0.474     2.313    core/u_PI/Q[4]
    SLICE_X65Y108                                                     r  core/u_PI/Error_out1_carry__0_i_4/I0
    SLICE_X65Y108        LUT2 (Prop_lut2_I0_O)        0.105     2.418 r  core/u_PI/Error_out1_carry__0_i_4/O
                         net (fo=1, routed)           0.000     2.418    core/u_PI/Error_out1_carry__0_i_4_n_0
    SLICE_X65Y108                                                     r  core/u_PI/Error_out1_carry__0/S[0]
    SLICE_X65Y108        CARRY4 (Prop_carry4_S[0]_CO[3])
                                                      0.440     2.858 r  core/u_PI/Error_out1_carry__0/CO[3]
                         net (fo=1, routed)           0.000     2.858    core/u_PI/Error_out1_carry__0_n_0
    SLICE_X65Y109                                                     r  core/u_PI/Error_out1_carry__1/CI
    SLICE_X65Y109        CARRY4 (Prop_carry4_CI_CO[3])
                                                      0.098     2.956 r  core/u_PI/Error_out1_carry__1/CO[3]
                         net (fo=1, routed)           0.000     2.956    core/u_PI/Error_out1_carry__1_n_0
    SLICE_X65Y110                                                     r  core/u_PI/Error_out1_carry__2/CI
    SLICE_X65Y110        CARRY4 (Prop_carry4_CI_O[3])
                                                      0.275     3.231 r  core/u_PI/Error_out1_carry__2/O[3]
                         net (fo=9, routed)           0.976     4.207    core/u_PI/Error_out1[15]
    DSP48_X2Y42                                                       r  core/u_PI/P_mul_temp__1/B[15]
    DSP48_X2Y42          DSP48E1 (Prop_dsp48e1_B[15]_PCOUT[47])
                                                      3.396     7.603 r  core/u_PI/P_mul_temp__1/PCOUT[47]
                         net (fo=1, routed)           0.002     7.605    core/u_PI/P_mul_temp__1_n_106
    DSP48_X2Y43                                                       r  core/u_PI/P_mul_temp__2/PCIN[47]
    DSP48_X2Y43          DSP48E1 (Prop_dsp48e1_PCIN[47]_P[0])
                                                      1.271     8.876 r  core/u_PI/P_mul_temp__2/P[0]
                         net (fo=2, routed)           0.558     9.434    core/u_PI/P_mul_temp__2_n_105
    SLICE_X45Y105                                                     r  core/u_PI/P_mul_temp_carry/DI[1]
    SLICE_X45Y105        CARRY4 (Prop_carry4_DI[1]_O[2])
                                                      0.442     9.876 r  core/u_PI/P_mul_temp_carry/O[2]
                         net (fo=1, routed)           0.474    10.350    core/u_PI/P_mul_temp_carry_n_5
    SLICE_X46Y106                                                     r  core/u_PI/P_out11_carry_i_6/I1
    SLICE_X46Y106        LUT4 (Prop_lut4_I1_O)        0.253    10.603 r  core/u_PI/P_out11_carry_i_6/O
                         net (fo=1, routed)           0.121    10.725    core/u_PI/P_out11_carry_i_6_n_0
    SLICE_X46Y106                                                     r  core/u_PI/P_out11_carry_i_3/I4
    SLICE_X46Y106        LUT5 (Prop_lut5_I4_O)        0.105    10.830 r  core/u_PI/P_out11_carry_i_3/O
                         net (fo=1, routed)           0.368    11.197    core/u_PI/P_out11_carry_i_3_n_0
    SLICE_X57Y106                                                     r  core/u_PI/P_out11_carry_i_1/I2
    SLICE_X57Y106        LUT4 (Prop_lut4_I2_O)        0.105    11.302 r  core/u_PI/P_out11_carry_i_1/O
                         net (fo=1, routed)           0.000    11.302    core/u_PI/P_out11_carry_i_1_n_0
    SLICE_X57Y106                                                     r  core/u_PI/P_out11_carry/S[0]
    SLICE_X57Y106        CARRY4 (Prop_carry4_S[0]_CO[3])
                                                      0.440    11.742 r  core/u_PI/P_out11_carry/CO[3]
                         net (fo=1, routed)           0.000    11.742    core/u_PI/P_out11_carry_n_0
    SLICE_X57Y107                                                     r  core/u_PI/P_out11_carry__0/CI
    SLICE_X57Y107        CARRY4 (Prop_carry4_CI_CO[3])
                                                      0.098    11.840 r  core/u_PI/P_out11_carry__0/CO[3]
                         net (fo=1, routed)           0.000    11.840    core/u_PI/P_out11_carry__0_n_0
    SLICE_X57Y108                                                     r  core/u_PI/P_out11_carry__1/CI
    SLICE_X57Y108        CARRY4 (Prop_carry4_CI_CO[3])
                                                      0.098    11.938 r  core/u_PI/P_out11_carry__1/CO[3]
                         net (fo=1, routed)           0.000    11.938    core/u_PI/P_out11_carry__1_n_0
    SLICE_X57Y109                                                     r  core/u_PI/P_out11_carry__2/CI
    SLICE_X57Y109        CARRY4 (Prop_carry4_CI_O[1])
                                                      0.277    12.215 r  core/u_PI/P_out11_carry__2/O[1]
                         net (fo=3, routed)           0.851    13.066    core/u_PI/P_out11_carry__2_n_6
    SLICE_X66Y109                                                     r  core/u_PI/Unlimited_add_temp_carry__2/DI[1]
    SLICE_X66Y109        CARRY4 (Prop_carry4_DI[1]_CO[3])
                                                      0.575    13.641 r  core/u_PI/Unlimited_add_temp_carry__2/CO[3]
                         net (fo=1, routed)           0.000    13.641    core/u_PI/Unlimited_add_temp_carry__2_n_0
    SLICE_X66Y110                                                     r  core/u_PI/Unlimited_add_temp_carry__3/CI
    SLICE_X66Y110        CARRY4 (Prop_carry4_CI_CO[3])
                                                      0.100    13.741 r  core/u_PI/Unlimited_add_temp_carry__3/CO[3]
                         net (fo=1, routed)           0.000    13.741    core/u_PI/Unlimited_add_temp_carry__3_n_0
    SLICE_X66Y111                                                     r  core/u_PI/Unlimited_add_temp_carry__4/CI
    SLICE_X66Y111        CARRY4 (Prop_carry4_CI_CO[3])
                                                      0.100    13.841 r  core/u_PI/Unlimited_add_temp_carry__4/CO[3]
                         net (fo=1, routed)           0.000    13.841    core/u_PI/Unlimited_add_temp_carry__4_n_0
    SLICE_X66Y112                                                     r  core/u_PI/Unlimited_add_temp_carry__5/CI
    SLICE_X66Y112        CARRY4 (Prop_carry4_CI_CO[3])
                                                      0.100    13.941 r  core/u_PI/Unlimited_add_temp_carry__5/CO[3]
                         net (fo=1, routed)           0.000    13.941    core/u_PI/Unlimited_add_temp_carry__5_n_0
    SLICE_X66Y113                                                     r  core/u_PI/Unlimited_add_temp_carry__6/CI
    SLICE_X66Y113        CARRY4 (Prop_carry4_CI_O[1])
                                                      0.269    14.210 f  core/u_PI/Unlimited_add_temp_carry__6/O[1]
                         net (fo=8, routed)           0.842    15.052    core/u_PI/Unlimited_add_temp_carry__6_n_6
    SLICE_X71Y115                                                     f  core/u_PI/Sat_UpperRelOp_out_1_carry__2_i_6/I0
    SLICE_X71Y115        LUT2 (Prop_lut2_I0_O)        0.245    15.297 r  core/u_PI/Sat_UpperRelOp_out_1_carry__2_i_6/O
                         net (fo=1, routed)           0.000    15.297    core/u_PI/Sat_UpperRelOp_out_1_carry__2_i_6_n_0
    SLICE_X71Y115                                                     r  core/u_PI/Sat_UpperRelOp_out_1_carry__2/S[1]
    SLICE_X71Y115        CARRY4 (Prop_carry4_S[1]_CO[3])
                                                      0.457    15.754 r  core/u_PI/Sat_UpperRelOp_out_1_carry__2/CO[3]
                         net (fo=1, routed)           0.000    15.754    core/u_PI/Sat_UpperRelOp_out_1_carry__2_n_0
    SLICE_X71Y116                                                     r  core/u_PI/Sat_UpperRelOp_out_1_carry__3/CI
    SLICE_X71Y116        CARRY4 (Prop_carry4_CI_CO[3])
                                                      0.098    15.852 f  core/u_PI/Sat_UpperRelOp_out_1_carry__3/CO[3]
                         net (fo=132, routed)         1.341    17.193    core/u_PI/Sat_UpperRelOp_out_1
    SLICE_X72Y107                                                     f  core/u_PI/Excess_sub_temp_carry_i_3/I0
    SLICE_X72Y107        LUT3 (Prop_lut3_I0_O)        0.105    17.298 r  core/u_PI/Excess_sub_temp_carry_i_3/O
                         net (fo=1, routed)           0.000    17.298    core/u_PI/Excess_sub_temp_carry_i_3_n_0
    SLICE_X72Y107                                                     r  core/u_PI/Excess_sub_temp_carry/S[1]
    SLICE_X72Y107        CARRY4 (Prop_carry4_S[1]_CO[3])
                                                      0.444    17.742 r  core/u_PI/Excess_sub_temp_carry/CO[3]
                         net (fo=1, routed)           0.000    17.742    core/u_PI/Excess_sub_temp_carry_n_0
    SLICE_X72Y108                                                     r  core/u_PI/Excess_sub_temp_carry__0/CI
    SLICE_X72Y108        CARRY4 (Prop_carry4_CI_CO[3])
                                                      0.100    17.842 r  core/u_PI/Excess_sub_temp_carry__0/CO[3]
                         net (fo=1, routed)           0.000    17.842    core/u_PI/Excess_sub_temp_carry__0_n_0
    SLICE_X72Y109                                                     r  core/u_PI/Excess_sub_temp_carry__1/CI
    SLICE_X72Y109        CARRY4 (Prop_carry4_CI_CO[3])
                                                      0.100    17.942 r  core/u_PI/Excess_sub_temp_carry__1/CO[3]
                         net (fo=1, routed)           0.000    17.942    core/u_PI/Excess_sub_temp_carry__1_n_0
    SLICE_X72Y110                                                     r  core/u_PI/Excess_sub_temp_carry__2/CI
    SLICE_X72Y110        CARRY4 (Prop_carry4_CI_CO[3])
                                                      0.100    18.042 r  core/u_PI/Excess_sub_temp_carry__2/CO[3]
                         net (fo=1, routed)           0.000    18.042    core/u_PI/Excess_sub_temp_carry__2_n_0
    SLICE_X72Y111                                                     r  core/u_PI/Excess_sub_temp_carry__3/CI
    SLICE_X72Y111        CARRY4 (Prop_carry4_CI_CO[3])
                                                      0.100    18.142 r  core/u_PI/Excess_sub_temp_carry__3/CO[3]
                         net (fo=1, routed)           0.000    18.142    core/u_PI/Excess_sub_temp_carry__3_n_0
    SLICE_X72Y112                                                     r  core/u_PI/Excess_sub_temp_carry__4/CI
    SLICE_X72Y112        CARRY4 (Prop_carry4_CI_CO[3])
                                                      0.100    18.242 r  core/u_PI/Excess_sub_temp_carry__4/CO[3]
                         net (fo=1, routed)           0.000    18.242    core/u_PI/Excess_sub_temp_carry__4_n_0
    SLICE_X72Y113                                                     r  core/u_PI/Excess_sub_temp_carry__5/CI
    SLICE_X72Y113        CARRY4 (Prop_carry4_CI_CO[3])
                                                      0.100    18.342 r  core/u_PI/Excess_sub_temp_carry__5/CO[3]
                         net (fo=1, routed)           0.000    18.342    core/u_PI/Excess_sub_temp_carry__5_n_0
    SLICE_X72Y114                                                     r  core/u_PI/Excess_sub_temp_carry__6/CI
    SLICE_X72Y114        CARRY4 (Prop_carry4_CI_CO[3])
                                                      0.100    18.442 r  core/u_PI/Excess_sub_temp_carry__6/CO[3]
                         net (fo=1, routed)           0.000    18.442    core/u_PI/Excess_sub_temp_carry__6_n_0
    SLICE_X72Y115                                                     r  core/u_PI/Excess_sub_temp_carry__7/CI
    SLICE_X72Y115        CARRY4 (Prop_carry4_CI_CO[3])
                                                      0.100    18.542 r  core/u_PI/Excess_sub_temp_carry__7/CO[3]
                         net (fo=1, routed)           0.000    18.542    core/u_PI/Excess_sub_temp_carry__7_n_0
    SLICE_X72Y116                                                     r  core/u_PI/Excess_sub_temp_carry__8/CI
    SLICE_X72Y116        CARRY4 (Prop_carry4_CI_CO[3])
                                                      0.100    18.642 r  core/u_PI/Excess_sub_temp_carry__8/CO[3]
                         net (fo=1, routed)           0.000    18.642    core/u_PI/Excess_sub_temp_carry__8_n_0
    SLICE_X72Y117                                                     r  core/u_PI/Excess_sub_temp_carry__9/CI
    SLICE_X72Y117        CARRY4 (Prop_carry4_CI_O[1])
                                                      0.257    18.899 r  core/u_PI/Excess_sub_temp_carry__9/O[1]
                         net (fo=39, routed)          1.149    20.049    core/u_PI/Excess_sub_temp_carry__9_n_6
    SLICE_X76Y107                                                     r  core/u_PI/PreviousExcess_out1[11]_i_1/I4
    SLICE_X76Y107        LUT5 (Prop_lut5_I4_O)        0.265    20.314 r  core/u_PI/PreviousExcess_out1[11]_i_1/O
                         net (fo=3, routed)           0.501    20.815    core/u_PI/Excess_out1[11]
    SLICE_X76Y107        FDRE                                         r  core/u_PI/PreviousExcess_out1[11]_i_1_psdsp_1/D
  -------------------------------------------------------------------    -------------------

                         (clock clk_50mhz rise edge)
                                                     20.000    20.000 r  <hidden>
                                                      0.000    20.000 r  clk
                         net (fo=558, unset)          1.285    21.285    core/u_PI/clk
    SLICE_X76Y107        FDRE                                         r  core/u_PI/PreviousExcess_out1[11]_i_1_psdsp_1/C
                         clock pessimism              0.067    21.352    <hidden>
                         clock uncertainty           -0.035    21.317    <hidden>
    SLICE_X76Y107        FDRE (Setup_fdre_C_D)       -0.171    21.146    core/u_PI/PreviousExcess_out1[11]_i_1_psdsp_1
  -------------------------------------------------------------------
                         required time                         21.146    <hidden>
                         arrival time                         -20.815    <hidden>
  -------------------------------------------------------------------
                         slack                                  0.331    <hidden>

Slack (MET) :             0.372ns  (required time - arrival time)
  Source:                 core/v_ref_mmps_1_reg[4]/C
                            (rising edge-triggered cell FDRE clocked by clk_50mhz  {rise@0.000ns fall@10.000ns period=20.000ns})
  Destination:            core/u_PI/PreviousExcess_out1[11]_i_1_psdsp/D
                            (rising edge-triggered cell FDRE clocked by clk_50mhz  {rise@0.000ns fall@10.000ns period=20.000ns})
  Path Group:             clk_50mhz
  Path Type:              Setup (Max at Slow Process Corner)
  Requirement:            20.000ns  (clk_50mhz rise@20.000ns - clk_50mhz rise@0.000ns)
  Data Path Delay:        19.352ns  (logic 11.751ns (60.722%)  route 7.601ns (39.278%))
  Logic Levels:           35  (CARRY4=26 DSP48E1=2 LUT2=2 LUT3=1 LUT4=2 LUT5=2)
  Clock Path Skew:        -0.054ns (DCD - SCD + CPR)
    Destination Clock Delay (DCD):    1.285ns = ( 21.285 - 20.000 ) 
    Source Clock Delay      (SCD):    1.406ns
    Clock Pessimism Removal (CPR):    0.067ns
  Clock Uncertainty:      0.035ns  ((TSJ^2 + TIJ^2)^1/2 + DJ) / 2 + PE
    Total System Jitter     (TSJ):    0.071ns
    Total Input Jitter      (TIJ):    0.000ns
    Discrete Jitter          (DJ):    0.000ns
    Phase Error              (PE):    0.000ns

    Location             Delay type                Incr(ns)  Path(ns)    Netlist Resource(s)
  -------------------------------------------------------------------    -------------------
                         (clock clk_50mhz rise edge)
                                                      0.000     0.000 r  <hidden>
                                                      0.000     0.000 r  clk
                         net (fo=558, unset)          1.406     1.406    core/clk
    SLICE_X62Y108        FDRE                                         r  core/v_ref_mmps_1_reg[4]/C
  -------------------------------------------------------------------    -------------------
    SLICE_X62Y108        FDRE (Prop_fdre_C_Q)         0.433     1.839 r  core/v_ref_mmps_1_reg[4]/Q
                         net (fo=6, routed)           0.474     2.313    core/u_PI/Q[4]
    SLICE_X65Y108                                                     r  core/u_PI/Error_out1_carry__0_i_4/I0
    SLICE_X65Y108        LUT2 (Prop_lut2_I0_O)        0.105     2.418 r  core/u_PI/Error_out1_carry__0_i_4/O
                         net (fo=1, routed)           0.000     2.418    core/u_PI/Error_out1_carry__0_i_4_n_0
    SLICE_X65Y108                                                     r  core/u_PI/Error_out1_carry__0/S[0]
    SLICE_X65Y108        CARRY4 (Prop_carry4_S[0]_CO[3])
                                                      0.440     2.858 r  core/u_PI/Error_out1_carry__0/CO[3]
                         net (fo=1, routed)           0.000     2.858    core/u_PI/Error_out1_carry__0_n_0
    SLICE_X65Y109                                                     r  core/u_PI/Error_out1_carry__1/CI
    SLICE_X65Y109        CARRY4 (Prop_carry4_CI_CO[3])
                                                      0.098     2.956 r  core/u_PI/Error_out1_carry__1/CO[3]
                         net (fo=1, routed)           0.000     2.956    core/u_PI/Error_out1_carry__1_n_0
    SLICE_X65Y110                                                     r  core/u_PI/Error_out1_carry__2/CI
    SLICE_X65Y110        CARRY4 (Prop_carry4_CI_O[3])
                                                      0.275     3.231 r  core/u_PI/Error_out1_carry__2/O[3]
                         net (fo=9, routed)           0.976     4.207    core/u_PI/Error_out1[15]
    DSP48_X2Y42                                                       r  core/u_PI/P_mul_temp__1/B[15]
    DSP48_X2Y42          DSP48E1 (Prop_dsp48e1_B[15]_PCOUT[47])
                                                      3.396     7.603 r  core/u_PI/P_mul_temp__1/PCOUT[47]
                         net (fo=1, routed)           0.002     7.605    core/u_PI/P_mul_temp__1_n_106
    DSP48_X2Y43                                                       r  core/u_PI/P_mul_temp__2/PCIN[47]
    DSP48_X2Y43          DSP48E1 (Prop_dsp48e1_PCIN[47]_P[0])
                                                      1.271     8.876 r  core/u_PI/P_mul_temp__2/P[0]
                         net (fo=2, routed)           0.558     9.434    core/u_PI/P_mul_temp__2_n_105
    SLICE_X45Y105                                                     r  core/u_PI/P_mul_temp_carry/DI[1]
    SLICE_X45Y105        CARRY4 (Prop_carry4_DI[1]_O[2])
                                                      0.442     9.876 r  core/u_PI/P_mul_temp_carry/O[2]
                         net (fo=1, routed)           0.474    10.350    core/u_PI/P_mul_temp_carry_n_5
    SLICE_X46Y106                                                     r  core/u_PI/P_out11_carry_i_6/I1
    SLICE_X46Y106        LUT4 (Prop_lut4_I1_O)        0.253    10.603 r  core/u_PI/P_out11_carry_i_6/O
                         net (fo=1, routed)           0.121    10.725    core/u_PI/P_out11_carry_i_6_n_0
    SLICE_X46Y106                                                     r  core/u_PI/P_out11_carry_i_3/I4
    SLICE_X46Y106        LUT5 (Prop_lut5_I4_O)        0.105    10.830 r  core/u_PI/P_out11_carry_i_3/O
                         net (fo=1, routed)           0.368    11.197    core/u_PI/P_out11_carry_i_3_n_0
    SLICE_X57Y106                                                     r  core/u_PI/P_out11_carry_i_1/I2
    SLICE_X57Y106        LUT4 (Prop_lut4_I2_O)        0.105    11.302 r  core/u_PI/P_out11_carry_i_1/O
                         net (fo=1, routed)           0.000    11.302    core/u_PI/P_out11_carry_i_1_n_0
    SLICE_X57Y106                                                     r  core/u_PI/P_out11_carry/S[0]
    SLICE_X57Y106        CARRY4 (Prop_carry4_S[0]_CO[3])
                                                      0.440    11.742 r  core/u_PI/P_out11_carry/CO[3]
                         net (fo=1, routed)           0.000    11.742    core/u_PI/P_out11_carry_n_0
    SLICE_X57Y107                                                     r  core/u_PI/P_out11_carry__0/CI
    SLICE_X57Y107        CARRY4 (Prop_carry4_CI_CO[3])
                                                      0.098    11.840 r  core/u_PI/P_out11_carry__0/CO[3]
                         net (fo=1, routed)           0.000    11.840    core/u_PI/P_out11_carry__0_n_0
    SLICE_X57Y108                                                     r  core/u_PI/P_out11_carry__1/CI
    SLICE_X57Y108        CARRY4 (Prop_carry4_CI_CO[3])
                                                      0.098    11.938 r  core/u_PI/P_out11_carry__1/CO[3]
                         net (fo=1, routed)           0.000    11.938    core/u_PI/P_out11_carry__1_n_0
    SLICE_X57Y109                                                     r  core/u_PI/P_out11_carry__2/CI
    SLICE_X57Y109        CARRY4 (Prop_carry4_CI_O[1])
                                                      0.277    12.215 r  core/u_PI/P_out11_carry__2/O[1]
                         net (fo=3, routed)           0.851    13.066    core/u_PI/P_out11_carry__2_n_6
    SLICE_X66Y109                                                     r  core/u_PI/Unlimited_add_temp_carry__2/DI[1]
    SLICE_X66Y109        CARRY4 (Prop_carry4_DI[1]_CO[3])
                                                      0.575    13.641 r  core/u_PI/Unlimited_add_temp_carry__2/CO[3]
                         net (fo=1, routed)           0.000    13.641    core/u_PI/Unlimited_add_temp_carry__2_n_0
    SLICE_X66Y110                                                     r  core/u_PI/Unlimited_add_temp_carry__3/CI
    SLICE_X66Y110        CARRY4 (Prop_carry4_CI_CO[3])
                                                      0.100    13.741 r  core/u_PI/Unlimited_add_temp_carry__3/CO[3]
                         net (fo=1, routed)           0.000    13.741    core/u_PI/Unlimited_add_temp_carry__3_n_0
    SLICE_X66Y111                                                     r  core/u_PI/Unlimited_add_temp_carry__4/CI
    SLICE_X66Y111        CARRY4 (Prop_carry4_CI_CO[3])
                                                      0.100    13.841 r  core/u_PI/Unlimited_add_temp_carry__4/CO[3]
                         net (fo=1, routed)           0.000    13.841    core/u_PI/Unlimited_add_temp_carry__4_n_0
    SLICE_X66Y112                                                     r  core/u_PI/Unlimited_add_temp_carry__5/CI
    SLICE_X66Y112        CARRY4 (Prop_carry4_CI_CO[3])
                                                      0.100    13.941 r  core/u_PI/Unlimited_add_temp_carry__5/CO[3]
                         net (fo=1, routed)           0.000    13.941    core/u_PI/Unlimited_add_temp_carry__5_n_0
    SLICE_X66Y113                                                     r  core/u_PI/Unlimited_add_temp_carry__6/CI
    SLICE_X66Y113        CARRY4 (Prop_carry4_CI_O[1])
                                                      0.269    14.210 f  core/u_PI/Unlimited_add_temp_carry__6/O[1]
                         net (fo=8, routed)           0.842    15.052    core/u_PI/Unlimited_add_temp_carry__6_n_6
    SLICE_X71Y115                                                     f  core/u_PI/Sat_UpperRelOp_out_1_carry__2_i_6/I0
    SLICE_X71Y115        LUT2 (Prop_lut2_I0_O)        0.245    15.297 r  core/u_PI/Sat_UpperRelOp_out_1_carry__2_i_6/O
                         net (fo=1, routed)           0.000    15.297    core/u_PI/Sat_UpperRelOp_out_1_carry__2_i_6_n_0
    SLICE_X71Y115                                                     r  core/u_PI/Sat_UpperRelOp_out_1_carry__2/S[1]
    SLICE_X71Y115        CARRY4 (Prop_carry4_S[1]_CO[3])
                                                      0.457    15.754 r  core/u_PI/Sat_UpperRelOp_out_1_carry__2/CO[3]
                         net (fo=1, routed)           0.000    15.754    core/u_PI/Sat_UpperRelOp_out_1_carry__2_n_0
    SLICE_X71Y116                                                     r  core/u_PI/Sat_UpperRelOp_out_1_carry__3/CI
    SLICE_X71Y116        CARRY4 (Prop_carry4_CI_CO[3])
                                                      0.098    15.852 f  core/u_PI/Sat_UpperRelOp_out_1_carry__3/CO[3]
                         net (fo=132, routed)         1.341    17.193    core/u_PI/Sat_UpperRelOp_out_1
    SLICE_X72Y107                                                     f  core/u_PI/Excess_sub_temp_carry_i_3/I0
    SLICE_X72Y107        LUT3 (Prop_lut3_I0_O)        0.105    17.298 r  core/u_PI/Excess_sub_temp_carry_i_3/O
                         net (fo=1, routed)           0.000    17.298    core/u_PI/Excess_sub_temp_carry_i_3_n_0
    SLICE_X72Y107                                                     r  core/u_PI/Excess_sub_temp_carry/S[1]
    SLICE_X72Y107        CARRY4 (Prop_carry4_S[1]_CO[3])
                                                      0.444    17.742 r  core/u_PI/Excess_sub_temp_carry/CO[3]
                         net (fo=1, routed)           0.000    17.742    core/u_PI/Excess_sub_temp_carry_n_0
    SLICE_X72Y108                                                     r  core/u_PI/Excess_sub_temp_carry__0/CI
    SLICE_X72Y108        CARRY4 (Prop_carry4_CI_CO[3])
                                                      0.100    17.842 r  core/u_PI/Excess_sub_temp_carry__0/CO[3]
                         net (fo=1, routed)           0.000    17.842    core/u_PI/Excess_sub_temp_carry__0_n_0
    SLICE_X72Y109                                                     r  core/u_PI/Excess_sub_temp_carry__1/CI
    SLICE_X72Y109        CARRY4 (Prop_carry4_CI_CO[3])
                                                      0.100    17.942 r  core/u_PI/Excess_sub_temp_carry__1/CO[3]
                         net (fo=1, routed)           0.000    17.942    core/u_PI/Excess_sub_temp_carry__1_n_0
    SLICE_X72Y110                                                     r  core/u_PI/Excess_sub_temp_carry__2/CI
    SLICE_X72Y110        CARRY4 (Prop_carry4_CI_CO[3])
                                                      0.100    18.042 r  core/u_PI/Excess_sub_temp_carry__2/CO[3]
                         net (fo=1, routed)           0.000    18.042    core/u_PI/Excess_sub_temp_carry__2_n_0
    SLICE_X72Y111                                                     r  core/u_PI/Excess_sub_temp_carry__3/CI
    SLICE_X72Y111        CARRY4 (Prop_carry4_CI_CO[3])
                                                      0.100    18.142 r  core/u_PI/Excess_sub_temp_carry__3/CO[3]
                         net (fo=1, routed)           0.000    18.142    core/u_PI/Excess_sub_temp_carry__3_n_0
    SLICE_X72Y112                                                     r  core/u_PI/Excess_sub_temp_carry__4/CI
    SLICE_X72Y112        CARRY4 (Prop_carry4_CI_CO[3])
                                                      0.100    18.242 r  core/u_PI/Excess_sub_temp_carry__4/CO[3]
                         net (fo=1, routed)           0.000    18.242    core/u_PI/Excess_sub_temp_carry__4_n_0
    SLICE_X72Y113                                                     r  core/u_PI/Excess_sub_temp_carry__5/CI
    SLICE_X72Y113        CARRY4 (Prop_carry4_CI_CO[3])
                                                      0.100    18.342 r  core/u_PI/Excess_sub_temp_carry__5/CO[3]
                         net (fo=1, routed)           0.000    18.342    core/u_PI/Excess_sub_temp_carry__5_n_0
    SLICE_X72Y114                                                     r  core/u_PI/Excess_sub_temp_carry__6/CI
    SLICE_X72Y114        CARRY4 (Prop_carry4_CI_CO[3])
                                                      0.100    18.442 r  core/u_PI/Excess_sub_temp_carry__6/CO[3]
                         net (fo=1, routed)           0.000    18.442    core/u_PI/Excess_sub_temp_carry__6_n_0
    SLICE_X72Y115                                                     r  core/u_PI/Excess_sub_temp_carry__7/CI
    SLICE_X72Y115        CARRY4 (Prop_carry4_CI_CO[3])
                                                      0.100    18.542 r  core/u_PI/Excess_sub_temp_carry__7/CO[3]
                         net (fo=1, routed)           0.000    18.542    core/u_PI/Excess_sub_temp_carry__7_n_0
    SLICE_X72Y116                                                     r  core/u_PI/Excess_sub_temp_carry__8/CI
    SLICE_X72Y116        CARRY4 (Prop_carry4_CI_CO[3])
                                                      0.100    18.642 r  core/u_PI/Excess_sub_temp_carry__8/CO[3]
                         net (fo=1, routed)           0.000    18.642    core/u_PI/Excess_sub_temp_carry__8_n_0
    SLICE_X72Y117                                                     r  core/u_PI/Excess_sub_temp_carry__9/CI
    SLICE_X72Y117        CARRY4 (Prop_carry4_CI_O[1])
                                                      0.257    18.899 r  core/u_PI/Excess_sub_temp_carry__9/O[1]
                         net (fo=39, routed)          1.149    20.049    core/u_PI/Excess_sub_temp_carry__9_n_6
    SLICE_X76Y107                                                     r  core/u_PI/PreviousExcess_out1[11]_i_1/I4
    SLICE_X76Y107        LUT5 (Prop_lut5_I4_O)        0.265    20.314 r  core/u_PI/PreviousExcess_out1[11]_i_1/O
                         net (fo=3, routed)           0.445    20.758    core/u_PI/Excess_out1[11]
    SLICE_X76Y107        FDRE                                         r  core/u_PI/PreviousExcess_out1[11]_i_1_psdsp/D
  -------------------------------------------------------------------    -------------------

                         (clock clk_50mhz rise edge)
                                                     20.000    20.000 r  <hidden>
                                                      0.000    20.000 r  clk
                         net (fo=558, unset)          1.285    21.285    core/u_PI/clk
    SLICE_X76Y107        FDRE                                         r  core/u_PI/PreviousExcess_out1[11]_i_1_psdsp/C
                         clock pessimism              0.067    21.352    <hidden>
                         clock uncertainty           -0.035    21.317    <hidden>
    SLICE_X76Y107        FDRE (Setup_fdre_C_D)       -0.186    21.131    core/u_PI/PreviousExcess_out1[11]_i_1_psdsp
  -------------------------------------------------------------------
                         required time                         21.131    <hidden>
                         arrival time                         -20.758    <hidden>
  -------------------------------------------------------------------
                         slack                                  0.372    <hidden>

Slack (MET) :             0.458ns  (required time - arrival time)
  Source:                 core/v_ref_mmps_1_reg[4]/C
                            (rising edge-triggered cell FDRE clocked by clk_50mhz  {rise@0.000ns fall@10.000ns period=20.000ns})
  Destination:            core/u_PI/PreviousExcess_out1_reg[5]/D
                            (rising edge-triggered cell FDRE clocked by clk_50mhz  {rise@0.000ns fall@10.000ns period=20.000ns})
  Path Group:             clk_50mhz
  Path Type:              Setup (Max at Slow Process Corner)
  Requirement:            20.000ns  (clk_50mhz rise@20.000ns - clk_50mhz rise@0.000ns)
  Data Path Delay:        19.417ns  (logic 11.645ns (59.974%)  route 7.772ns (40.026%))
  Logic Levels:           35  (CARRY4=26 DSP48E1=2 LUT2=2 LUT3=1 LUT4=2 LUT5=2)
  Clock Path Skew:        -0.049ns (DCD - SCD + CPR)
    Destination Clock Delay (DCD):    1.290ns = ( 21.290 - 20.000 ) 
    Source Clock Delay      (SCD):    1.406ns
    Clock Pessimism Removal (CPR):    0.067ns
  Clock Uncertainty:      0.035ns  ((TSJ^2 + TIJ^2)^1/2 + DJ) / 2 + PE
    Total System Jitter     (TSJ):    0.071ns
    Total Input Jitter      (TIJ):    0.000ns
    Discrete Jitter          (DJ):    0.000ns
    Phase Error              (PE):    0.000ns

    Location             Delay type                Incr(ns)  Path(ns)    Netlist Resource(s)
  -------------------------------------------------------------------    -------------------
                         (clock clk_50mhz rise edge)
                                                      0.000     0.000 r  <hidden>
                                                      0.000     0.000 r  clk
                         net (fo=558, unset)          1.406     1.406    core/clk
    SLICE_X62Y108        FDRE                                         r  core/v_ref_mmps_1_reg[4]/C
  -------------------------------------------------------------------    -------------------
    SLICE_X62Y108        FDRE (Prop_fdre_C_Q)         0.433     1.839 r  core/v_ref_mmps_1_reg[4]/Q
                         net (fo=6, routed)           0.474     2.313    core/u_PI/Q[4]
    SLICE_X65Y108                                                     r  core/u_PI/Error_out1_carry__0_i_4/I0
    SLICE_X65Y108        LUT2 (Prop_lut2_I0_O)        0.105     2.418 r  core/u_PI/Error_out1_carry__0_i_4/O
                         net (fo=1, routed)           0.000     2.418    core/u_PI/Error_out1_carry__0_i_4_n_0
    SLICE_X65Y108                                                     r  core/u_PI/Error_out1_carry__0/S[0]
    SLICE_X65Y108        CARRY4 (Prop_carry4_S[0]_CO[3])
                                                      0.440     2.858 r  core/u_PI/Error_out1_carry__0/CO[3]
                         net (fo=1, routed)           0.000     2.858    core/u_PI/Error_out1_carry__0_n_0
    SLICE_X65Y109                                                     r  core/u_PI/Error_out1_carry__1/CI
    SLICE_X65Y109        CARRY4 (Prop_carry4_CI_CO[3])
                                                      0.098     2.956 r  core/u_PI/Error_out1_carry__1/CO[3]
                         net (fo=1, routed)           0.000     2.956    core/u_PI/Error_out1_carry__1_n_0
    SLICE_X65Y110                                                     r  core/u_PI/Error_out1_carry__2/CI
    SLICE_X65Y110        CARRY4 (Prop_carry4_CI_O[3])
                                                      0.275     3.231 r  core/u_PI/Error_out1_carry__2/O[3]
                         net (fo=9, routed)           0.976     4.207    core/u_PI/Error_out1[15]
    DSP48_X2Y42                                                       r  core/u_PI/P_mul_temp__1/B[15]
    DSP48_X2Y42          DSP48E1 (Prop_dsp48e1_B[15]_PCOUT[47])
                                                      3.396     7.603 r  core/u_PI/P_mul_temp__1/PCOUT[47]
                         net (fo=1, routed)           0.002     7.605    core/u_PI/P_mul_temp__1_n_106
    DSP48_X2Y43                                                       r  core/u_PI/P_mul_temp__2/PCIN[47]
    DSP48_X2Y43          DSP48E1 (Prop_dsp48e1_PCIN[47]_P[0])
                                                      1.271     8.876 r  core/u_PI/P_mul_temp__2/P[0]
                         net (fo=2, routed)           0.558     9.434    core/u_PI/P_mul_temp__2_n_105
    SLICE_X45Y105                                                     r  core/u_PI/P_mul_temp_carry/DI[1]
    SLICE_X45Y105        CARRY4 (Prop_carry4_DI[1]_O[2])
                                                      0.442     9.876 r  core/u_PI/P_mul_temp_carry/O[2]
                         net (fo=1, routed)           0.474    10.350    core/u_PI/P_mul_temp_carry_n_5
    SLICE_X46Y106                                                     r  core/u_PI/P_out11_carry_i_6/I1
    SLICE_X46Y106        LUT4 (Prop_lut4_I1_O)        0.253    10.603 r  core/u_PI/P_out11_carry_i_6/O
                         net (fo=1, routed)           0.121    10.725    core/u_PI/P_out11_carry_i_6_n_0
    SLICE_X46Y106                                                     r  core/u_PI/P_out11_carry_i_3/I4
    SLICE_X46Y106        LUT5 (Prop_lut5_I4_O)        0.105    10.830 r  core/u_PI/P_out11_carry_i_3/O
                         net (fo=1, routed)           0.368    11.197    core/u_PI/P_out11_carry_i_3_n_0
    SLICE_X57Y106                                                     r  core/u_PI/P_out11_carry_i_1/I2
    SLICE_X57Y106        LUT4 (Prop_lut4_I2_O)        0.105    11.302 r  core/u_PI/P_out11_carry_i_1/O
                         net (fo=1, routed)           0.000    11.302    core/u_PI/P_out11_carry_i_1_n_0
    SLICE_X57Y106                                                     r  core/u_PI/P_out11_carry/S[0]
    SLICE_X57Y106        CARRY4 (Prop_carry4_S[0]_CO[3])
                                                      0.440    11.742 r  core/u_PI/P_out11_carry/CO[3]
                         net (fo=1, routed)           0.000    11.742    core/u_PI/P_out11_carry_n_0
    SLICE_X57Y107                                                     r  core/u_PI/P_out11_carry__0/CI
    SLICE_X57Y107        CARRY4 (Prop_carry4_CI_CO[3])
                                                      0.098    11.840 r  core/u_PI/P_out11_carry__0/CO[3]
                         net (fo=1, routed)           0.000    11.840    core/u_PI/P_out11_carry__0_n_0
    SLICE_X57Y108                                                     r  core/u_PI/P_out11_carry__1/CI
    SLICE_X57Y108        CARRY4 (Prop_carry4_CI_CO[3])
                                                      0.098    11.938 r  core/u_PI/P_out11_carry__1/CO[3]
                         net (fo=1, routed)           0.000    11.938    core/u_PI/P_out11_carry__1_n_0
    SLICE_X57Y109                                                     r  core/u_PI/P_out11_carry__2/CI
    SLICE_X57Y109        CARRY4 (Prop_carry4_CI_O[1])
                                                      0.277    12.215 r  core/u_PI/P_out11_carry__2/O[1]
                         net (fo=3, routed)           0.851    13.066    core/u_PI/P_out11_carry__2_n_6
    SLICE_X66Y109                                                     r  core/u_PI/Unlimited_add_temp_carry__2/DI[1]
    SLICE_X66Y109        CARRY4 (Prop_carry4_DI[1]_CO[3])
                                                      0.575    13.641 r  core/u_PI/Unlimited_add_temp_carry__2/CO[3]
                         net (fo=1, routed)           0.000    13.641    core/u_PI/Unlimited_add_temp_carry__2_n_0
    SLICE_X66Y110                                                     r  core/u_PI/Unlimited_add_temp_carry__3/CI
    SLICE_X66Y110        CARRY4 (Prop_carry4_CI_CO[3])
                                                      0.100    13.741 r  core/u_PI/Unlimited_add_temp_carry__3/CO[3]
                         net (fo=1, routed)           0.000    13.741    core/u_PI/Unlimited_add_temp_carry__3_n_0
    SLICE_X66Y111                                                     r  core/u_PI/Unlimited_add_temp_carry__4/CI
    SLICE_X66Y111        CARRY4 (Prop_carry4_CI_CO[3])
                                                      0.100    13.841 r  core/u_PI/Unlimited_add_temp_carry__4/CO[3]
                         net (fo=1, routed)           0.000    13.841    core/u_PI/Unlimited_add_temp_carry__4_n_0
    SLICE_X66Y112                                                     r  core/u_PI/Unlimited_add_temp_carry__5/CI
    SLICE_X66Y112        CARRY4 (Prop_carry4_CI_CO[3])
                                                      0.100    13.941 r  core/u_PI/Unlimited_add_temp_carry__5/CO[3]
                         net (fo=1, routed)           0.000    13.941    core/u_PI/Unlimited_add_temp_carry__5_n_0
    SLICE_X66Y113                                                     r  core/u_PI/Unlimited_add_temp_carry__6/CI
    SLICE_X66Y113        CARRY4 (Prop_carry4_CI_O[1])
                                                      0.269    14.210 f  core/u_PI/Unlimited_add_temp_carry__6/O[1]
                         net (fo=8, routed)           0.842    15.052    core/u_PI/Unlimited_add_temp_carry__6_n_6
    SLICE_X71Y115                                                     f  core/u_PI/Sat_UpperRelOp_out_1_carry__2_i_6/I0
    SLICE_X71Y115        LUT2 (Prop_lut2_I0_O)        0.245    15.297 r  core/u_PI/Sat_UpperRelOp_out_1_carry__2_i_6/O
                         net (fo=1, routed)           0.000    15.297    core/u_PI/Sat_UpperRelOp_out_1_carry__2_i_6_n_0
    SLICE_X71Y115                                                     r  core/u_PI/Sat_UpperRelOp_out_1_carry__2/S[1]
    SLICE_X71Y115        CARRY4 (Prop_carry4_S[1]_CO[3])
                                                      0.457    15.754 r  core/u_PI/Sat_UpperRelOp_out_1_carry__2/CO[3]
                         net (fo=1, routed)           0.000    15.754    core/u_PI/Sat_UpperRelOp_out_1_carry__2_n_0
    SLICE_X71Y116                                                     r  core/u_PI/Sat_UpperRelOp_out_1_carry__3/CI
    SLICE_X71Y116        CARRY4 (Prop_carry4_CI_CO[3])
                                                      0.098    15.852 f  core/u_PI/Sat_UpperRelOp_out_1_carry__3/CO[3]
                         net (fo=132, routed)         1.341    17.193    core/u_PI/Sat_UpperRelOp_out_1
    SLICE_X72Y107                                                     f  core/u_PI/Excess_sub_temp_carry_i_3/I0
    SLICE_X72Y107        LUT3 (Prop_lut3_I0_O)        0.105    17.298 r  core/u_PI/Excess_sub_temp_carry_i_3/O
                         net (fo=1, routed)           0.000    17.298    core/u_PI/Excess_sub_temp_carry_i_3_n_0
    SLICE_X72Y107                                                     r  core/u_PI/Excess_sub_temp_carry/S[1]
    SLICE_X72Y107        CARRY4 (Prop_carry4_S[1]_CO[3])
                                                      0.444    17.742 r  core/u_PI/Excess_sub_temp_carry/CO[3]
                         net (fo=1, routed)           0.000    17.742    core/u_PI/Excess_sub_temp_carry_n_0
    SLICE_X72Y108                                                     r  core/u_PI/Excess_sub_temp_carry__0/CI
    SLICE_X72Y108        CARRY4 (Prop_carry4_CI_CO[3])
                                                      0.100    17.842 r  core/u_PI/Excess_sub_temp_carry__0/CO[3]
                         net (fo=1, routed)           0.000    17.842    core/u_PI/Excess_sub_temp_carry__0_n_0
    SLICE_X72Y109                                                     r  core/u_PI/Excess_sub_temp_carry__1/CI
    SLICE_X72Y109        CARRY4 (Prop_carry4_CI_CO[3])
                                                      0.100    17.942 r  core/u_PI/Excess_sub_temp_carry__1/CO[3]
                         net (fo=1, routed)           0.000    17.942    core/u_PI/Excess_sub_temp_carry__1_n_0
    SLICE_X72Y110                                                     r  core/u_PI/Excess_sub_temp_carry__2/CI
    SLICE_X72Y110        CARRY4 (Prop_carry4_CI_CO[3])
                                                      0.100    18.042 r  core/u_PI/Excess_sub_temp_carry__2/CO[3]
                         net (fo=1, routed)           0.000    18.042    core/u_PI/Excess_sub_temp_carry__2_n_0
    SLICE_X72Y111                                                     r  core/u_PI/Excess_sub_temp_carry__3/CI
    SLICE_X72Y111        CARRY4 (Prop_carry4_CI_CO[3])
                                                      0.100    18.142 r  core/u_PI/Excess_sub_temp_carry__3/CO[3]
                         net (fo=1, routed)           0.000    18.142    core/u_PI/Excess_sub_temp_carry__3_n_0
    SLICE_X72Y112                                                     r  core/u_PI/Excess_sub_temp_carry__4/CI
    SLICE_X72Y112        CARRY4 (Prop_carry4_CI_CO[3])
                                                      0.100    18.242 r  core/u_PI/Excess_sub_temp_carry__4/CO[3]
                         net (fo=1, routed)           0.000    18.242    core/u_PI/Excess_sub_temp_carry__4_n_0
    SLICE_X72Y113                                                     r  core/u_PI/Excess_sub_temp_carry__5/CI
    SLICE_X72Y113        CARRY4 (Prop_carry4_CI_CO[3])
                                                      0.100    18.342 r  core/u_PI/Excess_sub_temp_carry__5/CO[3]
                         net (fo=1, routed)           0.000    18.342    core/u_PI/Excess_sub_temp_carry__5_n_0
    SLICE_X72Y114                                                     r  core/u_PI/Excess_sub_temp_carry__6/CI
    SLICE_X72Y114        CARRY4 (Prop_carry4_CI_CO[3])
                                                      0.100    18.442 r  core/u_PI/Excess_sub_temp_carry__6/CO[3]
                         net (fo=1, routed)           0.000    18.442    core/u_PI/Excess_sub_temp_carry__6_n_0
    SLICE_X72Y115                                                     r  core/u_PI/Excess_sub_temp_carry__7/CI
    SLICE_X72Y115        CARRY4 (Prop_carry4_CI_CO[3])
                                                      0.100    18.542 r  core/u_PI/Excess_sub_temp_carry__7/CO[3]
                         net (fo=1, routed)           0.000    18.542    core/u_PI/Excess_sub_temp_carry__7_n_0
    SLICE_X72Y116                                                     r  core/u_PI/Excess_sub_temp_carry__8/CI
    SLICE_X72Y116        CARRY4 (Prop_carry4_CI_CO[3])
                                                      0.100    18.642 r  core/u_PI/Excess_sub_temp_carry__8/CO[3]
                         net (fo=1, routed)           0.000    18.642    core/u_PI/Excess_sub_temp_carry__8_n_0
    SLICE_X72Y117                                                     r  core/u_PI/Excess_sub_temp_carry__9/CI
    SLICE_X72Y117        CARRY4 (Prop_carry4_CI_O[0])
                                                      0.178    18.820 r  core/u_PI/Excess_sub_temp_carry__9/O[0]
                         net (fo=39, routed)          1.154    19.974    core/u_PI/Excess_sub_temp_carry__9_n_7
    SLICE_X73Y108                                                     r  core/u_PI/PreviousExcess_out1[5]_i_1/I1
    SLICE_X73Y108        LUT5 (Prop_lut5_I1_O)        0.238    20.212 r  core/u_PI/PreviousExcess_out1[5]_i_1/O
                         net (fo=3, routed)           0.610    20.823    core/u_PI/Excess_out1[5]
    SLICE_X72Y109        FDRE                                         r  core/u_PI/PreviousExcess_out1_reg[5]/D
  -------------------------------------------------------------------    -------------------

                         (clock clk_50mhz rise edge)
                                                     20.000    20.000 r  <hidden>
                                                      0.000    20.000 r  clk
                         net (fo=558, unset)          1.290    21.290    core/u_PI/clk
    SLICE_X72Y109        FDRE                                         r  core/u_PI/PreviousExcess_out1_reg[5]/C
                         clock pessimism              0.067    21.357    <hidden>
                         clock uncertainty           -0.035    21.322    <hidden>
    SLICE_X72Y109        FDRE (Setup_fdre_C_D)       -0.041    21.281    core/u_PI/PreviousExcess_out1_reg[5]
  -------------------------------------------------------------------
                         required time                         21.281    <hidden>
                         arrival time                         -20.823    <hidden>
  -------------------------------------------------------------------
                         slack                                  0.458    <hidden>

Slack (MET) :             0.478ns  (required time - arrival time)
  Source:                 core/v_ref_mmps_1_reg[4]/C
                            (rising edge-triggered cell FDRE clocked by clk_50mhz  {rise@0.000ns fall@10.000ns period=20.000ns})
  Destination:            core/u_PI/PreviousExcess_out1_reg[34]/D
                            (rising edge-triggered cell FDRE clocked by clk_50mhz  {rise@0.000ns fall@10.000ns period=20.000ns})
  Path Group:             clk_50mhz
  Path Type:              Setup (Max at Slow Process Corner)
  Requirement:            20.000ns  (clk_50mhz rise@20.000ns - clk_50mhz rise@0.000ns)
  Data Path Delay:        19.354ns  (logic 11.641ns (60.148%)  route 7.713ns (39.852%))
  Logic Levels:           34  (CARRY4=25 DSP48E1=2 LUT2=2 LUT3=1 LUT4=2 LUT5=2)
  Clock Path Skew:        -0.053ns (DCD - SCD + CPR)
    Destination Clock Delay (DCD):    1.286ns = ( 21.286 - 20.000 ) 
    Source Clock Delay      (SCD):    1.406ns
    Clock Pessimism Removal (CPR):    0.067ns
  Clock Uncertainty:      0.035ns  ((TSJ^2 + TIJ^2)^1/2 + DJ) / 2 + PE
    Total System Jitter     (TSJ):    0.071ns
    Total Input Jitter      (TIJ):    0.000ns
    Discrete Jitter          (DJ):    0.000ns
    Phase Error              (PE):    0.000ns

    Location             Delay type                Incr(ns)  Path(ns)    Netlist Resource(s)
  -------------------------------------------------------------------    -------------------
                         (clock clk_50mhz rise edge)
                                                      0.000     0.000 r  <hidden>
                                                      0.000     0.000 r  clk
                         net (fo=558, unset)          1.406     1.406    core/clk
    SLICE_X62Y108        FDRE                                         r  core/v_ref_mmps_1_reg[4]/C
  -------------------------------------------------------------------    -------------------
    SLICE_X62Y108        FDRE (Prop_fdre_C_Q)         0.433     1.839 r  core/v_ref_mmps_1_reg[4]/Q
                         net (fo=6, routed)           0.474     2.313    core/u_PI/Q[4]
    SLICE_X65Y108                                                     r  core/u_PI/Error_out1_carry__0_i_4/I0
    SLICE_X65Y108        LUT2 (Prop_lut2_I0_O)        0.105     2.418 r  core/u_PI/Error_out1_carry__0_i_4/O
                         net (fo=1, routed)           0.000     2.418    core/u_PI/Error_out1_carry__0_i_4_n_0
    SLICE_X65Y108                                                     r  core/u_PI/Error_out1_carry__0/S[0]
    SLICE_X65Y108        CARRY4 (Prop_carry4_S[0]_CO[3])
                                                      0.440     2.858 r  core/u_PI/Error_out1_carry__0/CO[3]
                         net (fo=1, routed)           0.000     2.858    core/u_PI/Error_out1_carry__0_n_0
    SLICE_X65Y109                                                     r  core/u_PI/Error_out1_carry__1/CI
    SLICE_X65Y109        CARRY4 (Prop_carry4_CI_CO[3])
                                                      0.098     2.956 r  core/u_PI/Error_out1_carry__1/CO[3]
                         net (fo=1, routed)           0.000     2.956    core/u_PI/Error_out1_carry__1_n_0
    SLICE_X65Y110                                                     r  core/u_PI/Error_out1_carry__2/CI
    SLICE_X65Y110        CARRY4 (Prop_carry4_CI_O[3])
                                                      0.275     3.231 r  core/u_PI/Error_out1_carry__2/O[3]
                         net (fo=9, routed)           0.976     4.207    core/u_PI/Error_out1[15]
    DSP48_X2Y42                                                       r  core/u_PI/P_mul_temp__1/B[15]
    DSP48_X2Y42          DSP48E1 (Prop_dsp48e1_B[15]_PCOUT[47])
                                                      3.396     7.603 r  core/u_PI/P_mul_temp__1/PCOUT[47]
                         net (fo=1, routed)           0.002     7.605    core/u_PI/P_mul_temp__1_n_106
    DSP48_X2Y43                                                       r  core/u_PI/P_mul_temp__2/PCIN[47]
    DSP48_X2Y43          DSP48E1 (Prop_dsp48e1_PCIN[47]_P[0])
                                                      1.271     8.876 r  core/u_PI/P_mul_temp__2/P[0]
                         net (fo=2, routed)           0.558     9.434    core/u_PI/P_mul_temp__2_n_105
    SLICE_X45Y105                                                     r  core/u_PI/P_mul_temp_carry/DI[1]
    SLICE_X45Y105        CARRY4 (Prop_carry4_DI[1]_O[2])
                                                      0.442     9.876 r  core/u_PI/P_mul_temp_carry/O[2]
                         net (fo=1, routed)           0.474    10.350    core/u_PI/P_mul_temp_carry_n_5
    SLICE_X46Y106                                                     r  core/u_PI/P_out11_carry_i_6/I1
    SLICE_X46Y106        LUT4 (Prop_lut4_I1_O)        0.253    10.603 r  core/u_PI/P_out11_carry_i_6/O
                         net (fo=1, routed)           0.121    10.725    core/u_PI/P_out11_carry_i_6_n_0
    SLICE_X46Y106                                                     r  core/u_PI/P_out11_carry_i_3/I4
    SLICE_X46Y106        LUT5 (Prop_lut5_I4_O)        0.105    10.830 r  core/u_PI/P_out11_carry_i_3/O
                         net (fo=1, routed)           0.368    11.197    core/u_PI/P_out11_carry_i_3_n_0
    SLICE_X57Y106                                                     r  core/u_PI/P_out11_carry_i_1/I2
    SLICE_X57Y106        LUT4 (Prop_lut4_I2_O)        0.105    11.302 r  core/u_PI/P_out11_carry_i_1/O
                         net (fo=1, routed)           0.000    11.302    core/u_PI/P_out11_carry_i_1_n_0
    SLICE_X57Y106                                                     r  core/u_PI/P_out11_carry/S[0]
    SLICE_X57Y106        CARRY4 (Prop_carry4_S[0]_CO[3])
                                                      0.440    11.742 r  core/u_PI/P_out11_carry/CO[3]
                         net (fo=1, routed)           0.000    11.742    core/u_PI/P_out11_carry_n_0
    SLICE_X57Y107                                                     r  core/u_PI/P_out11_carry__0/CI
    SLICE_X57Y107        CARRY4 (Prop_carry4_CI_CO[3])
                                                      0.098    11.840 r  core/u_PI/P_out11_carry__0/CO[3]
                         net (fo=1, routed)           0.000    11.840    core/u_PI/P_out11_carry__0_n_0
    SLICE_X57Y108                                                     r  core/u_PI/P_out11_carry__1/CI
    SLICE_X57Y108        CARRY4 (Prop_carry4_CI_CO[3])
                                                      0.098    11.938 r  core/u_PI/P_out11_carry__1/CO[3]
                         net (fo=1, routed)           0.000    11.938    core/u_PI/P_out11_carry__1_n_0
    SLICE_X57Y109                                                     r  core/u_PI/P_out11_carry__2/CI
    SLICE_X57Y109        CARRY4 (Prop_carry4_CI_O[1])
                                                      0.277    12.215 r  core/u_PI/P_out11_carry__2/O[1]
                         net (fo=3, routed)           0.851    13.066    core/u_PI/P_out11_carry__2_n_6
    SLICE_X66Y109                                                     r  core/u_PI/Unlimited_add_temp_carry__2/DI[1]
    SLICE_X66Y109        CARRY4 (Prop_carry4_DI[1]_CO[3])
                                                      0.575    13.641 r  core/u_PI/Unlimited_add_temp_carry__2/CO[3]
                         net (fo=1, routed)           0.000    13.641    core/u_PI/Unlimited_add_temp_carry__2_n_0
    SLICE_X66Y110                                                     r  core/u_PI/Unlimited_add_temp_carry__3/CI
    SLICE_X66Y110        CARRY4 (Prop_carry4_CI_CO[3])
                                                      0.100    13.741 r  core/u_PI/Unlimited_add_temp_carry__3/CO[3]
                         net (fo=1, routed)           0.000    13.741    core/u_PI/Unlimited_add_temp_carry__3_n_0
    SLICE_X66Y111                                                     r  core/u_PI/Unlimited_add_temp_carry__4/CI
    SLICE_X66Y111        CARRY4 (Prop_carry4_CI_CO[3])
                                                      0.100    13.841 r  core/u_PI/Unlimited_add_temp_carry__4/CO[3]
                         net (fo=1, routed)           0.000    13.841    core/u_PI/Unlimited_add_temp_carry__4_n_0
    SLICE_X66Y112                                                     r  core/u_PI/Unlimited_add_temp_carry__5/CI
    SLICE_X66Y112        CARRY4 (Prop_carry4_CI_CO[3])
                                                      0.100    13.941 r  core/u_PI/Unlimited_add_temp_carry__5/CO[3]
                         net (fo=1, routed)           0.000    13.941    core/u_PI/Unlimited_add_temp_carry__5_n_0
    SLICE_X66Y113                                                     r  core/u_PI/Unlimited_add_temp_carry__6/CI
    SLICE_X66Y113        CARRY4 (Prop_carry4_CI_O[1])
                                                      0.269    14.210 f  core/u_PI/Unlimited_add_temp_carry__6/O[1]
                         net (fo=8, routed)           0.842    15.052    core/u_PI/Unlimited_add_temp_carry__6_n_6
    SLICE_X71Y115                                                     f  core/u_PI/Sat_UpperRelOp_out_1_carry__2_i_6/I0
    SLICE_X71Y115        LUT2 (Prop_lut2_I0_O)        0.245    15.297 r  core/u_PI/Sat_UpperRelOp_out_1_carry__2_i_6/O
                         net (fo=1, routed)           0.000    15.297    core/u_PI/Sat_UpperRelOp_out_1_carry__2_i_6_n_0
    SLICE_X71Y115                                                     r  core/u_PI/Sat_UpperRelOp_out_1_carry__2/S[1]
    SLICE_X71Y115        CARRY4 (Prop_carry4_S[1]_CO[3])
                                                      0.457    15.754 r  core/u_PI/Sat_UpperRelOp_out_1_carry__2/CO[3]
                         net (fo=1, routed)           0.000    15.754    core/u_PI/Sat_UpperRelOp_out_1_carry__2_n_0
    SLICE_X71Y116                                                     r  core/u_PI/Sat_UpperRelOp_out_1_carry__3/CI
    SLICE_X71Y116        CARRY4 (Prop_carry4_CI_CO[3])
                                                      0.098    15.852 f  core/u_PI/Sat_UpperRelOp_out_1_carry__3/CO[3]
                         net (fo=132, routed)         1.341    17.193    core/u_PI/Sat_UpperRelOp_out_1
    SLICE_X72Y107                                                     f  core/u_PI/Excess_sub_temp_carry_i_3/I0
    SLICE_X72Y107        LUT3 (Prop_lut3_I0_O)        0.105    17.298 r  core/u_PI/Excess_sub_temp_carry_i_3/O
                         net (fo=1, routed)           0.000    17.298    core/u_PI/Excess_sub_temp_carry_i_3_n_0
    SLICE_X72Y107                                                     r  core/u_PI/Excess_sub_temp_carry/S[1]
    SLICE_X72Y107        CARRY4 (Prop_carry4_S[1]_CO[3])
                                                      0.444    17.742 r  core/u_PI/Excess_sub_temp_carry/CO[3]
                         net (fo=1, routed)           0.000    17.742    core/u_PI/Excess_sub_temp_carry_n_0
    SLICE_X72Y108                                                     r  core/u_PI/Excess_sub_temp_carry__0/CI
    SLICE_X72Y108        CARRY4 (Prop_carry4_CI_CO[3])
                                                      0.100    17.842 r  core/u_PI/Excess_sub_temp_carry__0/CO[3]
                         net (fo=1, routed)           0.000    17.842    core/u_PI/Excess_sub_temp_carry__0_n_0
    SLICE_X72Y109                                                     r  core/u_PI/Excess_sub_temp_carry__1/CI
    SLICE_X72Y109        CARRY4 (Prop_carry4_CI_CO[3])
                                                      0.100    17.942 r  core/u_PI/Excess_sub_temp_carry__1/CO[3]
                         net (fo=1, routed)           0.000    17.942    core/u_PI/Excess_sub_temp_carry__1_n_0
    SLICE_X72Y110                                                     r  core/u_PI/Excess_sub_temp_carry__2/CI
    SLICE_X72Y110        CARRY4 (Prop_carry4_CI_CO[3])
                                                      0.100    18.042 r  core/u_PI/Excess_sub_temp_carry__2/CO[3]
                         net (fo=1, routed)           0.000    18.042    core/u_PI/Excess_sub_temp_carry__2_n_0
    SLICE_X72Y111                                                     r  core/u_PI/Excess_sub_temp_carry__3/CI
    SLICE_X72Y111        CARRY4 (Prop_carry4_CI_CO[3])
                                                      0.100    18.142 r  core/u_PI/Excess_sub_temp_carry__3/CO[3]
                         net (fo=1, routed)           0.000    18.142    core/u_PI/Excess_sub_temp_carry__3_n_0
    SLICE_X72Y112                                                     r  core/u_PI/Excess_sub_temp_carry__4/CI
    SLICE_X72Y112        CARRY4 (Prop_carry4_CI_CO[3])
                                                      0.100    18.242 r  core/u_PI/Excess_sub_temp_carry__4/CO[3]
                         net (fo=1, routed)           0.000    18.242    core/u_PI/Excess_sub_temp_carry__4_n_0
    SLICE_X72Y113                                                     r  core/u_PI/Excess_sub_temp_carry__5/CI
    SLICE_X72Y113        CARRY4 (Prop_carry4_CI_CO[3])
                                                      0.100    18.342 r  core/u_PI/Excess_sub_temp_carry__5/CO[3]
                         net (fo=1, routed)           0.000    18.342    core/u_PI/Excess_sub_temp_carry__5_n_0
    SLICE_X72Y114                                                     r  core/u_PI/Excess_sub_temp_carry__6/CI
    SLICE_X72Y114        CARRY4 (Prop_carry4_CI_CO[3])
                                                      0.100    18.442 r  core/u_PI/Excess_sub_temp_carry__6/CO[3]
                         net (fo=1, routed)           0.000    18.442    core/u_PI/Excess_sub_temp_carry__6_n_0
    SLICE_X72Y115                                                     r  core/u_PI/Excess_sub_temp_carry__7/CI
    SLICE_X72Y115        CARRY4 (Prop_carry4_CI_CO[3])
                                                      0.100    18.542 r  core/u_PI/Excess_sub_temp_carry__7/CO[3]
                         net (fo=1, routed)           0.000    18.542    core/u_PI/Excess_sub_temp_carry__7_n_0
    SLICE_X72Y116                                                     r  core/u_PI/Excess_sub_temp_carry__8/CI
    SLICE_X72Y116        CARRY4 (Prop_carry4_CI_O[3])
                                                      0.262    18.804 r  core/u_PI/Excess_sub_temp_carry__8/O[3]
                         net (fo=39, routed)          0.999    19.803    core/u_PI/Excess_sub_temp_carry__8_n_4
    SLICE_X73Y112                                                     r  core/u_PI/PreviousExcess_out1[34]_i_1/I3
    SLICE_X73Y112        LUT5 (Prop_lut5_I3_O)        0.250    20.053 r  core/u_PI/PreviousExcess_out1[34]_i_1/O
                         net (fo=3, routed)           0.707    20.760    core/u_PI/Excess_out1[34]
    SLICE_X73Y114        FDRE                                         r  core/u_PI/PreviousExcess_out1_reg[34]/D
  -------------------------------------------------------------------    -------------------

                         (clock clk_50mhz rise edge)
                                                     20.000    20.000 r  <hidden>
                                                      0.000    20.000 r  clk
                         net (fo=558, unset)          1.286    21.286    core/u_PI/clk
    SLICE_X73Y114        FDRE                                         r  core/u_PI/PreviousExcess_out1_reg[34]/C
                         clock pessimism              0.067    21.353    <hidden>
                         clock uncertainty           -0.035    21.318    <hidden>
    SLICE_X73Y114        FDRE (Setup_fdre_C_D)       -0.080    21.238    core/u_PI/PreviousExcess_out1_reg[34]
  -------------------------------------------------------------------
                         required time                         21.238    <hidden>
                         arrival time                         -20.760    <hidden>
  -------------------------------------------------------------------
                         slack                                  0.478    <hidden>

Slack (MET) :             0.502ns  (required time - arrival time)
  Source:                 core/v_ref_mmps_1_reg[4]/C
                            (rising edge-triggered cell FDRE clocked by clk_50mhz  {rise@0.000ns fall@10.000ns period=20.000ns})
  Destination:            core/u_PI/PreviousExcess_out1[20]_i_1_psdsp/D
                            (rising edge-triggered cell FDRE clocked by clk_50mhz  {rise@0.000ns fall@10.000ns period=20.000ns})
  Path Group:             clk_50mhz
  Path Type:              Setup (Max at Slow Process Corner)
  Requirement:            20.000ns  (clk_50mhz rise@20.000ns - clk_50mhz rise@0.000ns)
  Data Path Delay:        19.339ns  (logic 11.645ns (60.215%)  route 7.694ns (39.785%))
  Logic Levels:           35  (CARRY4=26 DSP48E1=2 LUT2=2 LUT3=1 LUT4=2 LUT5=2)
  Clock Path Skew:        -0.052ns (DCD - SCD + CPR)
    Destination Clock Delay (DCD):    1.287ns = ( 21.287 - 20.000 ) 
    Source Clock Delay      (SCD):    1.406ns
    Clock Pessimism Removal (CPR):    0.067ns
  Clock Uncertainty:      0.035ns  ((TSJ^2 + TIJ^2)^1/2 + DJ) / 2 + PE
    Total System Jitter     (TSJ):    0.071ns
    Total Input Jitter      (TIJ):    0.000ns
    Discrete Jitter          (DJ):    0.000ns
    Phase Error              (PE):    0.000ns

    Location             Delay type                Incr(ns)  Path(ns)    Netlist Resource(s)
  -------------------------------------------------------------------    -------------------
                         (clock clk_50mhz rise edge)
                                                      0.000     0.000 r  <hidden>
                                                      0.000     0.000 r  clk
                         net (fo=558, unset)          1.406     1.406    core/clk
    SLICE_X62Y108        FDRE                                         r  core/v_ref_mmps_1_reg[4]/C
  -------------------------------------------------------------------    -------------------
    SLICE_X62Y108        FDRE (Prop_fdre_C_Q)         0.433     1.839 r  core/v_ref_mmps_1_reg[4]/Q
                         net (fo=6, routed)           0.474     2.313    core/u_PI/Q[4]
    SLICE_X65Y108                                                     r  core/u_PI/Error_out1_carry__0_i_4/I0
    SLICE_X65Y108        LUT2 (Prop_lut2_I0_O)        0.105     2.418 r  core/u_PI/Error_out1_carry__0_i_4/O
                         net (fo=1, routed)           0.000     2.418    core/u_PI/Error_out1_carry__0_i_4_n_0
    SLICE_X65Y108                                                     r  core/u_PI/Error_out1_carry__0/S[0]
    SLICE_X65Y108        CARRY4 (Prop_carry4_S[0]_CO[3])
                                                      0.440     2.858 r  core/u_PI/Error_out1_carry__0/CO[3]
                         net (fo=1, routed)           0.000     2.858    core/u_PI/Error_out1_carry__0_n_0
    SLICE_X65Y109                                                     r  core/u_PI/Error_out1_carry__1/CI
    SLICE_X65Y109        CARRY4 (Prop_carry4_CI_CO[3])
                                                      0.098     2.956 r  core/u_PI/Error_out1_carry__1/CO[3]
                         net (fo=1, routed)           0.000     2.956    core/u_PI/Error_out1_carry__1_n_0
    SLICE_X65Y110                                                     r  core/u_PI/Error_out1_carry__2/CI
    SLICE_X65Y110        CARRY4 (Prop_carry4_CI_O[3])
                                                      0.275     3.231 r  core/u_PI/Error_out1_carry__2/O[3]
                         net (fo=9, routed)           0.976     4.207    core/u_PI/Error_out1[15]
    DSP48_X2Y42                                                       r  core/u_PI/P_mul_temp__1/B[15]
    DSP48_X2Y42          DSP48E1 (Prop_dsp48e1_B[15]_PCOUT[47])
                                                      3.396     7.603 r  core/u_PI/P_mul_temp__1/PCOUT[47]
                         net (fo=1, routed)           0.002     7.605    core/u_PI/P_mul_temp__1_n_106
    DSP48_X2Y43                                                       r  core/u_PI/P_mul_temp__2/PCIN[47]
    DSP48_X2Y43          DSP48E1 (Prop_dsp48e1_PCIN[47]_P[0])
                                                      1.271     8.876 r  core/u_PI/P_mul_temp__2/P[0]
                         net (fo=2, routed)           0.558     9.434    core/u_PI/P_mul_temp__2_n_105
    SLICE_X45Y105                                                     r  core/u_PI/P_mul_temp_carry/DI[1]
    SLICE_X45Y105        CARRY4 (Prop_carry4_DI[1]_O[2])
                                                      0.442     9.876 r  core/u_PI/P_mul_temp_carry/O[2]
                         net (fo=1, routed)           0.474    10.350    core/u_PI/P_mul_temp_carry_n_5
    SLICE_X46Y106                                                     r  core/u_PI/P_out11_carry_i_6/I1
    SLICE_X46Y106        LUT4 (Prop_lut4_I1_O)        0.253    10.603 r  core/u_PI/P_out11_carry_i_6/O
                         net (fo=1, routed)           0.121    10.725    core/u_PI/P_out11_carry_i_6_n_0
    SLICE_X46Y106                                                     r  core/u_PI/P_out11_carry_i_3/I4
    SLICE_X46Y106        LUT5 (Prop_lut5_I4_O)        0.105    10.830 r  core/u_PI/P_out11_carry_i_3/O
                         net (fo=1, routed)           0.368    11.197    core/u_PI/P_out11_carry_i_3_n_0
    SLICE_X57Y106                                                     r  core/u_PI/P_out11_carry_i_1/I2
    SLICE_X57Y106        LUT4 (Prop_lut4_I2_O)        0.105    11.302 r  core/u_PI/P_out11_carry_i_1/O
                         net (fo=1, routed)           0.000    11.302    core/u_PI/P_out11_carry_i_1_n_0
    SLICE_X57Y106                                                     r  core/u_PI/P_out11_carry/S[0]
    SLICE_X57Y106        CARRY4 (Prop_carry4_S[0]_CO[3])
                                                      0.440    11.742 r  core/u_PI/P_out11_carry/CO[3]
                         net (fo=1, routed)           0.000    11.742    core/u_PI/P_out11_carry_n_0
    SLICE_X57Y107                                                     r  core/u_PI/P_out11_carry__0/CI
    SLICE_X57Y107        CARRY4 (Prop_carry4_CI_CO[3])
                                                      0.098    11.840 r  core/u_PI/P_out11_carry__0/CO[3]
                         net (fo=1, routed)           0.000    11.840    core/u_PI/P_out11_carry__0_n_0
    SLICE_X57Y108                                                     r  core/u_PI/P_out11_carry__1/CI
    SLICE_X57Y108        CARRY4 (Prop_carry4_CI_CO[3])
                                                      0.098    11.938 r  core/u_PI/P_out11_carry__1/CO[3]
                         net (fo=1, routed)           0.000    11.938    core/u_PI/P_out11_carry__1_n_0
    SLICE_X57Y109                                                     r  core/u_PI/P_out11_carry__2/CI
    SLICE_X57Y109        CARRY4 (Prop_carry4_CI_O[1])
                                                      0.277    12.215 r  core/u_PI/P_out11_carry__2/O[1]
                         net (fo=3, routed)           0.851    13.066    core/u_PI/P_out11_carry__2_n_6
    SLICE_X66Y109                                                     r  core/u_PI/Unlimited_add_temp_carry__2/DI[1]
    SLICE_X66Y109        CARRY4 (Prop_carry4_DI[1]_CO[3])
                                                      0.575    13.641 r  core/u_PI/Unlimited_add_temp_carry__2/CO[3]
                         net (fo=1, routed)           0.000    13.641    core/u_PI/Unlimited_add_temp_carry__2_n_0
    SLICE_X66Y110                                                     r  core/u_PI/Unlimited_add_temp_carry__3/CI
    SLICE_X66Y110        CARRY4 (Prop_carry4_CI_CO[3])
                                                      0.100    13.741 r  core/u_PI/Unlimited_add_temp_carry__3/CO[3]
                         net (fo=1, routed)           0.000    13.741    core/u_PI/Unlimited_add_temp_carry__3_n_0
    SLICE_X66Y111                                                     r  core/u_PI/Unlimited_add_temp_carry__4/CI
    SLICE_X66Y111        CARRY4 (Prop_carry4_CI_CO[3])
                                                      0.100    13.841 r  core/u_PI/Unlimited_add_temp_carry__4/CO[3]
                         net (fo=1, routed)           0.000    13.841    core/u_PI/Unlimited_add_temp_carry__4_n_0
    SLICE_X66Y112                                                     r  core/u_PI/Unlimited_add_temp_carry__5/CI
    SLICE_X66Y112        CARRY4 (Prop_carry4_CI_CO[3])
                                                      0.100    13.941 r  core/u_PI/Unlimited_add_temp_carry__5/CO[3]
                         net (fo=1, routed)           0.000    13.941    core/u_PI/Unlimited_add_temp_carry__5_n_0
    SLICE_X66Y113                                                     r  core/u_PI/Unlimited_add_temp_carry__6/CI
    SLICE_X66Y113        CARRY4 (Prop_carry4_CI_O[1])
                                                      0.269    14.210 f  core/u_PI/Unlimited_add_temp_carry__6/O[1]
                         net (fo=8, routed)           0.842    15.052    core/u_PI/Unlimited_add_temp_carry__6_n_6
    SLICE_X71Y115                                                     f  core/u_PI/Sat_UpperRelOp_out_1_carry__2_i_6/I0
    SLICE_X71Y115        LUT2 (Prop_lut2_I0_O)        0.245    15.297 r  core/u_PI/Sat_UpperRelOp_out_1_carry__2_i_6/O
                         net (fo=1, routed)           0.000    15.297    core/u_PI/Sat_UpperRelOp_out_1_carry__2_i_6_n_0
    SLICE_X71Y115                                                     r  core/u_PI/Sat_UpperRelOp_out_1_carry__2/S[1]
    SLICE_X71Y115        CARRY4 (Prop_carry4_S[1]_CO[3])
                                                      0.457    15.754 r  core/u_PI/Sat_UpperRelOp_out_1_carry__2/CO[3]
                         net (fo=1, routed)           0.000    15.754    core/u_PI/Sat_UpperRelOp_out_1_carry__2_n_0
    SLICE_X71Y116                                                     r  core/u_PI/Sat_UpperRelOp_out_1_carry__3/CI
    SLICE_X71Y116        CARRY4 (Prop_carry4_CI_CO[3])
                                                      0.098    15.852 f  core/u_PI/Sat_UpperRelOp_out_1_carry__3/CO[3]
                         net (fo=132, routed)         1.341    17.193    core/u_PI/Sat_UpperRelOp_out_1
    SLICE_X72Y107                                                     f  core/u_PI/Excess_sub_temp_carry_i_3/I0
    SLICE_X72Y107        LUT3 (Prop_lut3_I0_O)        0.105    17.298 r  core/u_PI/Excess_sub_temp_carry_i_3/O
                         net (fo=1, routed)           0.000    17.298    core/u_PI/Excess_sub_temp_carry_i_3_n_0
    SLICE_X72Y107                                                     r  core/u_PI/Excess_sub_temp_carry/S[1]
    SLICE_X72Y107        CARRY4 (Prop_carry4_S[1]_CO[3])
                                                      0.444    17.742 r  core/u_PI/Excess_sub_temp_carry/CO[3]
                         net (fo=1, routed)           0.000    17.742    core/u_PI/Excess_sub_temp_carry_n_0
    SLICE_X72Y108                                                     r  core/u_PI/Excess_sub_temp_carry__0/CI
    SLICE_X72Y108        CARRY4 (Prop_carry4_CI_CO[3])
                                                      0.100    17.842 r  core/u_PI/Excess_sub_temp_carry__0/CO[3]
                         net (fo=1, routed)           0.000    17.842    core/u_PI/Excess_sub_temp_carry__0_n_0
    SLICE_X72Y109                                                     r  core/u_PI/Excess_sub_temp_carry__1/CI
    SLICE_X72Y109        CARRY4 (Prop_carry4_CI_CO[3])
                                                      0.100    17.942 r  core/u_PI/Excess_sub_temp_carry__1/CO[3]
                         net (fo=1, routed)           0.000    17.942    core/u_PI/Excess_sub_temp_carry__1_n_0
    SLICE_X72Y110                                                     r  core/u_PI/Excess_sub_temp_carry__2/CI
    SLICE_X72Y110        CARRY4 (Prop_carry4_CI_CO[3])
                                                      0.100    18.042 r  core/u_PI/Excess_sub_temp_carry__2/CO[3]
                         net (fo=1, routed)           0.000    18.042    core/u_PI/Excess_sub_temp_carry__2_n_0
    SLICE_X72Y111                                                     r  core/u_PI/Excess_sub_temp_carry__3/CI
    SLICE_X72Y111        CARRY4 (Prop_carry4_CI_CO[3])
                                                      0.100    18.142 r  core/u_PI/Excess_sub_temp_carry__3/CO[3]
                         net (fo=1, routed)           0.000    18.142    core/u_PI/Excess_sub_temp_carry__3_n_0
    SLICE_X72Y112                                                     r  core/u_PI/Excess_sub_temp_carry__4/CI
    SLICE_X72Y112        CARRY4 (Prop_carry4_CI_CO[3])
                                                      0.100    18.242 r  core/u_PI/Excess_sub_temp_carry__4/CO[3]
                         net (fo=1, routed)           0.000    18.242    core/u_PI/Excess_sub_temp_carry__4_n_0
    SLICE_X72Y113                                                     r  core/u_PI/Excess_sub_temp_carry__5/CI
    SLICE_X72Y113        CARRY4 (Prop_carry4_CI_CO[3])
                                                      0.100    18.342 r  core/u_PI/Excess_sub_temp_carry__5/CO[3]
                         net (fo=1, routed)           0.000    18.342    core/u_PI/Excess_sub_temp_carry__5_n_0
    SLICE_X72Y114                                                     r  core/u_PI/Excess_sub_temp_carry__6/CI
    SLICE_X72Y114        CARRY4 (Prop_carry4_CI_CO[3])
                                                      0.100    18.442 r  core/u_PI/Excess_sub_temp_carry__6/CO[3]
                         net (fo=1, routed)           0.000    18.442    core/u_PI/Excess_sub_temp_carry__6_n_0
    SLICE_X72Y115                                                     r  core/u_PI/Excess_sub_temp_carry__7/CI
    SLICE_X72Y115        CARRY4 (Prop_carry4_CI_CO[3])
                                                      0.100    18.542 r  core/u_PI/Excess_sub_temp_carry__7/CO[3]
                         net (fo=1, routed)           0.000    18.542    core/u_PI/Excess_sub_temp_carry__7_n_0
    SLICE_X72Y116                                                     r  core/u_PI/Excess_sub_temp_carry__8/CI
    SLICE_X72Y116        CARRY4 (Prop_carry4_CI_CO[3])
                                                      0.100    18.642 r  core/u_PI/Excess_sub_temp_carry__8/CO[3]
                         net (fo=1, routed)           0.000    18.642    core/u_PI/Excess_sub_temp_carry__8_n_0
    SLICE_X72Y117                                                     r  core/u_PI/Excess_sub_temp_carry__9/CI
    SLICE_X72Y117        CARRY4 (Prop_carry4_CI_O[0])
                                                      0.178    18.820 r  core/u_PI/Excess_sub_temp_carry__9/O[0]
                         net (fo=39, routed)          1.016    19.836    core/u_PI/Excess_sub_temp_carry__9_n_7
    SLICE_X73Y112                                                     r  core/u_PI/PreviousExcess_out1[20]_i_1/I1
    SLICE_X73Y112        LUT5 (Prop_lut5_I1_O)        0.238    20.074 r  core/u_PI/PreviousExcess_out1[20]_i_1/O
                         net (fo=3, routed)           0.671    20.745    core/u_PI/Excess_out1[20]
    SLICE_X73Y113        FDRE                                         r  core/u_PI/PreviousExcess_out1[20]_i_1_psdsp/D
  -------------------------------------------------------------------    -------------------

                         (clock clk_50mhz rise edge)
                                                     20.000    20.000 r  <hidden>
                                                      0.000    20.000 r  clk
                         net (fo=558, unset)          1.287    21.287    core/u_PI/clk
    SLICE_X73Y113        FDRE                                         r  core/u_PI/PreviousExcess_out1[20]_i_1_psdsp/C
                         clock pessimism              0.067    21.354    <hidden>
                         clock uncertainty           -0.035    21.319    <hidden>
    SLICE_X73Y113        FDRE (Setup_fdre_C_D)       -0.072    21.247    core/u_PI/PreviousExcess_out1[20]_i_1_psdsp
  -------------------------------------------------------------------
                         required time                         21.247    <hidden>
                         arrival time                         -20.745    <hidden>
  -------------------------------------------------------------------
                         slack                                  0.502    <hidden>




