Copyright 1986-2022 Xilinx, Inc. All Rights Reserved. Copyright 2022-2026 Advanced Micro Devices, Inc. All Rights Reserved.
------------------------------------------------------------------------------------------------------------------------------------------------------------------------------------------------------------------
| Tool Version : Vivado v.2026.1 (win64) Build 6511674 Tue Jun 16 11:02:23 MDT 2026
| Date         : Sun Oct  4 18:33:44 2026
| Host         : DependOnOMEN16 running 64-bit major release  (build 9200)
| Command      : report_timing_summary -delay_type min_max -report_unconstrained -file D:/Project/FPGA_XC7A200T/learning/study_l1_speed_pi_hdl_compare/.runtime/c_baseline_impl_final_01/reports/route_timing.rpt
| Design       : speed_pi_compare
| Device       : 7a200t-fbg484
| Speed File   : -2  PRODUCTION 1.23 2018-06-13
| Design State : Routed
------------------------------------------------------------------------------------------------------------------------------------------------------------------------------------------------------------------

Timing Summary Report

------------------------------------------------------------------------------------------------
| Timer Settings
| --------------
------------------------------------------------------------------------------------------------

  Enable Multi Corner Analysis               :  Yes
  Enable Pessimism Removal                   :  Yes
  Pessimism Removal Resolution               :  Nearest Common Node
  Enable Input Delay Default Clock           :  No
  Enable Preset / Clear Arcs                 :  No
  Disable Flight Delays                      :  No
  Ignore I/O Paths                           :  No
  Timing Early Launch at Borrowing Latches   :  No
  Borrow Time for Max Delay Exceptions       :  Yes
  Merge Timing Exceptions                    :  Yes
  Inter-SLR Compensation                     :  Conservative

  Corner  Analyze    Analyze    
  Name    Max Paths  Min Paths  
  ------  ---------  ---------  
  Slow    Yes        Yes        
  Fast    Yes        Yes        


------------------------------------------------------------------------------------------------
| Report Methodology
| ------------------
------------------------------------------------------------------------------------------------

No report available as report_methodology has not been run prior. Run report_methodology on the current design for the summary of methodology violations.



check_timing report

Table of Contents
-----------------
1. checking no_clock (0)
2. checking constant_clock (0)
3. checking pulse_width_clock (0)
4. checking unconstrained_internal_endpoints (0)
5. checking no_input_delay (0)
6. checking no_output_delay (0)
7. checking multiple_clock (0)
8. checking generated_clocks (0)
9. checking loops (0)
10. checking partial_input_delay (0)
11. checking partial_output_delay (0)
12. checking latch_loops (0)

1. checking no_clock (0)
------------------------
 There are 0 register/latch pins with no clock.


2. checking constant_clock (0)
------------------------------
 There are 0 register/latch pins with constant_clock.


3. checking pulse_width_clock (0)
---------------------------------
 There are 0 register/latch pins which need pulse_width check


4. checking unconstrained_internal_endpoints (0)
------------------------------------------------
 There are 0 pins that are not constrained for maximum delay.

 There are 0 pins that are not constrained for maximum delay due to constant clock.


5. checking no_input_delay (0)
------------------------------
 There are 0 input ports with no input delay specified.

 There are 0 input ports with no input delay but user has a false path constraint.


6. checking no_output_delay (0)
-------------------------------
 There are 0 ports with no output delay specified.

 There are 0 ports with no output delay but user has a false path constraint

 There are 0 ports with no output delay but with a timing clock defined on it or propagating through it


7. checking multiple_clock (0)
------------------------------
 There are 0 register/latch pins with multiple clocks.


8. checking generated_clocks (0)
--------------------------------
 There are 0 generated clocks that are not connected to a clock source.


9. checking loops (0)
---------------------
 There are 0 combinational loops in the design.


10. checking partial_input_delay (0)
------------------------------------
 There are 0 input ports with partial input delay specified.


11. checking partial_output_delay (0)
-------------------------------------
 There are 0 ports with partial output delay specified.


12. checking latch_loops (0)
----------------------------
 There are 0 combinational latch loops in the design through latch input



------------------------------------------------------------------------------------------------
| Design Timing Summary
| ---------------------
------------------------------------------------------------------------------------------------

    WNS(ns)      TNS(ns)  TNS Failing Endpoints  TNS Total Endpoints      WHS(ns)      THS(ns)  THS Failing Endpoints  THS Total Endpoints     WPWS(ns)     TPWS(ns)  TPWS Failing Endpoints  TPWS Total Endpoints  
    -------      -------  ---------------------  -------------------      -------      -------  ---------------------  -------------------     --------     --------  ----------------------  --------------------  
      0.331        0.000                      0                 2074        0.166        0.000                      0                 2074        9.500        0.000                       0                   555  


All user specified timing constraints are met.


------------------------------------------------------------------------------------------------
| Clock Summary
| -------------
------------------------------------------------------------------------------------------------

Clock      Waveform(ns)       Period(ns)      Frequency(MHz)
-----      ------------       ----------      --------------
clk_50mhz  {0.000 10.000}     20.000          50.000          


------------------------------------------------------------------------------------------------
| Intra Clock Table
| -----------------
------------------------------------------------------------------------------------------------

Clock             WNS(ns)      TNS(ns)  TNS Failing Endpoints  TNS Total Endpoints      WHS(ns)      THS(ns)  THS Failing Endpoints  THS Total Endpoints     WPWS(ns)     TPWS(ns)  TPWS Failing Endpoints  TPWS Total Endpoints  
-----             -------      -------  ---------------------  -------------------      -------      -------  ---------------------  -------------------     --------     --------  ----------------------  --------------------  
clk_50mhz           0.331        0.000                      0                 2074        0.166        0.000                      0                 2074        9.500        0.000                       0                   555  


------------------------------------------------------------------------------------------------
| Inter Clock Table
| -----------------
------------------------------------------------------------------------------------------------

From Clock    To Clock          WNS(ns)      TNS(ns)  TNS Failing Endpoints  TNS Total Endpoints      WHS(ns)      THS(ns)  THS Failing Endpoints  THS Total Endpoints  
----------    --------          -------      -------  ---------------------  -------------------      -------      -------  ---------------------  -------------------  


------------------------------------------------------------------------------------------------
| Other Path Groups Table
| -----------------------
------------------------------------------------------------------------------------------------

Path Group    From Clock    To Clock          WNS(ns)      TNS(ns)  TNS Failing Endpoints  TNS Total Endpoints      WHS(ns)      THS(ns)  THS Failing Endpoints  THS Total Endpoints  
----------    ----------    --------          -------      -------  ---------------------  -------------------      -------      -------  ---------------------  -------------------  


------------------------------------------------------------------------------------------------
| User Ignored Path Table
| -----------------------
------------------------------------------------------------------------------------------------

Path Group    From Clock    To Clock    
----------    ----------    --------    


------------------------------------------------------------------------------------------------
| Unconstrained Path Table
| ------------------------
------------------------------------------------------------------------------------------------

Path Group    From Clock    To Clock    
----------    ----------    --------    
(none)                      clk_50mhz     


------------------------------------------------------------------------------------------------
| Timing Details
| --------------
------------------------------------------------------------------------------------------------


---------------------------------------------------------------------------------------------------
From Clock:  clk_50mhz
  To Clock:  clk_50mhz

Setup :            0  Failing Endpoints,  Worst Slack        0.331ns,  Total Violation        0.000ns
Hold  :            0  Failing Endpoints,  Worst Slack        0.166ns,  Total Violation        0.000ns
PW    :            0  Failing Endpoints,  Worst Slack        9.500ns,  Total Violation        0.000ns
---------------------------------------------------------------------------------------------------


Max Delay Paths
--------------------------------------------------------------------------------------
Slack (MET) :             0.331ns  (required time - arrival time)
  Source:                 core/v_ref_mmps_1_reg[4]/C
                            (rising edge-triggered cell FDRE clocked by clk_50mhz  {rise@0.000ns fall@10.000ns period=20.000ns})
  Destination:            core/u_PI/PreviousExcess_out1[11]_i_1_psdsp_1/D
                            (rising edge-triggered cell FDRE clocked by clk_50mhz  {rise@0.000ns fall@10.000ns period=20.000ns})
  Path Group:             clk_50mhz
  Path Type:              Setup (Max at Slow Process Corner)
  Requirement:            20.000ns  (clk_50mhz rise@20.000ns - clk_50mhz rise@0.000ns)
  Data Path Delay:        19.409ns  (logic 11.751ns (60.545%)  route 7.658ns (39.455%))
  Logic Levels:           35  (CARRY4=26 DSP48E1=2 LUT2=2 LUT3=1 LUT4=2 LUT5=2)
  Clock Path Skew:        -0.054ns (DCD - SCD + CPR)
    Destination Clock Delay (DCD):    1.285ns = ( 21.285 - 20.000 ) 
    Source Clock Delay      (SCD):    1.406ns
    Clock Pessimism Removal (CPR):    0.067ns
  Clock Uncertainty:      0.035ns  ((TSJ^2 + TIJ^2)^1/2 + DJ) / 2 + PE
    Total System Jitter     (TSJ):    0.071ns
    Total Input Jitter      (TIJ):    0.000ns
    Discrete Jitter          (DJ):    0.000ns
    Phase Error              (PE):    0.000ns

    Location             Delay type                Incr(ns)  Path(ns)    Netlist Resource(s)
  -------------------------------------------------------------------    -------------------
                         (clock clk_50mhz rise edge)
                                                      0.000     0.000 r  <hidden>
                                                      0.000     0.000 r  clk
                         net (fo=558, unset)          1.406     1.406    core/clk
    SLICE_X62Y108        FDRE                                         r  core/v_ref_mmps_1_reg[4]/C
  -------------------------------------------------------------------    -------------------
    SLICE_X62Y108        FDRE (Prop_fdre_C_Q)         0.433     1.839 r  core/v_ref_mmps_1_reg[4]/Q
                         net (fo=6, routed)           0.474     2.313    core/u_PI/Q[4]
    SLICE_X65Y108        LUT2 (Prop_lut2_I0_O)        0.105     2.418 r  core/u_PI/Error_out1_carry__0_i_4/O
                         net (fo=1, routed)           0.000     2.418    core/u_PI/Error_out1_carry__0_i_4_n_0
    SLICE_X65Y108        CARRY4 (Prop_carry4_S[0]_CO[3])
                                                      0.440     2.858 r  core/u_PI/Error_out1_carry__0/CO[3]
                         net (fo=1, routed)           0.000     2.858    core/u_PI/Error_out1_carry__0_n_0
    SLICE_X65Y109        CARRY4 (Prop_carry4_CI_CO[3])
                                                      0.098     2.956 r  core/u_PI/Error_out1_carry__1/CO[3]
                         net (fo=1, routed)           0.000     2.956    core/u_PI/Error_out1_carry__1_n_0
    SLICE_X65Y110        CARRY4 (Prop_carry4_CI_O[3])
                                                      0.275     3.231 r  core/u_PI/Error_out1_carry__2/O[3]
                         net (fo=9, routed)           0.976     4.207    core/u_PI/Error_out1[15]
    DSP48_X2Y42          DSP48E1 (Prop_dsp48e1_B[15]_PCOUT[47])
                                                      3.396     7.603 r  core/u_PI/P_mul_temp__1/PCOUT[47]
                         net (fo=1, routed)           0.002     7.605    core/u_PI/P_mul_temp__1_n_106
    DSP48_X2Y43          DSP48E1 (Prop_dsp48e1_PCIN[47]_P[0])
                                                      1.271     8.876 r  core/u_PI/P_mul_temp__2/P[0]
                         net (fo=2, routed)           0.558     9.434    core/u_PI/P_mul_temp__2_n_105
    SLICE_X45Y105        CARRY4 (Prop_carry4_DI[1]_O[2])
                                                      0.442     9.876 r  core/u_PI/P_mul_temp_carry/O[2]
                         net (fo=1, routed)           0.474    10.350    core/u_PI/P_mul_temp_carry_n_5
    SLICE_X46Y106        LUT4 (Prop_lut4_I1_O)        0.253    10.603 r  core/u_PI/P_out11_carry_i_6/O
                         net (fo=1, routed)           0.121    10.725    core/u_PI/P_out11_carry_i_6_n_0
    SLICE_X46Y106        LUT5 (Prop_lut5_I4_O)        0.105    10.830 r  core/u_PI/P_out11_carry_i_3/O
                         net (fo=1, routed)           0.368    11.197    core/u_PI/P_out11_carry_i_3_n_0
    SLICE_X57Y106        LUT4 (Prop_lut4_I2_O)        0.105    11.302 r  core/u_PI/P_out11_carry_i_1/O
                         net (fo=1, routed)           0.000    11.302    core/u_PI/P_out11_carry_i_1_n_0
    SLICE_X57Y106        CARRY4 (Prop_carry4_S[0]_CO[3])
                                                      0.440    11.742 r  core/u_PI/P_out11_carry/CO[3]
                         net (fo=1, routed)           0.000    11.742    core/u_PI/P_out11_carry_n_0
    SLICE_X57Y107        CARRY4 (Prop_carry4_CI_CO[3])
                                                      0.098    11.840 r  core/u_PI/P_out11_carry__0/CO[3]
                         net (fo=1, routed)           0.000    11.840    core/u_PI/P_out11_carry__0_n_0
    SLICE_X57Y108        CARRY4 (Prop_carry4_CI_CO[3])
                                                      0.098    11.938 r  core/u_PI/P_out11_carry__1/CO[3]
                         net (fo=1, routed)           0.000    11.938    core/u_PI/P_out11_carry__1_n_0
    SLICE_X57Y109        CARRY4 (Prop_carry4_CI_O[1])
                                                      0.277    12.215 r  core/u_PI/P_out11_carry__2/O[1]
                         net (fo=3, routed)           0.851    13.066    core/u_PI/P_out11_carry__2_n_6
    SLICE_X66Y109        CARRY4 (Prop_carry4_DI[1]_CO[3])
                                                      0.575    13.641 r  core/u_PI/Unlimited_add_temp_carry__2/CO[3]
                         net (fo=1, routed)           0.000    13.641    core/u_PI/Unlimited_add_temp_carry__2_n_0
    SLICE_X66Y110        CARRY4 (Prop_carry4_CI_CO[3])
                                                      0.100    13.741 r  core/u_PI/Unlimited_add_temp_carry__3/CO[3]
                         net (fo=1, routed)           0.000    13.741    core/u_PI/Unlimited_add_temp_carry__3_n_0
    SLICE_X66Y111        CARRY4 (Prop_carry4_CI_CO[3])
                                                      0.100    13.841 r  core/u_PI/Unlimited_add_temp_carry__4/CO[3]
                         net (fo=1, routed)           0.000    13.841    core/u_PI/Unlimited_add_temp_carry__4_n_0
    SLICE_X66Y112        CARRY4 (Prop_carry4_CI_CO[3])
                                                      0.100    13.941 r  core/u_PI/Unlimited_add_temp_carry__5/CO[3]
                         net (fo=1, routed)           0.000    13.941    core/u_PI/Unlimited_add_temp_carry__5_n_0
    SLICE_X66Y113        CARRY4 (Prop_carry4_CI_O[1])
                                                      0.269    14.210 f  core/u_PI/Unlimited_add_temp_carry__6/O[1]
                         net (fo=8, routed)           0.842    15.052    core/u_PI/Unlimited_add_temp_carry__6_n_6
    SLICE_X71Y115        LUT2 (Prop_lut2_I0_O)        0.245    15.297 r  core/u_PI/Sat_UpperRelOp_out_1_carry__2_i_6/O
                         net (fo=1, routed)           0.000    15.297    core/u_PI/Sat_UpperRelOp_out_1_carry__2_i_6_n_0
    SLICE_X71Y115        CARRY4 (Prop_carry4_S[1]_CO[3])
                                                      0.457    15.754 r  core/u_PI/Sat_UpperRelOp_out_1_carry__2/CO[3]
                         net (fo=1, routed)           0.000    15.754    core/u_PI/Sat_UpperRelOp_out_1_carry__2_n_0
    SLICE_X71Y116        CARRY4 (Prop_carry4_CI_CO[3])
                                                      0.098    15.852 f  core/u_PI/Sat_UpperRelOp_out_1_carry__3/CO[3]
                         net (fo=132, routed)         1.341    17.193    core/u_PI/Sat_UpperRelOp_out_1
    SLICE_X72Y107        LUT3 (Prop_lut3_I0_O)        0.105    17.298 r  core/u_PI/Excess_sub_temp_carry_i_3/O
                         net (fo=1, routed)           0.000    17.298    core/u_PI/Excess_sub_temp_carry_i_3_n_0
    SLICE_X72Y107        CARRY4 (Prop_carry4_S[1]_CO[3])
                                                      0.444    17.742 r  core/u_PI/Excess_sub_temp_carry/CO[3]
                         net (fo=1, routed)           0.000    17.742    core/u_PI/Excess_sub_temp_carry_n_0
    SLICE_X72Y108        CARRY4 (Prop_carry4_CI_CO[3])
                                                      0.100    17.842 r  core/u_PI/Excess_sub_temp_carry__0/CO[3]
                         net (fo=1, routed)           0.000    17.842    core/u_PI/Excess_sub_temp_carry__0_n_0
    SLICE_X72Y109        CARRY4 (Prop_carry4_CI_CO[3])
                                                      0.100    17.942 r  core/u_PI/Excess_sub_temp_carry__1/CO[3]
                         net (fo=1, routed)           0.000    17.942    core/u_PI/Excess_sub_temp_carry__1_n_0
    SLICE_X72Y110        CARRY4 (Prop_carry4_CI_CO[3])
                                                      0.100    18.042 r  core/u_PI/Excess_sub_temp_carry__2/CO[3]
                         net (fo=1, routed)           0.000    18.042    core/u_PI/Excess_sub_temp_carry__2_n_0
    SLICE_X72Y111        CARRY4 (Prop_carry4_CI_CO[3])
                                                      0.100    18.142 r  core/u_PI/Excess_sub_temp_carry__3/CO[3]
                         net (fo=1, routed)           0.000    18.142    core/u_PI/Excess_sub_temp_carry__3_n_0
    SLICE_X72Y112        CARRY4 (Prop_carry4_CI_CO[3])
                                                      0.100    18.242 r  core/u_PI/Excess_sub_temp_carry__4/CO[3]
                         net (fo=1, routed)           0.000    18.242    core/u_PI/Excess_sub_temp_carry__4_n_0
    SLICE_X72Y113        CARRY4 (Prop_carry4_CI_CO[3])
                                                      0.100    18.342 r  core/u_PI/Excess_sub_temp_carry__5/CO[3]
                         net (fo=1, routed)           0.000    18.342    core/u_PI/Excess_sub_temp_carry__5_n_0
    SLICE_X72Y114        CARRY4 (Prop_carry4_CI_CO[3])
                                                      0.100    18.442 r  core/u_PI/Excess_sub_temp_carry__6/CO[3]
                         net (fo=1, routed)           0.000    18.442    core/u_PI/Excess_sub_temp_carry__6_n_0
    SLICE_X72Y115        CARRY4 (Prop_carry4_CI_CO[3])
                                                      0.100    18.542 r  core/u_PI/Excess_sub_temp_carry__7/CO[3]
                         net (fo=1, routed)           0.000    18.542    core/u_PI/Excess_sub_temp_carry__7_n_0
    SLICE_X72Y116        CARRY4 (Prop_carry4_CI_CO[3])
                                                      0.100    18.642 r  core/u_PI/Excess_sub_temp_carry__8/CO[3]
                         net (fo=1, routed)           0.000    18.642    core/u_PI/Excess_sub_temp_carry__8_n_0
    SLICE_X72Y117        CARRY4 (Prop_carry4_CI_O[1])
                                                      0.257    18.899 r  core/u_PI/Excess_sub_temp_carry__9/O[1]
                         net (fo=39, routed)          1.149    20.049    core/u_PI/Excess_sub_temp_carry__9_n_6
    SLICE_X76Y107        LUT5 (Prop_lut5_I4_O)        0.265    20.314 r  core/u_PI/PreviousExcess_out1[11]_i_1/O
                         net (fo=3, routed)           0.501    20.815    core/u_PI/Excess_out1[11]
    SLICE_X76Y107        FDRE                                         r  core/u_PI/PreviousExcess_out1[11]_i_1_psdsp_1/D
  -------------------------------------------------------------------    -------------------

                         (clock clk_50mhz rise edge)
                                                     20.000    20.000 r  <hidden>
                                                      0.000    20.000 r  clk
                         net (fo=558, unset)          1.285    21.285    core/u_PI/clk
    SLICE_X76Y107        FDRE                                         r  core/u_PI/PreviousExcess_out1[11]_i_1_psdsp_1/C
                         clock pessimism              0.067    21.352    <hidden>
                         clock uncertainty           -0.035    21.317    <hidden>
    SLICE_X76Y107        FDRE (Setup_fdre_C_D)       -0.171    21.146    core/u_PI/PreviousExcess_out1[11]_i_1_psdsp_1
  -------------------------------------------------------------------
                         required time                         21.146    <hidden>
                         arrival time                         -20.815    <hidden>
  -------------------------------------------------------------------
                         slack                                  0.331    <hidden>





Min Delay Paths
--------------------------------------------------------------------------------------
Slack (MET) :             0.166ns  (arrival time - required time)
  Source:                 core/u_PI/PreviousExcess_out1_reg[11]/C
                            (rising edge-triggered cell FDRE clocked by clk_50mhz  {rise@0.000ns fall@10.000ns period=20.000ns})
  Destination:            core/u_PI/PreviousExcess_out1_hold_reg[11]/D
                            (rising edge-triggered cell FDRE clocked by clk_50mhz  {rise@0.000ns fall@10.000ns period=20.000ns})
  Path Group:             clk_50mhz
  Path Type:              Hold (Min at Fast Process Corner)
  Requirement:            0.000ns  (clk_50mhz rise@0.000ns - clk_50mhz rise@0.000ns)
  Data Path Delay:        0.252ns  (logic 0.141ns (55.856%)  route 0.111ns (44.144%))
  Logic Levels:           0  
  Clock Path Skew:        0.016ns (DCD - SCD - CPR)
    Destination Clock Delay (DCD):    0.844ns
    Source Clock Delay      (SCD):    0.573ns
    Clock Pessimism Removal (CPR):    0.255ns

    Location             Delay type                Incr(ns)  Path(ns)    Netlist Resource(s)
  -------------------------------------------------------------------    -------------------
                         (clock clk_50mhz rise edge)
                                                      0.000     0.000 r  <hidden>
                                                      0.000     0.000 r  clk
                         net (fo=558, unset)          0.573     0.573    core/u_PI/clk
    SLICE_X77Y107        FDRE                                         r  core/u_PI/PreviousExcess_out1_reg[11]/C
  -------------------------------------------------------------------    -------------------
    SLICE_X77Y107        FDRE (Prop_fdre_C_Q)         0.141     0.714 r  core/u_PI/PreviousExcess_out1_reg[11]/Q
                         net (fo=1, routed)           0.111     0.825    core/u_PI/excess_next_A[11]
    SLICE_X77Y107        FDRE                                         r  core/u_PI/PreviousExcess_out1_hold_reg[11]/D
  -------------------------------------------------------------------    -------------------

                         (clock clk_50mhz rise edge)
                                                      0.000     0.000 r  <hidden>
                                                      0.000     0.000 r  clk
                         net (fo=558, unset)          0.844     0.844    core/u_PI/clk
    SLICE_X77Y107        FDRE                                         r  core/u_PI/PreviousExcess_out1_hold_reg[11]/C
                         clock pessimism             -0.255     0.589    <hidden>
    SLICE_X77Y107        FDRE (Hold_fdre_C_D)         0.070     0.659    core/u_PI/PreviousExcess_out1_hold_reg[11]
  -------------------------------------------------------------------
                         required time                         -0.659    <hidden>
                         arrival time                           0.825    <hidden>
  -------------------------------------------------------------------
                         slack                                  0.166    <hidden>





Pulse Width Checks
--------------------------------------------------------------------------------------
Clock Name:         clk_50mhz
Waveform(ns):       { 0.000 10.000 }
Period(ns):         20.000
Sources:            { clk }

Check Type        Corner  Lib Pin  Reference Pin  Required(ns)  Actual(ns)  Slack(ns)  Location       Pin
Min Period        n/a     FDSE/C   n/a            1.000         20.000      19.000     SLICE_X64Y130  source_previous_reg/C
Low Pulse Width   Slow    FDSE/C   n/a            0.500         10.000      9.500      SLICE_X64Y130  source_previous_reg/C
High Pulse Width  Slow    FDSE/C   n/a            0.500         10.000      9.500      SLICE_X64Y130  source_previous_reg/C



--------------------------------------------------------------------------------------
Path Group:  (none)
From Clock:  
  To Clock:  clk_50mhz

Max Delay            71 Endpoints
Min Delay            71 Endpoints
--------------------------------------------------------------------------------------


Max Delay Paths
--------------------------------------------------------------------------------------
Slack:                    inf
  Source:                 core/u_PI/AW_mul_temp__1/BCOUT[17]
                            (internal pin)
  Destination:            core/u_PI/Integrator_out1_reg[1]/D
                            (rising edge-triggered cell FDRE clocked by clk_50mhz  {rise@0.000ns fall@10.000ns period=20.000ns})
  Path Group:             (none)
  Path Type:              Setup (Max at Slow Process Corner)
  Data Path Delay:        13.970ns  (logic 7.938ns (56.823%)  route 6.032ns (43.177%))
  Logic Levels:           28  (CARRY4=18 DSP48E1=1 LUT2=4 LUT3=1 LUT5=1 LUT6=3)
  Clock Uncertainty:      0.025ns  ((TSJ^2 + TIJ^2)^1/2 + DJ) / 2 + PE
    Total System Jitter     (TSJ):    0.050ns
    Total Input Jitter      (TIJ):    0.000ns
    Discrete Jitter          (DJ):    0.000ns
    Phase Error              (PE):    0.000ns

    Location             Delay type                Incr(ns)  Path(ns)    Netlist Resource(s)
  -------------------------------------------------------------------    -------------------
    DSP48_X4Y44          DSP48E1                      0.000     0.000 r  core/u_PI/AW_mul_temp__1/BCOUT[17]
                         net (fo=1, routed)           0.002     0.002    core/u_PI/AW_mul_temp__1_n_6
    DSP48_X4Y45          DSP48E1 (Prop_dsp48e1_BCIN[17]_P[1])
                                                      2.863     2.865 r  core/u_PI/AW_mul_temp__2/P[1]
                         net (fo=2, routed)           0.904     3.769    core/u_PI/AW_mul_temp__2_n_104
    SLICE_X75Y102        LUT2 (Prop_lut2_I0_O)        0.105     3.874 r  core/u_PI/AW_mul_temp_carry_i_2/O
                         net (fo=1, routed)           0.000     3.874    core/u_PI/AW_mul_temp_carry_i_2_n_0
    SLICE_X75Y102        CARRY4 (Prop_carry4_S[2]_CO[3])
                                                      0.332     4.206 r  core/u_PI/AW_mul_temp_carry/CO[3]
                         net (fo=1, routed)           0.000     4.206    core/u_PI/AW_mul_temp_carry_n_0
    SLICE_X75Y103        CARRY4 (Prop_carry4_CI_CO[3])
                                                      0.098     4.304 r  core/u_PI/AW_mul_temp_carry__0/CO[3]
                         net (fo=1, routed)           0.000     4.304    core/u_PI/AW_mul_temp_carry__0_n_0
    SLICE_X75Y104        CARRY4 (Prop_carry4_CI_CO[3])
                                                      0.098     4.402 r  core/u_PI/AW_mul_temp_carry__1/CO[3]
                         net (fo=1, routed)           0.000     4.402    core/u_PI/AW_mul_temp_carry__1_n_0
    SLICE_X75Y105        CARRY4 (Prop_carry4_CI_O[1])
                                                      0.265     4.667 r  core/u_PI/AW_mul_temp_carry__2/O[1]
                         net (fo=5, routed)           0.487     5.154    core/u_PI/AW_mul_temp_carry__2_n_6
    SLICE_X74Y103        LUT5 (Prop_lut5_I2_O)        0.250     5.404 r  core/u_PI/AW_out11_carry_i_8/O
                         net (fo=1, routed)           0.361     5.765    core/u_PI/AW_out11_carry_i_8_n_0
    SLICE_X74Y103        LUT6 (Prop_lut6_I5_O)        0.105     5.870 r  core/u_PI/AW_out11_carry_i_4/O
                         net (fo=1, routed)           0.327     6.197    core/u_PI/AW_out11_carry_i_4_n_0
    SLICE_X74Y104        LUT6 (Prop_lut6_I4_O)        0.105     6.302 r  core/u_PI/AW_out11_carry_i_1/O
                         net (fo=1, routed)           0.000     6.302    core/u_PI/AW_out11_carry_i_1_n_0
    SLICE_X74Y104        CARRY4 (Prop_carry4_S[0]_CO[3])
                                                      0.423     6.725 r  core/u_PI/AW_out11_carry/CO[3]
                         net (fo=1, routed)           0.000     6.725    core/u_PI/AW_out11_carry_n_0
    SLICE_X74Y105        CARRY4 (Prop_carry4_CI_CO[3])
                                                      0.100     6.825 r  core/u_PI/AW_out11_carry__0/CO[3]
                         net (fo=1, routed)           0.000     6.825    core/u_PI/AW_out11_carry__0_n_0
    SLICE_X74Y106        CARRY4 (Prop_carry4_CI_CO[3])
                                                      0.100     6.925 r  core/u_PI/AW_out11_carry__1/CO[3]
                         net (fo=1, routed)           0.000     6.925    core/u_PI/AW_out11_carry__1_n_0
    SLICE_X74Y107        CARRY4 (Prop_carry4_CI_CO[3])
                                                      0.100     7.025 r  core/u_PI/AW_out11_carry__2/CO[3]
                         net (fo=1, routed)           0.000     7.025    core/u_PI/AW_out11_carry__2_n_0
    SLICE_X74Y108        CARRY4 (Prop_carry4_CI_CO[3])
                                                      0.100     7.125 r  core/u_PI/AW_out11_carry__3/CO[3]
                         net (fo=1, routed)           0.000     7.125    core/u_PI/AW_out11_carry__3_n_0
    SLICE_X74Y109        CARRY4 (Prop_carry4_CI_CO[3])
                                                      0.100     7.225 r  core/u_PI/AW_out11_carry__4/CO[3]
                         net (fo=1, routed)           0.000     7.225    core/u_PI/AW_out11_carry__4_n_0
    SLICE_X74Y110        CARRY4 (Prop_carry4_CI_CO[3])
                                                      0.100     7.325 r  core/u_PI/AW_out11_carry__5/CO[3]
                         net (fo=1, routed)           0.000     7.325    core/u_PI/AW_out11_carry__5_n_0
    SLICE_X74Y111        CARRY4 (Prop_carry4_CI_CO[3])
                                                      0.100     7.425 r  core/u_PI/AW_out11_carry__6/CO[3]
                         net (fo=1, routed)           0.000     7.425    core/u_PI/AW_out11_carry__6_n_0
    SLICE_X74Y112        CARRY4 (Prop_carry4_CI_CO[3])
                                                      0.100     7.525 r  core/u_PI/AW_out11_carry__7/CO[3]
                         net (fo=1, routed)           0.000     7.525    core/u_PI/AW_out11_carry__7_n_0
    SLICE_X74Y113        CARRY4 (Prop_carry4_CI_O[0])
                                                      0.189     7.714 r  core/u_PI/AW_out11_carry__8/O[0]
                         net (fo=2, routed)           0.744     8.458    core/u_PI/AW_out11_carry__8_n_7
    SLICE_X69Y111        LUT2 (Prop_lut2_I1_O)        0.238     8.696 r  core/u_PI/Update_stage3_sub_temp__107_carry__8_i_6/O
                         net (fo=1, routed)           0.000     8.696    core/u_PI/Update_stage3_sub_temp__107_carry__8_i_6_n_0
    SLICE_X69Y111        CARRY4 (Prop_carry4_S[0]_CO[3])
                                                      0.440     9.136 r  core/u_PI/Update_stage3_sub_temp__107_carry__8/CO[3]
                         net (fo=1, routed)           0.000     9.136    core/u_PI/Update_stage3_sub_temp__107_carry__8_n_0
    SLICE_X69Y112        CARRY4 (Prop_carry4_CI_CO[1])
                                                      0.132     9.268 r  core/u_PI/Update_stage3_sub_temp__107_carry__9/CO[1]
                         net (fo=9, routed)           0.681     9.949    core/u_PI/Update_stage3_sub_temp__107_carry__9_n_2
    SLICE_X68Y109        LUT2 (Prop_lut2_I0_O)        0.275    10.224 r  core/u_PI/Sat_UpperRelOp_out_carry__3_i_2/O
                         net (fo=1, routed)           0.000    10.224    core/u_PI/Sat_UpperRelOp_out_carry__3_i_2_n_0
    SLICE_X68Y109        CARRY4 (Prop_carry4_S[3]_CO[3])
                                                      0.314    10.538 r  core/u_PI/Sat_UpperRelOp_out_carry__3/CO[3]
                         net (fo=1, routed)           0.000    10.538    core/u_PI/Sat_UpperRelOp_out_carry__3_n_0
    SLICE_X68Y110        CARRY4 (Prop_carry4_CI_CO[0])
                                                      0.207    10.745 f  core/u_PI/Sat_UpperRelOp_out_carry__4/CO[0]
                         net (fo=10, routed)          1.004    11.750    core/u_PI/Sat_UpperRelOp_out
    SLICE_X67Y116        LUT2 (Prop_lut2_I0_O)        0.307    12.057 f  core/u_PI/Integrator_out1[28]_i_3/O
                         net (fo=1, routed)           0.476    12.532    core/u_PI/Integrator_out1[28]_i_3_n_0
    SLICE_X68Y116        LUT6 (Prop_lut6_I5_O)        0.267    12.799 r  core/u_PI/Integrator_out1[28]_i_2/O
                         net (fo=29, routed)          1.045    13.845    core/u_PI/Integrator_out1[28]_i_2_n_0
    SLICE_X68Y104        LUT3 (Prop_lut3_I1_O)        0.125    13.970 r  core/u_PI/Integrator_out1[1]_i_1/O
                         net (fo=1, routed)           0.000    13.970    core/u_PI/IntReset_out1[1]
    SLICE_X68Y104        FDRE                                         r  core/u_PI/Integrator_out1_reg[1]/D
  -------------------------------------------------------------------    -------------------

                         (clock clk_50mhz rise edge)
                                                      0.000     0.000 r  <hidden>
                                                      0.000     0.000 r  clk
                         net (fo=558, unset)          1.293     1.293    core/u_PI/clk
    SLICE_X68Y104        FDRE                                         r  core/u_PI/Integrator_out1_reg[1]/C





Min Delay Paths
--------------------------------------------------------------------------------------
Slack:                    inf
  Source:                 core/u_PI/AW_mul_temp/BCOUT[17]
                            (internal pin)
  Destination:            core/u_PI/AW_out1_hold_reg[20]/D
                            (rising edge-triggered cell FDRE clocked by clk_50mhz  {rise@0.000ns fall@10.000ns period=20.000ns})
  Path Group:             (none)
  Path Type:              Hold (Min at Fast Process Corner)
  Data Path Delay:        1.074ns  (logic 0.770ns (71.700%)  route 0.304ns (28.300%))
  Logic Levels:           4  (CARRY4=2 DSP48E1=1 LUT2=1)
  Clock Uncertainty:      0.025ns  ((TSJ^2 + TIJ^2)^1/2 + DJ) / 2 + PE
    Total System Jitter     (TSJ):    0.050ns
    Total Input Jitter      (TIJ):    0.000ns
    Discrete Jitter          (DJ):    0.000ns
    Phase Error              (PE):    0.000ns

    Location             Delay type                Incr(ns)  Path(ns)    Netlist Resource(s)
  -------------------------------------------------------------------    -------------------
    DSP48_X4Y42          DSP48E1                      0.000     0.000 r  core/u_PI/AW_mul_temp/BCOUT[17]
                         net (fo=1, routed)           0.002     0.002    core/u_PI/AW_mul_temp_n_6
    DSP48_X4Y43          DSP48E1 (Prop_dsp48e1_BCIN[17]_P[16])
                                                      0.481     0.483 r  core/u_PI/AW_mul_temp__0/P[16]
                         net (fo=1, routed)           0.189     0.672    core/u_PI/AW_mul_temp__0_n_89
    SLICE_X75Y110        LUT2 (Prop_lut2_I1_O)        0.045     0.717 r  core/u_PI/AW_mul_temp_carry__7_i_2/O
                         net (fo=1, routed)           0.000     0.717    core/u_PI/AW_mul_temp_carry__7_i_2_n_0
    SLICE_X75Y110        CARRY4 (Prop_carry4_S[2]_O[2])
                                                      0.066     0.783 r  core/u_PI/AW_mul_temp_carry__7/O[2]
                         net (fo=1, routed)           0.113     0.896    core/u_PI/AW_mul_temp_carry__7_n_5
    SLICE_X74Y109        CARRY4 (Prop_carry4_S[0]_O[0])
                                                      0.178     1.074 r  core/u_PI/AW_out11_carry__4/O[0]
                         net (fo=2, routed)           0.000     1.074    core/u_PI/AW_out11_carry__4_n_7
    SLICE_X74Y109        FDRE                                         r  core/u_PI/AW_out1_hold_reg[20]/D
  -------------------------------------------------------------------    -------------------

                         (clock clk_50mhz rise edge)
                                                      0.000     0.000 r  <hidden>
                                                      0.000     0.000 r  clk
                         net (fo=558, unset)          0.845     0.845    core/u_PI/clk
    SLICE_X74Y109        FDRE                                         r  core/u_PI/AW_out1_hold_reg[20]/C





