Copyright 1986-2022 Xilinx, Inc. All Rights Reserved. Copyright 2022-2026 Advanced Micro Devices, Inc. All Rights Reserved.
-------------------------------------------------------------------------------------------------------------------------------------------------------------------------------------------------------
| Tool Version : Vivado v.2026.1 (win64) Build 6511674 Tue Jun 16 11:02:23 MDT 2026
| Date         : Sun Oct  4 18:30:43 2026
| Host         : DependOnOMEN16 running 64-bit major release  (build 9200)
| Command      : report_timing_summary -delay_type min_max -report_unconstrained -file D:/Project/FPGA_XC7A200T/learning/study_l1_speed_pi_hdl_compare/.runtime/c_csd_impl_01/reports/route_timing.rpt
| Design       : speed_pi_compare
| Device       : 7a200t-fbg484
| Speed File   : -2  PRODUCTION 1.23 2018-06-13
| Design State : Routed
-------------------------------------------------------------------------------------------------------------------------------------------------------------------------------------------------------

Timing Summary Report

------------------------------------------------------------------------------------------------
| Timer Settings
| --------------
------------------------------------------------------------------------------------------------

  Enable Multi Corner Analysis               :  Yes
  Enable Pessimism Removal                   :  Yes
  Pessimism Removal Resolution               :  Nearest Common Node
  Enable Input Delay Default Clock           :  No
  Enable Preset / Clear Arcs                 :  No
  Disable Flight Delays                      :  No
  Ignore I/O Paths                           :  No
  Timing Early Launch at Borrowing Latches   :  No
  Borrow Time for Max Delay Exceptions       :  Yes
  Merge Timing Exceptions                    :  Yes
  Inter-SLR Compensation                     :  Conservative

  Corner  Analyze    Analyze    
  Name    Max Paths  Min Paths  
  ------  ---------  ---------  
  Slow    Yes        Yes        
  Fast    Yes        Yes        


------------------------------------------------------------------------------------------------
| Report Methodology
| ------------------
------------------------------------------------------------------------------------------------

No report available as report_methodology has not been run prior. Run report_methodology on the current design for the summary of methodology violations.



check_timing report

Table of Contents
-----------------
1. checking no_clock (0)
2. checking constant_clock (0)
3. checking pulse_width_clock (0)
4. checking unconstrained_internal_endpoints (0)
5. checking no_input_delay (0)
6. checking no_output_delay (0)
7. checking multiple_clock (0)
8. checking generated_clocks (0)
9. checking loops (0)
10. checking partial_input_delay (0)
11. checking partial_output_delay (0)
12. checking latch_loops (0)

1. checking no_clock (0)
------------------------
 There are 0 register/latch pins with no clock.


2. checking constant_clock (0)
------------------------------
 There are 0 register/latch pins with constant_clock.


3. checking pulse_width_clock (0)
---------------------------------
 There are 0 register/latch pins which need pulse_width check


4. checking unconstrained_internal_endpoints (0)
------------------------------------------------
 There are 0 pins that are not constrained for maximum delay.

 There are 0 pins that are not constrained for maximum delay due to constant clock.


5. checking no_input_delay (0)
------------------------------
 There are 0 input ports with no input delay specified.

 There are 0 input ports with no input delay but user has a false path constraint.


6. checking no_output_delay (0)
-------------------------------
 There are 0 ports with no output delay specified.

 There are 0 ports with no output delay but user has a false path constraint

 There are 0 ports with no output delay but with a timing clock defined on it or propagating through it


7. checking multiple_clock (0)
------------------------------
 There are 0 register/latch pins with multiple clocks.


8. checking generated_clocks (0)
--------------------------------
 There are 0 generated clocks that are not connected to a clock source.


9. checking loops (0)
---------------------
 There are 0 combinational loops in the design.


10. checking partial_input_delay (0)
------------------------------------
 There are 0 input ports with partial input delay specified.


11. checking partial_output_delay (0)
-------------------------------------
 There are 0 ports with partial output delay specified.


12. checking latch_loops (0)
----------------------------
 There are 0 combinational latch loops in the design through latch input



------------------------------------------------------------------------------------------------
| Design Timing Summary
| ---------------------
------------------------------------------------------------------------------------------------

    WNS(ns)      TNS(ns)  TNS Failing Endpoints  TNS Total Endpoints      WHS(ns)      THS(ns)  THS Failing Endpoints  THS Total Endpoints     WPWS(ns)     TPWS(ns)  TPWS Failing Endpoints  TPWS Total Endpoints  
    -------      -------  ---------------------  -------------------      -------      -------  ---------------------  -------------------     --------     --------  ----------------------  --------------------  
      0.862        0.000                      0                 1837        0.140        0.000                      0                 1837        9.500        0.000                       0                   476  


All user specified timing constraints are met.


------------------------------------------------------------------------------------------------
| Clock Summary
| -------------
------------------------------------------------------------------------------------------------

Clock      Waveform(ns)       Period(ns)      Frequency(MHz)
-----      ------------       ----------      --------------
clk_50mhz  {0.000 10.000}     20.000          50.000          


------------------------------------------------------------------------------------------------
| Intra Clock Table
| -----------------
------------------------------------------------------------------------------------------------

Clock             WNS(ns)      TNS(ns)  TNS Failing Endpoints  TNS Total Endpoints      WHS(ns)      THS(ns)  THS Failing Endpoints  THS Total Endpoints     WPWS(ns)     TPWS(ns)  TPWS Failing Endpoints  TPWS Total Endpoints  
-----             -------      -------  ---------------------  -------------------      -------      -------  ---------------------  -------------------     --------     --------  ----------------------  --------------------  
clk_50mhz           0.862        0.000                      0                 1837        0.140        0.000                      0                 1837        9.500        0.000                       0                   476  


------------------------------------------------------------------------------------------------
| Inter Clock Table
| -----------------
------------------------------------------------------------------------------------------------

From Clock    To Clock          WNS(ns)      TNS(ns)  TNS Failing Endpoints  TNS Total Endpoints      WHS(ns)      THS(ns)  THS Failing Endpoints  THS Total Endpoints  
----------    --------          -------      -------  ---------------------  -------------------      -------      -------  ---------------------  -------------------  


------------------------------------------------------------------------------------------------
| Other Path Groups Table
| -----------------------
------------------------------------------------------------------------------------------------

Path Group    From Clock    To Clock          WNS(ns)      TNS(ns)  TNS Failing Endpoints  TNS Total Endpoints      WHS(ns)      THS(ns)  THS Failing Endpoints  THS Total Endpoints  
----------    ----------    --------          -------      -------  ---------------------  -------------------      -------      -------  ---------------------  -------------------  


------------------------------------------------------------------------------------------------
| User Ignored Path Table
| -----------------------
------------------------------------------------------------------------------------------------

Path Group    From Clock    To Clock    
----------    ----------    --------    


------------------------------------------------------------------------------------------------
| Unconstrained Path Table
| ------------------------
------------------------------------------------------------------------------------------------

Path Group    From Clock    To Clock    
----------    ----------    --------    


------------------------------------------------------------------------------------------------
| Timing Details
| --------------
------------------------------------------------------------------------------------------------


---------------------------------------------------------------------------------------------------
From Clock:  clk_50mhz
  To Clock:  clk_50mhz

Setup :            0  Failing Endpoints,  Worst Slack        0.862ns,  Total Violation        0.000ns
Hold  :            0  Failing Endpoints,  Worst Slack        0.140ns,  Total Violation        0.000ns
PW    :            0  Failing Endpoints,  Worst Slack        9.500ns,  Total Violation        0.000ns
---------------------------------------------------------------------------------------------------


Max Delay Paths
--------------------------------------------------------------------------------------
Slack (MET) :             0.862ns  (required time - arrival time)
  Source:                 core/v_ref_mmps_1_reg[0]/C
                            (rising edge-triggered cell FDRE clocked by clk_50mhz  {rise@0.000ns fall@10.000ns period=20.000ns})
  Destination:            core/u_PI/HardReset_out1_hold_reg[24]/D
                            (rising edge-triggered cell FDRE clocked by clk_50mhz  {rise@0.000ns fall@10.000ns period=20.000ns})
  Path Group:             clk_50mhz
  Path Type:              Setup (Max at Slow Process Corner)
  Requirement:            20.000ns  (clk_50mhz rise@20.000ns - clk_50mhz rise@0.000ns)
  Data Path Delay:        18.885ns  (logic 12.335ns (65.316%)  route 6.550ns (34.684%))
  Logic Levels:           37  (CARRY4=24 DSP48E1=2 LUT2=4 LUT4=2 LUT5=1 LUT6=4)
  Clock Path Skew:        -0.248ns (DCD - SCD + CPR)
    Destination Clock Delay (DCD):    1.303ns = ( 21.303 - 20.000 ) 
    Source Clock Delay      (SCD):    1.558ns
    Clock Pessimism Removal (CPR):    0.007ns
  Clock Uncertainty:      0.035ns  ((TSJ^2 + TIJ^2)^1/2 + DJ) / 2 + PE
    Total System Jitter     (TSJ):    0.071ns
    Total Input Jitter      (TIJ):    0.000ns
    Discrete Jitter          (DJ):    0.000ns
    Phase Error              (PE):    0.000ns

    Location             Delay type                Incr(ns)  Path(ns)    Netlist Resource(s)
  -------------------------------------------------------------------    -------------------
                         (clock clk_50mhz rise edge)
                                                      0.000     0.000 r  <hidden>
                                                      0.000     0.000 r  clk
                         net (fo=475, unset)          1.558     1.558    core/clk
    SLICE_X50Y93         FDRE                                         r  core/v_ref_mmps_1_reg[0]/C
  -------------------------------------------------------------------    -------------------
    SLICE_X50Y93         FDRE (Prop_fdre_C_Q)         0.348     1.906 r  core/v_ref_mmps_1_reg[0]/Q
                         net (fo=6, routed)           0.481     2.387    core/u_PI/Q[0]
    SLICE_X51Y93         LUT2 (Prop_lut2_I0_O)        0.242     2.629 r  core/u_PI/Error_out1_carry_i_4/O
                         net (fo=1, routed)           0.000     2.629    core/u_PI/Error_out1_carry_i_4_n_0
    SLICE_X51Y93         CARRY4 (Prop_carry4_S[0]_CO[3])
                                                      0.440     3.069 r  core/u_PI/Error_out1_carry/CO[3]
                         net (fo=1, routed)           0.000     3.069    core/u_PI/Error_out1_carry_n_0
    SLICE_X51Y94         CARRY4 (Prop_carry4_CI_CO[3])
                                                      0.098     3.167 r  core/u_PI/Error_out1_carry__0/CO[3]
                         net (fo=1, routed)           0.000     3.167    core/u_PI/Error_out1_carry__0_n_0
    SLICE_X51Y95         CARRY4 (Prop_carry4_CI_CO[3])
                                                      0.098     3.265 r  core/u_PI/Error_out1_carry__1/CO[3]
                         net (fo=1, routed)           0.000     3.265    core/u_PI/Error_out1_carry__1_n_0
    SLICE_X51Y96         CARRY4 (Prop_carry4_CI_CO[3])
                                                      0.098     3.363 r  core/u_PI/Error_out1_carry__2/CO[3]
                         net (fo=1, routed)           0.000     3.363    core/u_PI/Error_out1_carry__2_n_0
    SLICE_X51Y97         CARRY4 (Prop_carry4_CI_O[0])
                                                      0.191     3.554 r  core/u_PI/Error_out1_carry__3/O[0]
                         net (fo=7, routed)           0.820     4.374    core/u_PI/Error_out1[16]
    DSP48_X3Y38          DSP48E1 (Prop_dsp48e1_B[16]_PCOUT[47])
                                                      3.388     7.762 r  core/u_PI/P_mul_temp__1/PCOUT[47]
                         net (fo=1, routed)           0.002     7.764    core/u_PI/P_mul_temp__1_n_106
    DSP48_X3Y39          DSP48E1 (Prop_dsp48e1_PCIN[47]_P[0])
                                                      1.271     9.035 r  core/u_PI/P_mul_temp__2/P[0]
                         net (fo=2, routed)           0.558     9.592    core/u_PI/P_mul_temp__2_n_105
    SLICE_X65Y95         CARRY4 (Prop_carry4_DI[1]_O[2])
                                                      0.442    10.034 r  core/u_PI/P_mul_temp_carry/O[2]
                         net (fo=1, routed)           0.267    10.301    core/u_PI/P_mul_temp_carry_n_5
    SLICE_X64Y95         LUT4 (Prop_lut4_I1_O)        0.253    10.554 r  core/u_PI/P_out11_carry_i_6/O
                         net (fo=1, routed)           0.125    10.680    core/u_PI/P_out11_carry_i_6_n_0
    SLICE_X64Y95         LUT5 (Prop_lut5_I4_O)        0.105    10.785 r  core/u_PI/P_out11_carry_i_3/O
                         net (fo=1, routed)           0.367    11.152    core/u_PI/P_out11_carry_i_3_n_0
    SLICE_X63Y96         LUT4 (Prop_lut4_I2_O)        0.105    11.257 r  core/u_PI/P_out11_carry_i_1/O
                         net (fo=1, routed)           0.000    11.257    core/u_PI/P_out11_carry_i_1_n_0
    SLICE_X63Y96         CARRY4 (Prop_carry4_S[0]_CO[3])
                                                      0.440    11.697 r  core/u_PI/P_out11_carry/CO[3]
                         net (fo=1, routed)           0.000    11.697    core/u_PI/P_out11_carry_n_0
    SLICE_X63Y97         CARRY4 (Prop_carry4_CI_CO[3])
                                                      0.098    11.795 r  core/u_PI/P_out11_carry__0/CO[3]
                         net (fo=1, routed)           0.000    11.795    core/u_PI/P_out11_carry__0_n_0
    SLICE_X63Y98         CARRY4 (Prop_carry4_CI_CO[3])
                                                      0.098    11.893 r  core/u_PI/P_out11_carry__1/CO[3]
                         net (fo=1, routed)           0.000    11.893    core/u_PI/P_out11_carry__1_n_0
    SLICE_X63Y99         CARRY4 (Prop_carry4_CI_CO[3])
                                                      0.098    11.991 r  core/u_PI/P_out11_carry__2/CO[3]
                         net (fo=1, routed)           0.001    11.992    core/u_PI/P_out11_carry__2_n_0
    SLICE_X63Y100        CARRY4 (Prop_carry4_CI_CO[3])
                                                      0.098    12.090 r  core/u_PI/P_out11_carry__3/CO[3]
                         net (fo=1, routed)           0.000    12.090    core/u_PI/P_out11_carry__3_n_0
    SLICE_X63Y101        CARRY4 (Prop_carry4_CI_CO[3])
                                                      0.098    12.188 r  core/u_PI/P_out11_carry__4/CO[3]
                         net (fo=1, routed)           0.000    12.188    core/u_PI/P_out11_carry__4_n_0
    SLICE_X63Y102        CARRY4 (Prop_carry4_CI_O[1])
                                                      0.277    12.465 r  core/u_PI/P_out11_carry__5/O[1]
                         net (fo=3, routed)           0.585    13.050    core/u_PI/P_out11_carry__5_n_6
    SLICE_X55Y102        LUT2 (Prop_lut2_I0_O)        0.250    13.300 r  core/u_PI/Unlimited_add_temp_carry__5_i_3/O
                         net (fo=1, routed)           0.000    13.300    core/u_PI/Unlimited_add_temp_carry__5_i_3_n_0
    SLICE_X55Y102        CARRY4 (Prop_carry4_S[1]_CO[3])
                                                      0.457    13.757 r  core/u_PI/Unlimited_add_temp_carry__5/CO[3]
                         net (fo=1, routed)           0.000    13.757    core/u_PI/Unlimited_add_temp_carry__5_n_0
    SLICE_X55Y103        CARRY4 (Prop_carry4_CI_O[2])
                                                      0.214    13.971 f  core/u_PI/Unlimited_add_temp_carry__6/O[2]
                         net (fo=9, routed)           0.635    14.605    core/u_PI/Unlimited_add_temp_carry__6_n_5
    SLICE_X47Y107        LUT2 (Prop_lut2_I0_O)        0.253    14.858 r  core/u_PI/Sat_LowerRelOp_out_carry_i_1/O
                         net (fo=1, routed)           0.514    15.373    core/u_PI/Sat_LowerRelOp_out_carry_i_1_n_0
    SLICE_X42Y107        CARRY4 (Prop_carry4_CYINIT_CO[3])
                                                      0.494    15.867 r  core/u_PI/Sat_LowerRelOp_out_carry/CO[3]
                         net (fo=1, routed)           0.000    15.867    core/u_PI/Sat_LowerRelOp_out_carry_n_0
    SLICE_X42Y108        CARRY4 (Prop_carry4_CI_CO[0])
                                                      0.207    16.074 f  core/u_PI/Sat_LowerRelOp_out_carry__0/CO[0]
                         net (fo=131, routed)         0.693    16.766    core/u_PI/Sat_LowerRelOp_out
    SLICE_X42Y106        LUT2 (Prop_lut2_I1_O)        0.319    17.085 f  core/u_PI/HardReset_out1_hold[24]_i_11/O
                         net (fo=5, routed)           0.373    17.458    core/u_PI/HardReset_out1_hold[24]_i_11_n_0
    SLICE_X43Y103        LUT6 (Prop_lut6_I3_O)        0.286    17.744 r  core/u_PI/HardReset_out1_hold[3]_i_7/O
                         net (fo=1, routed)           0.503    18.247    core/u_PI/HardReset_out1_hold[3]_i_7_n_0
    SLICE_X43Y104        LUT6 (Prop_lut6_I2_O)        0.105    18.352 r  core/u_PI/HardReset_out1_hold[3]_i_6/O
                         net (fo=1, routed)           0.000    18.352    core/u_PI/HardReset_out1_hold[3]_i_6_n_0
    SLICE_X43Y104        CARRY4 (Prop_carry4_S[0]_CO[3])
                                                      0.440    18.792 r  core/u_PI/HardReset_out1_hold_reg[3]_i_2/CO[3]
                         net (fo=1, routed)           0.000    18.792    core/u_PI/HardReset_out1_hold_reg[3]_i_2_n_0
    SLICE_X43Y105        CARRY4 (Prop_carry4_CI_CO[3])
                                                      0.098    18.890 r  core/u_PI/HardReset_out1_hold_reg[7]_i_2/CO[3]
                         net (fo=1, routed)           0.000    18.890    core/u_PI/HardReset_out1_hold_reg[7]_i_2_n_0
    SLICE_X43Y106        CARRY4 (Prop_carry4_CI_CO[3])
                                                      0.098    18.988 r  core/u_PI/HardReset_out1_hold_reg[11]_i_2/CO[3]
                         net (fo=1, routed)           0.000    18.988    core/u_PI/HardReset_out1_hold_reg[11]_i_2_n_0
    SLICE_X43Y107        CARRY4 (Prop_carry4_CI_CO[3])
                                                      0.098    19.086 r  core/u_PI/HardReset_out1_hold_reg[15]_i_2/CO[3]
                         net (fo=1, routed)           0.000    19.086    core/u_PI/HardReset_out1_hold_reg[15]_i_2_n_0
    SLICE_X43Y108        CARRY4 (Prop_carry4_CI_CO[3])
                                                      0.098    19.184 r  core/u_PI/HardReset_out1_hold_reg[19]_i_2/CO[3]
                         net (fo=1, routed)           0.000    19.184    core/u_PI/HardReset_out1_hold_reg[19]_i_2_n_0
    SLICE_X43Y109        CARRY4 (Prop_carry4_CI_CO[3])
                                                      0.098    19.282 r  core/u_PI/HardReset_out1_hold_reg[23]_i_3/CO[3]
                         net (fo=1, routed)           0.000    19.282    core/u_PI/HardReset_out1_hold_reg[23]_i_3_n_0
    SLICE_X43Y110        CARRY4 (Prop_carry4_CI_O[0])
                                                      0.180    19.462 r  core/u_PI/HardReset_out1_hold_reg[24]_i_5/O[0]
                         net (fo=1, routed)           0.369    19.831    core/u_PI/OutputFormat_out11__0[24]
    SLICE_X44Y109        LUT6 (Prop_lut6_I5_O)        0.249    20.080 r  core/u_PI/HardReset_out1_hold[24]_i_2/O
                         net (fo=1, routed)           0.258    20.338    core/u_PI/HardReset_out1[24]
    SLICE_X45Y109        LUT6 (Prop_lut6_I2_O)        0.105    20.443 r  core/u_PI/HardReset_out1_hold[24]_i_1/O
                         net (fo=1, routed)           0.000    20.443    core/u_PI/HardReset_out1_hold[24]_i_1_n_0
    SLICE_X45Y109        FDRE                                         r  core/u_PI/HardReset_out1_hold_reg[24]/D
  -------------------------------------------------------------------    -------------------

                         (clock clk_50mhz rise edge)
                                                     20.000    20.000 r  <hidden>
                                                      0.000    20.000 r  clk
                         net (fo=475, unset)          1.303    21.303    core/u_PI/clk
    SLICE_X45Y109        FDRE                                         r  core/u_PI/HardReset_out1_hold_reg[24]/C
                         clock pessimism              0.007    21.310    <hidden>
                         clock uncertainty           -0.035    21.275    <hidden>
    SLICE_X45Y109        FDRE (Setup_fdre_C_D)        0.030    21.305    core/u_PI/HardReset_out1_hold_reg[24]
  -------------------------------------------------------------------
                         required time                         21.305    <hidden>
                         arrival time                         -20.443    <hidden>
  -------------------------------------------------------------------
                         slack                                  0.862    <hidden>





Min Delay Paths
--------------------------------------------------------------------------------------
Slack (MET) :             0.140ns  (arrival time - required time)
  Source:                 core/v_meas_mmps_1_reg[26]/C
                            (rising edge-triggered cell FDRE clocked by clk_50mhz  {rise@0.000ns fall@10.000ns period=20.000ns})
  Destination:            core/u_PI/Error_out1_hold_reg[28]/D
                            (rising edge-triggered cell FDRE clocked by clk_50mhz  {rise@0.000ns fall@10.000ns period=20.000ns})
  Path Group:             clk_50mhz
  Path Type:              Hold (Min at Fast Process Corner)
  Requirement:            0.000ns  (clk_50mhz rise@0.000ns - clk_50mhz rise@0.000ns)
  Data Path Delay:        0.440ns  (logic 0.355ns (80.707%)  route 0.085ns (19.293%))
  Logic Levels:           3  (CARRY4=2 LUT2=1)
  Clock Path Skew:        0.198ns (DCD - SCD - CPR)
    Destination Clock Delay (DCD):    0.858ns
    Source Clock Delay      (SCD):    0.655ns
    Clock Pessimism Removal (CPR):    0.005ns

    Location             Delay type                Incr(ns)  Path(ns)    Netlist Resource(s)
  -------------------------------------------------------------------    -------------------
                         (clock clk_50mhz rise edge)
                                                      0.000     0.000 r  <hidden>
                                                      0.000     0.000 r  clk
                         net (fo=475, unset)          0.655     0.655    core/clk
    SLICE_X50Y99         FDRE                                         r  core/v_meas_mmps_1_reg[26]/C
  -------------------------------------------------------------------    -------------------
    SLICE_X50Y99         FDRE (Prop_fdre_C_Q)         0.141     0.796 r  core/v_meas_mmps_1_reg[26]/Q
                         net (fo=1, routed)           0.084     0.880    core/u_PI/P_mul_temp__2_0[26]
    SLICE_X51Y99         LUT2 (Prop_lut2_I1_O)        0.045     0.925 r  core/u_PI/Error_out1_carry__5_i_2/O
                         net (fo=1, routed)           0.000     0.925    core/u_PI/Error_out1_carry__5_i_2_n_0
    SLICE_X51Y99         CARRY4 (Prop_carry4_S[2]_CO[3])
                                                      0.115     1.040 r  core/u_PI/Error_out1_carry__5/CO[3]
                         net (fo=1, routed)           0.001     1.041    core/u_PI/Error_out1_carry__5_n_0
    SLICE_X51Y100        CARRY4 (Prop_carry4_CI_O[0])
                                                      0.054     1.095 r  core/u_PI/Error_out1_carry__6/O[0]
                         net (fo=9, routed)           0.000     1.095    core/u_PI/Error_out1[28]
    SLICE_X51Y100        FDRE                                         r  core/u_PI/Error_out1_hold_reg[28]/D
  -------------------------------------------------------------------    -------------------

                         (clock clk_50mhz rise edge)
                                                      0.000     0.000 r  <hidden>
                                                      0.000     0.000 r  clk
                         net (fo=475, unset)          0.858     0.858    core/u_PI/clk
    SLICE_X51Y100        FDRE                                         r  core/u_PI/Error_out1_hold_reg[28]/C
                         clock pessimism             -0.005     0.853    <hidden>
    SLICE_X51Y100        FDRE (Hold_fdre_C_D)         0.102     0.955    core/u_PI/Error_out1_hold_reg[28]
  -------------------------------------------------------------------
                         required time                         -0.955    <hidden>
                         arrival time                           1.095    <hidden>
  -------------------------------------------------------------------
                         slack                                  0.140    <hidden>





Pulse Width Checks
--------------------------------------------------------------------------------------
Clock Name:         clk_50mhz
Waveform(ns):       { 0.000 10.000 }
Period(ns):         20.000
Sources:            { clk }

Check Type        Corner  Lib Pin  Reference Pin  Required(ns)  Actual(ns)  Slack(ns)  Location      Pin
Min Period        n/a     FDSE/C   n/a            1.000         20.000      19.000     SLICE_X54Y92  source_previous_reg/C
Low Pulse Width   Slow    FDSE/C   n/a            0.500         10.000      9.500      SLICE_X54Y92  source_previous_reg/C
High Pulse Width  Slow    FDSE/C   n/a            0.500         10.000      9.500      SLICE_X54Y92  source_previous_reg/C



