Copyright 1986-2022 Xilinx, Inc. All Rights Reserved. Copyright 2022-2026 Advanced Micro Devices, Inc. All Rights Reserved.
-------------------------------------------------------------------------------------------------------------------------------------------------------------------------------------------------------
| Tool Version : Vivado v.2026.1 (win64) Build 6511674 Tue Jun 16 11:02:23 MDT 2026
| Date         : Sun Oct  4 18:29:18 2026
| Host         : DependOnOMEN16 running 64-bit major release  (build 9200)
| Command      : report_timing_summary -delay_type min_max -report_unconstrained -file D:/Project/FPGA_XC7A200T/learning/study_l1_speed_pi_hdl_compare/.runtime/c_csd_impl_01/reports/synth_timing.rpt
| Design       : speed_pi_compare
| Device       : 7a200t-fbg484
| Speed File   : -2  PRODUCTION 1.23 2018-06-13
| Design State : Synthesized
-------------------------------------------------------------------------------------------------------------------------------------------------------------------------------------------------------

Timing Summary Report

------------------------------------------------------------------------------------------------
| Timer Settings
| --------------
------------------------------------------------------------------------------------------------

  Enable Multi Corner Analysis               :  Yes
  Enable Pessimism Removal                   :  Yes
  Pessimism Removal Resolution               :  Nearest Common Node
  Enable Input Delay Default Clock           :  No
  Enable Preset / Clear Arcs                 :  No
  Disable Flight Delays                      :  No
  Ignore I/O Paths                           :  No
  Timing Early Launch at Borrowing Latches   :  No
  Borrow Time for Max Delay Exceptions       :  Yes
  Merge Timing Exceptions                    :  Yes
  Inter-SLR Compensation                     :  Conservative

  Corner  Analyze    Analyze    
  Name    Max Paths  Min Paths  
  ------  ---------  ---------  
  Slow    Yes        Yes        
  Fast    Yes        Yes        


------------------------------------------------------------------------------------------------
| Report Methodology
| ------------------
------------------------------------------------------------------------------------------------

No report available as report_methodology has not been run prior. Run report_methodology on the current design for the summary of methodology violations.



check_timing report

Table of Contents
-----------------
1. checking no_clock (0)
2. checking constant_clock (0)
3. checking pulse_width_clock (0)
4. checking unconstrained_internal_endpoints (0)
5. checking no_input_delay (0)
6. checking no_output_delay (0)
7. checking multiple_clock (0)
8. checking generated_clocks (0)
9. checking loops (0)
10. checking partial_input_delay (0)
11. checking partial_output_delay (0)
12. checking latch_loops (0)

1. checking no_clock (0)
------------------------
 There are 0 register/latch pins with no clock.


2. checking constant_clock (0)
------------------------------
 There are 0 register/latch pins with constant_clock.


3. checking pulse_width_clock (0)
---------------------------------
 There are 0 register/latch pins which need pulse_width check


4. checking unconstrained_internal_endpoints (0)
------------------------------------------------
 There are 0 pins that are not constrained for maximum delay.

 There are 0 pins that are not constrained for maximum delay due to constant clock.


5. checking no_input_delay (0)
------------------------------
 There are 0 input ports with no input delay specified.

 There are 0 input ports with no input delay but user has a false path constraint.


6. checking no_output_delay (0)
-------------------------------
 There are 0 ports with no output delay specified.

 There are 0 ports with no output delay but user has a false path constraint

 There are 0 ports with no output delay but with a timing clock defined on it or propagating through it


7. checking multiple_clock (0)
------------------------------
 There are 0 register/latch pins with multiple clocks.


8. checking generated_clocks (0)
--------------------------------
 There are 0 generated clocks that are not connected to a clock source.


9. checking loops (0)
---------------------
 There are 0 combinational loops in the design.


10. checking partial_input_delay (0)
------------------------------------
 There are 0 input ports with partial input delay specified.


11. checking partial_output_delay (0)
-------------------------------------
 There are 0 ports with partial output delay specified.


12. checking latch_loops (0)
----------------------------
 There are 0 combinational latch loops in the design through latch input



------------------------------------------------------------------------------------------------
| Design Timing Summary
| ---------------------
------------------------------------------------------------------------------------------------

    WNS(ns)      TNS(ns)  TNS Failing Endpoints  TNS Total Endpoints      WHS(ns)      THS(ns)  THS Failing Endpoints  THS Total Endpoints     WPWS(ns)     TPWS(ns)  TPWS Failing Endpoints  TPWS Total Endpoints  
    -------      -------  ---------------------  -------------------      -------      -------  ---------------------  -------------------     --------     --------  ----------------------  --------------------  
      1.626        0.000                      0                 1837        0.253        0.000                      0                 1837        9.500        0.000                       0                   476  


All user specified timing constraints are met.


------------------------------------------------------------------------------------------------
| Clock Summary
| -------------
------------------------------------------------------------------------------------------------

Clock      Waveform(ns)       Period(ns)      Frequency(MHz)
-----      ------------       ----------      --------------
clk_50mhz  {0.000 10.000}     20.000          50.000          


------------------------------------------------------------------------------------------------
| Intra Clock Table
| -----------------
------------------------------------------------------------------------------------------------

Clock             WNS(ns)      TNS(ns)  TNS Failing Endpoints  TNS Total Endpoints      WHS(ns)      THS(ns)  THS Failing Endpoints  THS Total Endpoints     WPWS(ns)     TPWS(ns)  TPWS Failing Endpoints  TPWS Total Endpoints  
-----             -------      -------  ---------------------  -------------------      -------      -------  ---------------------  -------------------     --------     --------  ----------------------  --------------------  
clk_50mhz           1.626        0.000                      0                 1837        0.253        0.000                      0                 1837        9.500        0.000                       0                   476  


------------------------------------------------------------------------------------------------
| Inter Clock Table
| -----------------
------------------------------------------------------------------------------------------------

From Clock    To Clock          WNS(ns)      TNS(ns)  TNS Failing Endpoints  TNS Total Endpoints      WHS(ns)      THS(ns)  THS Failing Endpoints  THS Total Endpoints  
----------    --------          -------      -------  ---------------------  -------------------      -------      -------  ---------------------  -------------------  


------------------------------------------------------------------------------------------------
| Other Path Groups Table
| -----------------------
------------------------------------------------------------------------------------------------

Path Group    From Clock    To Clock          WNS(ns)      TNS(ns)  TNS Failing Endpoints  TNS Total Endpoints      WHS(ns)      THS(ns)  THS Failing Endpoints  THS Total Endpoints  
----------    ----------    --------          -------      -------  ---------------------  -------------------      -------      -------  ---------------------  -------------------  


------------------------------------------------------------------------------------------------
| User Ignored Path Table
| -----------------------
------------------------------------------------------------------------------------------------

Path Group    From Clock    To Clock    
----------    ----------    --------    


------------------------------------------------------------------------------------------------
| Unconstrained Path Table
| ------------------------
------------------------------------------------------------------------------------------------

Path Group    From Clock    To Clock    
----------    ----------    --------    


------------------------------------------------------------------------------------------------
| Timing Details
| --------------
------------------------------------------------------------------------------------------------


---------------------------------------------------------------------------------------------------
From Clock:  clk_50mhz
  To Clock:  clk_50mhz

Setup :            0  Failing Endpoints,  Worst Slack        1.626ns,  Total Violation        0.000ns
Hold  :            0  Failing Endpoints,  Worst Slack        0.253ns,  Total Violation        0.000ns
PW    :            0  Failing Endpoints,  Worst Slack        9.500ns,  Total Violation        0.000ns
---------------------------------------------------------------------------------------------------


Max Delay Paths
--------------------------------------------------------------------------------------
Slack (MET) :             1.626ns  (required time - arrival time)
  Source:                 core/v_ref_mmps_1_reg[1]/C
                            (rising edge-triggered cell FDRE clocked by clk_50mhz  {rise@0.000ns fall@10.000ns period=20.000ns})
  Destination:            core/u_PI/HardReset_out1_hold_reg[24]/D
                            (rising edge-triggered cell FDRE clocked by clk_50mhz  {rise@0.000ns fall@10.000ns period=20.000ns})
  Path Group:             clk_50mhz
  Path Type:              Setup (Max at Slow Process Corner)
  Requirement:            20.000ns  (clk_50mhz rise@20.000ns - clk_50mhz rise@0.000ns)
  Data Path Delay:        18.253ns  (logic 11.831ns (64.816%)  route 6.422ns (35.184%))
  Logic Levels:           39  (CARRY4=26 DSP48E1=2 LUT2=4 LUT4=2 LUT5=1 LUT6=4)
  Clock Path Skew:        -0.039ns (DCD - SCD + CPR)
    Destination Clock Delay (DCD):    0.748ns = ( 20.748 - 20.000 ) 
    Source Clock Delay      (SCD):    0.787ns
    Clock Pessimism Removal (CPR):    0.000ns
  Clock Uncertainty:      0.035ns  ((TSJ^2 + TIJ^2)^1/2 + DJ) / 2 + PE
    Total System Jitter     (TSJ):    0.071ns
    Total Input Jitter      (TIJ):    0.000ns
    Discrete Jitter          (DJ):    0.000ns
    Phase Error              (PE):    0.000ns

    Location             Delay type                Incr(ns)  Path(ns)    Netlist Resource(s)
  -------------------------------------------------------------------    -------------------
                         (clock clk_50mhz rise edge)
                                                      0.000     0.000 r  <hidden>
                                                      0.000     0.000 r  clk
                         net (fo=475, unset)          0.787     0.787    core/clk
                         FDRE                                         r  core/v_ref_mmps_1_reg[1]/C
  -------------------------------------------------------------------    -------------------
                         FDRE (Prop_fdre_C_Q)         0.285     1.072 r  core/v_ref_mmps_1_reg[1]/Q
                         net (fo=6, unplaced)         0.394     1.466    core/u_PI/Q[1]
                         LUT2 (Prop_lut2_I0_O)        0.232     1.698 r  core/u_PI/Error_out1_carry_i_3/O
                         net (fo=1, unplaced)         0.000     1.698    core/u_PI/Error_out1_carry_i_3_n_0
                         CARRY4 (Prop_carry4_S[1]_CO[3])
                                                      0.444     2.142 r  core/u_PI/Error_out1_carry/CO[3]
                         net (fo=1, unplaced)         0.008     2.150    core/u_PI/Error_out1_carry_n_0
                         CARRY4 (Prop_carry4_CI_CO[3])
                                                      0.100     2.250 r  core/u_PI/Error_out1_carry__0/CO[3]
                         net (fo=1, unplaced)         0.000     2.250    core/u_PI/Error_out1_carry__0_n_0
                         CARRY4 (Prop_carry4_CI_CO[3])
                                                      0.100     2.350 r  core/u_PI/Error_out1_carry__1/CO[3]
                         net (fo=1, unplaced)         0.000     2.350    core/u_PI/Error_out1_carry__1_n_0
                         CARRY4 (Prop_carry4_CI_CO[3])
                                                      0.100     2.450 r  core/u_PI/Error_out1_carry__2/CO[3]
                         net (fo=1, unplaced)         0.000     2.450    core/u_PI/Error_out1_carry__2_n_0
                         CARRY4 (Prop_carry4_CI_O[0])
                                                      0.189     2.639 r  core/u_PI/Error_out1_carry__3/O[0]
                         net (fo=7, unplaced)         0.646     3.285    core/u_PI/Error_out1[16]
                         DSP48E1 (Prop_dsp48e1_B[16]_PCOUT[47])
                                                      3.388     6.673 r  core/u_PI/P_mul_temp__1/PCOUT[47]
                         net (fo=1, unplaced)         0.055     6.728    core/u_PI/P_mul_temp__1_n_106
                         DSP48E1 (Prop_dsp48e1_PCIN[47]_P[0])
                                                      1.271     7.999 r  core/u_PI/P_mul_temp__2/P[0]
                         net (fo=2, unplaced)         0.646     8.644    core/u_PI/P_mul_temp__2_n_105
                         LUT2 (Prop_lut2_I0_O)        0.105     8.749 r  core/u_PI/P_mul_temp_carry_i_3/O
                         net (fo=1, unplaced)         0.000     8.749    core/u_PI/P_mul_temp_carry_i_3_n_0
                         CARRY4 (Prop_carry4_S[1]_O[2])
                                                      0.480     9.229 r  core/u_PI/P_mul_temp_carry/O[2]
                         net (fo=1, unplaced)         0.330     9.559    core/u_PI/P_mul_temp_carry_n_5
                         LUT4 (Prop_lut4_I1_O)        0.244     9.803 r  core/u_PI/P_out11_carry_i_6/O
                         net (fo=1, unplaced)         0.347    10.150    core/u_PI/P_out11_carry_i_6_n_0
                         LUT5 (Prop_lut5_I4_O)        0.105    10.255 r  core/u_PI/P_out11_carry_i_3/O
                         net (fo=1, unplaced)         0.347    10.602    core/u_PI/P_out11_carry_i_3_n_0
                         LUT4 (Prop_lut4_I2_O)        0.105    10.707 r  core/u_PI/P_out11_carry_i_1/O
                         net (fo=1, unplaced)         0.000    10.707    core/u_PI/P_out11_carry_i_1_n_0
                         CARRY4 (Prop_carry4_S[0]_CO[3])
                                                      0.423    11.130 r  core/u_PI/P_out11_carry/CO[3]
                         net (fo=1, unplaced)         0.008    11.138    core/u_PI/P_out11_carry_n_0
                         CARRY4 (Prop_carry4_CI_CO[3])
                                                      0.100    11.238 r  core/u_PI/P_out11_carry__0/CO[3]
                         net (fo=1, unplaced)         0.000    11.238    core/u_PI/P_out11_carry__0_n_0
                         CARRY4 (Prop_carry4_CI_CO[3])
                                                      0.100    11.338 r  core/u_PI/P_out11_carry__1/CO[3]
                         net (fo=1, unplaced)         0.000    11.338    core/u_PI/P_out11_carry__1_n_0
                         CARRY4 (Prop_carry4_CI_CO[3])
                                                      0.100    11.438 r  core/u_PI/P_out11_carry__2/CO[3]
                         net (fo=1, unplaced)         0.000    11.438    core/u_PI/P_out11_carry__2_n_0
                         CARRY4 (Prop_carry4_CI_CO[3])
                                                      0.100    11.538 r  core/u_PI/P_out11_carry__3/CO[3]
                         net (fo=1, unplaced)         0.000    11.538    core/u_PI/P_out11_carry__3_n_0
                         CARRY4 (Prop_carry4_CI_CO[3])
                                                      0.100    11.638 r  core/u_PI/P_out11_carry__4/CO[3]
                         net (fo=1, unplaced)         0.000    11.638    core/u_PI/P_out11_carry__4_n_0
                         CARRY4 (Prop_carry4_CI_CO[3])
                                                      0.100    11.738 r  core/u_PI/P_out11_carry__5/CO[3]
                         net (fo=1, unplaced)         0.000    11.738    core/u_PI/P_out11_carry__5_n_0
                         CARRY4 (Prop_carry4_CI_CO[3])
                                                      0.100    11.838 r  core/u_PI/P_out11_carry__6/CO[3]
                         net (fo=1, unplaced)         0.000    11.838    core/u_PI/P_out11_carry__6_n_0
                         CARRY4 (Prop_carry4_CI_O[3])
                                                      0.277    12.115 r  core/u_PI/P_out11_carry__7/O[3]
                         net (fo=4, unplaced)         0.543    12.658    core/u_PI/P_out11_carry__7_n_4
                         LUT2 (Prop_lut2_I1_O)        0.250    12.908 r  core/u_PI/Unlimited_add_temp_carry__7_i_2/O
                         net (fo=1, unplaced)         0.000    12.908    core/u_PI/Unlimited_add_temp_carry__7_i_2_n_0
                         CARRY4 (Prop_carry4_S[3]_CO[3])
                                                      0.314    13.222 r  core/u_PI/Unlimited_add_temp_carry__7/CO[3]
                         net (fo=1, unplaced)         0.000    13.222    core/u_PI/Unlimited_add_temp_carry__7_n_0
                         CARRY4 (Prop_carry4_CI_CO[3])
                                                      0.100    13.322 r  core/u_PI/Unlimited_add_temp_carry__8/CO[3]
                         net (fo=1, unplaced)         0.000    13.322    core/u_PI/Unlimited_add_temp_carry__8_n_0
                         CARRY4 (Prop_carry4_CI_CO[0])
                                                      0.238    13.560 r  core/u_PI/Excess_sub_temp_carry__9_i_1/CO[0]
                         net (fo=11, unplaced)        0.864    14.424    core/u_PI/Excess_sub_temp_carry__9_i_1_n_3
                         CARRY4 (Prop_carry4_S[3]_CO[3])
                                                      0.611    15.035 f  core/u_PI/Sat_UpperRelOp_out_1_carry__3/CO[3]
                         net (fo=131, unplaced)       0.683    15.718    core/u_PI/Sat_UpperRelOp_out_1
                         LUT2 (Prop_lut2_I0_O)        0.105    15.823 f  core/u_PI/HardReset_out1_hold[24]_i_11/O
                         net (fo=5, unplaced)         0.375    16.198    core/u_PI/HardReset_out1_hold[24]_i_11_n_0
                         LUT6 (Prop_lut6_I3_O)        0.105    16.303 r  core/u_PI/HardReset_out1_hold[3]_i_7/O
                         net (fo=1, unplaced)         0.582    16.885    core/u_PI/HardReset_out1_hold[3]_i_7_n_0
                         LUT6 (Prop_lut6_I2_O)        0.105    16.990 r  core/u_PI/HardReset_out1_hold[3]_i_6/O
                         net (fo=1, unplaced)         0.000    16.990    core/u_PI/HardReset_out1_hold[3]_i_6_n_0
                         CARRY4 (Prop_carry4_S[0]_CO[3])
                                                      0.423    17.413 r  core/u_PI/HardReset_out1_hold_reg[3]_i_2/CO[3]
                         net (fo=1, unplaced)         0.008    17.421    core/u_PI/HardReset_out1_hold_reg[3]_i_2_n_0
                         CARRY4 (Prop_carry4_CI_CO[3])
                                                      0.100    17.521 r  core/u_PI/HardReset_out1_hold_reg[7]_i_2/CO[3]
                         net (fo=1, unplaced)         0.000    17.521    core/u_PI/HardReset_out1_hold_reg[7]_i_2_n_0
                         CARRY4 (Prop_carry4_CI_CO[3])
                                                      0.100    17.621 r  core/u_PI/HardReset_out1_hold_reg[11]_i_2/CO[3]
                         net (fo=1, unplaced)         0.000    17.621    core/u_PI/HardReset_out1_hold_reg[11]_i_2_n_0
                         CARRY4 (Prop_carry4_CI_CO[3])
                                                      0.100    17.721 r  core/u_PI/HardReset_out1_hold_reg[15]_i_2/CO[3]
                         net (fo=1, unplaced)         0.000    17.721    core/u_PI/HardReset_out1_hold_reg[15]_i_2_n_0
                         CARRY4 (Prop_carry4_CI_CO[3])
                                                      0.100    17.821 r  core/u_PI/HardReset_out1_hold_reg[19]_i_2/CO[3]
                         net (fo=1, unplaced)         0.000    17.821    core/u_PI/HardReset_out1_hold_reg[19]_i_2_n_0
                         CARRY4 (Prop_carry4_CI_CO[3])
                                                      0.100    17.921 r  core/u_PI/HardReset_out1_hold_reg[23]_i_3/CO[3]
                         net (fo=1, unplaced)         0.000    17.921    core/u_PI/HardReset_out1_hold_reg[23]_i_3_n_0
                         CARRY4 (Prop_carry4_CI_O[0])
                                                      0.189    18.110 r  core/u_PI/HardReset_out1_hold_reg[24]_i_5/O[0]
                         net (fo=1, unplaced)         0.240    18.350    core/u_PI/OutputFormat_out11__0[24]
                         LUT6 (Prop_lut6_I5_O)        0.238    18.588 r  core/u_PI/HardReset_out1_hold[24]_i_2/O
                         net (fo=1, unplaced)         0.347    18.935    core/u_PI/HardReset_out1[24]
                         LUT6 (Prop_lut6_I2_O)        0.105    19.040 r  core/u_PI/HardReset_out1_hold[24]_i_1/O
                         net (fo=1, unplaced)         0.000    19.040    core/u_PI/HardReset_out1_hold[24]_i_1_n_0
                         FDRE                                         r  core/u_PI/HardReset_out1_hold_reg[24]/D
  -------------------------------------------------------------------    -------------------

                         (clock clk_50mhz rise edge)
                                                     20.000    20.000 r  <hidden>
                                                      0.000    20.000 r  clk
                         net (fo=475, unset)          0.748    20.748    core/u_PI/clk
                         FDRE                                         r  core/u_PI/HardReset_out1_hold_reg[24]/C
                         clock pessimism              0.000    20.748    <hidden>
                         clock uncertainty           -0.035    20.712    <hidden>
                         FDRE (Setup_fdre_C_D)       -0.046    20.666    core/u_PI/HardReset_out1_hold_reg[24]
  -------------------------------------------------------------------
                         required time                         20.666    <hidden>
                         arrival time                         -19.040    <hidden>
  -------------------------------------------------------------------
                         slack                                  1.626    <hidden>





Min Delay Paths
--------------------------------------------------------------------------------------
Slack (MET) :             0.253ns  (arrival time - required time)
  Source:                 core/test_mode_1_reg/C
                            (rising edge-triggered cell FDRE clocked by clk_50mhz  {rise@0.000ns fall@10.000ns period=20.000ns})
  Destination:            core/u_PI/Hard_out1_hold_reg/D
                            (rising edge-triggered cell FDRE clocked by clk_50mhz  {rise@0.000ns fall@10.000ns period=20.000ns})
  Path Group:             clk_50mhz
  Path Type:              Hold (Min at Fast Process Corner)
  Requirement:            0.000ns  (clk_50mhz rise@0.000ns - clk_50mhz rise@0.000ns)
  Data Path Delay:        0.329ns  (logic 0.210ns (63.826%)  route 0.119ns (36.174%))
  Logic Levels:           1  (LUT4=1)
  Clock Path Skew:        0.021ns (DCD - SCD - CPR)
    Destination Clock Delay (DCD):    0.411ns
    Source Clock Delay      (SCD):    0.390ns
    Clock Pessimism Removal (CPR):    -0.000ns

    Location             Delay type                Incr(ns)  Path(ns)    Netlist Resource(s)
  -------------------------------------------------------------------    -------------------
                         (clock clk_50mhz rise edge)
                                                      0.000     0.000 r  <hidden>
                                                      0.000     0.000 r  clk
                         net (fo=475, unset)          0.390     0.390    core/clk
                         FDRE                                         r  core/test_mode_1_reg/C
  -------------------------------------------------------------------    -------------------
                         FDRE (Prop_fdre_C_Q)         0.112     0.502 r  core/test_mode_1_reg/Q
                         net (fo=1, unplaced)         0.119     0.621    core/u_PI/test_mode_1
                         LUT4 (Prop_lut4_I3_O)        0.098     0.719 r  core/u_PI/Hard_out1_hold_i_1/O
                         net (fo=28, unplaced)        0.000     0.719    core/u_PI/p_2_in
                         FDRE                                         r  core/u_PI/Hard_out1_hold_reg/D
  -------------------------------------------------------------------    -------------------

                         (clock clk_50mhz rise edge)
                                                      0.000     0.000 r  <hidden>
                                                      0.000     0.000 r  clk
                         net (fo=475, unset)          0.411     0.411    core/u_PI/clk
                         FDRE                                         r  core/u_PI/Hard_out1_hold_reg/C
                         clock pessimism              0.000     0.411    <hidden>
                         FDRE (Hold_fdre_C_D)         0.055     0.466    core/u_PI/Hard_out1_hold_reg
  -------------------------------------------------------------------
                         required time                         -0.466    <hidden>
                         arrival time                           0.719    <hidden>
  -------------------------------------------------------------------
                         slack                                  0.253    <hidden>





Pulse Width Checks
--------------------------------------------------------------------------------------
Clock Name:         clk_50mhz
Waveform(ns):       { 0.000 10.000 }
Period(ns):         20.000
Sources:            { clk }

Check Type        Corner  Lib Pin  Reference Pin  Required(ns)  Actual(ns)  Slack(ns)  Location  Pin
Min Period        n/a     FDSE/C   n/a            1.000         20.000      19.000               source_previous_reg/C
Low Pulse Width   Slow    FDSE/C   n/a            0.500         10.000      9.500                source_previous_reg/C
High Pulse Width  Slow    FDSE/C   n/a            0.500         10.000      9.500                source_previous_reg/C



