Copyright 1986-2022 Xilinx, Inc. All Rights Reserved. Copyright 2022-2026 Advanced Micro Devices, Inc. All Rights Reserved.
---------------------------------------------------------------------------------------------------------------------------------------------
| Tool Version : Vivado v.2026.1 (win64) Build 6511674 Tue Jun 16 11:02:23 MDT 2026
| Date         : Fri Sep 18 15:44:06 2026
| Host         : DependOnOMEN16 running 64-bit major release  (build 9200)
| Command      : report_timing -delay_type max -max_paths 5 -file D:/Project/FPGA_XC7A200T/docs/reports/step6c1/setup_paths.rpt
| Design       : mc_current_transform
| Device       : 7a200t-fbg484
| Speed File   : -2  PRODUCTION 1.23 2018-06-13
| Design State : Routed
---------------------------------------------------------------------------------------------------------------------------------------------

Timing Report

Slack (MET) :             10.548ns  (required time - arrival time)
  Source:                 clarke/beta_product0/CLK
                            (rising edge-triggered cell DSP48E1 clocked by sys_clk  {rise@0.000ns fall@10.000ns period=20.000ns})
  Destination:            clarke/i_beta_reg[0]/D
                            (rising edge-triggered cell FDCE clocked by sys_clk  {rise@0.000ns fall@10.000ns period=20.000ns})
  Path Group:             sys_clk
  Path Type:              Setup (Max at Slow Process Corner)
  Requirement:            20.000ns  (sys_clk rise@20.000ns - sys_clk rise@0.000ns)
  Data Path Delay:        9.318ns  (logic 3.859ns (41.413%)  route 5.459ns (58.587%))
  Logic Levels:           18  (CARRY4=14 LUT1=1 LUT3=2 LUT6=1)
  Clock Path Skew:        -0.129ns (DCD - SCD + CPR)
    Destination Clock Delay (DCD):    4.405ns = ( 24.405 - 20.000 )
    Source Clock Delay      (SCD):    4.848ns
    Clock Pessimism Removal (CPR):    0.314ns
  Clock Uncertainty:      0.035ns  ((TSJ^2 + TIJ^2)^1/2 + DJ) / 2 + PE
    Total System Jitter     (TSJ):    0.071ns
    Total Input Jitter      (TIJ):    0.000ns
    Discrete Jitter          (DJ):    0.000ns
    Phase Error              (PE):    0.000ns

    Location             Delay type                Incr(ns)  Path(ns)    Netlist Resource(s)
  -------------------------------------------------------------------    -------------------
                         (clock sys_clk rise edge)    0.000     0.000 r  <hidden>
    Y11                                               0.000     0.000 r  clk
                         net (fo=0)                   0.000     0.000    clk
    Y11                  IBUF (Prop_ibuf_I_O)         0.938     0.938 r  clk_IBUF_inst/O
                         net (fo=1, routed)           2.100     3.038    clk_IBUF
    BUFGCTRL_X0Y0        BUFG (Prop_bufg_I_O)         0.081     3.119 r  clk_IBUF_BUFG_inst/O
                         net (fo=590, routed)         1.729     4.848    clarke/clk_IBUF_BUFG
    DSP48_X0Y39          DSP48E1                                      r  clarke/beta_product0/CLK
  -------------------------------------------------------------------    -------------------
    DSP48_X0Y39          DSP48E1 (Prop_dsp48e1_CLK_P[42])
                                                      0.370     5.218 r  clarke/beta_product0/P[42]
                         net (fo=98, routed)          2.299     7.517    clarke/beta_product0_n_63
    SLICE_X12Y87         LUT3 (Prop_lut3_I0_O)        0.105     7.622 r  clarke/i__carry_i_2__0__0/O
                         net (fo=1, routed)           0.000     7.622    clarke/i__carry_i_2__0__0_n_0
    SLICE_X12Y87         CARRY4 (Prop_carry4_S[3]_CO[3])
                                                      0.314     7.936 r  clarke/fxp_round_shift16_s44_return2_inferred__0/i__carry/CO[3]
                         net (fo=1, routed)           0.000     7.936    clarke/fxp_round_shift16_s44_return2_inferred__0/i__carry_n_0
    SLICE_X12Y88         CARRY4 (Prop_carry4_CI_CO[3])
                                                      0.100     8.036 r  clarke/fxp_round_shift16_s44_return2_inferred__0/i__carry__0/CO[3]
                         net (fo=1, routed)           0.000     8.036    clarke/fxp_round_shift16_s44_return2_inferred__0/i__carry__0_n_0
    SLICE_X12Y89         CARRY4 (Prop_carry4_CI_CO[3])
                                                      0.100     8.136 r  clarke/fxp_round_shift16_s44_return2_inferred__0/i__carry__1/CO[3]
                         net (fo=1, routed)           0.000     8.136    clarke/fxp_round_shift16_s44_return2_inferred__0/i__carry__1_n_0
    SLICE_X12Y90         CARRY4 (Prop_carry4_CI_CO[3])
                                                      0.100     8.236 r  clarke/fxp_round_shift16_s44_return2_inferred__0/i__carry__2/CO[3]
                         net (fo=1, routed)           0.000     8.236    clarke/fxp_round_shift16_s44_return2_inferred__0/i__carry__2_n_0
    SLICE_X12Y91         CARRY4 (Prop_carry4_CI_O[0])
                                                      0.178     8.414 f  clarke/fxp_round_shift16_s44_return2_inferred__0/i__carry__3/O[0]
                         net (fo=2, routed)           0.345     8.759    clarke/fxp_round_shift16_s44_return2_inferred__0/i__carry__3_n_7
    SLICE_X14Y91         LUT1 (Prop_lut1_I0_O)        0.238     8.997 r  clarke/i__carry_i_1/O
                         net (fo=1, routed)           0.483     9.480    clarke/i__carry_i_1_n_0
    SLICE_X13Y91         CARRY4 (Prop_carry4_CYINIT_CO[3])
                                                      0.480     9.960 r  clarke/fxp_round_shift16_s44_return0_inferred__0/i__carry/CO[3]
                         net (fo=1, routed)           0.000     9.960    clarke/fxp_round_shift16_s44_return0_inferred__0/i__carry_n_0
    SLICE_X13Y92         CARRY4 (Prop_carry4_CI_CO[3])
                                                      0.098    10.058 r  clarke/fxp_round_shift16_s44_return0_inferred__0/i__carry__0/CO[3]
                         net (fo=1, routed)           0.000    10.058    clarke/fxp_round_shift16_s44_return0_inferred__0/i__carry__0_n_0
    SLICE_X13Y93         CARRY4 (Prop_carry4_CI_CO[3])
                                                      0.098    10.156 r  clarke/fxp_round_shift16_s44_return0_inferred__0/i__carry__1/CO[3]
                         net (fo=1, routed)           0.000    10.156    clarke/fxp_round_shift16_s44_return0_inferred__0/i__carry__1_n_0
    SLICE_X13Y94         CARRY4 (Prop_carry4_CI_CO[3])
                                                      0.098    10.254 r  clarke/fxp_round_shift16_s44_return0_inferred__0/i__carry__2/CO[3]
                         net (fo=1, routed)           0.000    10.254    clarke/fxp_round_shift16_s44_return0_inferred__0/i__carry__2_n_0
    SLICE_X13Y95         CARRY4 (Prop_carry4_CI_CO[3])
                                                      0.098    10.352 r  clarke/fxp_round_shift16_s44_return0_inferred__0/i__carry__3/CO[3]
                         net (fo=1, routed)           0.000    10.352    clarke/fxp_round_shift16_s44_return0_inferred__0/i__carry__3_n_0
    SLICE_X13Y96         CARRY4 (Prop_carry4_CI_O[3])
                                                      0.260    10.612 r  clarke/fxp_round_shift16_s44_return0_inferred__0/i__carry__4/O[3]
                         net (fo=5, routed)           0.655    11.267    clarke/fxp_round_shift16_s44_return0_inferred__0/i__carry__4_n_4
    SLICE_X13Y98         LUT6 (Prop_lut6_I0_O)        0.257    11.524 r  clarke/i__carry_i_2__1/O
                         net (fo=1, routed)           0.143    11.667    clarke/i__carry_i_2__1_n_0
    SLICE_X12Y98         CARRY4 (Prop_carry4_DI[0]_CO[3])
                                                      0.457    12.124 r  clarke/fxp_sat_s251_inferred__2/i__carry/CO[3]
                         net (fo=1, routed)           0.000    12.124    clarke/fxp_sat_s251_inferred__2/i__carry_n_0
    SLICE_X12Y99         CARRY4 (Prop_carry4_CI_CO[3])
                                                      0.100    12.224 r  clarke/fxp_sat_s251_inferred__2/i__carry__0/CO[3]
                         net (fo=1, routed)           0.001    12.225    clarke/fxp_sat_s251_inferred__2/i__carry__0_n_0
    SLICE_X12Y100        CARRY4 (Prop_carry4_CI_CO[1])
                                                      0.131    12.356 r  clarke/fxp_sat_s251_inferred__2/i__carry__1/CO[1]
                         net (fo=25, routed)          1.533    13.889    clarke/fxp_sat_s251_inferred__2/i__carry__1_n_2
    SLICE_X15Y91         LUT3 (Prop_lut3_I0_O)        0.277    14.166 r  clarke/i_beta[0]_i_1/O
                         net (fo=1, routed)           0.000    14.166    clarke/i_beta[0]_i_1_n_0
    SLICE_X15Y91         FDCE                                         r  clarke/i_beta_reg[0]/D
  -------------------------------------------------------------------    -------------------

                         (clock sys_clk rise edge)   20.000    20.000 r  <hidden>
    Y11                                               0.000    20.000 r  clk
                         net (fo=0)                   0.000    20.000    clk
    Y11                  IBUF (Prop_ibuf_I_O)         0.807    20.807 r  clk_IBUF_inst/O
                         net (fo=1, routed)           1.994    22.801    clk_IBUF
    BUFGCTRL_X0Y0        BUFG (Prop_bufg_I_O)         0.077    22.878 r  clk_IBUF_BUFG_inst/O
                         net (fo=590, routed)         1.527    24.405    clarke/clk_IBUF_BUFG
    SLICE_X15Y91         FDCE                                         r  clarke/i_beta_reg[0]/C
                         clock pessimism              0.314    24.719    <hidden>
                         clock uncertainty           -0.035    24.684    <hidden>
    SLICE_X15Y91         FDCE (Setup_fdce_C_D)        0.030    24.714    clarke/i_beta_reg[0]
  -------------------------------------------------------------------
                         required time                         24.714    <hidden>
                         arrival time                         -14.166    <hidden>
  -------------------------------------------------------------------
                         slack                                 10.548    <hidden>

Slack (MET) :             10.577ns  (required time - arrival time)
  Source:                 clarke/beta_product0/CLK
                            (rising edge-triggered cell DSP48E1 clocked by sys_clk  {rise@0.000ns fall@10.000ns period=20.000ns})
  Destination:            clarke/i_beta_reg[1]/D
                            (rising edge-triggered cell FDCE clocked by sys_clk  {rise@0.000ns fall@10.000ns period=20.000ns})
  Path Group:             sys_clk
  Path Type:              Setup (Max at Slow Process Corner)
  Requirement:            20.000ns  (sys_clk rise@20.000ns - sys_clk rise@0.000ns)
  Data Path Delay:        9.331ns  (logic 3.859ns (41.356%)  route 5.472ns (58.645%))
  Logic Levels:           18  (CARRY4=14 LUT1=1 LUT3=1 LUT6=2)
  Clock Path Skew:        -0.129ns (DCD - SCD + CPR)
    Destination Clock Delay (DCD):    4.405ns = ( 24.405 - 20.000 )
    Source Clock Delay      (SCD):    4.848ns
    Clock Pessimism Removal (CPR):    0.314ns
  Clock Uncertainty:      0.035ns  ((TSJ^2 + TIJ^2)^1/2 + DJ) / 2 + PE
    Total System Jitter     (TSJ):    0.071ns
    Total Input Jitter      (TIJ):    0.000ns
    Discrete Jitter          (DJ):    0.000ns
    Phase Error              (PE):    0.000ns

    Location             Delay type                Incr(ns)  Path(ns)    Netlist Resource(s)
  -------------------------------------------------------------------    -------------------
                         (clock sys_clk rise edge)    0.000     0.000 r  <hidden>
    Y11                                               0.000     0.000 r  clk
                         net (fo=0)                   0.000     0.000    clk
    Y11                  IBUF (Prop_ibuf_I_O)         0.938     0.938 r  clk_IBUF_inst/O
                         net (fo=1, routed)           2.100     3.038    clk_IBUF
    BUFGCTRL_X0Y0        BUFG (Prop_bufg_I_O)         0.081     3.119 r  clk_IBUF_BUFG_inst/O
                         net (fo=590, routed)         1.729     4.848    clarke/clk_IBUF_BUFG
    DSP48_X0Y39          DSP48E1                                      r  clarke/beta_product0/CLK
  -------------------------------------------------------------------    -------------------
    DSP48_X0Y39          DSP48E1 (Prop_dsp48e1_CLK_P[42])
                                                      0.370     5.218 r  clarke/beta_product0/P[42]
                         net (fo=98, routed)          2.299     7.517    clarke/beta_product0_n_63
    SLICE_X12Y87         LUT3 (Prop_lut3_I0_O)        0.105     7.622 r  clarke/i__carry_i_2__0__0/O
                         net (fo=1, routed)           0.000     7.622    clarke/i__carry_i_2__0__0_n_0
    SLICE_X12Y87         CARRY4 (Prop_carry4_S[3]_CO[3])
                                                      0.314     7.936 r  clarke/fxp_round_shift16_s44_return2_inferred__0/i__carry/CO[3]
                         net (fo=1, routed)           0.000     7.936    clarke/fxp_round_shift16_s44_return2_inferred__0/i__carry_n_0
    SLICE_X12Y88         CARRY4 (Prop_carry4_CI_CO[3])
                                                      0.100     8.036 r  clarke/fxp_round_shift16_s44_return2_inferred__0/i__carry__0/CO[3]
                         net (fo=1, routed)           0.000     8.036    clarke/fxp_round_shift16_s44_return2_inferred__0/i__carry__0_n_0
    SLICE_X12Y89         CARRY4 (Prop_carry4_CI_CO[3])
                                                      0.100     8.136 r  clarke/fxp_round_shift16_s44_return2_inferred__0/i__carry__1/CO[3]
                         net (fo=1, routed)           0.000     8.136    clarke/fxp_round_shift16_s44_return2_inferred__0/i__carry__1_n_0
    SLICE_X12Y90         CARRY4 (Prop_carry4_CI_CO[3])
                                                      0.100     8.236 r  clarke/fxp_round_shift16_s44_return2_inferred__0/i__carry__2/CO[3]
                         net (fo=1, routed)           0.000     8.236    clarke/fxp_round_shift16_s44_return2_inferred__0/i__carry__2_n_0
    SLICE_X12Y91         CARRY4 (Prop_carry4_CI_O[0])
                                                      0.178     8.414 f  clarke/fxp_round_shift16_s44_return2_inferred__0/i__carry__3/O[0]
                         net (fo=2, routed)           0.345     8.759    clarke/fxp_round_shift16_s44_return2_inferred__0/i__carry__3_n_7
    SLICE_X14Y91         LUT1 (Prop_lut1_I0_O)        0.238     8.997 r  clarke/i__carry_i_1/O
                         net (fo=1, routed)           0.483     9.480    clarke/i__carry_i_1_n_0
    SLICE_X13Y91         CARRY4 (Prop_carry4_CYINIT_CO[3])
                                                      0.480     9.960 r  clarke/fxp_round_shift16_s44_return0_inferred__0/i__carry/CO[3]
                         net (fo=1, routed)           0.000     9.960    clarke/fxp_round_shift16_s44_return0_inferred__0/i__carry_n_0
    SLICE_X13Y92         CARRY4 (Prop_carry4_CI_CO[3])
                                                      0.098    10.058 r  clarke/fxp_round_shift16_s44_return0_inferred__0/i__carry__0/CO[3]
                         net (fo=1, routed)           0.000    10.058    clarke/fxp_round_shift16_s44_return0_inferred__0/i__carry__0_n_0
    SLICE_X13Y93         CARRY4 (Prop_carry4_CI_CO[3])
                                                      0.098    10.156 r  clarke/fxp_round_shift16_s44_return0_inferred__0/i__carry__1/CO[3]
                         net (fo=1, routed)           0.000    10.156    clarke/fxp_round_shift16_s44_return0_inferred__0/i__carry__1_n_0
    SLICE_X13Y94         CARRY4 (Prop_carry4_CI_CO[3])
                                                      0.098    10.254 r  clarke/fxp_round_shift16_s44_return0_inferred__0/i__carry__2/CO[3]
                         net (fo=1, routed)           0.000    10.254    clarke/fxp_round_shift16_s44_return0_inferred__0/i__carry__2_n_0
    SLICE_X13Y95         CARRY4 (Prop_carry4_CI_CO[3])
                                                      0.098    10.352 r  clarke/fxp_round_shift16_s44_return0_inferred__0/i__carry__3/CO[3]
                         net (fo=1, routed)           0.000    10.352    clarke/fxp_round_shift16_s44_return0_inferred__0/i__carry__3_n_0
    SLICE_X13Y96         CARRY4 (Prop_carry4_CI_O[3])
                                                      0.260    10.612 r  clarke/fxp_round_shift16_s44_return0_inferred__0/i__carry__4/O[3]
                         net (fo=5, routed)           0.655    11.267    clarke/fxp_round_shift16_s44_return0_inferred__0/i__carry__4_n_4
    SLICE_X13Y98         LUT6 (Prop_lut6_I0_O)        0.257    11.524 r  clarke/i__carry_i_2__1/O
                         net (fo=1, routed)           0.143    11.667    clarke/i__carry_i_2__1_n_0
    SLICE_X12Y98         CARRY4 (Prop_carry4_DI[0]_CO[3])
                                                      0.457    12.124 r  clarke/fxp_sat_s251_inferred__2/i__carry/CO[3]
                         net (fo=1, routed)           0.000    12.124    clarke/fxp_sat_s251_inferred__2/i__carry_n_0
    SLICE_X12Y99         CARRY4 (Prop_carry4_CI_CO[3])
                                                      0.100    12.224 r  clarke/fxp_sat_s251_inferred__2/i__carry__0/CO[3]
                         net (fo=1, routed)           0.001    12.225    clarke/fxp_sat_s251_inferred__2/i__carry__0_n_0
    SLICE_X12Y100        CARRY4 (Prop_carry4_CI_CO[1])
                                                      0.131    12.356 r  clarke/fxp_sat_s251_inferred__2/i__carry__1/CO[1]
                         net (fo=25, routed)          1.546    13.902    clarke/fxp_sat_s251_inferred__2/i__carry__1_n_2
    SLICE_X14Y91         LUT6 (Prop_lut6_I0_O)        0.277    14.179 r  clarke/i_beta[1]_i_1/O
                         net (fo=1, routed)           0.000    14.179    clarke/i_beta[1]_i_1_n_0
    SLICE_X14Y91         FDCE                                         r  clarke/i_beta_reg[1]/D
  -------------------------------------------------------------------    -------------------

                         (clock sys_clk rise edge)   20.000    20.000 r  <hidden>
    Y11                                               0.000    20.000 r  clk
                         net (fo=0)                   0.000    20.000    clk
    Y11                  IBUF (Prop_ibuf_I_O)         0.807    20.807 r  clk_IBUF_inst/O
                         net (fo=1, routed)           1.994    22.801    clk_IBUF
    BUFGCTRL_X0Y0        BUFG (Prop_bufg_I_O)         0.077    22.878 r  clk_IBUF_BUFG_inst/O
                         net (fo=590, routed)         1.527    24.405    clarke/clk_IBUF_BUFG
    SLICE_X14Y91         FDCE                                         r  clarke/i_beta_reg[1]/C
                         clock pessimism              0.314    24.719    <hidden>
                         clock uncertainty           -0.035    24.684    <hidden>
    SLICE_X14Y91         FDCE (Setup_fdce_C_D)        0.072    24.756    clarke/i_beta_reg[1]
  -------------------------------------------------------------------
                         required time                         24.756    <hidden>
                         arrival time                         -14.179    <hidden>
  -------------------------------------------------------------------
                         slack                                 10.577    <hidden>

Slack (MET) :             10.590ns  (required time - arrival time)
  Source:                 clarke/beta_product0/CLK
                            (rising edge-triggered cell DSP48E1 clocked by sys_clk  {rise@0.000ns fall@10.000ns period=20.000ns})
  Destination:            clarke/i_beta_reg[2]/D
                            (rising edge-triggered cell FDCE clocked by sys_clk  {rise@0.000ns fall@10.000ns period=20.000ns})
  Path Group:             sys_clk
  Path Type:              Setup (Max at Slow Process Corner)
  Requirement:            20.000ns  (sys_clk rise@20.000ns - sys_clk rise@0.000ns)
  Data Path Delay:        9.322ns  (logic 3.859ns (41.395%)  route 5.463ns (58.605%))
  Logic Levels:           18  (CARRY4=14 LUT1=1 LUT3=1 LUT6=2)
  Clock Path Skew:        -0.129ns (DCD - SCD + CPR)
    Destination Clock Delay (DCD):    4.405ns = ( 24.405 - 20.000 )
    Source Clock Delay      (SCD):    4.848ns
    Clock Pessimism Removal (CPR):    0.314ns
  Clock Uncertainty:      0.035ns  ((TSJ^2 + TIJ^2)^1/2 + DJ) / 2 + PE
    Total System Jitter     (TSJ):    0.071ns
    Total Input Jitter      (TIJ):    0.000ns
    Discrete Jitter          (DJ):    0.000ns
    Phase Error              (PE):    0.000ns

    Location             Delay type                Incr(ns)  Path(ns)    Netlist Resource(s)
  -------------------------------------------------------------------    -------------------
                         (clock sys_clk rise edge)    0.000     0.000 r  <hidden>
    Y11                                               0.000     0.000 r  clk
                         net (fo=0)                   0.000     0.000    clk
    Y11                  IBUF (Prop_ibuf_I_O)         0.938     0.938 r  clk_IBUF_inst/O
                         net (fo=1, routed)           2.100     3.038    clk_IBUF
    BUFGCTRL_X0Y0        BUFG (Prop_bufg_I_O)         0.081     3.119 r  clk_IBUF_BUFG_inst/O
                         net (fo=590, routed)         1.729     4.848    clarke/clk_IBUF_BUFG
    DSP48_X0Y39          DSP48E1                                      r  clarke/beta_product0/CLK
  -------------------------------------------------------------------    -------------------
    DSP48_X0Y39          DSP48E1 (Prop_dsp48e1_CLK_P[42])
                                                      0.370     5.218 r  clarke/beta_product0/P[42]
                         net (fo=98, routed)          2.299     7.517    clarke/beta_product0_n_63
    SLICE_X12Y87         LUT3 (Prop_lut3_I0_O)        0.105     7.622 r  clarke/i__carry_i_2__0__0/O
                         net (fo=1, routed)           0.000     7.622    clarke/i__carry_i_2__0__0_n_0
    SLICE_X12Y87         CARRY4 (Prop_carry4_S[3]_CO[3])
                                                      0.314     7.936 r  clarke/fxp_round_shift16_s44_return2_inferred__0/i__carry/CO[3]
                         net (fo=1, routed)           0.000     7.936    clarke/fxp_round_shift16_s44_return2_inferred__0/i__carry_n_0
    SLICE_X12Y88         CARRY4 (Prop_carry4_CI_CO[3])
                                                      0.100     8.036 r  clarke/fxp_round_shift16_s44_return2_inferred__0/i__carry__0/CO[3]
                         net (fo=1, routed)           0.000     8.036    clarke/fxp_round_shift16_s44_return2_inferred__0/i__carry__0_n_0
    SLICE_X12Y89         CARRY4 (Prop_carry4_CI_CO[3])
                                                      0.100     8.136 r  clarke/fxp_round_shift16_s44_return2_inferred__0/i__carry__1/CO[3]
                         net (fo=1, routed)           0.000     8.136    clarke/fxp_round_shift16_s44_return2_inferred__0/i__carry__1_n_0
    SLICE_X12Y90         CARRY4 (Prop_carry4_CI_CO[3])
                                                      0.100     8.236 r  clarke/fxp_round_shift16_s44_return2_inferred__0/i__carry__2/CO[3]
                         net (fo=1, routed)           0.000     8.236    clarke/fxp_round_shift16_s44_return2_inferred__0/i__carry__2_n_0
    SLICE_X12Y91         CARRY4 (Prop_carry4_CI_O[0])
                                                      0.178     8.414 f  clarke/fxp_round_shift16_s44_return2_inferred__0/i__carry__3/O[0]
                         net (fo=2, routed)           0.345     8.759    clarke/fxp_round_shift16_s44_return2_inferred__0/i__carry__3_n_7
    SLICE_X14Y91         LUT1 (Prop_lut1_I0_O)        0.238     8.997 r  clarke/i__carry_i_1/O
                         net (fo=1, routed)           0.483     9.480    clarke/i__carry_i_1_n_0
    SLICE_X13Y91         CARRY4 (Prop_carry4_CYINIT_CO[3])
                                                      0.480     9.960 r  clarke/fxp_round_shift16_s44_return0_inferred__0/i__carry/CO[3]
                         net (fo=1, routed)           0.000     9.960    clarke/fxp_round_shift16_s44_return0_inferred__0/i__carry_n_0
    SLICE_X13Y92         CARRY4 (Prop_carry4_CI_CO[3])
                                                      0.098    10.058 r  clarke/fxp_round_shift16_s44_return0_inferred__0/i__carry__0/CO[3]
                         net (fo=1, routed)           0.000    10.058    clarke/fxp_round_shift16_s44_return0_inferred__0/i__carry__0_n_0
    SLICE_X13Y93         CARRY4 (Prop_carry4_CI_CO[3])
                                                      0.098    10.156 r  clarke/fxp_round_shift16_s44_return0_inferred__0/i__carry__1/CO[3]
                         net (fo=1, routed)           0.000    10.156    clarke/fxp_round_shift16_s44_return0_inferred__0/i__carry__1_n_0
    SLICE_X13Y94         CARRY4 (Prop_carry4_CI_CO[3])
                                                      0.098    10.254 r  clarke/fxp_round_shift16_s44_return0_inferred__0/i__carry__2/CO[3]
                         net (fo=1, routed)           0.000    10.254    clarke/fxp_round_shift16_s44_return0_inferred__0/i__carry__2_n_0
    SLICE_X13Y95         CARRY4 (Prop_carry4_CI_CO[3])
                                                      0.098    10.352 r  clarke/fxp_round_shift16_s44_return0_inferred__0/i__carry__3/CO[3]
                         net (fo=1, routed)           0.000    10.352    clarke/fxp_round_shift16_s44_return0_inferred__0/i__carry__3_n_0
    SLICE_X13Y96         CARRY4 (Prop_carry4_CI_O[3])
                                                      0.260    10.612 r  clarke/fxp_round_shift16_s44_return0_inferred__0/i__carry__4/O[3]
                         net (fo=5, routed)           0.655    11.267    clarke/fxp_round_shift16_s44_return0_inferred__0/i__carry__4_n_4
    SLICE_X13Y98         LUT6 (Prop_lut6_I0_O)        0.257    11.524 r  clarke/i__carry_i_2__1/O
                         net (fo=1, routed)           0.143    11.667    clarke/i__carry_i_2__1_n_0
    SLICE_X12Y98         CARRY4 (Prop_carry4_DI[0]_CO[3])
                                                      0.457    12.124 r  clarke/fxp_sat_s251_inferred__2/i__carry/CO[3]
                         net (fo=1, routed)           0.000    12.124    clarke/fxp_sat_s251_inferred__2/i__carry_n_0
    SLICE_X12Y99         CARRY4 (Prop_carry4_CI_CO[3])
                                                      0.100    12.224 r  clarke/fxp_sat_s251_inferred__2/i__carry__0/CO[3]
                         net (fo=1, routed)           0.001    12.225    clarke/fxp_sat_s251_inferred__2/i__carry__0_n_0
    SLICE_X12Y100        CARRY4 (Prop_carry4_CI_CO[1])
                                                      0.131    12.356 r  clarke/fxp_sat_s251_inferred__2/i__carry__1/CO[1]
                         net (fo=25, routed)          1.537    13.893    clarke/fxp_sat_s251_inferred__2/i__carry__1_n_2
    SLICE_X14Y91         LUT6 (Prop_lut6_I0_O)        0.277    14.170 r  clarke/i_beta[2]_i_1/O
                         net (fo=1, routed)           0.000    14.170    clarke/i_beta[2]_i_1_n_0
    SLICE_X14Y91         FDCE                                         r  clarke/i_beta_reg[2]/D
  -------------------------------------------------------------------    -------------------

                         (clock sys_clk rise edge)   20.000    20.000 r  <hidden>
    Y11                                               0.000    20.000 r  clk
                         net (fo=0)                   0.000    20.000    clk
    Y11                  IBUF (Prop_ibuf_I_O)         0.807    20.807 r  clk_IBUF_inst/O
                         net (fo=1, routed)           1.994    22.801    clk_IBUF
    BUFGCTRL_X0Y0        BUFG (Prop_bufg_I_O)         0.077    22.878 r  clk_IBUF_BUFG_inst/O
                         net (fo=590, routed)         1.527    24.405    clarke/clk_IBUF_BUFG
    SLICE_X14Y91         FDCE                                         r  clarke/i_beta_reg[2]/C
                         clock pessimism              0.314    24.719    <hidden>
                         clock uncertainty           -0.035    24.684    <hidden>
    SLICE_X14Y91         FDCE (Setup_fdce_C_D)        0.076    24.760    clarke/i_beta_reg[2]
  -------------------------------------------------------------------
                         required time                         24.760    <hidden>
                         arrival time                         -14.170    <hidden>
  -------------------------------------------------------------------
                         slack                                 10.590    <hidden>

Slack (MET) :             10.624ns  (required time - arrival time)
  Source:                 clarke/beta_product0/CLK
                            (rising edge-triggered cell DSP48E1 clocked by sys_clk  {rise@0.000ns fall@10.000ns period=20.000ns})
  Destination:            clarke/i_beta_reg[10]/D
                            (rising edge-triggered cell FDCE clocked by sys_clk  {rise@0.000ns fall@10.000ns period=20.000ns})
  Path Group:             sys_clk
  Path Type:              Setup (Max at Slow Process Corner)
  Requirement:            20.000ns  (sys_clk rise@20.000ns - sys_clk rise@0.000ns)
  Data Path Delay:        9.285ns  (logic 3.942ns (42.456%)  route 5.343ns (57.544%))
  Logic Levels:           19  (CARRY4=15 LUT1=1 LUT3=1 LUT4=1 LUT6=1)
  Clock Path Skew:        -0.128ns (DCD - SCD + CPR)
    Destination Clock Delay (DCD):    4.406ns = ( 24.406 - 20.000 )
    Source Clock Delay      (SCD):    4.848ns
    Clock Pessimism Removal (CPR):    0.314ns
  Clock Uncertainty:      0.035ns  ((TSJ^2 + TIJ^2)^1/2 + DJ) / 2 + PE
    Total System Jitter     (TSJ):    0.071ns
    Total Input Jitter      (TIJ):    0.000ns
    Discrete Jitter          (DJ):    0.000ns
    Phase Error              (PE):    0.000ns

    Location             Delay type                Incr(ns)  Path(ns)    Netlist Resource(s)
  -------------------------------------------------------------------    -------------------
                         (clock sys_clk rise edge)    0.000     0.000 r  <hidden>
    Y11                                               0.000     0.000 r  clk
                         net (fo=0)                   0.000     0.000    clk
    Y11                  IBUF (Prop_ibuf_I_O)         0.938     0.938 r  clk_IBUF_inst/O
                         net (fo=1, routed)           2.100     3.038    clk_IBUF
    BUFGCTRL_X0Y0        BUFG (Prop_bufg_I_O)         0.081     3.119 r  clk_IBUF_BUFG_inst/O
                         net (fo=590, routed)         1.729     4.848    clarke/clk_IBUF_BUFG
    DSP48_X0Y39          DSP48E1                                      r  clarke/beta_product0/CLK
  -------------------------------------------------------------------    -------------------
    DSP48_X0Y39          DSP48E1 (Prop_dsp48e1_CLK_P[42])
                                                      0.370     5.218 r  clarke/beta_product0/P[42]
                         net (fo=98, routed)          2.299     7.517    clarke/beta_product0_n_63
    SLICE_X12Y87         LUT3 (Prop_lut3_I0_O)        0.105     7.622 r  clarke/i__carry_i_2__0__0/O
                         net (fo=1, routed)           0.000     7.622    clarke/i__carry_i_2__0__0_n_0
    SLICE_X12Y87         CARRY4 (Prop_carry4_S[3]_CO[3])
                                                      0.314     7.936 r  clarke/fxp_round_shift16_s44_return2_inferred__0/i__carry/CO[3]
                         net (fo=1, routed)           0.000     7.936    clarke/fxp_round_shift16_s44_return2_inferred__0/i__carry_n_0
    SLICE_X12Y88         CARRY4 (Prop_carry4_CI_CO[3])
                                                      0.100     8.036 r  clarke/fxp_round_shift16_s44_return2_inferred__0/i__carry__0/CO[3]
                         net (fo=1, routed)           0.000     8.036    clarke/fxp_round_shift16_s44_return2_inferred__0/i__carry__0_n_0
    SLICE_X12Y89         CARRY4 (Prop_carry4_CI_CO[3])
                                                      0.100     8.136 r  clarke/fxp_round_shift16_s44_return2_inferred__0/i__carry__1/CO[3]
                         net (fo=1, routed)           0.000     8.136    clarke/fxp_round_shift16_s44_return2_inferred__0/i__carry__1_n_0
    SLICE_X12Y90         CARRY4 (Prop_carry4_CI_CO[3])
                                                      0.100     8.236 r  clarke/fxp_round_shift16_s44_return2_inferred__0/i__carry__2/CO[3]
                         net (fo=1, routed)           0.000     8.236    clarke/fxp_round_shift16_s44_return2_inferred__0/i__carry__2_n_0
    SLICE_X12Y91         CARRY4 (Prop_carry4_CI_O[0])
                                                      0.178     8.414 f  clarke/fxp_round_shift16_s44_return2_inferred__0/i__carry__3/O[0]
                         net (fo=2, routed)           0.345     8.759    clarke/fxp_round_shift16_s44_return2_inferred__0/i__carry__3_n_7
    SLICE_X14Y91         LUT1 (Prop_lut1_I0_O)        0.238     8.997 r  clarke/i__carry_i_1/O
                         net (fo=1, routed)           0.483     9.480    clarke/i__carry_i_1_n_0
    SLICE_X13Y91         CARRY4 (Prop_carry4_CYINIT_CO[3])
                                                      0.480     9.960 r  clarke/fxp_round_shift16_s44_return0_inferred__0/i__carry/CO[3]
                         net (fo=1, routed)           0.000     9.960    clarke/fxp_round_shift16_s44_return0_inferred__0/i__carry_n_0
    SLICE_X13Y92         CARRY4 (Prop_carry4_CI_CO[3])
                                                      0.098    10.058 r  clarke/fxp_round_shift16_s44_return0_inferred__0/i__carry__0/CO[3]
                         net (fo=1, routed)           0.000    10.058    clarke/fxp_round_shift16_s44_return0_inferred__0/i__carry__0_n_0
    SLICE_X13Y93         CARRY4 (Prop_carry4_CI_CO[3])
                                                      0.098    10.156 r  clarke/fxp_round_shift16_s44_return0_inferred__0/i__carry__1/CO[3]
                         net (fo=1, routed)           0.000    10.156    clarke/fxp_round_shift16_s44_return0_inferred__0/i__carry__1_n_0
    SLICE_X13Y94         CARRY4 (Prop_carry4_CI_CO[3])
                                                      0.098    10.254 r  clarke/fxp_round_shift16_s44_return0_inferred__0/i__carry__2/CO[3]
                         net (fo=1, routed)           0.000    10.254    clarke/fxp_round_shift16_s44_return0_inferred__0/i__carry__2_n_0
    SLICE_X13Y95         CARRY4 (Prop_carry4_CI_CO[3])
                                                      0.098    10.352 r  clarke/fxp_round_shift16_s44_return0_inferred__0/i__carry__3/CO[3]
                         net (fo=1, routed)           0.000    10.352    clarke/fxp_round_shift16_s44_return0_inferred__0/i__carry__3_n_0
    SLICE_X13Y96         CARRY4 (Prop_carry4_CI_CO[3])
                                                      0.098    10.450 r  clarke/fxp_round_shift16_s44_return0_inferred__0/i__carry__4/CO[3]
                         net (fo=1, routed)           0.000    10.450    clarke/fxp_round_shift16_s44_return0_inferred__0/i__carry__4_n_0
    SLICE_X13Y97         CARRY4 (Prop_carry4_CI_O[1])
                                                      0.265    10.715 r  clarke/fxp_round_shift16_s44_return0_inferred__0/i__carry__5/O[1]
                         net (fo=4, routed)           0.889    11.604    clarke/fxp_round_shift16_s44_return0_inferred__0/i__carry__5_n_6
    SLICE_X14Y100        LUT4 (Prop_lut4_I0_O)        0.250    11.854 r  clarke/i__carry_i_5__5/O
                         net (fo=1, routed)           0.000    11.854    clarke/i__carry_i_5__5_n_0
    SLICE_X14Y100        CARRY4 (Prop_carry4_S[1]_CO[3])
                                                      0.444    12.298 r  clarke/fxp_sat_s251_inferred__1/i__carry/CO[3]
                         net (fo=1, routed)           0.000    12.298    clarke/fxp_sat_s251_inferred__1/i__carry_n_0
    SLICE_X14Y101        CARRY4 (Prop_carry4_CI_CO[3])
                                                      0.100    12.398 r  clarke/fxp_sat_s251_inferred__1/i__carry__0/CO[3]
                         net (fo=1, routed)           0.000    12.398    clarke/fxp_sat_s251_inferred__1/i__carry__0_n_0
    SLICE_X14Y102        CARRY4 (Prop_carry4_CI_CO[1])
                                                      0.131    12.529 f  clarke/fxp_sat_s251_inferred__1/i__carry__1/CO[1]
                         net (fo=25, routed)          1.326    13.855    clarke/fxp_sat_s251_inferred__1/i__carry__1_n_2
    SLICE_X14Y93         LUT6 (Prop_lut6_I1_O)        0.277    14.132 r  clarke/i_beta[10]_i_1/O
                         net (fo=1, routed)           0.000    14.132    clarke/i_beta[10]_i_1_n_0
    SLICE_X14Y93         FDCE                                         r  clarke/i_beta_reg[10]/D
  -------------------------------------------------------------------    -------------------

                         (clock sys_clk rise edge)   20.000    20.000 r  <hidden>
    Y11                                               0.000    20.000 r  clk
                         net (fo=0)                   0.000    20.000    clk
    Y11                  IBUF (Prop_ibuf_I_O)         0.807    20.807 r  clk_IBUF_inst/O
                         net (fo=1, routed)           1.994    22.801    clk_IBUF
    BUFGCTRL_X0Y0        BUFG (Prop_bufg_I_O)         0.077    22.878 r  clk_IBUF_BUFG_inst/O
                         net (fo=590, routed)         1.528    24.406    clarke/clk_IBUF_BUFG
    SLICE_X14Y93         FDCE                                         r  clarke/i_beta_reg[10]/C
                         clock pessimism              0.314    24.720    <hidden>
                         clock uncertainty           -0.035    24.685    <hidden>
    SLICE_X14Y93         FDCE (Setup_fdce_C_D)        0.072    24.757    clarke/i_beta_reg[10]
  -------------------------------------------------------------------
                         required time                         24.757    <hidden>
                         arrival time                         -14.132    <hidden>
  -------------------------------------------------------------------
                         slack                                 10.624    <hidden>

Slack (MET) :             10.659ns  (required time - arrival time)
  Source:                 clarke/alpha_product0/CLK
                            (rising edge-triggered cell DSP48E1 clocked by sys_clk  {rise@0.000ns fall@10.000ns period=20.000ns})
  Destination:            clarke/i_alpha_reg[7]/D
                            (rising edge-triggered cell FDCE clocked by sys_clk  {rise@0.000ns fall@10.000ns period=20.000ns})
  Path Group:             sys_clk
  Path Type:              Setup (Max at Slow Process Corner)
  Requirement:            20.000ns  (sys_clk rise@20.000ns - sys_clk rise@0.000ns)
  Data Path Delay:        9.210ns  (logic 4.044ns (43.907%)  route 5.166ns (56.093%))
  Logic Levels:           19  (CARRY4=15 LUT1=1 LUT3=1 LUT5=1 LUT6=1)
  Clock Path Skew:        -0.128ns (DCD - SCD + CPR)
    Destination Clock Delay (DCD):    4.406ns = ( 24.406 - 20.000 )
    Source Clock Delay      (SCD):    4.848ns
    Clock Pessimism Removal (CPR):    0.314ns
  Clock Uncertainty:      0.035ns  ((TSJ^2 + TIJ^2)^1/2 + DJ) / 2 + PE
    Total System Jitter     (TSJ):    0.071ns
    Total Input Jitter      (TIJ):    0.000ns
    Discrete Jitter          (DJ):    0.000ns
    Phase Error              (PE):    0.000ns

    Location             Delay type                Incr(ns)  Path(ns)    Netlist Resource(s)
  -------------------------------------------------------------------    -------------------
                         (clock sys_clk rise edge)    0.000     0.000 r  <hidden>
    Y11                                               0.000     0.000 r  clk
                         net (fo=0)                   0.000     0.000    clk
    Y11                  IBUF (Prop_ibuf_I_O)         0.938     0.938 r  clk_IBUF_inst/O
                         net (fo=1, routed)           2.100     3.038    clk_IBUF
    BUFGCTRL_X0Y0        BUFG (Prop_bufg_I_O)         0.081     3.119 r  clk_IBUF_BUFG_inst/O
                         net (fo=590, routed)         1.729     4.848    clarke/clk_IBUF_BUFG
    DSP48_X0Y38          DSP48E1                                      r  clarke/alpha_product0/CLK
  -------------------------------------------------------------------    -------------------
    DSP48_X0Y38          DSP48E1 (Prop_dsp48e1_CLK_P[42])
                                                      0.370     5.218 r  clarke/alpha_product0/P[42]
                         net (fo=98, routed)          1.432     6.649    clarke/alpha_product0_n_63
    SLICE_X11Y90         LUT3 (Prop_lut3_I0_O)        0.105     6.754 r  clarke/fxp_round_shift16_s44_return2_carry_i_4/O
                         net (fo=1, routed)           0.000     6.754    clarke/fxp_round_shift16_s44_return2_carry_i_4_n_0
    SLICE_X11Y90         CARRY4 (Prop_carry4_S[1]_CO[3])
                                                      0.457     7.211 r  clarke/fxp_round_shift16_s44_return2_carry/CO[3]
                         net (fo=1, routed)           0.000     7.211    clarke/fxp_round_shift16_s44_return2_carry_n_0
    SLICE_X11Y91         CARRY4 (Prop_carry4_CI_CO[3])
                                                      0.098     7.309 r  clarke/fxp_round_shift16_s44_return2_carry__0/CO[3]
                         net (fo=1, routed)           0.000     7.309    clarke/fxp_round_shift16_s44_return2_carry__0_n_0
    SLICE_X11Y92         CARRY4 (Prop_carry4_CI_CO[3])
                                                      0.098     7.407 r  clarke/fxp_round_shift16_s44_return2_carry__1/CO[3]
                         net (fo=1, routed)           0.000     7.407    clarke/fxp_round_shift16_s44_return2_carry__1_n_0
    SLICE_X11Y93         CARRY4 (Prop_carry4_CI_CO[3])
                                                      0.098     7.505 r  clarke/fxp_round_shift16_s44_return2_carry__2/CO[3]
                         net (fo=1, routed)           0.000     7.505    clarke/fxp_round_shift16_s44_return2_carry__2_n_0
    SLICE_X11Y94         CARRY4 (Prop_carry4_CI_O[0])
                                                      0.180     7.685 f  clarke/fxp_round_shift16_s44_return2_carry__3/O[0]
                         net (fo=2, routed)           0.242     7.927    clarke/fxp_round_shift16_s44_return2[16]
    SLICE_X10Y93         LUT1 (Prop_lut1_I0_O)        0.249     8.176 r  clarke/fxp_round_shift16_s44_return0_carry_i_1/O
                         net (fo=1, routed)           0.495     8.671    clarke/fxp_round_shift16_s44_return0_carry_i_1_n_0
    SLICE_X10Y94         CARRY4 (Prop_carry4_CYINIT_CO[3])
                                                      0.494     9.165 r  clarke/fxp_round_shift16_s44_return0_carry/CO[3]
                         net (fo=1, routed)           0.000     9.165    clarke/fxp_round_shift16_s44_return0_carry_n_0
    SLICE_X10Y95         CARRY4 (Prop_carry4_CI_CO[3])
                                                      0.100     9.265 r  clarke/fxp_round_shift16_s44_return0_carry__0/CO[3]
                         net (fo=1, routed)           0.000     9.265    clarke/fxp_round_shift16_s44_return0_carry__0_n_0
    SLICE_X10Y96         CARRY4 (Prop_carry4_CI_CO[3])
                                                      0.100     9.365 r  clarke/fxp_round_shift16_s44_return0_carry__1/CO[3]
                         net (fo=1, routed)           0.000     9.365    clarke/fxp_round_shift16_s44_return0_carry__1_n_0
    SLICE_X10Y97         CARRY4 (Prop_carry4_CI_CO[3])
                                                      0.100     9.465 r  clarke/fxp_round_shift16_s44_return0_carry__2/CO[3]
                         net (fo=1, routed)           0.000     9.465    clarke/fxp_round_shift16_s44_return0_carry__2_n_0
    SLICE_X10Y98         CARRY4 (Prop_carry4_CI_CO[3])
                                                      0.100     9.565 r  clarke/fxp_round_shift16_s44_return0_carry__3/CO[3]
                         net (fo=1, routed)           0.000     9.565    clarke/fxp_round_shift16_s44_return0_carry__3_n_0
    SLICE_X10Y99         CARRY4 (Prop_carry4_CI_CO[3])
                                                      0.100     9.665 r  clarke/fxp_round_shift16_s44_return0_carry__4/CO[3]
                         net (fo=1, routed)           0.001     9.666    clarke/fxp_round_shift16_s44_return0_carry__4_n_0
    SLICE_X10Y100        CARRY4 (Prop_carry4_CI_CO[2])
                                                      0.191     9.857 r  clarke/fxp_round_shift16_s44_return0_carry__5/CO[2]
                         net (fo=28, routed)          1.162    11.018    clarke/fxp_round_shift16_s44_return0_carry__5_n_1
    SLICE_X12Y101        LUT5 (Prop_lut5_I0_O)        0.252    11.270 r  clarke/i__carry_i_5__1/O
                         net (fo=1, routed)           0.000    11.270    clarke/i__carry_i_5__1_n_0
    SLICE_X12Y101        CARRY4 (Prop_carry4_S[1]_CO[3])
                                                      0.444    11.714 r  clarke/fxp_sat_s251_inferred__0/i__carry/CO[3]
                         net (fo=1, routed)           0.000    11.714    clarke/fxp_sat_s251_inferred__0/i__carry_n_0
    SLICE_X12Y102        CARRY4 (Prop_carry4_CI_CO[3])
                                                      0.100    11.814 r  clarke/fxp_sat_s251_inferred__0/i__carry__0/CO[3]
                         net (fo=1, routed)           0.000    11.814    clarke/fxp_sat_s251_inferred__0/i__carry__0_n_0
    SLICE_X12Y103        CARRY4 (Prop_carry4_CI_CO[1])
                                                      0.131    11.945 r  clarke/fxp_sat_s251_inferred__0/i__carry__1/CO[1]
                         net (fo=25, routed)          1.836    13.781    clarke/fxp_sat_s2510_in
    SLICE_X9Y95          LUT6 (Prop_lut6_I0_O)        0.277    14.058 r  clarke/i_alpha[7]_i_1/O
                         net (fo=1, routed)           0.000    14.058    clarke/fxp_round_sat_f31_to_s25_return[7]
    SLICE_X9Y95          FDCE                                         r  clarke/i_alpha_reg[7]/D
  -------------------------------------------------------------------    -------------------

                         (clock sys_clk rise edge)   20.000    20.000 r  <hidden>
    Y11                                               0.000    20.000 r  clk
                         net (fo=0)                   0.000    20.000    clk
    Y11                  IBUF (Prop_ibuf_I_O)         0.807    20.807 r  clk_IBUF_inst/O
                         net (fo=1, routed)           1.994    22.801    clk_IBUF
    BUFGCTRL_X0Y0        BUFG (Prop_bufg_I_O)         0.077    22.878 r  clk_IBUF_BUFG_inst/O
                         net (fo=590, routed)         1.528    24.406    clarke/clk_IBUF_BUFG
    SLICE_X9Y95          FDCE                                         r  clarke/i_alpha_reg[7]/C
                         clock pessimism              0.314    24.720    <hidden>
                         clock uncertainty           -0.035    24.685    <hidden>
    SLICE_X9Y95          FDCE (Setup_fdce_C_D)        0.032    24.717    clarke/i_alpha_reg[7]
  -------------------------------------------------------------------
                         required time                         24.717    <hidden>
                         arrival time                         -14.058    <hidden>
  -------------------------------------------------------------------
                         slack                                 10.659    <hidden>
