Copyright 1986-2022 Xilinx, Inc. All Rights Reserved. Copyright 2022-2026 Advanced Micro Devices, Inc. All Rights Reserved.
---------------------------------------------------------------------------------------------------------------------------------------------
| Tool Version : Vivado v.2026.1 (win64) Build 6511674 Tue Jun 16 11:02:23 MDT 2026
| Date         : Thu Sep 17 20:11:57 2026
| Host         : DependOnOMEN16 running 64-bit major release  (build 9200)
| Command      : report_methodology -file D:/Project/FPGA_XC7A200T/docs/reports/step6b/methodology.rpt
| Design       : motor_pwm_core
| Device       : xc7a200tfbg484-2
| Speed File   : -2
| Design State : Fully Routed
---------------------------------------------------------------------------------------------------------------------------------------------

Report Methodology

Table of Contents
-----------------
1. REPORT SUMMARY
2. REPORT DETAILS

1. REPORT SUMMARY
-----------------
            Netlist: netlist
          Floorplan: step6b_impl_20260917_200908_9444
      Design limits: <entire design considered>
             Max checks: <unlimited>
             Checks found: 132
+-----------+----------+-------------------------------+--------+
| Rule      | Severity | Description                   | Checks |
+-----------+----------+-------------------------------+--------+
| TIMING-18 | Warning  | Missing input or output delay | 132    |
+-----------+----------+-------------------------------+--------+

2. REPORT DETAILS
-----------------
TIMING-18#1 Warning
Missing input or output delay
An input delay is missing on cmp_cmd_valid relative to the rising and/or falling clock edge(s) of sys_clk.
Related violations: <none>

TIMING-18#2 Warning
Missing input or output delay
An input delay is missing on cmp_u_cmd[0] relative to the rising and/or falling clock edge(s) of sys_clk.
Related violations: <none>

TIMING-18#3 Warning
Missing input or output delay
An input delay is missing on cmp_u_cmd[10] relative to the rising and/or falling clock edge(s) of sys_clk.
Related violations: <none>

TIMING-18#4 Warning
Missing input or output delay
An input delay is missing on cmp_u_cmd[11] relative to the rising and/or falling clock edge(s) of sys_clk.
Related violations: <none>

TIMING-18#5 Warning
Missing input or output delay
An input delay is missing on cmp_u_cmd[1] relative to the rising and/or falling clock edge(s) of sys_clk.
Related violations: <none>

TIMING-18#6 Warning
Missing input or output delay
An input delay is missing on cmp_u_cmd[2] relative to the rising and/or falling clock edge(s) of sys_clk.
Related violations: <none>

TIMING-18#7 Warning
Missing input or output delay
An input delay is missing on cmp_u_cmd[3] relative to the rising and/or falling clock edge(s) of sys_clk.
Related violations: <none>

TIMING-18#8 Warning
Missing input or output delay
An input delay is missing on cmp_u_cmd[4] relative to the rising and/or falling clock edge(s) of sys_clk.
Related violations: <none>

TIMING-18#9 Warning
Missing input or output delay
An input delay is missing on cmp_u_cmd[5] relative to the rising and/or falling clock edge(s) of sys_clk.
Related violations: <none>

TIMING-18#10 Warning
Missing input or output delay
An input delay is missing on cmp_u_cmd[6] relative to the rising and/or falling clock edge(s) of sys_clk.
Related violations: <none>

TIMING-18#11 Warning
Missing input or output delay
An input delay is missing on cmp_u_cmd[7] relative to the rising and/or falling clock edge(s) of sys_clk.
Related violations: <none>

TIMING-18#12 Warning
Missing input or output delay
An input delay is missing on cmp_u_cmd[8] relative to the rising and/or falling clock edge(s) of sys_clk.
Related violations: <none>

TIMING-18#13 Warning
Missing input or output delay
An input delay is missing on cmp_u_cmd[9] relative to the rising and/or falling clock edge(s) of sys_clk.
Related violations: <none>

TIMING-18#14 Warning
Missing input or output delay
An input delay is missing on cmp_v_cmd[0] relative to the rising and/or falling clock edge(s) of sys_clk.
Related violations: <none>

TIMING-18#15 Warning
Missing input or output delay
An input delay is missing on cmp_v_cmd[10] relative to the rising and/or falling clock edge(s) of sys_clk.
Related violations: <none>

TIMING-18#16 Warning
Missing input or output delay
An input delay is missing on cmp_v_cmd[11] relative to the rising and/or falling clock edge(s) of sys_clk.
Related violations: <none>

TIMING-18#17 Warning
Missing input or output delay
An input delay is missing on cmp_v_cmd[1] relative to the rising and/or falling clock edge(s) of sys_clk.
Related violations: <none>

TIMING-18#18 Warning
Missing input or output delay
An input delay is missing on cmp_v_cmd[2] relative to the rising and/or falling clock edge(s) of sys_clk.
Related violations: <none>

TIMING-18#19 Warning
Missing input or output delay
An input delay is missing on cmp_v_cmd[3] relative to the rising and/or falling clock edge(s) of sys_clk.
Related violations: <none>

TIMING-18#20 Warning
Missing input or output delay
An input delay is missing on cmp_v_cmd[4] relative to the rising and/or falling clock edge(s) of sys_clk.
Related violations: <none>

TIMING-18#21 Warning
Missing input or output delay
An input delay is missing on cmp_v_cmd[5] relative to the rising and/or falling clock edge(s) of sys_clk.
Related violations: <none>

TIMING-18#22 Warning
Missing input or output delay
An input delay is missing on cmp_v_cmd[6] relative to the rising and/or falling clock edge(s) of sys_clk.
Related violations: <none>

TIMING-18#23 Warning
Missing input or output delay
An input delay is missing on cmp_v_cmd[7] relative to the rising and/or falling clock edge(s) of sys_clk.
Related violations: <none>

TIMING-18#24 Warning
Missing input or output delay
An input delay is missing on cmp_v_cmd[8] relative to the rising and/or falling clock edge(s) of sys_clk.
Related violations: <none>

TIMING-18#25 Warning
Missing input or output delay
An input delay is missing on cmp_v_cmd[9] relative to the rising and/or falling clock edge(s) of sys_clk.
Related violations: <none>

TIMING-18#26 Warning
Missing input or output delay
An input delay is missing on cmp_w_cmd[0] relative to the rising and/or falling clock edge(s) of sys_clk.
Related violations: <none>

TIMING-18#27 Warning
Missing input or output delay
An input delay is missing on cmp_w_cmd[10] relative to the rising and/or falling clock edge(s) of sys_clk.
Related violations: <none>

TIMING-18#28 Warning
Missing input or output delay
An input delay is missing on cmp_w_cmd[11] relative to the rising and/or falling clock edge(s) of sys_clk.
Related violations: <none>

TIMING-18#29 Warning
Missing input or output delay
An input delay is missing on cmp_w_cmd[1] relative to the rising and/or falling clock edge(s) of sys_clk.
Related violations: <none>

TIMING-18#30 Warning
Missing input or output delay
An input delay is missing on cmp_w_cmd[2] relative to the rising and/or falling clock edge(s) of sys_clk.
Related violations: <none>

TIMING-18#31 Warning
Missing input or output delay
An input delay is missing on cmp_w_cmd[3] relative to the rising and/or falling clock edge(s) of sys_clk.
Related violations: <none>

TIMING-18#32 Warning
Missing input or output delay
An input delay is missing on cmp_w_cmd[4] relative to the rising and/or falling clock edge(s) of sys_clk.
Related violations: <none>

TIMING-18#33 Warning
Missing input or output delay
An input delay is missing on cmp_w_cmd[5] relative to the rising and/or falling clock edge(s) of sys_clk.
Related violations: <none>

TIMING-18#34 Warning
Missing input or output delay
An input delay is missing on cmp_w_cmd[6] relative to the rising and/or falling clock edge(s) of sys_clk.
Related violations: <none>

TIMING-18#35 Warning
Missing input or output delay
An input delay is missing on cmp_w_cmd[7] relative to the rising and/or falling clock edge(s) of sys_clk.
Related violations: <none>

TIMING-18#36 Warning
Missing input or output delay
An input delay is missing on cmp_w_cmd[8] relative to the rising and/or falling clock edge(s) of sys_clk.
Related violations: <none>

TIMING-18#37 Warning
Missing input or output delay
An input delay is missing on cmp_w_cmd[9] relative to the rising and/or falling clock edge(s) of sys_clk.
Related violations: <none>

TIMING-18#38 Warning
Missing input or output delay
An input delay is missing on pwm_enable relative to the rising and/or falling clock edge(s) of sys_clk.
Related violations: <none>

TIMING-18#39 Warning
Missing input or output delay
An input delay is missing on reset_n relative to the rising and/or falling clock edge(s) of sys_clk.
Related violations: <none>

TIMING-18#40 Warning
Missing input or output delay
An output delay is missing on carrier_peak relative to the rising and/or falling clock edge(s) of sys_clk.
Related violations: <none>

TIMING-18#41 Warning
Missing input or output delay
An output delay is missing on carrier_zero relative to the rising and/or falling clock edge(s) of sys_clk.
Related violations: <none>

TIMING-18#42 Warning
Missing input or output delay
An output delay is missing on cmp_cmd_ready relative to the rising and/or falling clock edge(s) of sys_clk.
Related violations: <none>

TIMING-18#43 Warning
Missing input or output delay
An output delay is missing on cmp_u_active[0] relative to the rising and/or falling clock edge(s) of sys_clk.
Related violations: <none>

TIMING-18#44 Warning
Missing input or output delay
An output delay is missing on cmp_u_active[10] relative to the rising and/or falling clock edge(s) of sys_clk.
Related violations: <none>

TIMING-18#45 Warning
Missing input or output delay
An output delay is missing on cmp_u_active[11] relative to the rising and/or falling clock edge(s) of sys_clk.
Related violations: <none>

TIMING-18#46 Warning
Missing input or output delay
An output delay is missing on cmp_u_active[1] relative to the rising and/or falling clock edge(s) of sys_clk.
Related violations: <none>

TIMING-18#47 Warning
Missing input or output delay
An output delay is missing on cmp_u_active[2] relative to the rising and/or falling clock edge(s) of sys_clk.
Related violations: <none>

TIMING-18#48 Warning
Missing input or output delay
An output delay is missing on cmp_u_active[3] relative to the rising and/or falling clock edge(s) of sys_clk.
Related violations: <none>

TIMING-18#49 Warning
Missing input or output delay
An output delay is missing on cmp_u_active[4] relative to the rising and/or falling clock edge(s) of sys_clk.
Related violations: <none>

TIMING-18#50 Warning
Missing input or output delay
An output delay is missing on cmp_u_active[5] relative to the rising and/or falling clock edge(s) of sys_clk.
Related violations: <none>

TIMING-18#51 Warning
Missing input or output delay
An output delay is missing on cmp_u_active[6] relative to the rising and/or falling clock edge(s) of sys_clk.
Related violations: <none>

TIMING-18#52 Warning
Missing input or output delay
An output delay is missing on cmp_u_active[7] relative to the rising and/or falling clock edge(s) of sys_clk.
Related violations: <none>

TIMING-18#53 Warning
Missing input or output delay
An output delay is missing on cmp_u_active[8] relative to the rising and/or falling clock edge(s) of sys_clk.
Related violations: <none>

TIMING-18#54 Warning
Missing input or output delay
An output delay is missing on cmp_u_active[9] relative to the rising and/or falling clock edge(s) of sys_clk.
Related violations: <none>

TIMING-18#55 Warning
Missing input or output delay
An output delay is missing on cmp_u_shadow[0] relative to the rising and/or falling clock edge(s) of sys_clk.
Related violations: <none>

TIMING-18#56 Warning
Missing input or output delay
An output delay is missing on cmp_u_shadow[10] relative to the rising and/or falling clock edge(s) of sys_clk.
Related violations: <none>

TIMING-18#57 Warning
Missing input or output delay
An output delay is missing on cmp_u_shadow[11] relative to the rising and/or falling clock edge(s) of sys_clk.
Related violations: <none>

TIMING-18#58 Warning
Missing input or output delay
An output delay is missing on cmp_u_shadow[1] relative to the rising and/or falling clock edge(s) of sys_clk.
Related violations: <none>

TIMING-18#59 Warning
Missing input or output delay
An output delay is missing on cmp_u_shadow[2] relative to the rising and/or falling clock edge(s) of sys_clk.
Related violations: <none>

TIMING-18#60 Warning
Missing input or output delay
An output delay is missing on cmp_u_shadow[3] relative to the rising and/or falling clock edge(s) of sys_clk.
Related violations: <none>

TIMING-18#61 Warning
Missing input or output delay
An output delay is missing on cmp_u_shadow[4] relative to the rising and/or falling clock edge(s) of sys_clk.
Related violations: <none>

TIMING-18#62 Warning
Missing input or output delay
An output delay is missing on cmp_u_shadow[5] relative to the rising and/or falling clock edge(s) of sys_clk.
Related violations: <none>

TIMING-18#63 Warning
Missing input or output delay
An output delay is missing on cmp_u_shadow[6] relative to the rising and/or falling clock edge(s) of sys_clk.
Related violations: <none>

TIMING-18#64 Warning
Missing input or output delay
An output delay is missing on cmp_u_shadow[7] relative to the rising and/or falling clock edge(s) of sys_clk.
Related violations: <none>

TIMING-18#65 Warning
Missing input or output delay
An output delay is missing on cmp_u_shadow[8] relative to the rising and/or falling clock edge(s) of sys_clk.
Related violations: <none>

TIMING-18#66 Warning
Missing input or output delay
An output delay is missing on cmp_u_shadow[9] relative to the rising and/or falling clock edge(s) of sys_clk.
Related violations: <none>

TIMING-18#67 Warning
Missing input or output delay
An output delay is missing on cmp_v_active[0] relative to the rising and/or falling clock edge(s) of sys_clk.
Related violations: <none>

TIMING-18#68 Warning
Missing input or output delay
An output delay is missing on cmp_v_active[10] relative to the rising and/or falling clock edge(s) of sys_clk.
Related violations: <none>

TIMING-18#69 Warning
Missing input or output delay
An output delay is missing on cmp_v_active[11] relative to the rising and/or falling clock edge(s) of sys_clk.
Related violations: <none>

TIMING-18#70 Warning
Missing input or output delay
An output delay is missing on cmp_v_active[1] relative to the rising and/or falling clock edge(s) of sys_clk.
Related violations: <none>

TIMING-18#71 Warning
Missing input or output delay
An output delay is missing on cmp_v_active[2] relative to the rising and/or falling clock edge(s) of sys_clk.
Related violations: <none>

TIMING-18#72 Warning
Missing input or output delay
An output delay is missing on cmp_v_active[3] relative to the rising and/or falling clock edge(s) of sys_clk.
Related violations: <none>

TIMING-18#73 Warning
Missing input or output delay
An output delay is missing on cmp_v_active[4] relative to the rising and/or falling clock edge(s) of sys_clk.
Related violations: <none>

TIMING-18#74 Warning
Missing input or output delay
An output delay is missing on cmp_v_active[5] relative to the rising and/or falling clock edge(s) of sys_clk.
Related violations: <none>

TIMING-18#75 Warning
Missing input or output delay
An output delay is missing on cmp_v_active[6] relative to the rising and/or falling clock edge(s) of sys_clk.
Related violations: <none>

TIMING-18#76 Warning
Missing input or output delay
An output delay is missing on cmp_v_active[7] relative to the rising and/or falling clock edge(s) of sys_clk.
Related violations: <none>

TIMING-18#77 Warning
Missing input or output delay
An output delay is missing on cmp_v_active[8] relative to the rising and/or falling clock edge(s) of sys_clk.
Related violations: <none>

TIMING-18#78 Warning
Missing input or output delay
An output delay is missing on cmp_v_active[9] relative to the rising and/or falling clock edge(s) of sys_clk.
Related violations: <none>

TIMING-18#79 Warning
Missing input or output delay
An output delay is missing on cmp_v_shadow[0] relative to the rising and/or falling clock edge(s) of sys_clk.
Related violations: <none>

TIMING-18#80 Warning
Missing input or output delay
An output delay is missing on cmp_v_shadow[10] relative to the rising and/or falling clock edge(s) of sys_clk.
Related violations: <none>

TIMING-18#81 Warning
Missing input or output delay
An output delay is missing on cmp_v_shadow[11] relative to the rising and/or falling clock edge(s) of sys_clk.
Related violations: <none>

TIMING-18#82 Warning
Missing input or output delay
An output delay is missing on cmp_v_shadow[1] relative to the rising and/or falling clock edge(s) of sys_clk.
Related violations: <none>

TIMING-18#83 Warning
Missing input or output delay
An output delay is missing on cmp_v_shadow[2] relative to the rising and/or falling clock edge(s) of sys_clk.
Related violations: <none>

TIMING-18#84 Warning
Missing input or output delay
An output delay is missing on cmp_v_shadow[3] relative to the rising and/or falling clock edge(s) of sys_clk.
Related violations: <none>

TIMING-18#85 Warning
Missing input or output delay
An output delay is missing on cmp_v_shadow[4] relative to the rising and/or falling clock edge(s) of sys_clk.
Related violations: <none>

TIMING-18#86 Warning
Missing input or output delay
An output delay is missing on cmp_v_shadow[5] relative to the rising and/or falling clock edge(s) of sys_clk.
Related violations: <none>

TIMING-18#87 Warning
Missing input or output delay
An output delay is missing on cmp_v_shadow[6] relative to the rising and/or falling clock edge(s) of sys_clk.
Related violations: <none>

TIMING-18#88 Warning
Missing input or output delay
An output delay is missing on cmp_v_shadow[7] relative to the rising and/or falling clock edge(s) of sys_clk.
Related violations: <none>

TIMING-18#89 Warning
Missing input or output delay
An output delay is missing on cmp_v_shadow[8] relative to the rising and/or falling clock edge(s) of sys_clk.
Related violations: <none>

TIMING-18#90 Warning
Missing input or output delay
An output delay is missing on cmp_v_shadow[9] relative to the rising and/or falling clock edge(s) of sys_clk.
Related violations: <none>

TIMING-18#91 Warning
Missing input or output delay
An output delay is missing on cmp_w_active[0] relative to the rising and/or falling clock edge(s) of sys_clk.
Related violations: <none>

TIMING-18#92 Warning
Missing input or output delay
An output delay is missing on cmp_w_active[10] relative to the rising and/or falling clock edge(s) of sys_clk.
Related violations: <none>

TIMING-18#93 Warning
Missing input or output delay
An output delay is missing on cmp_w_active[11] relative to the rising and/or falling clock edge(s) of sys_clk.
Related violations: <none>

TIMING-18#94 Warning
Missing input or output delay
An output delay is missing on cmp_w_active[1] relative to the rising and/or falling clock edge(s) of sys_clk.
Related violations: <none>

TIMING-18#95 Warning
Missing input or output delay
An output delay is missing on cmp_w_active[2] relative to the rising and/or falling clock edge(s) of sys_clk.
Related violations: <none>

TIMING-18#96 Warning
Missing input or output delay
An output delay is missing on cmp_w_active[3] relative to the rising and/or falling clock edge(s) of sys_clk.
Related violations: <none>

TIMING-18#97 Warning
Missing input or output delay
An output delay is missing on cmp_w_active[4] relative to the rising and/or falling clock edge(s) of sys_clk.
Related violations: <none>

TIMING-18#98 Warning
Missing input or output delay
An output delay is missing on cmp_w_active[5] relative to the rising and/or falling clock edge(s) of sys_clk.
Related violations: <none>

TIMING-18#99 Warning
Missing input or output delay
An output delay is missing on cmp_w_active[6] relative to the rising and/or falling clock edge(s) of sys_clk.
Related violations: <none>

TIMING-18#100 Warning
Missing input or output delay
An output delay is missing on cmp_w_active[7] relative to the rising and/or falling clock edge(s) of sys_clk.
Related violations: <none>

TIMING-18#101 Warning
Missing input or output delay
An output delay is missing on cmp_w_active[8] relative to the rising and/or falling clock edge(s) of sys_clk.
Related violations: <none>

TIMING-18#102 Warning
Missing input or output delay
An output delay is missing on cmp_w_active[9] relative to the rising and/or falling clock edge(s) of sys_clk.
Related violations: <none>

TIMING-18#103 Warning
Missing input or output delay
An output delay is missing on cmp_w_shadow[0] relative to the rising and/or falling clock edge(s) of sys_clk.
Related violations: <none>

TIMING-18#104 Warning
Missing input or output delay
An output delay is missing on cmp_w_shadow[10] relative to the rising and/or falling clock edge(s) of sys_clk.
Related violations: <none>

TIMING-18#105 Warning
Missing input or output delay
An output delay is missing on cmp_w_shadow[11] relative to the rising and/or falling clock edge(s) of sys_clk.
Related violations: <none>

TIMING-18#106 Warning
Missing input or output delay
An output delay is missing on cmp_w_shadow[1] relative to the rising and/or falling clock edge(s) of sys_clk.
Related violations: <none>

TIMING-18#107 Warning
Missing input or output delay
An output delay is missing on cmp_w_shadow[2] relative to the rising and/or falling clock edge(s) of sys_clk.
Related violations: <none>

TIMING-18#108 Warning
Missing input or output delay
An output delay is missing on cmp_w_shadow[3] relative to the rising and/or falling clock edge(s) of sys_clk.
Related violations: <none>

TIMING-18#109 Warning
Missing input or output delay
An output delay is missing on cmp_w_shadow[4] relative to the rising and/or falling clock edge(s) of sys_clk.
Related violations: <none>

TIMING-18#110 Warning
Missing input or output delay
An output delay is missing on cmp_w_shadow[5] relative to the rising and/or falling clock edge(s) of sys_clk.
Related violations: <none>

TIMING-18#111 Warning
Missing input or output delay
An output delay is missing on cmp_w_shadow[6] relative to the rising and/or falling clock edge(s) of sys_clk.
Related violations: <none>

TIMING-18#112 Warning
Missing input or output delay
An output delay is missing on cmp_w_shadow[7] relative to the rising and/or falling clock edge(s) of sys_clk.
Related violations: <none>

TIMING-18#113 Warning
Missing input or output delay
An output delay is missing on cmp_w_shadow[8] relative to the rising and/or falling clock edge(s) of sys_clk.
Related violations: <none>

TIMING-18#114 Warning
Missing input or output delay
An output delay is missing on cmp_w_shadow[9] relative to the rising and/or falling clock edge(s) of sys_clk.
Related violations: <none>

TIMING-18#115 Warning
Missing input or output delay
An output delay is missing on compare_load_event relative to the rising and/or falling clock edge(s) of sys_clk.
Related violations: <none>

TIMING-18#116 Warning
Missing input or output delay
An output delay is missing on count_up relative to the rising and/or falling clock edge(s) of sys_clk.
Related violations: <none>

TIMING-18#117 Warning
Missing input or output delay
An output delay is missing on pwm_u relative to the rising and/or falling clock edge(s) of sys_clk.
Related violations: <none>

TIMING-18#118 Warning
Missing input or output delay
An output delay is missing on pwm_v relative to the rising and/or falling clock edge(s) of sys_clk.
Related violations: <none>

TIMING-18#119 Warning
Missing input or output delay
An output delay is missing on pwm_w relative to the rising and/or falling clock edge(s) of sys_clk.
Related violations: <none>

TIMING-18#120 Warning
Missing input or output delay
An output delay is missing on shadow_pending relative to the rising and/or falling clock edge(s) of sys_clk.
Related violations: <none>

TIMING-18#121 Warning
Missing input or output delay
An output delay is missing on tbctr[0] relative to the rising and/or falling clock edge(s) of sys_clk.
Related violations: <none>

TIMING-18#122 Warning
Missing input or output delay
An output delay is missing on tbctr[10] relative to the rising and/or falling clock edge(s) of sys_clk.
Related violations: <none>

TIMING-18#123 Warning
Missing input or output delay
An output delay is missing on tbctr[11] relative to the rising and/or falling clock edge(s) of sys_clk.
Related violations: <none>

TIMING-18#124 Warning
Missing input or output delay
An output delay is missing on tbctr[1] relative to the rising and/or falling clock edge(s) of sys_clk.
Related violations: <none>

TIMING-18#125 Warning
Missing input or output delay
An output delay is missing on tbctr[2] relative to the rising and/or falling clock edge(s) of sys_clk.
Related violations: <none>

TIMING-18#126 Warning
Missing input or output delay
An output delay is missing on tbctr[3] relative to the rising and/or falling clock edge(s) of sys_clk.
Related violations: <none>

TIMING-18#127 Warning
Missing input or output delay
An output delay is missing on tbctr[4] relative to the rising and/or falling clock edge(s) of sys_clk.
Related violations: <none>

TIMING-18#128 Warning
Missing input or output delay
An output delay is missing on tbctr[5] relative to the rising and/or falling clock edge(s) of sys_clk.
Related violations: <none>

TIMING-18#129 Warning
Missing input or output delay
An output delay is missing on tbctr[6] relative to the rising and/or falling clock edge(s) of sys_clk.
Related violations: <none>

TIMING-18#130 Warning
Missing input or output delay
An output delay is missing on tbctr[7] relative to the rising and/or falling clock edge(s) of sys_clk.
Related violations: <none>

TIMING-18#131 Warning
Missing input or output delay
An output delay is missing on tbctr[8] relative to the rising and/or falling clock edge(s) of sys_clk.
Related violations: <none>

TIMING-18#132 Warning
Missing input or output delay
An output delay is missing on tbctr[9] relative to the rising and/or falling clock edge(s) of sys_clk.
Related violations: <none>
