Copyright 1986-2022 Xilinx, Inc. All Rights Reserved. Copyright 2022-2026 Advanced Micro Devices, Inc. All Rights Reserved.
-----------------------------------------------------------------------------------------------------------------------------------------------------------------------------
| Tool Version : Vivado v.2026.1 (win64) Build 6511674 Tue Jun 16 11:02:23 MDT 2026
| Date         : Fri Sep 18 09:54:15 2026
| Host         : DependOnOMEN16 running 64-bit major release  (build 9200)
| Command      : report_timing_summary -delay_type min_max -report_unconstrained -check_timing_verbose -file D:/Project/FPGA_XC7A200T/docs/reports/step6b/timing_summary.rpt
| Design       : motor_pwm_core
| Device       : 7a200t-fbg484
| Speed File   : -2  PRODUCTION 1.23 2018-06-13
| Design State : Routed
-----------------------------------------------------------------------------------------------------------------------------------------------------------------------------

Timing Summary Report

------------------------------------------------------------------------------------------------
| Timer Settings
| --------------
------------------------------------------------------------------------------------------------

  Enable Multi Corner Analysis               :  Yes
  Enable Pessimism Removal                   :  Yes
  Pessimism Removal Resolution               :  Nearest Common Node
  Enable Input Delay Default Clock           :  No
  Enable Preset / Clear Arcs                 :  No
  Disable Flight Delays                      :  No
  Ignore I/O Paths                           :  No
  Timing Early Launch at Borrowing Latches   :  No
  Borrow Time for Max Delay Exceptions       :  Yes
  Merge Timing Exceptions                    :  Yes
  Inter-SLR Compensation                     :  Conservative

  Corner  Analyze    Analyze
  Name    Max Paths  Min Paths
  ------  ---------  ---------
  Slow    Yes        Yes
  Fast    Yes        Yes


------------------------------------------------------------------------------------------------
| Report Methodology
| ------------------
------------------------------------------------------------------------------------------------

Rule       Severity  Description                    Violations
---------  --------  -----------------------------  ----------
TIMING-18  Warning   Missing input or output delay  132

Note: This report is based on the most recent report_methodology run and may not be up-to-date. Run report_methodology on the current design for the latest report.



check_timing report

Table of Contents
-----------------
1. checking no_clock (0)
2. checking constant_clock (0)
3. checking pulse_width_clock (0)
4. checking unconstrained_internal_endpoints (0)
5. checking no_input_delay (39)
6. checking no_output_delay (93)
7. checking multiple_clock (0)
8. checking generated_clocks (0)
9. checking loops (0)
10. checking partial_input_delay (0)
11. checking partial_output_delay (0)
12. checking latch_loops (0)

1. checking no_clock (0)
------------------------
 There are 0 register/latch pins with no clock.


2. checking constant_clock (0)
------------------------------
 There are 0 register/latch pins with constant_clock.


3. checking pulse_width_clock (0)
---------------------------------
 There are 0 register/latch pins which need pulse_width check


4. checking unconstrained_internal_endpoints (0)
------------------------------------------------
 There are 0 pins that are not constrained for maximum delay.

 There are 0 pins that are not constrained for maximum delay due to constant clock.


5. checking no_input_delay (39)
-------------------------------
 There are 39 input ports with no input delay specified. (HIGH)

cmp_cmd_valid
cmp_u_cmd[0]
cmp_u_cmd[10]
cmp_u_cmd[11]
cmp_u_cmd[1]
cmp_u_cmd[2]
cmp_u_cmd[3]
cmp_u_cmd[4]
cmp_u_cmd[5]
cmp_u_cmd[6]
cmp_u_cmd[7]
cmp_u_cmd[8]
cmp_u_cmd[9]
cmp_v_cmd[0]
cmp_v_cmd[10]
cmp_v_cmd[11]
cmp_v_cmd[1]
cmp_v_cmd[2]
cmp_v_cmd[3]
cmp_v_cmd[4]
cmp_v_cmd[5]
cmp_v_cmd[6]
cmp_v_cmd[7]
cmp_v_cmd[8]
cmp_v_cmd[9]
cmp_w_cmd[0]
cmp_w_cmd[10]
cmp_w_cmd[11]
cmp_w_cmd[1]
cmp_w_cmd[2]
cmp_w_cmd[3]
cmp_w_cmd[4]
cmp_w_cmd[5]
cmp_w_cmd[6]
cmp_w_cmd[7]
cmp_w_cmd[8]
cmp_w_cmd[9]
pwm_enable
reset_n

 There are 0 input ports with no input delay but user has a false path constraint.


6. checking no_output_delay (93)
--------------------------------
 There are 93 ports with no output delay specified. (HIGH)

carrier_peak
carrier_zero
cmp_cmd_ready
cmp_u_active[0]
cmp_u_active[10]
cmp_u_active[11]
cmp_u_active[1]
cmp_u_active[2]
cmp_u_active[3]
cmp_u_active[4]
cmp_u_active[5]
cmp_u_active[6]
cmp_u_active[7]
cmp_u_active[8]
cmp_u_active[9]
cmp_u_shadow[0]
cmp_u_shadow[10]
cmp_u_shadow[11]
cmp_u_shadow[1]
cmp_u_shadow[2]
cmp_u_shadow[3]
cmp_u_shadow[4]
cmp_u_shadow[5]
cmp_u_shadow[6]
cmp_u_shadow[7]
cmp_u_shadow[8]
cmp_u_shadow[9]
cmp_v_active[0]
cmp_v_active[10]
cmp_v_active[11]
cmp_v_active[1]
cmp_v_active[2]
cmp_v_active[3]
cmp_v_active[4]
cmp_v_active[5]
cmp_v_active[6]
cmp_v_active[7]
cmp_v_active[8]
cmp_v_active[9]
cmp_v_shadow[0]
cmp_v_shadow[10]
cmp_v_shadow[11]
cmp_v_shadow[1]
cmp_v_shadow[2]
cmp_v_shadow[3]
cmp_v_shadow[4]
cmp_v_shadow[5]
cmp_v_shadow[6]
cmp_v_shadow[7]
cmp_v_shadow[8]
cmp_v_shadow[9]
cmp_w_active[0]
cmp_w_active[10]
cmp_w_active[11]
cmp_w_active[1]
cmp_w_active[2]
cmp_w_active[3]
cmp_w_active[4]
cmp_w_active[5]
cmp_w_active[6]
cmp_w_active[7]
cmp_w_active[8]
cmp_w_active[9]
cmp_w_shadow[0]
cmp_w_shadow[10]
cmp_w_shadow[11]
cmp_w_shadow[1]
cmp_w_shadow[2]
cmp_w_shadow[3]
cmp_w_shadow[4]
cmp_w_shadow[5]
cmp_w_shadow[6]
cmp_w_shadow[7]
cmp_w_shadow[8]
cmp_w_shadow[9]
compare_load_event
count_up
pwm_u
pwm_v
pwm_w
shadow_pending
tbctr[0]
tbctr[10]
tbctr[11]
tbctr[1]
tbctr[2]
tbctr[3]
tbctr[4]
tbctr[5]
tbctr[6]
tbctr[7]
tbctr[8]
tbctr[9]

 There are 0 ports with no output delay but user has a false path constraint

 There are 0 ports with no output delay but with a timing clock defined on it or propagating through it


7. checking multiple_clock (0)
------------------------------
 There are 0 register/latch pins with multiple clocks.


8. checking generated_clocks (0)
--------------------------------
 There are 0 generated clocks that are not connected to a clock source.


9. checking loops (0)
---------------------
 There are 0 combinational loops in the design.


10. checking partial_input_delay (0)
------------------------------------
 There are 0 input ports with partial input delay specified.


11. checking partial_output_delay (0)
-------------------------------------
 There are 0 ports with partial output delay specified.


12. checking latch_loops (0)
----------------------------
 There are 0 combinational latch loops in the design through latch input



------------------------------------------------------------------------------------------------
| Design Timing Summary
| ---------------------
------------------------------------------------------------------------------------------------

    WNS(ns)      TNS(ns)  TNS Failing Endpoints  TNS Total Endpoints      WHS(ns)      THS(ns)  THS Failing Endpoints  THS Total Endpoints     WPWS(ns)     TPWS(ns)  TPWS Failing Endpoints  TPWS Total Endpoints
    -------      -------  ---------------------  -------------------      -------      -------  ---------------------  -------------------     --------     --------  ----------------------  --------------------
     12.514        0.000                      0                   92        0.153        0.000                      0                   92        9.500        0.000                       0                    94


All user specified timing constraints are met.


------------------------------------------------------------------------------------------------
| Clock Summary
| -------------
------------------------------------------------------------------------------------------------

Clock    Waveform(ns)       Period(ns)      Frequency(MHz)
-----    ------------       ----------      --------------
sys_clk  {0.000 10.000}     20.000          50.000


------------------------------------------------------------------------------------------------
| Intra Clock Table
| -----------------
------------------------------------------------------------------------------------------------

Clock             WNS(ns)      TNS(ns)  TNS Failing Endpoints  TNS Total Endpoints      WHS(ns)      THS(ns)  THS Failing Endpoints  THS Total Endpoints     WPWS(ns)     TPWS(ns)  TPWS Failing Endpoints  TPWS Total Endpoints
-----             -------      -------  ---------------------  -------------------      -------      -------  ---------------------  -------------------     --------     --------  ----------------------  --------------------
sys_clk            12.514        0.000                      0                   92        0.153        0.000                      0                   92        9.500        0.000                       0                    94


------------------------------------------------------------------------------------------------
| Inter Clock Table
| -----------------
------------------------------------------------------------------------------------------------

From Clock    To Clock          WNS(ns)      TNS(ns)  TNS Failing Endpoints  TNS Total Endpoints      WHS(ns)      THS(ns)  THS Failing Endpoints  THS Total Endpoints
----------    --------          -------      -------  ---------------------  -------------------      -------      -------  ---------------------  -------------------


------------------------------------------------------------------------------------------------
| Other Path Groups Table
| -----------------------
------------------------------------------------------------------------------------------------

Path Group    From Clock    To Clock          WNS(ns)      TNS(ns)  TNS Failing Endpoints  TNS Total Endpoints      WHS(ns)      THS(ns)  THS Failing Endpoints  THS Total Endpoints
----------    ----------    --------          -------      -------  ---------------------  -------------------      -------      -------  ---------------------  -------------------


------------------------------------------------------------------------------------------------
| User Ignored Path Table
| -----------------------
------------------------------------------------------------------------------------------------

Path Group    From Clock    To Clock
----------    ----------    --------


------------------------------------------------------------------------------------------------
| Unconstrained Path Table
| ------------------------
------------------------------------------------------------------------------------------------

Path Group    From Clock    To Clock
----------    ----------    --------
(none)
(none)        sys_clk
(none)                      sys_clk


------------------------------------------------------------------------------------------------
| Timing Details
| --------------
------------------------------------------------------------------------------------------------


---------------------------------------------------------------------------------------------------
From Clock:  sys_clk
  To Clock:  sys_clk

Setup :            0  Failing Endpoints,  Worst Slack       12.514ns,  Total Violation        0.000ns
Hold  :            0  Failing Endpoints,  Worst Slack        0.153ns,  Total Violation        0.000ns
PW    :            0  Failing Endpoints,  Worst Slack        9.500ns,  Total Violation        0.000ns
---------------------------------------------------------------------------------------------------


Max Delay Paths
--------------------------------------------------------------------------------------
Slack (MET) :             12.514ns  (required time - arrival time)
  Source:                 running_reg/C
                            (rising edge-triggered cell FDCE clocked by sys_clk  {rise@0.000ns fall@10.000ns period=20.000ns})
  Destination:            pwm_v_reg/D
                            (rising edge-triggered cell FDCE clocked by sys_clk  {rise@0.000ns fall@10.000ns period=20.000ns})
  Path Group:             sys_clk
  Path Type:              Setup (Max at Slow Process Corner)
  Requirement:            20.000ns  (sys_clk rise@20.000ns - sys_clk rise@0.000ns)
  Data Path Delay:        7.438ns  (logic 2.154ns (28.959%)  route 5.284ns (71.041%))
  Logic Levels:           7  (CARRY4=2 LUT3=1 LUT5=1 LUT6=3)
  Clock Path Skew:        -0.043ns (DCD - SCD + CPR)
    Destination Clock Delay (DCD):    4.335ns = ( 24.335 - 20.000 )
    Source Clock Delay      (SCD):    4.686ns
    Clock Pessimism Removal (CPR):    0.307ns
  Clock Uncertainty:      0.035ns  ((TSJ^2 + TIJ^2)^1/2 + DJ) / 2 + PE
    Total System Jitter     (TSJ):    0.071ns
    Total Input Jitter      (TIJ):    0.000ns
    Discrete Jitter          (DJ):    0.000ns
    Phase Error              (PE):    0.000ns

    Location             Delay type                Incr(ns)  Path(ns)    Netlist Resource(s)
  -------------------------------------------------------------------    -------------------
                         (clock sys_clk rise edge)    0.000     0.000 r  <hidden>
    Y11                                               0.000     0.000 r  clk
                         net (fo=0)                   0.000     0.000    clk
    Y11                  IBUF (Prop_ibuf_I_O)         0.938     0.938 r  clk_IBUF_inst/O
                         net (fo=1, routed)           2.100     3.038    clk_IBUF
    BUFGCTRL_X0Y0        BUFG (Prop_bufg_I_O)         0.081     3.119 r  clk_IBUF_BUFG_inst/O
                         net (fo=93, routed)          1.567     4.686    clk_IBUF_BUFG
    SLICE_X2Y109         FDCE                                         r  running_reg/C
  -------------------------------------------------------------------    -------------------
    SLICE_X2Y109         FDCE (Prop_fdce_C_Q)         0.398     5.084 r  running_reg/Q
                         net (fo=70, routed)          1.435     6.519    running
    SLICE_X2Y112         LUT6 (Prop_lut6_I3_O)        0.232     6.751 r  cmp_u_active[11]_i_3/O
                         net (fo=83, routed)          1.236     7.987    compare_load_event_i_1_n_0
    SLICE_X7Y104         LUT3 (Prop_lut3_I1_O)        0.119     8.106 r  pwm_v_i_11/O
                         net (fo=4, routed)           0.878     8.985    pwm_v_i_11_n_0
    SLICE_X5Y107         LUT6 (Prop_lut6_I0_O)        0.267     9.252 r  pwm_v_i_30/O
                         net (fo=2, routed)           0.378     9.630    pwm_v_i_30_n_0
    SLICE_X4Y106         CARRY4 (Prop_carry4_DI[0]_CO[3])
                                                      0.436    10.066 r  pwm_v_reg_i_19/CO[3]
                         net (fo=1, routed)           0.000    10.066    pwm_v_reg_i_19_n_0
    SLICE_X4Y107         CARRY4 (Prop_carry4_CI_CO[1])
                                                      0.132    10.198 r  pwm_v_reg_i_8/CO[1]
                         net (fo=2, routed)           0.795    10.992    pwm_v_reg_i_8_n_2
    SLICE_X4Y105         LUT5 (Prop_lut5_I1_O)        0.295    11.287 f  pwm_v_i_7/O
                         net (fo=1, routed)           0.561    11.849    pwm_v_i_7_n_0
    SLICE_X4Y105         LUT6 (Prop_lut6_I5_O)        0.275    12.124 r  pwm_v_i_1/O
                         net (fo=1, routed)           0.000    12.124    pwm_v_i_1_n_0
    SLICE_X4Y105         FDCE                                         r  pwm_v_reg/D
  -------------------------------------------------------------------    -------------------

                         (clock sys_clk rise edge)   20.000    20.000 r  <hidden>
    Y11                                               0.000    20.000 r  clk
                         net (fo=0)                   0.000    20.000    clk
    Y11                  IBUF (Prop_ibuf_I_O)         0.807    20.807 r  clk_IBUF_inst/O
                         net (fo=1, routed)           1.994    22.801    clk_IBUF
    BUFGCTRL_X0Y0        BUFG (Prop_bufg_I_O)         0.077    22.878 r  clk_IBUF_BUFG_inst/O
                         net (fo=93, routed)          1.458    24.335    clk_IBUF_BUFG
    SLICE_X4Y105         FDCE                                         r  pwm_v_reg/C
                         clock pessimism              0.307    24.643    <hidden>
                         clock uncertainty           -0.035    24.607    <hidden>
    SLICE_X4Y105         FDCE (Setup_fdce_C_D)        0.030    24.637    pwm_v_reg
  -------------------------------------------------------------------
                         required time                         24.637    <hidden>
                         arrival time                         -12.124    <hidden>
  -------------------------------------------------------------------
                         slack                                 12.514    <hidden>





Min Delay Paths
--------------------------------------------------------------------------------------
Slack (MET) :             0.153ns  (arrival time - required time)
  Source:                 cmp_v_shadow_reg[0]/C
                            (rising edge-triggered cell FDCE clocked by sys_clk  {rise@0.000ns fall@10.000ns period=20.000ns})
  Destination:            cmp_v_active_reg[0]/D
                            (rising edge-triggered cell FDCE clocked by sys_clk  {rise@0.000ns fall@10.000ns period=20.000ns})
  Path Group:             sys_clk
  Path Type:              Hold (Min at Fast Process Corner)
  Requirement:            0.000ns  (sys_clk rise@0.000ns - sys_clk rise@0.000ns)
  Data Path Delay:        0.286ns  (logic 0.186ns (64.996%)  route 0.100ns (35.004%))
  Logic Levels:           1  (LUT5=1)
  Clock Path Skew:        0.013ns (DCD - SCD - CPR)
    Destination Clock Delay (DCD):    2.291ns
    Source Clock Delay      (SCD):    1.757ns
    Clock Pessimism Removal (CPR):    0.521ns

    Location             Delay type                Incr(ns)  Path(ns)    Netlist Resource(s)
  -------------------------------------------------------------------    -------------------
                         (clock sys_clk rise edge)    0.000     0.000 r  <hidden>
    Y11                                               0.000     0.000 r  clk
                         net (fo=0)                   0.000     0.000    clk
    Y11                  IBUF (Prop_ibuf_I_O)         0.235     0.235 r  clk_IBUF_inst/O
                         net (fo=1, routed)           0.843     1.078    clk_IBUF
    BUFGCTRL_X0Y0        BUFG (Prop_bufg_I_O)         0.026     1.104 r  clk_IBUF_BUFG_inst/O
                         net (fo=93, routed)          0.654     1.757    clk_IBUF_BUFG
    SLICE_X7Y103         FDCE                                         r  cmp_v_shadow_reg[0]/C
  -------------------------------------------------------------------    -------------------
    SLICE_X7Y103         FDCE (Prop_fdce_C_Q)         0.141     1.898 r  cmp_v_shadow_reg[0]/Q
                         net (fo=3, routed)           0.100     1.998    cmp_v_shadow_OBUF[0]
    SLICE_X6Y103         LUT5 (Prop_lut5_I2_O)        0.045     2.043 r  cmp_v_active[0]_i_1/O
                         net (fo=1, routed)           0.000     2.043    cmp_v_active[0]_i_1_n_0
    SLICE_X6Y103         FDCE                                         r  cmp_v_active_reg[0]/D
  -------------------------------------------------------------------    -------------------

                         (clock sys_clk rise edge)    0.000     0.000 r  <hidden>
    Y11                                               0.000     0.000 r  clk
                         net (fo=0)                   0.000     0.000    clk
    Y11                  IBUF (Prop_ibuf_I_O)         0.424     0.424 r  clk_IBUF_inst/O
                         net (fo=1, routed)           0.910     1.334    clk_IBUF
    BUFGCTRL_X0Y0        BUFG (Prop_bufg_I_O)         0.029     1.363 r  clk_IBUF_BUFG_inst/O
                         net (fo=93, routed)          0.928     2.291    clk_IBUF_BUFG
    SLICE_X6Y103         FDCE                                         r  cmp_v_active_reg[0]/C
                         clock pessimism             -0.521     1.770    <hidden>
    SLICE_X6Y103         FDCE (Hold_fdce_C_D)         0.120     1.890    cmp_v_active_reg[0]
  -------------------------------------------------------------------
                         required time                         -1.890    <hidden>
                         arrival time                           2.043    <hidden>
  -------------------------------------------------------------------
                         slack                                  0.153    <hidden>





Pulse Width Checks
--------------------------------------------------------------------------------------
Clock Name:         sys_clk
Waveform(ns):       { 0.000 10.000 }
Period(ns):         20.000
Sources:            { clk }

Check Type        Corner  Lib Pin  Reference Pin  Required(ns)  Actual(ns)  Slack(ns)  Location       Pin
Min Period        n/a     BUFG/I   n/a            1.592         20.000      18.408     BUFGCTRL_X0Y0  clk_IBUF_BUFG_inst/I
Low Pulse Width   Slow    FDCE/C   n/a            0.500         10.000      9.500      SLICE_X2Y112   carrier_peak_reg/C
High Pulse Width  Slow    FDCE/C   n/a            0.500         10.000      9.500      SLICE_X2Y112   carrier_peak_reg/C



--------------------------------------------------------------------------------------
Path Group:  (none)
From Clock:
  To Clock:

Max Delay             1 Endpoint
Min Delay             1 Endpoint
--------------------------------------------------------------------------------------


Max Delay Paths
--------------------------------------------------------------------------------------
Slack:                    inf
  Source:                 reset_n
                            (input port)
  Destination:            cmp_cmd_ready
                            (output port)
  Path Group:             (none)
  Path Type:              Max at Slow Process Corner
  Data Path Delay:        7.704ns  (logic 3.610ns (46.860%)  route 4.094ns (53.140%))
  Logic Levels:           3  (IBUF=1 LUT3=1 OBUF=1)

    Location             Delay type                Incr(ns)  Path(ns)    Netlist Resource(s)
  -------------------------------------------------------------------    -------------------
    P20                                               0.000     0.000 r  reset_n
                         net (fo=0)                   0.000     0.000    reset_n
    P20                  IBUF (Prop_ibuf_I_O)         0.909     0.909 r  reset_n_IBUF_inst/O
                         net (fo=5, routed)           2.189     3.098    reset_n_IBUF
    SLICE_X1Y112         LUT3 (Prop_lut3_I0_O)        0.115     3.213 r  cmp_cmd_ready_OBUF_inst_i_1/O
                         net (fo=1, routed)           1.905     5.118    cmp_cmd_ready_OBUF
    AB13                 OBUF (Prop_obuf_I_O)         2.586     7.704 r  cmp_cmd_ready_OBUF_inst/O
                         net (fo=0)                   0.000     7.704    cmp_cmd_ready
    AB13                                                              r  cmp_cmd_ready
  -------------------------------------------------------------------    -------------------





Min Delay Paths
--------------------------------------------------------------------------------------
Slack:                    inf
  Source:                 pwm_enable
                            (input port)
  Destination:            cmp_cmd_ready
                            (output port)
  Path Group:             (none)
  Path Type:              Min at Fast Process Corner
  Data Path Delay:        3.044ns  (logic 1.504ns (49.406%)  route 1.540ns (50.594%))
  Logic Levels:           3  (IBUF=1 LUT3=1 OBUF=1)

    Location             Delay type                Incr(ns)  Path(ns)    Netlist Resource(s)
  -------------------------------------------------------------------    -------------------
    P22                                               0.000     0.000 f  pwm_enable
                         net (fo=0)                   0.000     0.000    pwm_enable
    P22                  IBUF (Prop_ibuf_I_O)         0.206     0.206 f  pwm_enable_IBUF_inst/O
                         net (fo=114, routed)         0.961     1.167    pwm_enable_IBUF
    SLICE_X1Y112         LUT3 (Prop_lut3_I2_O)        0.042     1.209 r  cmp_cmd_ready_OBUF_inst_i_1/O
                         net (fo=1, routed)           0.579     1.788    cmp_cmd_ready_OBUF
    AB13                 OBUF (Prop_obuf_I_O)         1.256     3.044 r  cmp_cmd_ready_OBUF_inst/O
                         net (fo=0)                   0.000     3.044    cmp_cmd_ready
    AB13                                                              r  cmp_cmd_ready
  -------------------------------------------------------------------    -------------------





--------------------------------------------------------------------------------------
Path Group:  (none)
From Clock:  sys_clk
  To Clock:

Max Delay            93 Endpoints
Min Delay            93 Endpoints
--------------------------------------------------------------------------------------


Max Delay Paths
--------------------------------------------------------------------------------------
Slack:                    inf
  Source:                 count_up_reg/C
                            (rising edge-triggered cell FDPE clocked by sys_clk  {rise@0.000ns fall@10.000ns period=20.000ns})
  Destination:            count_up
                            (output port)
  Path Group:             (none)
  Path Type:              Max at Slow Process Corner
  Data Path Delay:        10.476ns  (logic 2.836ns (27.070%)  route 7.640ns (72.930%))
  Logic Levels:           1  (OBUF=1)
  Clock Uncertainty:      0.025ns  ((TSJ^2 + TIJ^2)^1/2 + DJ) / 2 + PE
    Total System Jitter     (TSJ):    0.050ns
    Total Input Jitter      (TIJ):    0.000ns
    Discrete Jitter          (DJ):    0.000ns
    Phase Error              (PE):    0.000ns

    Location             Delay type                Incr(ns)  Path(ns)    Netlist Resource(s)
  -------------------------------------------------------------------    -------------------
                         (clock sys_clk rise edge)    0.000     0.000 r  <hidden>
    Y11                                               0.000     0.000 r  clk
                         net (fo=0)                   0.000     0.000    clk
    Y11                  IBUF (Prop_ibuf_I_O)         0.938     0.938 r  clk_IBUF_inst/O
                         net (fo=1, routed)           2.100     3.038    clk_IBUF
    BUFGCTRL_X0Y0        BUFG (Prop_bufg_I_O)         0.081     3.119 r  clk_IBUF_BUFG_inst/O
                         net (fo=93, routed)          1.565     4.684    clk_IBUF_BUFG
    SLICE_X2Y112         FDPE                                         r  count_up_reg/C
  -------------------------------------------------------------------    -------------------
    SLICE_X2Y112         FDPE (Prop_fdpe_C_Q)         0.433     5.117 r  count_up_reg/Q
                         net (fo=6, routed)           7.640    12.757    count_up_OBUF
    W4                   OBUF (Prop_obuf_I_O)         2.403    15.160 r  count_up_OBUF_inst/O
                         net (fo=0)                   0.000    15.160    count_up
    W4                                                                r  count_up
  -------------------------------------------------------------------    -------------------





Min Delay Paths
--------------------------------------------------------------------------------------
Slack:                    inf
  Source:                 cmp_u_active_reg[8]/C
                            (rising edge-triggered cell FDCE clocked by sys_clk  {rise@0.000ns fall@10.000ns period=20.000ns})
  Destination:            cmp_u_active[8]
                            (output port)
  Path Group:             (none)
  Path Type:              Min at Fast Process Corner
  Data Path Delay:        1.604ns  (logic 1.301ns (81.155%)  route 0.302ns (18.845%))
  Logic Levels:           1  (OBUF=1)
  Clock Uncertainty:      0.025ns  ((TSJ^2 + TIJ^2)^1/2 + DJ) / 2 + PE
    Total System Jitter     (TSJ):    0.050ns
    Total Input Jitter      (TIJ):    0.000ns
    Discrete Jitter          (DJ):    0.000ns
    Phase Error              (PE):    0.000ns

    Location             Delay type                Incr(ns)  Path(ns)    Netlist Resource(s)
  -------------------------------------------------------------------    -------------------
                         (clock sys_clk rise edge)    0.000     0.000 r  <hidden>
    Y11                                               0.000     0.000 r  clk
                         net (fo=0)                   0.000     0.000    clk
    Y11                  IBUF (Prop_ibuf_I_O)         0.235     0.235 r  clk_IBUF_inst/O
                         net (fo=1, routed)           0.843     1.078    clk_IBUF
    BUFGCTRL_X0Y0        BUFG (Prop_bufg_I_O)         0.026     1.104 r  clk_IBUF_BUFG_inst/O
                         net (fo=93, routed)          0.654     1.757    clk_IBUF_BUFG
    SLICE_X0Y107         FDCE                                         r  cmp_u_active_reg[8]/C
  -------------------------------------------------------------------    -------------------
    SLICE_X0Y107         FDCE (Prop_fdce_C_Q)         0.128     1.885 r  cmp_u_active_reg[8]/Q
                         net (fo=4, routed)           0.302     2.187    cmp_u_active_OBUF[8]
    P17                  OBUF (Prop_obuf_I_O)         1.173     3.361 r  cmp_u_active_OBUF[8]_inst/O
                         net (fo=0)                   0.000     3.361    cmp_u_active[8]
    P17                                                               r  cmp_u_active[8]
  -------------------------------------------------------------------    -------------------





--------------------------------------------------------------------------------------
Path Group:  (none)
From Clock:
  To Clock:  sys_clk

Max Delay           258 Endpoints
Min Delay           258 Endpoints
--------------------------------------------------------------------------------------


Max Delay Paths
--------------------------------------------------------------------------------------
Slack:                    inf
  Source:                 pwm_enable
                            (input port)
  Destination:            pwm_v_reg/D
                            (rising edge-triggered cell FDCE clocked by sys_clk  {rise@0.000ns fall@10.000ns period=20.000ns})
  Path Group:             (none)
  Path Type:              Setup (Max at Slow Process Corner)
  Data Path Delay:        8.610ns  (logic 2.538ns (29.476%)  route 6.072ns (70.524%))
  Logic Levels:           8  (CARRY4=2 IBUF=1 LUT3=1 LUT5=1 LUT6=3)
  Clock Path Skew:        4.335ns (DCD - SCD + CPR)
    Destination Clock Delay (DCD):    4.335ns
    Source Clock Delay      (SCD):    0.000ns
    Clock Pessimism Removal (CPR):    0.000ns
  Clock Uncertainty:      0.025ns  ((TSJ^2 + TIJ^2)^1/2 + DJ) / 2 + PE
    Total System Jitter     (TSJ):    0.050ns
    Total Input Jitter      (TIJ):    0.000ns
    Discrete Jitter          (DJ):    0.000ns
    Phase Error              (PE):    0.000ns

    Location             Delay type                Incr(ns)  Path(ns)    Netlist Resource(s)
  -------------------------------------------------------------------    -------------------
    P22                                               0.000     0.000 r  pwm_enable
                         net (fo=0)                   0.000     0.000    pwm_enable
    P22                  IBUF (Prop_ibuf_I_O)         0.909     0.909 r  pwm_enable_IBUF_inst/O
                         net (fo=114, routed)         2.224     3.133    pwm_enable_IBUF
    SLICE_X2Y112         LUT6 (Prop_lut6_I4_O)        0.105     3.238 r  cmp_u_active[11]_i_3/O
                         net (fo=83, routed)          1.236     4.474    compare_load_event_i_1_n_0
    SLICE_X7Y104         LUT3 (Prop_lut3_I1_O)        0.119     4.593 r  pwm_v_i_11/O
                         net (fo=4, routed)           0.878     5.471    pwm_v_i_11_n_0
    SLICE_X5Y107         LUT6 (Prop_lut6_I0_O)        0.267     5.738 r  pwm_v_i_30/O
                         net (fo=2, routed)           0.378     6.116    pwm_v_i_30_n_0
    SLICE_X4Y106         CARRY4 (Prop_carry4_DI[0]_CO[3])
                                                      0.436     6.552 r  pwm_v_reg_i_19/CO[3]
                         net (fo=1, routed)           0.000     6.552    pwm_v_reg_i_19_n_0
    SLICE_X4Y107         CARRY4 (Prop_carry4_CI_CO[1])
                                                      0.132     6.684 r  pwm_v_reg_i_8/CO[1]
                         net (fo=2, routed)           0.795     7.479    pwm_v_reg_i_8_n_2
    SLICE_X4Y105         LUT5 (Prop_lut5_I1_O)        0.295     7.774 f  pwm_v_i_7/O
                         net (fo=1, routed)           0.561     8.335    pwm_v_i_7_n_0
    SLICE_X4Y105         LUT6 (Prop_lut6_I5_O)        0.275     8.610 r  pwm_v_i_1/O
                         net (fo=1, routed)           0.000     8.610    pwm_v_i_1_n_0
    SLICE_X4Y105         FDCE                                         r  pwm_v_reg/D
  -------------------------------------------------------------------    -------------------

                         (clock sys_clk rise edge)    0.000     0.000 r  <hidden>
    Y11                                               0.000     0.000 r  clk
                         net (fo=0)                   0.000     0.000    clk
    Y11                  IBUF (Prop_ibuf_I_O)         0.807     0.807 r  clk_IBUF_inst/O
                         net (fo=1, routed)           1.994     2.801    clk_IBUF
    BUFGCTRL_X0Y0        BUFG (Prop_bufg_I_O)         0.077     2.878 r  clk_IBUF_BUFG_inst/O
                         net (fo=93, routed)          1.458     4.335    clk_IBUF_BUFG
    SLICE_X4Y105         FDCE                                         r  pwm_v_reg/C





Min Delay Paths
--------------------------------------------------------------------------------------
Slack:                    inf
  Source:                 cmp_u_cmd[0]
                            (input port)
  Destination:            cmp_u_shadow_reg[0]/D
                            (rising edge-triggered cell FDCE clocked by sys_clk  {rise@0.000ns fall@10.000ns period=20.000ns})
  Path Group:             (none)
  Path Type:              Hold (Min at Fast Process Corner)
  Data Path Delay:        0.940ns  (logic 0.246ns (26.194%)  route 0.694ns (73.806%))
  Logic Levels:           1  (IBUF=1)
  Clock Path Skew:        2.291ns (DCD - SCD - CPR)
    Destination Clock Delay (DCD):    2.291ns
    Source Clock Delay      (SCD):    0.000ns
    Clock Pessimism Removal (CPR):    -0.000ns

    Location             Delay type                Incr(ns)  Path(ns)    Netlist Resource(s)
  -------------------------------------------------------------------    -------------------
    W22                                               0.000     0.000 r  cmp_u_cmd[0]
                         net (fo=0)                   0.000     0.000    cmp_u_cmd[0]
    W22                  IBUF (Prop_ibuf_I_O)         0.246     0.246 r  cmp_u_cmd_IBUF[0]_inst/O
                         net (fo=2, routed)           0.694     0.940    cmp_u_cmd_IBUF[0]
    SLICE_X0Y109         FDCE                                         r  cmp_u_shadow_reg[0]/D
  -------------------------------------------------------------------    -------------------

                         (clock sys_clk rise edge)    0.000     0.000 r  <hidden>
    Y11                                               0.000     0.000 r  clk
                         net (fo=0)                   0.000     0.000    clk
    Y11                  IBUF (Prop_ibuf_I_O)         0.424     0.424 r  clk_IBUF_inst/O
                         net (fo=1, routed)           0.910     1.334    clk_IBUF
    BUFGCTRL_X0Y0        BUFG (Prop_bufg_I_O)         0.029     1.363 r  clk_IBUF_BUFG_inst/O
                         net (fo=93, routed)          0.928     2.291    clk_IBUF_BUFG
    SLICE_X0Y109         FDCE                                         r  cmp_u_shadow_reg[0]/C
