Copyright 1986-2022 Xilinx, Inc. All Rights Reserved. Copyright 2022-2026 Advanced Micro Devices, Inc. All Rights Reserved.
---------------------------------------------------------------------------------------------------------------------------------------------
| Tool Version : Vivado v.2026.1 (win64) Build 6511674 Tue Jun 16 11:02:23 MDT 2026
| Date         : Wed Sep 16 15:06:10 2026
| Host         : DependOnOMEN16 running 64-bit major release  (build 9200)
| Command      : report_methodology -file D:/Project/FPGA_XC7A200T/docs/reports/step5b/methodology.rpt
| Design       : pwm_breathe_top
| Device       : xc7a200tfbg484-2
| Speed File   : -2
| Design State : Fully Routed
---------------------------------------------------------------------------------------------------------------------------------------------

Report Methodology

Table of Contents
-----------------
1. REPORT SUMMARY
2. REPORT DETAILS

1. REPORT SUMMARY
-----------------
            Netlist: netlist
          Floorplan: step5b_impl
      Design limits: <entire design considered>
             Max checks: <unlimited>
             Checks found: 1
+-----------+----------+-------------------------------+--------+
| Rule      | Severity | Description                   | Checks |
+-----------+----------+-------------------------------+--------+
| TIMING-18 | Warning  | Missing input or output delay | 1      |
+-----------+----------+-------------------------------+--------+

2. REPORT DETAILS
-----------------
TIMING-18#1 Warning
Missing input or output delay
An output delay is missing on led1 relative to the rising and/or falling clock edge(s) of sys_clk.
Related violations: <none>
