Copyright 1986-2022 Xilinx, Inc. All Rights Reserved. Copyright 2022-2026 Advanced Micro Devices, Inc. All Rights Reserved.
---------------------------------------------------------------------------------------------------------------------------------------------
| Tool Version : Vivado v.2026.1 (win64) Build 6511674 Tue Jun 16 11:02:23 MDT 2026
| Date         : Wed Sep 16 15:06:07 2026
| Host         : DependOnOMEN16 running 64-bit major release  (build 9200)
| Command      : report_timing -delay_type max -max_paths 5 -file D:/Project/FPGA_XC7A200T/docs/reports/step5b/setup_paths.rpt
| Design       : pwm_breathe_top
| Device       : 7a200t-fbg484
| Speed File   : -2  PRODUCTION 1.23 2018-06-13
| Design State : Routed
---------------------------------------------------------------------------------------------------------------------------------------------

Timing Report

Slack (MET) :             11.737ns  (required time - arrival time)
  Source:                 compare_active_reg[2]/C
                            (rising edge-triggered cell FDCE clocked by sys_clk  {rise@0.000ns fall@10.000ns period=20.000ns})
  Destination:            u_pwm/pwm_out_reg_reg/D
                            (rising edge-triggered cell FDCE clocked by sys_clk  {rise@0.000ns fall@10.000ns period=20.000ns})
  Path Group:             sys_clk
  Path Type:              Setup (Max at Slow Process Corner)
  Requirement:            20.000ns  (sys_clk rise@20.000ns - sys_clk rise@0.000ns)
  Data Path Delay:        8.221ns  (logic 2.695ns (32.782%)  route 5.526ns (67.218%))
  Logic Levels:           15  (CARRY4=8 LUT1=1 LUT4=2 LUT5=1 LUT6=3)
  Clock Path Skew:        -0.037ns (DCD - SCD + CPR)
    Destination Clock Delay (DCD):    4.653ns = ( 24.653 - 20.000 )
    Source Clock Delay      (SCD):    4.919ns
    Clock Pessimism Removal (CPR):    0.229ns
  Clock Uncertainty:      0.035ns  ((TSJ^2 + TIJ^2)^1/2 + DJ) / 2 + PE
    Total System Jitter     (TSJ):    0.071ns
    Total Input Jitter      (TIJ):    0.000ns
    Discrete Jitter          (DJ):    0.000ns
    Phase Error              (PE):    0.000ns

    Location             Delay type                Incr(ns)  Path(ns)    Netlist Resource(s)
  -------------------------------------------------------------------    -------------------
                         (clock sys_clk rise edge)    0.000     0.000 r  <hidden>
    Y18                                               0.000     0.000 r  clk
                         net (fo=0)                   0.000     0.000    clk
    Y18                  IBUF (Prop_ibuf_I_O)         1.453     1.453 r  clk_IBUF_inst/O
                         net (fo=1, routed)           1.827     3.280    clk_IBUF
    BUFGCTRL_X0Y0        BUFG (Prop_bufg_I_O)         0.081     3.361 r  clk_IBUF_BUFG_inst/O
                         net (fo=117, routed)         1.558     4.919    clk_IBUF_BUFG
    SLICE_X4Y116         FDCE                                         r  compare_active_reg[2]/C
  -------------------------------------------------------------------    -------------------
    SLICE_X4Y116         FDCE (Prop_fdce_C_Q)         0.379     5.298 f  compare_active_reg[2]/Q
                         net (fo=6, routed)           0.513     5.811    u_pwm/Q[0]
    SLICE_X5Y114         LUT1 (Prop_lut1_I0_O)        0.105     5.916 r  u_pwm/compare_value_reg[31]_i_58/O
                         net (fo=1, routed)           0.374     6.290    u_pwm/p_0_in[2]
    SLICE_X6Y116         CARRY4 (Prop_carry4_CYINIT_CO[3])
                                                      0.494     6.784 r  u_pwm/compare_value_reg_reg[31]_i_35/CO[3]
                         net (fo=1, routed)           0.000     6.784    u_pwm/compare_value_reg_reg[31]_i_35_n_0
    SLICE_X6Y117         CARRY4 (Prop_carry4_CI_CO[3])
                                                      0.100     6.884 r  u_pwm/compare_value_reg_reg[31]_i_16/CO[3]
                         net (fo=1, routed)           0.000     6.884    u_pwm/compare_value_reg_reg[31]_i_16_n_0
    SLICE_X6Y118         CARRY4 (Prop_carry4_CI_CO[3])
                                                      0.100     6.984 r  u_pwm/compare_value_reg_reg[31]_i_15/CO[3]
                         net (fo=1, routed)           0.000     6.984    u_pwm/compare_value_reg_reg[31]_i_15_n_0
    SLICE_X6Y119         CARRY4 (Prop_carry4_CI_CO[3])
                                                      0.100     7.084 r  u_pwm/compare_value_reg_reg[31]_i_28/CO[3]
                         net (fo=1, routed)           0.000     7.084    u_pwm/compare_value_reg_reg[31]_i_28_n_0
    SLICE_X6Y120         CARRY4 (Prop_carry4_CI_CO[3])
                                                      0.100     7.184 r  u_pwm/compare_value_reg_reg[31]_i_27/CO[3]
                         net (fo=1, routed)           0.000     7.184    u_pwm/compare_value_reg_reg[31]_i_27_n_0
    SLICE_X6Y121         CARRY4 (Prop_carry4_CI_CO[3])
                                                      0.100     7.284 r  u_pwm/compare_value_reg_reg[31]_i_26/CO[3]
                         net (fo=1, routed)           0.000     7.284    u_pwm/compare_value_reg_reg[31]_i_26_n_0
    SLICE_X6Y122         CARRY4 (Prop_carry4_CI_CO[3])
                                                      0.100     7.384 r  u_pwm/compare_value_reg_reg[31]_i_29/CO[3]
                         net (fo=1, routed)           0.000     7.384    u_pwm/compare_value_reg_reg[31]_i_29_n_0
    SLICE_X6Y123         CARRY4 (Prop_carry4_CI_O[0])
                                                      0.178     7.562 f  u_pwm/compare_value_reg_reg[31]_i_30/O[0]
                         net (fo=2, routed)           0.801     8.363    u_pwm/compare_command3[31]
    SLICE_X7Y122         LUT4 (Prop_lut4_I0_O)        0.252     8.615 r  u_pwm/compare_value_reg[31]_i_14/O
                         net (fo=1, routed)           0.518     9.133    u_pwm/compare_value_reg[31]_i_14_n_0
    SLICE_X7Y121         LUT4 (Prop_lut4_I3_O)        0.267     9.400 r  u_pwm/compare_value_reg[31]_i_4/O
                         net (fo=26, routed)          0.640    10.040    u_pwm/compare_value_reg[31]_i_4_n_0
    SLICE_X4Y124         LUT6 (Prop_lut6_I0_O)        0.105    10.145 f  u_pwm/compare_value_reg[29]_i_1/O
                         net (fo=3, routed)           1.048    11.193    u_pwm/compare_command[27]
    SLICE_X2Y122         LUT5 (Prop_lut5_I1_O)        0.105    11.298 f  u_pwm/pwm_out_reg_i_11/O
                         net (fo=2, routed)           0.784    12.082    u_pwm/compare_value_reg[28]_i_1_0
    SLICE_X1Y120         LUT6 (Prop_lut6_I1_O)        0.105    12.187 r  u_pwm/pwm_out_reg_i_5/O
                         net (fo=2, routed)           0.848    13.035    u_pwm/compare_active_reg[16]
    SLICE_X3Y115         LUT6 (Prop_lut6_I4_O)        0.105    13.140 r  u_pwm/pwm_out_reg_i_1/O
                         net (fo=1, routed)           0.000    13.140    u_pwm/pwm_out_reg_i_1_n_0
    SLICE_X3Y115         FDCE                                         r  u_pwm/pwm_out_reg_reg/D
  -------------------------------------------------------------------    -------------------

                         (clock sys_clk rise edge)   20.000    20.000 r  <hidden>
    Y18                                               0.000    20.000 r  clk
                         net (fo=0)                   0.000    20.000    clk
    Y18                  IBUF (Prop_ibuf_I_O)         1.387    21.387 r  clk_IBUF_inst/O
                         net (fo=1, routed)           1.734    23.121    clk_IBUF
    BUFGCTRL_X0Y0        BUFG (Prop_bufg_I_O)         0.077    23.198 r  clk_IBUF_BUFG_inst/O
                         net (fo=117, routed)         1.455    24.653    u_pwm/CLK
    SLICE_X3Y115         FDCE                                         r  u_pwm/pwm_out_reg_reg/C
                         clock pessimism              0.229    24.882    <hidden>
                         clock uncertainty           -0.035    24.846    <hidden>
    SLICE_X3Y115         FDCE (Setup_fdce_C_D)        0.030    24.876    u_pwm/pwm_out_reg_reg
  -------------------------------------------------------------------
                         required time                         24.876    <hidden>
                         arrival time                         -13.140    <hidden>
  -------------------------------------------------------------------
                         slack                                 11.737    <hidden>

Slack (MET) :             11.817ns  (required time - arrival time)
  Source:                 compare_active_reg[2]/C
                            (rising edge-triggered cell FDCE clocked by sys_clk  {rise@0.000ns fall@10.000ns period=20.000ns})
  Destination:            brightening_reg/D
                            (rising edge-triggered cell FDPE clocked by sys_clk  {rise@0.000ns fall@10.000ns period=20.000ns})
  Path Group:             sys_clk
  Path Type:              Setup (Max at Slow Process Corner)
  Requirement:            20.000ns  (sys_clk rise@20.000ns - sys_clk rise@0.000ns)
  Data Path Delay:        8.139ns  (logic 2.695ns (33.113%)  route 5.444ns (66.887%))
  Logic Levels:           15  (CARRY4=8 LUT1=1 LUT4=2 LUT5=1 LUT6=3)
  Clock Path Skew:        -0.039ns (DCD - SCD + CPR)
    Destination Clock Delay (DCD):    4.651ns = ( 24.651 - 20.000 )
    Source Clock Delay      (SCD):    4.919ns
    Clock Pessimism Removal (CPR):    0.229ns
  Clock Uncertainty:      0.035ns  ((TSJ^2 + TIJ^2)^1/2 + DJ) / 2 + PE
    Total System Jitter     (TSJ):    0.071ns
    Total Input Jitter      (TIJ):    0.000ns
    Discrete Jitter          (DJ):    0.000ns
    Phase Error              (PE):    0.000ns

    Location             Delay type                Incr(ns)  Path(ns)    Netlist Resource(s)
  -------------------------------------------------------------------    -------------------
                         (clock sys_clk rise edge)    0.000     0.000 r  <hidden>
    Y18                                               0.000     0.000 r  clk
                         net (fo=0)                   0.000     0.000    clk
    Y18                  IBUF (Prop_ibuf_I_O)         1.453     1.453 r  clk_IBUF_inst/O
                         net (fo=1, routed)           1.827     3.280    clk_IBUF
    BUFGCTRL_X0Y0        BUFG (Prop_bufg_I_O)         0.081     3.361 r  clk_IBUF_BUFG_inst/O
                         net (fo=117, routed)         1.558     4.919    clk_IBUF_BUFG
    SLICE_X4Y116         FDCE                                         r  compare_active_reg[2]/C
  -------------------------------------------------------------------    -------------------
    SLICE_X4Y116         FDCE (Prop_fdce_C_Q)         0.379     5.298 f  compare_active_reg[2]/Q
                         net (fo=6, routed)           0.513     5.811    u_pwm/Q[0]
    SLICE_X5Y114         LUT1 (Prop_lut1_I0_O)        0.105     5.916 r  u_pwm/compare_value_reg[31]_i_58/O
                         net (fo=1, routed)           0.374     6.290    u_pwm/p_0_in[2]
    SLICE_X6Y116         CARRY4 (Prop_carry4_CYINIT_CO[3])
                                                      0.494     6.784 r  u_pwm/compare_value_reg_reg[31]_i_35/CO[3]
                         net (fo=1, routed)           0.000     6.784    u_pwm/compare_value_reg_reg[31]_i_35_n_0
    SLICE_X6Y117         CARRY4 (Prop_carry4_CI_CO[3])
                                                      0.100     6.884 r  u_pwm/compare_value_reg_reg[31]_i_16/CO[3]
                         net (fo=1, routed)           0.000     6.884    u_pwm/compare_value_reg_reg[31]_i_16_n_0
    SLICE_X6Y118         CARRY4 (Prop_carry4_CI_CO[3])
                                                      0.100     6.984 r  u_pwm/compare_value_reg_reg[31]_i_15/CO[3]
                         net (fo=1, routed)           0.000     6.984    u_pwm/compare_value_reg_reg[31]_i_15_n_0
    SLICE_X6Y119         CARRY4 (Prop_carry4_CI_CO[3])
                                                      0.100     7.084 r  u_pwm/compare_value_reg_reg[31]_i_28/CO[3]
                         net (fo=1, routed)           0.000     7.084    u_pwm/compare_value_reg_reg[31]_i_28_n_0
    SLICE_X6Y120         CARRY4 (Prop_carry4_CI_CO[3])
                                                      0.100     7.184 r  u_pwm/compare_value_reg_reg[31]_i_27/CO[3]
                         net (fo=1, routed)           0.000     7.184    u_pwm/compare_value_reg_reg[31]_i_27_n_0
    SLICE_X6Y121         CARRY4 (Prop_carry4_CI_CO[3])
                                                      0.100     7.284 r  u_pwm/compare_value_reg_reg[31]_i_26/CO[3]
                         net (fo=1, routed)           0.000     7.284    u_pwm/compare_value_reg_reg[31]_i_26_n_0
    SLICE_X6Y122         CARRY4 (Prop_carry4_CI_CO[3])
                                                      0.100     7.384 r  u_pwm/compare_value_reg_reg[31]_i_29/CO[3]
                         net (fo=1, routed)           0.000     7.384    u_pwm/compare_value_reg_reg[31]_i_29_n_0
    SLICE_X6Y123         CARRY4 (Prop_carry4_CI_O[0])
                                                      0.178     7.562 r  u_pwm/compare_value_reg_reg[31]_i_30/O[0]
                         net (fo=2, routed)           0.801     8.363    u_pwm/compare_command3[31]
    SLICE_X7Y122         LUT4 (Prop_lut4_I0_O)        0.252     8.615 f  u_pwm/compare_value_reg[31]_i_14/O
                         net (fo=1, routed)           0.518     9.133    u_pwm/compare_value_reg[31]_i_14_n_0
    SLICE_X7Y121         LUT4 (Prop_lut4_I3_O)        0.267     9.400 f  u_pwm/compare_value_reg[31]_i_4/O
                         net (fo=26, routed)          0.640    10.040    u_pwm/compare_value_reg[31]_i_4_n_0
    SLICE_X4Y124         LUT6 (Prop_lut6_I0_O)        0.105    10.145 r  u_pwm/compare_value_reg[29]_i_1/O
                         net (fo=3, routed)           1.048    11.193    u_pwm/compare_command[27]
    SLICE_X2Y122         LUT5 (Prop_lut5_I1_O)        0.105    11.298 r  u_pwm/pwm_out_reg_i_11/O
                         net (fo=2, routed)           0.784    12.082    u_pwm_n_47
    SLICE_X1Y120         LUT6 (Prop_lut6_I2_O)        0.105    12.187 r  brightening_i_3/O
                         net (fo=1, routed)           0.766    12.952    brightening_i_3_n_0
    SLICE_X3Y118         LUT6 (Prop_lut6_I1_O)        0.105    13.057 r  brightening_i_1/O
                         net (fo=1, routed)           0.000    13.057    brightening_i_1_n_0
    SLICE_X3Y118         FDPE                                         r  brightening_reg/D
  -------------------------------------------------------------------    -------------------

                         (clock sys_clk rise edge)   20.000    20.000 r  <hidden>
    Y18                                               0.000    20.000 r  clk
                         net (fo=0)                   0.000    20.000    clk
    Y18                  IBUF (Prop_ibuf_I_O)         1.387    21.387 r  clk_IBUF_inst/O
                         net (fo=1, routed)           1.734    23.121    clk_IBUF
    BUFGCTRL_X0Y0        BUFG (Prop_bufg_I_O)         0.077    23.198 r  clk_IBUF_BUFG_inst/O
                         net (fo=117, routed)         1.453    24.651    clk_IBUF_BUFG
    SLICE_X3Y118         FDPE                                         r  brightening_reg/C
                         clock pessimism              0.229    24.880    <hidden>
                         clock uncertainty           -0.035    24.844    <hidden>
    SLICE_X3Y118         FDPE (Setup_fdpe_C_D)        0.030    24.874    brightening_reg
  -------------------------------------------------------------------
                         required time                         24.874    <hidden>
                         arrival time                         -13.057    <hidden>
  -------------------------------------------------------------------
                         slack                                 11.817    <hidden>

Slack (MET) :             12.790ns  (required time - arrival time)
  Source:                 compare_active_reg[2]/C
                            (rising edge-triggered cell FDCE clocked by sys_clk  {rise@0.000ns fall@10.000ns period=20.000ns})
  Destination:            compare_active_reg[3]/D
                            (rising edge-triggered cell FDCE clocked by sys_clk  {rise@0.000ns fall@10.000ns period=20.000ns})
  Path Group:             sys_clk
  Path Type:              Setup (Max at Slow Process Corner)
  Requirement:            20.000ns  (sys_clk rise@20.000ns - sys_clk rise@0.000ns)
  Data Path Delay:        7.104ns  (logic 2.461ns (34.641%)  route 4.643ns (65.359%))
  Logic Levels:           10  (CARRY4=5 LUT1=1 LUT4=1 LUT5=2 LUT6=1)
  Clock Path Skew:        0.000ns (DCD - SCD + CPR)
    Destination Clock Delay (DCD):    4.650ns = ( 24.650 - 20.000 )
    Source Clock Delay      (SCD):    4.919ns
    Clock Pessimism Removal (CPR):    0.269ns
  Clock Uncertainty:      0.035ns  ((TSJ^2 + TIJ^2)^1/2 + DJ) / 2 + PE
    Total System Jitter     (TSJ):    0.071ns
    Total Input Jitter      (TIJ):    0.000ns
    Discrete Jitter          (DJ):    0.000ns
    Phase Error              (PE):    0.000ns

    Location             Delay type                Incr(ns)  Path(ns)    Netlist Resource(s)
  -------------------------------------------------------------------    -------------------
                         (clock sys_clk rise edge)    0.000     0.000 r  <hidden>
    Y18                                               0.000     0.000 r  clk
                         net (fo=0)                   0.000     0.000    clk
    Y18                  IBUF (Prop_ibuf_I_O)         1.453     1.453 r  clk_IBUF_inst/O
                         net (fo=1, routed)           1.827     3.280    clk_IBUF
    BUFGCTRL_X0Y0        BUFG (Prop_bufg_I_O)         0.081     3.361 r  clk_IBUF_BUFG_inst/O
                         net (fo=117, routed)         1.558     4.919    clk_IBUF_BUFG
    SLICE_X4Y116         FDCE                                         r  compare_active_reg[2]/C
  -------------------------------------------------------------------    -------------------
    SLICE_X4Y116         FDCE (Prop_fdce_C_Q)         0.379     5.298 f  compare_active_reg[2]/Q
                         net (fo=6, routed)           0.513     5.811    u_pwm/Q[0]
    SLICE_X5Y114         LUT1 (Prop_lut1_I0_O)        0.105     5.916 r  u_pwm/compare_value_reg[31]_i_58/O
                         net (fo=1, routed)           0.374     6.290    u_pwm/p_0_in[2]
    SLICE_X6Y116         CARRY4 (Prop_carry4_CYINIT_CO[3])
                                                      0.494     6.784 r  u_pwm/compare_value_reg_reg[31]_i_35/CO[3]
                         net (fo=1, routed)           0.000     6.784    u_pwm/compare_value_reg_reg[31]_i_35_n_0
    SLICE_X6Y117         CARRY4 (Prop_carry4_CI_CO[3])
                                                      0.100     6.884 r  u_pwm/compare_value_reg_reg[31]_i_16/CO[3]
                         net (fo=1, routed)           0.000     6.884    u_pwm/compare_value_reg_reg[31]_i_16_n_0
    SLICE_X6Y118         CARRY4 (Prop_carry4_CI_CO[3])
                                                      0.100     6.984 r  u_pwm/compare_value_reg_reg[31]_i_15/CO[3]
                         net (fo=1, routed)           0.000     6.984    u_pwm/compare_value_reg_reg[31]_i_15_n_0
    SLICE_X6Y119         CARRY4 (Prop_carry4_CI_CO[3])
                                                      0.100     7.084 r  u_pwm/compare_value_reg_reg[31]_i_28/CO[3]
                         net (fo=1, routed)           0.000     7.084    u_pwm/compare_value_reg_reg[31]_i_28_n_0
    SLICE_X6Y120         CARRY4 (Prop_carry4_CI_O[3])
                                                      0.262     7.346 r  u_pwm/compare_value_reg_reg[31]_i_27/O[3]
                         net (fo=1, routed)           0.697     8.043    u_pwm/compare_command3[22]
    SLICE_X7Y120         LUT4 (Prop_lut4_I1_O)        0.250     8.293 f  u_pwm/compare_value_reg[31]_i_11/O
                         net (fo=2, routed)           0.665     8.958    u_pwm/compare_value_reg[31]_i_11_n_0
    SLICE_X7Y119         LUT5 (Prop_lut5_I4_O)        0.119     9.077 f  u_pwm/compare_value_reg[18]_i_5/O
                         net (fo=2, routed)           0.685     9.762    u_pwm/compare_value_reg[18]_i_5_n_0
    SLICE_X7Y119         LUT5 (Prop_lut5_I3_O)        0.277    10.039 r  u_pwm/compare_value_reg[18]_i_2/O
                         net (fo=8, routed)           0.782    10.821    u_pwm/started_reg_0
    SLICE_X4Y115         LUT6 (Prop_lut6_I0_O)        0.275    11.096 r  u_pwm/compare_value_reg[3]_i_1/O
                         net (fo=5, routed)           0.926    12.023    compare_command[3]
    SLICE_X4Y116         FDCE                                         r  compare_active_reg[3]/D
  -------------------------------------------------------------------    -------------------

                         (clock sys_clk rise edge)   20.000    20.000 r  <hidden>
    Y18                                               0.000    20.000 r  clk
                         net (fo=0)                   0.000    20.000    clk
    Y18                  IBUF (Prop_ibuf_I_O)         1.387    21.387 r  clk_IBUF_inst/O
                         net (fo=1, routed)           1.734    23.121    clk_IBUF
    BUFGCTRL_X0Y0        BUFG (Prop_bufg_I_O)         0.077    23.198 r  clk_IBUF_BUFG_inst/O
                         net (fo=117, routed)         1.452    24.650    clk_IBUF_BUFG
    SLICE_X4Y116         FDCE                                         r  compare_active_reg[3]/C
                         clock pessimism              0.269    24.919    <hidden>
                         clock uncertainty           -0.035    24.883    <hidden>
    SLICE_X4Y116         FDCE (Setup_fdce_C_D)       -0.070    24.813    compare_active_reg[3]
  -------------------------------------------------------------------
                         required time                         24.813    <hidden>
                         arrival time                         -12.023    <hidden>
  -------------------------------------------------------------------
                         slack                                 12.790    <hidden>

Slack (MET) :             12.976ns  (required time - arrival time)
  Source:                 compare_active_reg[2]/C
                            (rising edge-triggered cell FDCE clocked by sys_clk  {rise@0.000ns fall@10.000ns period=20.000ns})
  Destination:            u_pwm/compare_value_reg_reg[18]/D
                            (rising edge-triggered cell FDCE clocked by sys_clk  {rise@0.000ns fall@10.000ns period=20.000ns})
  Path Group:             sys_clk
  Path Type:              Setup (Max at Slow Process Corner)
  Requirement:            20.000ns  (sys_clk rise@20.000ns - sys_clk rise@0.000ns)
  Data Path Delay:        6.921ns  (logic 2.461ns (35.561%)  route 4.460ns (64.439%))
  Logic Levels:           10  (CARRY4=5 LUT1=1 LUT4=1 LUT5=2 LUT6=1)
  Clock Path Skew:        -0.038ns (DCD - SCD + CPR)
    Destination Clock Delay (DCD):    4.652ns = ( 24.652 - 20.000 )
    Source Clock Delay      (SCD):    4.919ns
    Clock Pessimism Removal (CPR):    0.229ns
  Clock Uncertainty:      0.035ns  ((TSJ^2 + TIJ^2)^1/2 + DJ) / 2 + PE
    Total System Jitter     (TSJ):    0.071ns
    Total Input Jitter      (TIJ):    0.000ns
    Discrete Jitter          (DJ):    0.000ns
    Phase Error              (PE):    0.000ns

    Location             Delay type                Incr(ns)  Path(ns)    Netlist Resource(s)
  -------------------------------------------------------------------    -------------------
                         (clock sys_clk rise edge)    0.000     0.000 r  <hidden>
    Y18                                               0.000     0.000 r  clk
                         net (fo=0)                   0.000     0.000    clk
    Y18                  IBUF (Prop_ibuf_I_O)         1.453     1.453 r  clk_IBUF_inst/O
                         net (fo=1, routed)           1.827     3.280    clk_IBUF
    BUFGCTRL_X0Y0        BUFG (Prop_bufg_I_O)         0.081     3.361 r  clk_IBUF_BUFG_inst/O
                         net (fo=117, routed)         1.558     4.919    clk_IBUF_BUFG
    SLICE_X4Y116         FDCE                                         r  compare_active_reg[2]/C
  -------------------------------------------------------------------    -------------------
    SLICE_X4Y116         FDCE (Prop_fdce_C_Q)         0.379     5.298 f  compare_active_reg[2]/Q
                         net (fo=6, routed)           0.513     5.811    u_pwm/Q[0]
    SLICE_X5Y114         LUT1 (Prop_lut1_I0_O)        0.105     5.916 r  u_pwm/compare_value_reg[31]_i_58/O
                         net (fo=1, routed)           0.374     6.290    u_pwm/p_0_in[2]
    SLICE_X6Y116         CARRY4 (Prop_carry4_CYINIT_CO[3])
                                                      0.494     6.784 r  u_pwm/compare_value_reg_reg[31]_i_35/CO[3]
                         net (fo=1, routed)           0.000     6.784    u_pwm/compare_value_reg_reg[31]_i_35_n_0
    SLICE_X6Y117         CARRY4 (Prop_carry4_CI_CO[3])
                                                      0.100     6.884 r  u_pwm/compare_value_reg_reg[31]_i_16/CO[3]
                         net (fo=1, routed)           0.000     6.884    u_pwm/compare_value_reg_reg[31]_i_16_n_0
    SLICE_X6Y118         CARRY4 (Prop_carry4_CI_CO[3])
                                                      0.100     6.984 r  u_pwm/compare_value_reg_reg[31]_i_15/CO[3]
                         net (fo=1, routed)           0.000     6.984    u_pwm/compare_value_reg_reg[31]_i_15_n_0
    SLICE_X6Y119         CARRY4 (Prop_carry4_CI_CO[3])
                                                      0.100     7.084 r  u_pwm/compare_value_reg_reg[31]_i_28/CO[3]
                         net (fo=1, routed)           0.000     7.084    u_pwm/compare_value_reg_reg[31]_i_28_n_0
    SLICE_X6Y120         CARRY4 (Prop_carry4_CI_O[3])
                                                      0.262     7.346 r  u_pwm/compare_value_reg_reg[31]_i_27/O[3]
                         net (fo=1, routed)           0.697     8.043    u_pwm/compare_command3[22]
    SLICE_X7Y120         LUT4 (Prop_lut4_I1_O)        0.250     8.293 f  u_pwm/compare_value_reg[31]_i_11/O
                         net (fo=2, routed)           0.665     8.958    u_pwm/compare_value_reg[31]_i_11_n_0
    SLICE_X7Y119         LUT5 (Prop_lut5_I4_O)        0.119     9.077 f  u_pwm/compare_value_reg[18]_i_5/O
                         net (fo=2, routed)           0.685     9.762    u_pwm/compare_value_reg[18]_i_5_n_0
    SLICE_X7Y119         LUT5 (Prop_lut5_I3_O)        0.277    10.039 r  u_pwm/compare_value_reg[18]_i_2/O
                         net (fo=8, routed)           0.387    10.426    u_pwm/started_reg_0
    SLICE_X2Y120         LUT6 (Prop_lut6_I0_O)        0.275    10.701 r  u_pwm/compare_value_reg[18]_i_1/O
                         net (fo=3, routed)           1.139    11.839    u_pwm/compare_command[16]
    SLICE_X2Y117         FDCE                                         r  u_pwm/compare_value_reg_reg[18]/D
  -------------------------------------------------------------------    -------------------

                         (clock sys_clk rise edge)   20.000    20.000 r  <hidden>
    Y18                                               0.000    20.000 r  clk
                         net (fo=0)                   0.000    20.000    clk
    Y18                  IBUF (Prop_ibuf_I_O)         1.387    21.387 r  clk_IBUF_inst/O
                         net (fo=1, routed)           1.734    23.121    clk_IBUF
    BUFGCTRL_X0Y0        BUFG (Prop_bufg_I_O)         0.077    23.198 r  clk_IBUF_BUFG_inst/O
                         net (fo=117, routed)         1.454    24.652    u_pwm/CLK
    SLICE_X2Y117         FDCE                                         r  u_pwm/compare_value_reg_reg[18]/C
                         clock pessimism              0.229    24.881    <hidden>
                         clock uncertainty           -0.035    24.845    <hidden>
    SLICE_X2Y117         FDCE (Setup_fdce_C_D)       -0.030    24.815    u_pwm/compare_value_reg_reg[18]
  -------------------------------------------------------------------
                         required time                         24.815    <hidden>
                         arrival time                         -11.839    <hidden>
  -------------------------------------------------------------------
                         slack                                 12.976    <hidden>

Slack (MET) :             13.134ns  (required time - arrival time)
  Source:                 compare_active_reg[2]/C
                            (rising edge-triggered cell FDCE clocked by sys_clk  {rise@0.000ns fall@10.000ns period=20.000ns})
  Destination:            u_pwm/compare_value_reg_reg[16]/D
                            (rising edge-triggered cell FDCE clocked by sys_clk  {rise@0.000ns fall@10.000ns period=20.000ns})
  Path Group:             sys_clk
  Path Type:              Setup (Max at Slow Process Corner)
  Requirement:            20.000ns  (sys_clk rise@20.000ns - sys_clk rise@0.000ns)
  Data Path Delay:        6.564ns  (logic 2.482ns (37.813%)  route 4.082ns (62.187%))
  Logic Levels:           10  (CARRY4=5 LUT1=1 LUT4=2 LUT5=2)
  Clock Path Skew:        -0.039ns (DCD - SCD + CPR)
    Destination Clock Delay (DCD):    4.651ns = ( 24.651 - 20.000 )
    Source Clock Delay      (SCD):    4.919ns
    Clock Pessimism Removal (CPR):    0.229ns
  Clock Uncertainty:      0.035ns  ((TSJ^2 + TIJ^2)^1/2 + DJ) / 2 + PE
    Total System Jitter     (TSJ):    0.071ns
    Total Input Jitter      (TIJ):    0.000ns
    Discrete Jitter          (DJ):    0.000ns
    Phase Error              (PE):    0.000ns

    Location             Delay type                Incr(ns)  Path(ns)    Netlist Resource(s)
  -------------------------------------------------------------------    -------------------
                         (clock sys_clk rise edge)    0.000     0.000 r  <hidden>
    Y18                                               0.000     0.000 r  clk
                         net (fo=0)                   0.000     0.000    clk
    Y18                  IBUF (Prop_ibuf_I_O)         1.453     1.453 r  clk_IBUF_inst/O
                         net (fo=1, routed)           1.827     3.280    clk_IBUF
    BUFGCTRL_X0Y0        BUFG (Prop_bufg_I_O)         0.081     3.361 r  clk_IBUF_BUFG_inst/O
                         net (fo=117, routed)         1.558     4.919    clk_IBUF_BUFG
    SLICE_X4Y116         FDCE                                         r  compare_active_reg[2]/C
  -------------------------------------------------------------------    -------------------
    SLICE_X4Y116         FDCE (Prop_fdce_C_Q)         0.379     5.298 f  compare_active_reg[2]/Q
                         net (fo=6, routed)           0.513     5.811    u_pwm/Q[0]
    SLICE_X5Y114         LUT1 (Prop_lut1_I0_O)        0.105     5.916 r  u_pwm/compare_value_reg[31]_i_58/O
                         net (fo=1, routed)           0.374     6.290    u_pwm/p_0_in[2]
    SLICE_X6Y116         CARRY4 (Prop_carry4_CYINIT_CO[3])
                                                      0.494     6.784 r  u_pwm/compare_value_reg_reg[31]_i_35/CO[3]
                         net (fo=1, routed)           0.000     6.784    u_pwm/compare_value_reg_reg[31]_i_35_n_0
    SLICE_X6Y117         CARRY4 (Prop_carry4_CI_CO[3])
                                                      0.100     6.884 r  u_pwm/compare_value_reg_reg[31]_i_16/CO[3]
                         net (fo=1, routed)           0.000     6.884    u_pwm/compare_value_reg_reg[31]_i_16_n_0
    SLICE_X6Y118         CARRY4 (Prop_carry4_CI_CO[3])
                                                      0.100     6.984 r  u_pwm/compare_value_reg_reg[31]_i_15/CO[3]
                         net (fo=1, routed)           0.000     6.984    u_pwm/compare_value_reg_reg[31]_i_15_n_0
    SLICE_X6Y119         CARRY4 (Prop_carry4_CI_CO[3])
                                                      0.100     7.084 r  u_pwm/compare_value_reg_reg[31]_i_28/CO[3]
                         net (fo=1, routed)           0.000     7.084    u_pwm/compare_value_reg_reg[31]_i_28_n_0
    SLICE_X6Y120         CARRY4 (Prop_carry4_CI_O[3])
                                                      0.262     7.346 r  u_pwm/compare_value_reg_reg[31]_i_27/O[3]
                         net (fo=1, routed)           0.697     8.043    u_pwm/compare_command3[22]
    SLICE_X7Y120         LUT4 (Prop_lut4_I1_O)        0.250     8.293 f  u_pwm/compare_value_reg[31]_i_11/O
                         net (fo=2, routed)           0.665     8.958    u_pwm/compare_value_reg[31]_i_11_n_0
    SLICE_X7Y119         LUT5 (Prop_lut5_I4_O)        0.119     9.077 f  u_pwm/compare_value_reg[18]_i_5/O
                         net (fo=2, routed)           0.685     9.762    u_pwm/compare_value_reg[18]_i_5_n_0
    SLICE_X7Y119         LUT5 (Prop_lut5_I3_O)        0.277    10.039 r  u_pwm/compare_value_reg[18]_i_2/O
                         net (fo=8, routed)           0.627    10.666    u_pwm/started_reg_0
    SLICE_X3Y119         LUT4 (Prop_lut4_I0_O)        0.296    10.962 r  u_pwm/compare_value_reg[16]_i_1/O
                         net (fo=2, routed)           0.521    11.483    u_pwm/compare_command[14]
    SLICE_X1Y118         FDCE                                         r  u_pwm/compare_value_reg_reg[16]/D
  -------------------------------------------------------------------    -------------------

                         (clock sys_clk rise edge)   20.000    20.000 r  <hidden>
    Y18                                               0.000    20.000 r  clk
                         net (fo=0)                   0.000    20.000    clk
    Y18                  IBUF (Prop_ibuf_I_O)         1.387    21.387 r  clk_IBUF_inst/O
                         net (fo=1, routed)           1.734    23.121    clk_IBUF
    BUFGCTRL_X0Y0        BUFG (Prop_bufg_I_O)         0.077    23.198 r  clk_IBUF_BUFG_inst/O
                         net (fo=117, routed)         1.453    24.651    u_pwm/CLK
    SLICE_X1Y118         FDCE                                         r  u_pwm/compare_value_reg_reg[16]/C
                         clock pessimism              0.229    24.880    <hidden>
                         clock uncertainty           -0.035    24.844    <hidden>
    SLICE_X1Y118         FDCE (Setup_fdce_C_D)       -0.228    24.616    u_pwm/compare_value_reg_reg[16]
  -------------------------------------------------------------------
                         required time                         24.616    <hidden>
                         arrival time                         -11.483    <hidden>
  -------------------------------------------------------------------
                         slack                                 13.134    <hidden>
