Copyright 1986-2022 Xilinx, Inc. All Rights Reserved. Copyright 2022-2026 Advanced Micro Devices, Inc. All Rights Reserved.
-----------------------------------------------------------------------------------------------------------------------------------------------------------------------------
| Tool Version : Vivado v.2026.1 (win64) Build 6511674 Tue Jun 16 11:02:23 MDT 2026
| Date         : Wed Sep 16 15:06:07 2026
| Host         : DependOnOMEN16 running 64-bit major release  (build 9200)
| Command      : report_timing_summary -delay_type min_max -report_unconstrained -check_timing_verbose -file D:/Project/FPGA_XC7A200T/docs/reports/step5b/timing_summary.rpt
| Design       : pwm_breathe_top
| Device       : 7a200t-fbg484
| Speed File   : -2  PRODUCTION 1.23 2018-06-13
| Design State : Routed
-----------------------------------------------------------------------------------------------------------------------------------------------------------------------------

Timing Summary Report

------------------------------------------------------------------------------------------------
| Timer Settings
| --------------
------------------------------------------------------------------------------------------------

  Enable Multi Corner Analysis               :  Yes
  Enable Pessimism Removal                   :  Yes
  Pessimism Removal Resolution               :  Nearest Common Node
  Enable Input Delay Default Clock           :  No
  Enable Preset / Clear Arcs                 :  No
  Disable Flight Delays                      :  No
  Ignore I/O Paths                           :  No
  Timing Early Launch at Borrowing Latches   :  No
  Borrow Time for Max Delay Exceptions       :  Yes
  Merge Timing Exceptions                    :  Yes
  Inter-SLR Compensation                     :  Conservative

  Corner  Analyze    Analyze
  Name    Max Paths  Min Paths
  ------  ---------  ---------
  Slow    Yes        Yes
  Fast    Yes        Yes


------------------------------------------------------------------------------------------------
| Report Methodology
| ------------------
------------------------------------------------------------------------------------------------

Rule       Severity  Description                    Violations
---------  --------  -----------------------------  ----------
TIMING-18  Warning   Missing input or output delay  1

Note: This report is based on the most recent report_methodology run and may not be up-to-date. Run report_methodology on the current design for the latest report.



check_timing report

Table of Contents
-----------------
1. checking no_clock (0)
2. checking constant_clock (0)
3. checking pulse_width_clock (0)
4. checking unconstrained_internal_endpoints (0)
5. checking no_input_delay (1)
6. checking no_output_delay (1)
7. checking multiple_clock (0)
8. checking generated_clocks (0)
9. checking loops (0)
10. checking partial_input_delay (0)
11. checking partial_output_delay (0)
12. checking latch_loops (0)

1. checking no_clock (0)
------------------------
 There are 0 register/latch pins with no clock.


2. checking constant_clock (0)
------------------------------
 There are 0 register/latch pins with constant_clock.


3. checking pulse_width_clock (0)
---------------------------------
 There are 0 register/latch pins which need pulse_width check


4. checking unconstrained_internal_endpoints (0)
------------------------------------------------
 There are 0 pins that are not constrained for maximum delay.

 There are 0 pins that are not constrained for maximum delay due to constant clock.


5. checking no_input_delay (1)
------------------------------
 There are 0 input ports with no input delay specified.

 There is 1 input port with no input delay but user has a false path constraint. (MEDIUM)

key2_n


6. checking no_output_delay (1)
-------------------------------
 There is 1 port with no output delay specified. (HIGH)

led1

 There are 0 ports with no output delay but user has a false path constraint

 There are 0 ports with no output delay but with a timing clock defined on it or propagating through it


7. checking multiple_clock (0)
------------------------------
 There are 0 register/latch pins with multiple clocks.


8. checking generated_clocks (0)
--------------------------------
 There are 0 generated clocks that are not connected to a clock source.


9. checking loops (0)
---------------------
 There are 0 combinational loops in the design.


10. checking partial_input_delay (0)
------------------------------------
 There are 0 input ports with partial input delay specified.


11. checking partial_output_delay (0)
-------------------------------------
 There are 0 ports with partial output delay specified.


12. checking latch_loops (0)
----------------------------
 There are 0 combinational latch loops in the design through latch input



------------------------------------------------------------------------------------------------
| Design Timing Summary
| ---------------------
------------------------------------------------------------------------------------------------

    WNS(ns)      TNS(ns)  TNS Failing Endpoints  TNS Total Endpoints      WHS(ns)      THS(ns)  THS Failing Endpoints  THS Total Endpoints     WPWS(ns)     TPWS(ns)  TPWS Failing Endpoints  TPWS Total Endpoints
    -------      -------  ---------------------  -------------------      -------      -------  ---------------------  -------------------     --------     --------  ----------------------  --------------------
     11.737        0.000                      0                  291        0.159        0.000                      0                  291        9.500        0.000                       0                   118


All user specified timing constraints are met.


------------------------------------------------------------------------------------------------
| Clock Summary
| -------------
------------------------------------------------------------------------------------------------

Clock    Waveform(ns)       Period(ns)      Frequency(MHz)
-----    ------------       ----------      --------------
sys_clk  {0.000 10.000}     20.000          50.000


------------------------------------------------------------------------------------------------
| Intra Clock Table
| -----------------
------------------------------------------------------------------------------------------------

Clock             WNS(ns)      TNS(ns)  TNS Failing Endpoints  TNS Total Endpoints      WHS(ns)      THS(ns)  THS Failing Endpoints  THS Total Endpoints     WPWS(ns)     TPWS(ns)  TPWS Failing Endpoints  TPWS Total Endpoints
-----             -------      -------  ---------------------  -------------------      -------      -------  ---------------------  -------------------     --------     --------  ----------------------  --------------------
sys_clk            11.737        0.000                      0                  176        0.159        0.000                      0                  176        9.500        0.000                       0                   118


------------------------------------------------------------------------------------------------
| Inter Clock Table
| -----------------
------------------------------------------------------------------------------------------------

From Clock    To Clock          WNS(ns)      TNS(ns)  TNS Failing Endpoints  TNS Total Endpoints      WHS(ns)      THS(ns)  THS Failing Endpoints  THS Total Endpoints
----------    --------          -------      -------  ---------------------  -------------------      -------      -------  ---------------------  -------------------


------------------------------------------------------------------------------------------------
| Other Path Groups Table
| -----------------------
------------------------------------------------------------------------------------------------

Path Group         From Clock         To Clock               WNS(ns)      TNS(ns)  TNS Failing Endpoints  TNS Total Endpoints      WHS(ns)      THS(ns)  THS Failing Endpoints  THS Total Endpoints
----------         ----------         --------               -------      -------  ---------------------  -------------------      -------      -------  ---------------------  -------------------
**async_default**  sys_clk            sys_clk                 15.572        0.000                      0                  115        0.878        0.000                      0                  115


------------------------------------------------------------------------------------------------
| User Ignored Path Table
| -----------------------
------------------------------------------------------------------------------------------------

Path Group    From Clock    To Clock
----------    ----------    --------
(none)                      sys_clk


------------------------------------------------------------------------------------------------
| Unconstrained Path Table
| ------------------------
------------------------------------------------------------------------------------------------

Path Group    From Clock    To Clock
----------    ----------    --------
(none)        sys_clk


------------------------------------------------------------------------------------------------
| Timing Details
| --------------
------------------------------------------------------------------------------------------------


---------------------------------------------------------------------------------------------------
From Clock:  sys_clk
  To Clock:  sys_clk

Setup :            0  Failing Endpoints,  Worst Slack       11.737ns,  Total Violation        0.000ns
Hold  :            0  Failing Endpoints,  Worst Slack        0.159ns,  Total Violation        0.000ns
PW    :            0  Failing Endpoints,  Worst Slack        9.500ns,  Total Violation        0.000ns
---------------------------------------------------------------------------------------------------


Max Delay Paths
--------------------------------------------------------------------------------------
Slack (MET) :             11.737ns  (required time - arrival time)
  Source:                 compare_active_reg[2]/C
                            (rising edge-triggered cell FDCE clocked by sys_clk  {rise@0.000ns fall@10.000ns period=20.000ns})
  Destination:            u_pwm/pwm_out_reg_reg/D
                            (rising edge-triggered cell FDCE clocked by sys_clk  {rise@0.000ns fall@10.000ns period=20.000ns})
  Path Group:             sys_clk
  Path Type:              Setup (Max at Slow Process Corner)
  Requirement:            20.000ns  (sys_clk rise@20.000ns - sys_clk rise@0.000ns)
  Data Path Delay:        8.221ns  (logic 2.695ns (32.782%)  route 5.526ns (67.218%))
  Logic Levels:           15  (CARRY4=8 LUT1=1 LUT4=2 LUT5=1 LUT6=3)
  Clock Path Skew:        -0.037ns (DCD - SCD + CPR)
    Destination Clock Delay (DCD):    4.653ns = ( 24.653 - 20.000 )
    Source Clock Delay      (SCD):    4.919ns
    Clock Pessimism Removal (CPR):    0.229ns
  Clock Uncertainty:      0.035ns  ((TSJ^2 + TIJ^2)^1/2 + DJ) / 2 + PE
    Total System Jitter     (TSJ):    0.071ns
    Total Input Jitter      (TIJ):    0.000ns
    Discrete Jitter          (DJ):    0.000ns
    Phase Error              (PE):    0.000ns

    Location             Delay type                Incr(ns)  Path(ns)    Netlist Resource(s)
  -------------------------------------------------------------------    -------------------
                         (clock sys_clk rise edge)    0.000     0.000 r  <hidden>
    Y18                                               0.000     0.000 r  clk
                         net (fo=0)                   0.000     0.000    clk
    Y18                  IBUF (Prop_ibuf_I_O)         1.453     1.453 r  clk_IBUF_inst/O
                         net (fo=1, routed)           1.827     3.280    clk_IBUF
    BUFGCTRL_X0Y0        BUFG (Prop_bufg_I_O)         0.081     3.361 r  clk_IBUF_BUFG_inst/O
                         net (fo=117, routed)         1.558     4.919    clk_IBUF_BUFG
    SLICE_X4Y116         FDCE                                         r  compare_active_reg[2]/C
  -------------------------------------------------------------------    -------------------
    SLICE_X4Y116         FDCE (Prop_fdce_C_Q)         0.379     5.298 f  compare_active_reg[2]/Q
                         net (fo=6, routed)           0.513     5.811    u_pwm/Q[0]
    SLICE_X5Y114         LUT1 (Prop_lut1_I0_O)        0.105     5.916 r  u_pwm/compare_value_reg[31]_i_58/O
                         net (fo=1, routed)           0.374     6.290    u_pwm/p_0_in[2]
    SLICE_X6Y116         CARRY4 (Prop_carry4_CYINIT_CO[3])
                                                      0.494     6.784 r  u_pwm/compare_value_reg_reg[31]_i_35/CO[3]
                         net (fo=1, routed)           0.000     6.784    u_pwm/compare_value_reg_reg[31]_i_35_n_0
    SLICE_X6Y117         CARRY4 (Prop_carry4_CI_CO[3])
                                                      0.100     6.884 r  u_pwm/compare_value_reg_reg[31]_i_16/CO[3]
                         net (fo=1, routed)           0.000     6.884    u_pwm/compare_value_reg_reg[31]_i_16_n_0
    SLICE_X6Y118         CARRY4 (Prop_carry4_CI_CO[3])
                                                      0.100     6.984 r  u_pwm/compare_value_reg_reg[31]_i_15/CO[3]
                         net (fo=1, routed)           0.000     6.984    u_pwm/compare_value_reg_reg[31]_i_15_n_0
    SLICE_X6Y119         CARRY4 (Prop_carry4_CI_CO[3])
                                                      0.100     7.084 r  u_pwm/compare_value_reg_reg[31]_i_28/CO[3]
                         net (fo=1, routed)           0.000     7.084    u_pwm/compare_value_reg_reg[31]_i_28_n_0
    SLICE_X6Y120         CARRY4 (Prop_carry4_CI_CO[3])
                                                      0.100     7.184 r  u_pwm/compare_value_reg_reg[31]_i_27/CO[3]
                         net (fo=1, routed)           0.000     7.184    u_pwm/compare_value_reg_reg[31]_i_27_n_0
    SLICE_X6Y121         CARRY4 (Prop_carry4_CI_CO[3])
                                                      0.100     7.284 r  u_pwm/compare_value_reg_reg[31]_i_26/CO[3]
                         net (fo=1, routed)           0.000     7.284    u_pwm/compare_value_reg_reg[31]_i_26_n_0
    SLICE_X6Y122         CARRY4 (Prop_carry4_CI_CO[3])
                                                      0.100     7.384 r  u_pwm/compare_value_reg_reg[31]_i_29/CO[3]
                         net (fo=1, routed)           0.000     7.384    u_pwm/compare_value_reg_reg[31]_i_29_n_0
    SLICE_X6Y123         CARRY4 (Prop_carry4_CI_O[0])
                                                      0.178     7.562 f  u_pwm/compare_value_reg_reg[31]_i_30/O[0]
                         net (fo=2, routed)           0.801     8.363    u_pwm/compare_command3[31]
    SLICE_X7Y122         LUT4 (Prop_lut4_I0_O)        0.252     8.615 r  u_pwm/compare_value_reg[31]_i_14/O
                         net (fo=1, routed)           0.518     9.133    u_pwm/compare_value_reg[31]_i_14_n_0
    SLICE_X7Y121         LUT4 (Prop_lut4_I3_O)        0.267     9.400 r  u_pwm/compare_value_reg[31]_i_4/O
                         net (fo=26, routed)          0.640    10.040    u_pwm/compare_value_reg[31]_i_4_n_0
    SLICE_X4Y124         LUT6 (Prop_lut6_I0_O)        0.105    10.145 f  u_pwm/compare_value_reg[29]_i_1/O
                         net (fo=3, routed)           1.048    11.193    u_pwm/compare_command[27]
    SLICE_X2Y122         LUT5 (Prop_lut5_I1_O)        0.105    11.298 f  u_pwm/pwm_out_reg_i_11/O
                         net (fo=2, routed)           0.784    12.082    u_pwm/compare_value_reg[28]_i_1_0
    SLICE_X1Y120         LUT6 (Prop_lut6_I1_O)        0.105    12.187 r  u_pwm/pwm_out_reg_i_5/O
                         net (fo=2, routed)           0.848    13.035    u_pwm/compare_active_reg[16]
    SLICE_X3Y115         LUT6 (Prop_lut6_I4_O)        0.105    13.140 r  u_pwm/pwm_out_reg_i_1/O
                         net (fo=1, routed)           0.000    13.140    u_pwm/pwm_out_reg_i_1_n_0
    SLICE_X3Y115         FDCE                                         r  u_pwm/pwm_out_reg_reg/D
  -------------------------------------------------------------------    -------------------

                         (clock sys_clk rise edge)   20.000    20.000 r  <hidden>
    Y18                                               0.000    20.000 r  clk
                         net (fo=0)                   0.000    20.000    clk
    Y18                  IBUF (Prop_ibuf_I_O)         1.387    21.387 r  clk_IBUF_inst/O
                         net (fo=1, routed)           1.734    23.121    clk_IBUF
    BUFGCTRL_X0Y0        BUFG (Prop_bufg_I_O)         0.077    23.198 r  clk_IBUF_BUFG_inst/O
                         net (fo=117, routed)         1.455    24.653    u_pwm/CLK
    SLICE_X3Y115         FDCE                                         r  u_pwm/pwm_out_reg_reg/C
                         clock pessimism              0.229    24.882    <hidden>
                         clock uncertainty           -0.035    24.846    <hidden>
    SLICE_X3Y115         FDCE (Setup_fdce_C_D)        0.030    24.876    u_pwm/pwm_out_reg_reg
  -------------------------------------------------------------------
                         required time                         24.876    <hidden>
                         arrival time                         -13.140    <hidden>
  -------------------------------------------------------------------
                         slack                                 11.737    <hidden>





Min Delay Paths
--------------------------------------------------------------------------------------
Slack (MET) :             0.159ns  (arrival time - required time)
  Source:                 reset_release_reg[0]/C
                            (rising edge-triggered cell FDCE clocked by sys_clk  {rise@0.000ns fall@10.000ns period=20.000ns})
  Destination:            reset_release_reg[1]/D
                            (rising edge-triggered cell FDCE clocked by sys_clk  {rise@0.000ns fall@10.000ns period=20.000ns})
  Path Group:             sys_clk
  Path Type:              Hold (Min at Fast Process Corner)
  Requirement:            0.000ns  (sys_clk rise@0.000ns - sys_clk rise@0.000ns)
  Data Path Delay:        0.219ns  (logic 0.164ns (74.792%)  route 0.055ns (25.208%))
  Logic Levels:           0
  Clock Path Skew:        0.000ns (DCD - SCD - CPR)
    Destination Clock Delay (DCD):    2.168ns
    Source Clock Delay      (SCD):    1.646ns
    Clock Pessimism Removal (CPR):    0.522ns

    Location             Delay type                Incr(ns)  Path(ns)    Netlist Resource(s)
  -------------------------------------------------------------------    -------------------
                         (clock sys_clk rise edge)    0.000     0.000 r  <hidden>
    Y18                                               0.000     0.000 r  clk
                         net (fo=0)                   0.000     0.000    clk
    Y18                  IBUF (Prop_ibuf_I_O)         0.289     0.289 r  clk_IBUF_inst/O
                         net (fo=1, routed)           0.690     0.980    clk_IBUF
    BUFGCTRL_X0Y0        BUFG (Prop_bufg_I_O)         0.026     1.006 r  clk_IBUF_BUFG_inst/O
                         net (fo=117, routed)         0.641     1.646    clk_IBUF_BUFG
    SLICE_X6Y125         FDCE                                         r  reset_release_reg[0]/C
  -------------------------------------------------------------------    -------------------
    SLICE_X6Y125         FDCE (Prop_fdce_C_Q)         0.164     1.810 r  reset_release_reg[0]/Q
                         net (fo=1, routed)           0.055     1.865    reset_release[0]
    SLICE_X6Y125         FDCE                                         r  reset_release_reg[1]/D
  -------------------------------------------------------------------    -------------------

                         (clock sys_clk rise edge)    0.000     0.000 r  <hidden>
    Y18                                               0.000     0.000 r  clk
                         net (fo=0)                   0.000     0.000    clk
    Y18                  IBUF (Prop_ibuf_I_O)         0.478     0.478 r  clk_IBUF_inst/O
                         net (fo=1, routed)           0.750     1.227    clk_IBUF
    BUFGCTRL_X0Y0        BUFG (Prop_bufg_I_O)         0.029     1.256 r  clk_IBUF_BUFG_inst/O
                         net (fo=117, routed)         0.912     2.168    clk_IBUF_BUFG
    SLICE_X6Y125         FDCE                                         r  reset_release_reg[1]/C
                         clock pessimism             -0.522     1.646    <hidden>
    SLICE_X6Y125         FDCE (Hold_fdce_C_D)         0.060     1.706    reset_release_reg[1]
  -------------------------------------------------------------------
                         required time                         -1.706    <hidden>
                         arrival time                           1.865    <hidden>
  -------------------------------------------------------------------
                         slack                                  0.159    <hidden>





Pulse Width Checks
--------------------------------------------------------------------------------------
Clock Name:         sys_clk
Waveform(ns):       { 0.000 10.000 }
Period(ns):         20.000
Sources:            { clk }

Check Type        Corner  Lib Pin  Reference Pin  Required(ns)  Actual(ns)  Slack(ns)  Location       Pin
Min Period        n/a     BUFG/I   n/a            1.592         20.000      18.408     BUFGCTRL_X0Y0  clk_IBUF_BUFG_inst/I
Low Pulse Width   Slow    FDPE/C   n/a            0.500         10.000      9.500      SLICE_X3Y118   brightening_reg/C
High Pulse Width  Slow    FDPE/C   n/a            0.500         10.000      9.500      SLICE_X3Y118   brightening_reg/C



---------------------------------------------------------------------------------------------------
Path Group:  **async_default**
From Clock:  sys_clk
  To Clock:  sys_clk

Setup :            0  Failing Endpoints,  Worst Slack       15.572ns,  Total Violation        0.000ns
Hold  :            0  Failing Endpoints,  Worst Slack        0.878ns,  Total Violation        0.000ns
---------------------------------------------------------------------------------------------------


Max Delay Paths
--------------------------------------------------------------------------------------
Slack (MET) :             15.572ns  (required time - arrival time)
  Source:                 reset_release_reg[1]/C
                            (rising edge-triggered cell FDCE clocked by sys_clk  {rise@0.000ns fall@10.000ns period=20.000ns})
  Destination:            compare_active_reg[24]/CLR
                            (recovery check against rising-edge clock sys_clk  {rise@0.000ns fall@10.000ns period=20.000ns})
  Path Group:             **async_default**
  Path Type:              Recovery (Max at Slow Process Corner)
  Requirement:            20.000ns  (sys_clk rise@20.000ns - sys_clk rise@0.000ns)
  Data Path Delay:        3.869ns  (logic 0.643ns (16.618%)  route 3.226ns (83.382%))
  Logic Levels:           1  (LUT1=1)
  Clock Path Skew:        -0.033ns (DCD - SCD + CPR)
    Destination Clock Delay (DCD):    4.647ns = ( 24.647 - 20.000 )
    Source Clock Delay      (SCD):    4.909ns
    Clock Pessimism Removal (CPR):    0.229ns
  Clock Uncertainty:      0.035ns  ((TSJ^2 + TIJ^2)^1/2 + DJ) / 2 + PE
    Total System Jitter     (TSJ):    0.071ns
    Total Input Jitter      (TIJ):    0.000ns
    Discrete Jitter          (DJ):    0.000ns
    Phase Error              (PE):    0.000ns

    Location             Delay type                Incr(ns)  Path(ns)    Netlist Resource(s)
  -------------------------------------------------------------------    -------------------
                         (clock sys_clk rise edge)    0.000     0.000 r  <hidden>
    Y18                                               0.000     0.000 r  clk
                         net (fo=0)                   0.000     0.000    clk
    Y18                  IBUF (Prop_ibuf_I_O)         1.453     1.453 r  clk_IBUF_inst/O
                         net (fo=1, routed)           1.827     3.280    clk_IBUF
    BUFGCTRL_X0Y0        BUFG (Prop_bufg_I_O)         0.081     3.361 r  clk_IBUF_BUFG_inst/O
                         net (fo=117, routed)         1.548     4.909    clk_IBUF_BUFG
    SLICE_X6Y125         FDCE                                         r  reset_release_reg[1]/C
  -------------------------------------------------------------------    -------------------
    SLICE_X6Y125         FDCE (Prop_fdce_C_Q)         0.398     5.307 r  reset_release_reg[1]/Q
                         net (fo=2, routed)           0.728     6.035    u_pwm/out[0]
    SLICE_X6Y124         LUT1 (Prop_lut1_I0_O)        0.245     6.280 f  u_pwm/period_set_reg[4]_i_2/O
                         net (fo=115, routed)         2.498     8.778    u_pwm_n_1
    SLICE_X3Y121         FDCE                                         f  compare_active_reg[24]/CLR
  -------------------------------------------------------------------    -------------------

                         (clock sys_clk rise edge)   20.000    20.000 r  <hidden>
    Y18                                               0.000    20.000 r  clk
                         net (fo=0)                   0.000    20.000    clk
    Y18                  IBUF (Prop_ibuf_I_O)         1.387    21.387 r  clk_IBUF_inst/O
                         net (fo=1, routed)           1.734    23.121    clk_IBUF
    BUFGCTRL_X0Y0        BUFG (Prop_bufg_I_O)         0.077    23.198 r  clk_IBUF_BUFG_inst/O
                         net (fo=117, routed)         1.449    24.647    clk_IBUF_BUFG
    SLICE_X3Y121         FDCE                                         r  compare_active_reg[24]/C
                         clock pessimism              0.229    24.876    <hidden>
                         clock uncertainty           -0.035    24.840    <hidden>
    SLICE_X3Y121         FDCE (Recov_fdce_C_CLR)     -0.490    24.350    compare_active_reg[24]
  -------------------------------------------------------------------
                         required time                         24.350    <hidden>
                         arrival time                          -8.778    <hidden>
  -------------------------------------------------------------------
                         slack                                 15.572    <hidden>





Min Delay Paths
--------------------------------------------------------------------------------------
Slack (MET) :             0.878ns  (arrival time - required time)
  Source:                 reset_release_reg[1]/C
                            (rising edge-triggered cell FDCE clocked by sys_clk  {rise@0.000ns fall@10.000ns period=20.000ns})
  Destination:            compare_active_reg[29]/CLR
                            (removal check against rising-edge clock sys_clk  {rise@0.000ns fall@10.000ns period=20.000ns})
  Path Group:             **async_default**
  Path Type:              Removal (Min at Fast Process Corner)
  Requirement:            0.000ns  (sys_clk rise@0.000ns - sys_clk rise@0.000ns)
  Data Path Delay:        0.758ns  (logic 0.245ns (32.320%)  route 0.513ns (67.680%))
  Logic Levels:           1  (LUT1=1)
  Clock Path Skew:        0.038ns (DCD - SCD - CPR)
    Destination Clock Delay (DCD):    2.169ns
    Source Clock Delay      (SCD):    1.646ns
    Clock Pessimism Removal (CPR):    0.485ns

    Location             Delay type                Incr(ns)  Path(ns)    Netlist Resource(s)
  -------------------------------------------------------------------    -------------------
                         (clock sys_clk rise edge)    0.000     0.000 r  <hidden>
    Y18                                               0.000     0.000 r  clk
                         net (fo=0)                   0.000     0.000    clk
    Y18                  IBUF (Prop_ibuf_I_O)         0.289     0.289 r  clk_IBUF_inst/O
                         net (fo=1, routed)           0.690     0.980    clk_IBUF
    BUFGCTRL_X0Y0        BUFG (Prop_bufg_I_O)         0.026     1.006 r  clk_IBUF_BUFG_inst/O
                         net (fo=117, routed)         0.641     1.646    clk_IBUF_BUFG
    SLICE_X6Y125         FDCE                                         r  reset_release_reg[1]/C
  -------------------------------------------------------------------    -------------------
    SLICE_X6Y125         FDCE (Prop_fdce_C_Q)         0.148     1.794 r  reset_release_reg[1]/Q
                         net (fo=2, routed)           0.336     2.130    u_pwm/out[0]
    SLICE_X6Y124         LUT1 (Prop_lut1_I0_O)        0.097     2.227 f  u_pwm/period_set_reg[4]_i_2/O
                         net (fo=115, routed)         0.177     2.404    u_pwm_n_1
    SLICE_X4Y123         FDCE                                         f  compare_active_reg[29]/CLR
  -------------------------------------------------------------------    -------------------

                         (clock sys_clk rise edge)    0.000     0.000 r  <hidden>
    Y18                                               0.000     0.000 r  clk
                         net (fo=0)                   0.000     0.000    clk
    Y18                  IBUF (Prop_ibuf_I_O)         0.478     0.478 r  clk_IBUF_inst/O
                         net (fo=1, routed)           0.750     1.227    clk_IBUF
    BUFGCTRL_X0Y0        BUFG (Prop_bufg_I_O)         0.029     1.256 r  clk_IBUF_BUFG_inst/O
                         net (fo=117, routed)         0.913     2.169    clk_IBUF_BUFG
    SLICE_X4Y123         FDCE                                         r  compare_active_reg[29]/C
                         clock pessimism             -0.485     1.684    <hidden>
    SLICE_X4Y123         FDCE (Remov_fdce_C_CLR)     -0.158     1.526    compare_active_reg[29]
  -------------------------------------------------------------------
                         required time                         -1.526    <hidden>
                         arrival time                           2.404    <hidden>
  -------------------------------------------------------------------
                         slack                                  0.878    <hidden>





--------------------------------------------------------------------------------------
Path Group:  (none)
From Clock:
  To Clock:  sys_clk

Max Delay             2 Endpoints
Min Delay             2 Endpoints
--------------------------------------------------------------------------------------


Max Delay Paths
--------------------------------------------------------------------------------------
Slack:                    inf
  Source:                 key2_n
                            (input port)
  Destination:            reset_release_reg[0]/CLR
                            (recovery check against rising-edge clock sys_clk  {rise@0.000ns fall@10.000ns period=20.000ns})
  Path Group:             (none)
  Path Type:              Recovery (Max at Slow Process Corner)
  Data Path Delay:        3.171ns  (logic 1.546ns (48.754%)  route 1.625ns (51.246%))
  Logic Levels:           2  (IBUF=1 LUT1=1)
  Clock Path Skew:        4.641ns (DCD - SCD + CPR)
    Destination Clock Delay (DCD):    4.641ns
    Source Clock Delay      (SCD):    0.000ns
    Clock Pessimism Removal (CPR):    0.000ns
  Clock Uncertainty:      0.025ns  ((TSJ^2 + TIJ^2)^1/2 + DJ) / 2 + PE
    Total System Jitter     (TSJ):    0.050ns
    Total Input Jitter      (TIJ):    0.000ns
    Discrete Jitter          (DJ):    0.000ns
    Phase Error              (PE):    0.000ns
  Timing Exception:       False Path

    Location             Delay type                Incr(ns)  Path(ns)    Netlist Resource(s)
  -------------------------------------------------------------------    -------------------
    V17                                               0.000     0.000 r  key2_n
                         net (fo=0)                   0.000     0.000    key2_n
    V17                  IBUF (Prop_ibuf_I_O)         1.441     1.441 r  key2_n_IBUF_inst/O
                         net (fo=1, routed)           1.223     2.664    key2_n_IBUF
    SLICE_X6Y125         LUT1 (Prop_lut1_I0_O)        0.105     2.769 f  reset_release[1]_i_1/O
                         net (fo=2, routed)           0.402     3.171    reset_release[1]_i_1_n_0
    SLICE_X6Y125         FDCE                                         f  reset_release_reg[0]/CLR
  -------------------------------------------------------------------    -------------------

                         (clock sys_clk rise edge)    0.000     0.000 r  <hidden>
    Y18                                               0.000     0.000 r  clk
                         net (fo=0)                   0.000     0.000    clk
    Y18                  IBUF (Prop_ibuf_I_O)         1.387     1.387 r  clk_IBUF_inst/O
                         net (fo=1, routed)           1.734     3.121    clk_IBUF
    BUFGCTRL_X0Y0        BUFG (Prop_bufg_I_O)         0.077     3.198 r  clk_IBUF_BUFG_inst/O
                         net (fo=117, routed)         1.443     4.641    clk_IBUF_BUFG
    SLICE_X6Y125         FDCE                                         r  reset_release_reg[0]/C





Min Delay Paths
--------------------------------------------------------------------------------------
Slack:                    inf
  Source:                 key2_n
                            (input port)
  Destination:            reset_release_reg[0]/CLR
                            (removal check against rising-edge clock sys_clk  {rise@0.000ns fall@10.000ns period=20.000ns})
  Path Group:             (none)
  Path Type:              Removal (Min at Fast Process Corner)
  Data Path Delay:        1.066ns  (logic 0.323ns (30.273%)  route 0.743ns (69.727%))
  Logic Levels:           2  (IBUF=1 LUT1=1)
  Clock Path Skew:        2.168ns (DCD - SCD - CPR)
    Destination Clock Delay (DCD):    2.168ns
    Source Clock Delay      (SCD):    0.000ns
    Clock Pessimism Removal (CPR):    -0.000ns
  Timing Exception:       False Path

    Location             Delay type                Incr(ns)  Path(ns)    Netlist Resource(s)
  -------------------------------------------------------------------    -------------------
    V17                                               0.000     0.000 r  key2_n
                         net (fo=0)                   0.000     0.000    key2_n
    V17                  IBUF (Prop_ibuf_I_O)         0.278     0.278 r  key2_n_IBUF_inst/O
                         net (fo=1, routed)           0.573     0.851    key2_n_IBUF
    SLICE_X6Y125         LUT1 (Prop_lut1_I0_O)        0.045     0.896 f  reset_release[1]_i_1/O
                         net (fo=2, routed)           0.170     1.066    reset_release[1]_i_1_n_0
    SLICE_X6Y125         FDCE                                         f  reset_release_reg[0]/CLR
  -------------------------------------------------------------------    -------------------

                         (clock sys_clk rise edge)    0.000     0.000 r  <hidden>
    Y18                                               0.000     0.000 r  clk
                         net (fo=0)                   0.000     0.000    clk
    Y18                  IBUF (Prop_ibuf_I_O)         0.478     0.478 r  clk_IBUF_inst/O
                         net (fo=1, routed)           0.750     1.227    clk_IBUF
    BUFGCTRL_X0Y0        BUFG (Prop_bufg_I_O)         0.029     1.256 r  clk_IBUF_BUFG_inst/O
                         net (fo=117, routed)         0.912     2.168    clk_IBUF_BUFG
    SLICE_X6Y125         FDCE                                         r  reset_release_reg[0]/C





--------------------------------------------------------------------------------------
Path Group:  (none)
From Clock:  sys_clk
  To Clock:

Max Delay             1 Endpoint
Min Delay             1 Endpoint
--------------------------------------------------------------------------------------


Max Delay Paths
--------------------------------------------------------------------------------------
Slack:                    inf
  Source:                 u_pwm/pwm_out_reg_reg/C
                            (rising edge-triggered cell FDCE clocked by sys_clk  {rise@0.000ns fall@10.000ns period=20.000ns})
  Destination:            led1
                            (output port)
  Path Group:             (none)
  Path Type:              Max at Slow Process Corner
  Data Path Delay:        5.078ns  (logic 3.700ns (72.855%)  route 1.379ns (27.145%))
  Logic Levels:           1  (OBUF=1)
  Clock Uncertainty:      0.025ns  ((TSJ^2 + TIJ^2)^1/2 + DJ) / 2 + PE
    Total System Jitter     (TSJ):    0.050ns
    Total Input Jitter      (TIJ):    0.000ns
    Discrete Jitter          (DJ):    0.000ns
    Phase Error              (PE):    0.000ns

    Location             Delay type                Incr(ns)  Path(ns)    Netlist Resource(s)
  -------------------------------------------------------------------    -------------------
                         (clock sys_clk rise edge)    0.000     0.000 r  <hidden>
    Y18                                               0.000     0.000 r  clk
                         net (fo=0)                   0.000     0.000    clk
    Y18                  IBUF (Prop_ibuf_I_O)         1.453     1.453 r  clk_IBUF_inst/O
                         net (fo=1, routed)           1.827     3.280    clk_IBUF
    BUFGCTRL_X0Y0        BUFG (Prop_bufg_I_O)         0.081     3.361 r  clk_IBUF_BUFG_inst/O
                         net (fo=117, routed)         1.561     4.922    u_pwm/CLK
    SLICE_X3Y115         FDCE                                         r  u_pwm/pwm_out_reg_reg/C
  -------------------------------------------------------------------    -------------------
    SLICE_X3Y115         FDCE (Prop_fdce_C_Q)         0.379     5.301 r  u_pwm/pwm_out_reg_reg/Q
                         net (fo=1, routed)           1.379     6.679    led1_OBUF
    AA18                 OBUF (Prop_obuf_I_O)         3.321    10.000 r  led1_OBUF_inst/O
                         net (fo=0)                   0.000    10.000    led1
    AA18                                                              r  led1
  -------------------------------------------------------------------    -------------------





Min Delay Paths
--------------------------------------------------------------------------------------
Slack:                    inf
  Source:                 u_pwm/pwm_out_reg_reg/C
                            (rising edge-triggered cell FDCE clocked by sys_clk  {rise@0.000ns fall@10.000ns period=20.000ns})
  Destination:            led1
                            (output port)
  Path Group:             (none)
  Path Type:              Min at Fast Process Corner
  Data Path Delay:        1.735ns  (logic 1.417ns (81.644%)  route 0.319ns (18.356%))
  Logic Levels:           1  (OBUF=1)
  Clock Uncertainty:      0.025ns  ((TSJ^2 + TIJ^2)^1/2 + DJ) / 2 + PE
    Total System Jitter     (TSJ):    0.050ns
    Total Input Jitter      (TIJ):    0.000ns
    Discrete Jitter          (DJ):    0.000ns
    Phase Error              (PE):    0.000ns

    Location             Delay type                Incr(ns)  Path(ns)    Netlist Resource(s)
  -------------------------------------------------------------------    -------------------
                         (clock sys_clk rise edge)    0.000     0.000 r  <hidden>
    Y18                                               0.000     0.000 r  clk
                         net (fo=0)                   0.000     0.000    clk
    Y18                  IBUF (Prop_ibuf_I_O)         0.289     0.289 r  clk_IBUF_inst/O
                         net (fo=1, routed)           0.690     0.980    clk_IBUF
    BUFGCTRL_X0Y0        BUFG (Prop_bufg_I_O)         0.026     1.006 r  clk_IBUF_BUFG_inst/O
                         net (fo=117, routed)         0.651     1.656    u_pwm/CLK
    SLICE_X3Y115         FDCE                                         r  u_pwm/pwm_out_reg_reg/C
  -------------------------------------------------------------------    -------------------
    SLICE_X3Y115         FDCE (Prop_fdce_C_Q)         0.141     1.797 r  u_pwm/pwm_out_reg_reg/Q
                         net (fo=1, routed)           0.319     2.116    led1_OBUF
    AA18                 OBUF (Prop_obuf_I_O)         1.276     3.392 r  led1_OBUF_inst/O
                         net (fo=0)                   0.000     3.392    led1
    AA18                                                              r  led1
  -------------------------------------------------------------------    -------------------
