Copyright 1986-2022 Xilinx, Inc. All Rights Reserved. Copyright 2022-2026 Advanced Micro Devices, Inc. All Rights Reserved.
---------------------------------------------------------------------------------------------------------------------------------------------
| Tool Version : Vivado v.2026.1 (win64) Build 6511674 Tue Jun 16 11:02:23 MDT 2026
| Date         : Sun Sep 20 16:28:19 2026
| Host         : DependOnOMEN16 running 64-bit major release  (build 9200)
| Command      : check_timing -verbose -file D:/Project/FPGA_XC7A200T/docs/reports/step6e/final01/check_timing.rpt
| Design       : mc_foc_gate_top
| Device       : 7a200t-fbg484
| Speed File   : -2  PRODUCTION 1.23 2018-06-13
| Design State : Routed
---------------------------------------------------------------------------------------------------------------------------------------------


check_timing report

Table of Contents
-----------------
1. checking no_clock (0)
2. checking constant_clock (0)
3. checking pulse_width_clock (0)
4. checking unconstrained_internal_endpoints (0)
5. checking no_input_delay (199)
6. checking no_output_delay (12)
7. checking multiple_clock (0)
8. checking generated_clocks (0)
9. checking loops (0)
10. checking partial_input_delay (0)
11. checking partial_output_delay (0)
12. checking latch_loops (0)

1. checking no_clock (0)
------------------------
 There are 0 register/latch pins with no clock.


2. checking constant_clock (0)
------------------------------
 There are 0 register/latch pins with constant_clock.


3. checking pulse_width_clock (0)
---------------------------------
 There are 0 register/latch pins which need pulse_width check


4. checking unconstrained_internal_endpoints (0)
------------------------------------------------
 There are 0 pins that are not constrained for maximum delay.

 There are 0 pins that are not constrained for maximum delay due to constant clock.


5. checking no_input_delay (199)
--------------------------------
 There are 199 input ports with no input delay specified. (HIGH)

ia[0]
ia[10]
ia[11]
ia[12]
ia[13]
ia[14]
ia[15]
ia[16]
ia[17]
ia[18]
ia[19]
ia[1]
ia[20]
ia[21]
ia[22]
ia[23]
ia[2]
ia[3]
ia[4]
ia[5]
ia[6]
ia[7]
ia[8]
ia[9]
ib[0]
ib[10]
ib[11]
ib[12]
ib[13]
ib[14]
ib[15]
ib[16]
ib[17]
ib[18]
ib[19]
ib[1]
ib[20]
ib[21]
ib[22]
ib[23]
ib[2]
ib[3]
ib[4]
ib[5]
ib[6]
ib[7]
ib[8]
ib[9]
ic[0]
ic[10]
ic[11]
ic[12]
ic[13]
ic[14]
ic[15]
ic[16]
ic[17]
ic[18]
ic[19]
ic[1]
ic[20]
ic[21]
ic[22]
ic[23]
ic[2]
ic[3]
ic[4]
ic[5]
ic[6]
ic[7]
ic[8]
ic[9]
id_ref[0]
id_ref[10]
id_ref[11]
id_ref[12]
id_ref[13]
id_ref[14]
id_ref[15]
id_ref[16]
id_ref[17]
id_ref[18]
id_ref[19]
id_ref[1]
id_ref[20]
id_ref[21]
id_ref[22]
id_ref[23]
id_ref[24]
id_ref[2]
id_ref[3]
id_ref[4]
id_ref[5]
id_ref[6]
id_ref[7]
id_ref[8]
id_ref[9]
iq_ref[0]
iq_ref[10]
iq_ref[11]
iq_ref[12]
iq_ref[13]
iq_ref[14]
iq_ref[15]
iq_ref[16]
iq_ref[17]
iq_ref[18]
iq_ref[19]
iq_ref[1]
iq_ref[20]
iq_ref[21]
iq_ref[22]
iq_ref[23]
iq_ref[24]
iq_ref[2]
iq_ref[3]
iq_ref[4]
iq_ref[5]
iq_ref[6]
iq_ref[7]
iq_ref[8]
iq_ref[9]
pi_reset
reset_n
run_enable
sample_valid
theta_e[10]
theta_e[11]
theta_e[12]
theta_e[13]
theta_e[14]
theta_e[15]
theta_e[2]
theta_e[3]
theta_e[4]
theta_e[5]
theta_e[6]
theta_e[7]
theta_e[8]
theta_e[9]
trip_req
uq_zero_en
vdc[0]
vdc[10]
vdc[11]
vdc[12]
vdc[13]
vdc[14]
vdc[15]
vdc[16]
vdc[17]
vdc[18]
vdc[19]
vdc[1]
vdc[20]
vdc[21]
vdc[22]
vdc[23]
vdc[24]
vdc[2]
vdc[3]
vdc[4]
vdc[5]
vdc[6]
vdc[7]
vdc[8]
vdc[9]
we[0]
we[10]
we[11]
we[12]
we[13]
we[14]
we[15]
we[16]
we[17]
we[18]
we[19]
we[1]
we[20]
we[21]
we[22]
we[23]
we[24]
we[25]
we[26]
we[27]
we[28]
we[29]
we[2]
we[30]
we[31]
we[3]
we[4]
we[5]
we[6]
we[7]
we[8]
we[9]

 There are 0 input ports with no input delay but user has a false path constraint.


6. checking no_output_delay (12)
--------------------------------
 There are 12 ports with no output delay specified. (HIGH)

fault_code[0]
fault_code[1]
gate_uh
gate_ul
gate_vh
gate_vl
gate_wh
gate_wl
needs_reset
sample_ready
sample_request
trip_latched

 There are 0 ports with no output delay but user has a false path constraint

 There are 0 ports with no output delay but with a timing clock defined on it or propagating through it


7. checking multiple_clock (0)
------------------------------
 There are 0 register/latch pins with multiple clocks.


8. checking generated_clocks (0)
--------------------------------
 There are 0 generated clocks that are not connected to a clock source.


9. checking loops (0)
---------------------
 There are 0 combinational loops in the design.


10. checking partial_input_delay (0)
------------------------------------
 There are 0 input ports with partial input delay specified.


11. checking partial_output_delay (0)
-------------------------------------
 There are 0 ports with partial output delay specified.


12. checking latch_loops (0)
----------------------------
 There are 0 combinational latch loops in the design through latch input
