Copyright 1986-2022 Xilinx, Inc. All Rights Reserved. Copyright 2022-2026 Advanced Micro Devices, Inc. All Rights Reserved.
---------------------------------------------------------------------------------------------------------------------------------------------
| Tool Version : Vivado v.2026.1 (win64) Build 6511674 Tue Jun 16 11:02:23 MDT 2026
| Date         : Sun Sep 20 16:28:19 2026
| Host         : DependOnOMEN16 running 64-bit major release  (build 9200)
| Command      : report_timing -delay_type max -max_paths 5 -file D:/Project/FPGA_XC7A200T/docs/reports/step6e/final01/setup_paths.rpt
| Design       : mc_foc_gate_top
| Device       : 7a200t-fbg484
| Speed File   : -2  PRODUCTION 1.23 2018-06-13
| Design State : Routed
---------------------------------------------------------------------------------------------------------------------------------------------

Timing Report

Slack (MET) :             2.257ns  (required time - arrival time)
  Source:                 control/foc/svpwm/divider_denominator_reg[29]/C
                            (rising edge-triggered cell FDCE clocked by sys_clk  {rise@0.000ns fall@10.000ns period=20.000ns})
  Destination:            control/foc/svpwm/t1_debug_reg[1]/CE
                            (rising edge-triggered cell FDCE clocked by sys_clk  {rise@0.000ns fall@10.000ns period=20.000ns})
  Path Group:             sys_clk
  Path Type:              Setup (Max at Slow Process Corner)
  Requirement:            20.000ns  (sys_clk rise@20.000ns - sys_clk rise@0.000ns)
  Data Path Delay:        17.574ns  (logic 10.770ns (61.284%)  route 6.804ns (38.716%))
  Logic Levels:           24  (CARRY4=16 DSP48E1=3 LUT2=1 LUT3=1 LUT4=2 LUT5=1)
  Clock Path Skew:        0.034ns (DCD - SCD + CPR)
    Destination Clock Delay (DCD):    4.465ns = ( 24.465 - 20.000 )
    Source Clock Delay      (SCD):    4.745ns
    Clock Pessimism Removal (CPR):    0.314ns
  Clock Uncertainty:      0.035ns  ((TSJ^2 + TIJ^2)^1/2 + DJ) / 2 + PE
    Total System Jitter     (TSJ):    0.071ns
    Total Input Jitter      (TIJ):    0.000ns
    Discrete Jitter          (DJ):    0.000ns
    Phase Error              (PE):    0.000ns

    Location             Delay type                Incr(ns)  Path(ns)    Netlist Resource(s)
  -------------------------------------------------------------------    -------------------
                         (clock sys_clk rise edge)    0.000     0.000 r  <hidden>
    Y11                                               0.000     0.000 r  clk
                         net (fo=0)                   0.000     0.000    clk
    Y11                  IBUF (Prop_ibuf_I_O)         0.938     0.938 r  clk_IBUF_inst/O
                         net (fo=1, routed)           2.100     3.038    clk_IBUF
    BUFGCTRL_X0Y0        BUFG (Prop_bufg_I_O)         0.081     3.119 r  clk_IBUF_BUFG_inst/O
                         net (fo=8547, routed)        1.626     4.745    control/foc/svpwm/clk_IBUF_BUFG
    SLICE_X32Y66         FDCE                                         r  control/foc/svpwm/divider_denominator_reg[29]/C
  -------------------------------------------------------------------    -------------------
    SLICE_X32Y66         FDCE (Prop_fdce_C_Q)         0.379     5.124 r  control/foc/svpwm/divider_denominator_reg[29]/Q
                         net (fo=22, routed)          1.577     6.701    control/foc/svpwm/divider_denominator[29]
    DSP48_X0Y30          DSP48E1 (Prop_dsp48e1_A[12]_PCOUT[47])
                                                      3.397    10.098 r  control/foc/svpwm/t_stage_valid4__11/PCOUT[47]
                         net (fo=1, routed)           0.002    10.100    control/foc/svpwm/t_stage_valid4__11_n_106
    DSP48_X0Y31          DSP48E1 (Prop_dsp48e1_PCIN[47]_PCOUT[47])
                                                      1.438    11.538 r  control/foc/svpwm/t_stage_valid4__12/PCOUT[47]
                         net (fo=1, routed)           0.002    11.540    control/foc/svpwm/t_stage_valid4__12_n_106
    DSP48_X0Y32          DSP48E1 (Prop_dsp48e1_PCIN[47]_P[6])
                                                      1.271    12.811 r  control/foc/svpwm/t_stage_valid4__13/P[6]
                         net (fo=2, routed)           0.957    13.768    control/foc/svpwm/t_stage_valid4__13_n_99
    SLICE_X11Y76         LUT3 (Prop_lut3_I1_O)        0.124    13.892 r  control/foc/svpwm/t_stage_valid_i_578/O
                         net (fo=2, routed)           0.695    14.586    control/foc/svpwm/t_stage_valid_i_578_n_0
    SLICE_X11Y76         LUT4 (Prop_lut4_I3_O)        0.267    14.853 r  control/foc/svpwm/t_stage_valid_i_582/O
                         net (fo=1, routed)           0.000    14.853    control/foc/svpwm/t_stage_valid_i_582_n_0
    SLICE_X11Y76         CARRY4 (Prop_carry4_S[1]_CO[3])
                                                      0.457    15.310 r  control/foc/svpwm/t_stage_valid_reg_i_437/CO[3]
                         net (fo=1, routed)           0.000    15.310    control/foc/svpwm/t_stage_valid_reg_i_437_n_0
    SLICE_X11Y77         CARRY4 (Prop_carry4_CI_CO[3])
                                                      0.098    15.408 r  control/foc/svpwm/t_stage_valid_reg_i_436/CO[3]
                         net (fo=1, routed)           0.000    15.408    control/foc/svpwm/t_stage_valid_reg_i_436_n_0
    SLICE_X11Y78         CARRY4 (Prop_carry4_CI_CO[3])
                                                      0.098    15.506 r  control/foc/svpwm/t_stage_valid_reg_i_435/CO[3]
                         net (fo=1, routed)           0.000    15.506    control/foc/svpwm/t_stage_valid_reg_i_435_n_0
    SLICE_X11Y79         CARRY4 (Prop_carry4_CI_CO[3])
                                                      0.098    15.604 r  control/foc/svpwm/t_stage_valid_reg_i_319/CO[3]
                         net (fo=1, routed)           0.000    15.604    control/foc/svpwm/t_stage_valid_reg_i_319_n_0
    SLICE_X11Y80         CARRY4 (Prop_carry4_CI_CO[3])
                                                      0.098    15.702 r  control/foc/svpwm/t_stage_valid_reg_i_318/CO[3]
                         net (fo=1, routed)           0.000    15.702    control/foc/svpwm/t_stage_valid_reg_i_318_n_0
    SLICE_X11Y81         CARRY4 (Prop_carry4_CI_CO[3])
                                                      0.098    15.800 r  control/foc/svpwm/t_stage_valid_reg_i_317/CO[3]
                         net (fo=1, routed)           0.000    15.800    control/foc/svpwm/t_stage_valid_reg_i_317_n_0
    SLICE_X11Y82         CARRY4 (Prop_carry4_CI_CO[3])
                                                      0.098    15.898 r  control/foc/svpwm/t_stage_valid_reg_i_215/CO[3]
                         net (fo=1, routed)           0.000    15.898    control/foc/svpwm/t_stage_valid_reg_i_215_n_0
    SLICE_X11Y83         CARRY4 (Prop_carry4_CI_CO[3])
                                                      0.098    15.996 r  control/foc/svpwm/t_stage_valid_reg_i_214/CO[3]
                         net (fo=1, routed)           0.000    15.996    control/foc/svpwm/t_stage_valid_reg_i_214_n_0
    SLICE_X11Y84         CARRY4 (Prop_carry4_CI_CO[3])
                                                      0.098    16.094 r  control/foc/svpwm/t_stage_valid_reg_i_213/CO[3]
                         net (fo=1, routed)           0.000    16.094    control/foc/svpwm/t_stage_valid_reg_i_213_n_0
    SLICE_X11Y85         CARRY4 (Prop_carry4_CI_CO[3])
                                                      0.098    16.192 r  control/foc/svpwm/t_stage_valid_reg_i_133/CO[3]
                         net (fo=1, routed)           0.000    16.192    control/foc/svpwm/t_stage_valid_reg_i_133_n_0
    SLICE_X11Y86         CARRY4 (Prop_carry4_CI_CO[3])
                                                      0.098    16.290 r  control/foc/svpwm/t_stage_valid_reg_i_132/CO[3]
                         net (fo=1, routed)           0.000    16.290    control/foc/svpwm/t_stage_valid_reg_i_132_n_0
    SLICE_X11Y87         CARRY4 (Prop_carry4_CI_CO[3])
                                                      0.098    16.388 r  control/foc/svpwm/t_stage_valid_reg_i_131/CO[3]
                         net (fo=1, routed)           0.000    16.388    control/foc/svpwm/t_stage_valid_reg_i_131_n_0
    SLICE_X11Y88         CARRY4 (Prop_carry4_CI_O[0])
                                                      0.180    16.568 r  control/foc/svpwm/t_stage_valid_reg_i_76/O[0]
                         net (fo=1, routed)           0.373    16.941    control/foc/svpwm/t_stage_valid_reg_i_76_n_7
    SLICE_X9Y88          CARRY4 (Prop_carry4_S[1]_CO[3])
                                                      0.706    17.647 r  control/foc/svpwm/t_stage_valid_reg_i_72/CO[3]
                         net (fo=1, routed)           0.000    17.647    control/foc/svpwm/t_stage_valid_reg_i_72_n_0
    SLICE_X9Y89          CARRY4 (Prop_carry4_CI_O[3])
                                                      0.260    17.907 f  control/foc/svpwm/t_stage_valid_reg_i_32/O[3]
                         net (fo=1, routed)           0.932    18.839    control/foc/svpwm/reconstructed_numerator_a[111]
    SLICE_X10Y77         LUT2 (Prop_lut2_I0_O)        0.257    19.096 r  control/foc/svpwm/t_stage_valid_i_10/O
                         net (fo=1, routed)           0.000    19.096    control/foc/svpwm/t_stage_valid_i_10_n_0
    SLICE_X10Y77         CARRY4 (Prop_carry4_S[1]_CO[1])
                                                      0.409    19.505 f  control/foc/svpwm/t_stage_valid_reg_i_3/CO[1]
                         net (fo=4, routed)           0.817    20.322    control/foc/svpwm/t_stage_valid21_out
    SLICE_X23Y81         LUT5 (Prop_lut5_I3_O)        0.280    20.602 r  control/foc/svpwm/t_stage_valid_i_1/O
                         net (fo=2, routed)           0.235    20.837    control/foc/svpwm/t_stage_valid22_out
    SLICE_X23Y82         LUT4 (Prop_lut4_I0_O)        0.267    21.104 r  control/foc/svpwm/t1_debug[33]_i_1/O
                         net (fo=68, routed)          1.215    22.319    control/foc/svpwm/t1_debug[33]_i_1_n_0
    SLICE_X7Y70          FDCE                                         r  control/foc/svpwm/t1_debug_reg[1]/CE
  -------------------------------------------------------------------    -------------------

                         (clock sys_clk rise edge)   20.000    20.000 r  <hidden>
    Y11                                               0.000    20.000 r  clk
                         net (fo=0)                   0.000    20.000    clk
    Y11                  IBUF (Prop_ibuf_I_O)         0.807    20.807 r  clk_IBUF_inst/O
                         net (fo=1, routed)           1.994    22.801    clk_IBUF
    BUFGCTRL_X0Y0        BUFG (Prop_bufg_I_O)         0.077    22.878 r  clk_IBUF_BUFG_inst/O
                         net (fo=8547, routed)        1.587    24.465    control/foc/svpwm/clk_IBUF_BUFG
    SLICE_X7Y70          FDCE                                         r  control/foc/svpwm/t1_debug_reg[1]/C
                         clock pessimism              0.314    24.779    <hidden>
                         clock uncertainty           -0.035    24.744    <hidden>
    SLICE_X7Y70          FDCE (Setup_fdce_C_CE)      -0.168    24.576    control/foc/svpwm/t1_debug_reg[1]
  -------------------------------------------------------------------
                         required time                         24.576    <hidden>
                         arrival time                         -22.319    <hidden>
  -------------------------------------------------------------------
                         slack                                  2.257    <hidden>

Slack (MET) :             2.257ns  (required time - arrival time)
  Source:                 control/foc/svpwm/divider_denominator_reg[29]/C
                            (rising edge-triggered cell FDCE clocked by sys_clk  {rise@0.000ns fall@10.000ns period=20.000ns})
  Destination:            control/foc/svpwm/t1_debug_reg[2]/CE
                            (rising edge-triggered cell FDCE clocked by sys_clk  {rise@0.000ns fall@10.000ns period=20.000ns})
  Path Group:             sys_clk
  Path Type:              Setup (Max at Slow Process Corner)
  Requirement:            20.000ns  (sys_clk rise@20.000ns - sys_clk rise@0.000ns)
  Data Path Delay:        17.574ns  (logic 10.770ns (61.284%)  route 6.804ns (38.716%))
  Logic Levels:           24  (CARRY4=16 DSP48E1=3 LUT2=1 LUT3=1 LUT4=2 LUT5=1)
  Clock Path Skew:        0.034ns (DCD - SCD + CPR)
    Destination Clock Delay (DCD):    4.465ns = ( 24.465 - 20.000 )
    Source Clock Delay      (SCD):    4.745ns
    Clock Pessimism Removal (CPR):    0.314ns
  Clock Uncertainty:      0.035ns  ((TSJ^2 + TIJ^2)^1/2 + DJ) / 2 + PE
    Total System Jitter     (TSJ):    0.071ns
    Total Input Jitter      (TIJ):    0.000ns
    Discrete Jitter          (DJ):    0.000ns
    Phase Error              (PE):    0.000ns

    Location             Delay type                Incr(ns)  Path(ns)    Netlist Resource(s)
  -------------------------------------------------------------------    -------------------
                         (clock sys_clk rise edge)    0.000     0.000 r  <hidden>
    Y11                                               0.000     0.000 r  clk
                         net (fo=0)                   0.000     0.000    clk
    Y11                  IBUF (Prop_ibuf_I_O)         0.938     0.938 r  clk_IBUF_inst/O
                         net (fo=1, routed)           2.100     3.038    clk_IBUF
    BUFGCTRL_X0Y0        BUFG (Prop_bufg_I_O)         0.081     3.119 r  clk_IBUF_BUFG_inst/O
                         net (fo=8547, routed)        1.626     4.745    control/foc/svpwm/clk_IBUF_BUFG
    SLICE_X32Y66         FDCE                                         r  control/foc/svpwm/divider_denominator_reg[29]/C
  -------------------------------------------------------------------    -------------------
    SLICE_X32Y66         FDCE (Prop_fdce_C_Q)         0.379     5.124 r  control/foc/svpwm/divider_denominator_reg[29]/Q
                         net (fo=22, routed)          1.577     6.701    control/foc/svpwm/divider_denominator[29]
    DSP48_X0Y30          DSP48E1 (Prop_dsp48e1_A[12]_PCOUT[47])
                                                      3.397    10.098 r  control/foc/svpwm/t_stage_valid4__11/PCOUT[47]
                         net (fo=1, routed)           0.002    10.100    control/foc/svpwm/t_stage_valid4__11_n_106
    DSP48_X0Y31          DSP48E1 (Prop_dsp48e1_PCIN[47]_PCOUT[47])
                                                      1.438    11.538 r  control/foc/svpwm/t_stage_valid4__12/PCOUT[47]
                         net (fo=1, routed)           0.002    11.540    control/foc/svpwm/t_stage_valid4__12_n_106
    DSP48_X0Y32          DSP48E1 (Prop_dsp48e1_PCIN[47]_P[6])
                                                      1.271    12.811 r  control/foc/svpwm/t_stage_valid4__13/P[6]
                         net (fo=2, routed)           0.957    13.768    control/foc/svpwm/t_stage_valid4__13_n_99
    SLICE_X11Y76         LUT3 (Prop_lut3_I1_O)        0.124    13.892 r  control/foc/svpwm/t_stage_valid_i_578/O
                         net (fo=2, routed)           0.695    14.586    control/foc/svpwm/t_stage_valid_i_578_n_0
    SLICE_X11Y76         LUT4 (Prop_lut4_I3_O)        0.267    14.853 r  control/foc/svpwm/t_stage_valid_i_582/O
                         net (fo=1, routed)           0.000    14.853    control/foc/svpwm/t_stage_valid_i_582_n_0
    SLICE_X11Y76         CARRY4 (Prop_carry4_S[1]_CO[3])
                                                      0.457    15.310 r  control/foc/svpwm/t_stage_valid_reg_i_437/CO[3]
                         net (fo=1, routed)           0.000    15.310    control/foc/svpwm/t_stage_valid_reg_i_437_n_0
    SLICE_X11Y77         CARRY4 (Prop_carry4_CI_CO[3])
                                                      0.098    15.408 r  control/foc/svpwm/t_stage_valid_reg_i_436/CO[3]
                         net (fo=1, routed)           0.000    15.408    control/foc/svpwm/t_stage_valid_reg_i_436_n_0
    SLICE_X11Y78         CARRY4 (Prop_carry4_CI_CO[3])
                                                      0.098    15.506 r  control/foc/svpwm/t_stage_valid_reg_i_435/CO[3]
                         net (fo=1, routed)           0.000    15.506    control/foc/svpwm/t_stage_valid_reg_i_435_n_0
    SLICE_X11Y79         CARRY4 (Prop_carry4_CI_CO[3])
                                                      0.098    15.604 r  control/foc/svpwm/t_stage_valid_reg_i_319/CO[3]
                         net (fo=1, routed)           0.000    15.604    control/foc/svpwm/t_stage_valid_reg_i_319_n_0
    SLICE_X11Y80         CARRY4 (Prop_carry4_CI_CO[3])
                                                      0.098    15.702 r  control/foc/svpwm/t_stage_valid_reg_i_318/CO[3]
                         net (fo=1, routed)           0.000    15.702    control/foc/svpwm/t_stage_valid_reg_i_318_n_0
    SLICE_X11Y81         CARRY4 (Prop_carry4_CI_CO[3])
                                                      0.098    15.800 r  control/foc/svpwm/t_stage_valid_reg_i_317/CO[3]
                         net (fo=1, routed)           0.000    15.800    control/foc/svpwm/t_stage_valid_reg_i_317_n_0
    SLICE_X11Y82         CARRY4 (Prop_carry4_CI_CO[3])
                                                      0.098    15.898 r  control/foc/svpwm/t_stage_valid_reg_i_215/CO[3]
                         net (fo=1, routed)           0.000    15.898    control/foc/svpwm/t_stage_valid_reg_i_215_n_0
    SLICE_X11Y83         CARRY4 (Prop_carry4_CI_CO[3])
                                                      0.098    15.996 r  control/foc/svpwm/t_stage_valid_reg_i_214/CO[3]
                         net (fo=1, routed)           0.000    15.996    control/foc/svpwm/t_stage_valid_reg_i_214_n_0
    SLICE_X11Y84         CARRY4 (Prop_carry4_CI_CO[3])
                                                      0.098    16.094 r  control/foc/svpwm/t_stage_valid_reg_i_213/CO[3]
                         net (fo=1, routed)           0.000    16.094    control/foc/svpwm/t_stage_valid_reg_i_213_n_0
    SLICE_X11Y85         CARRY4 (Prop_carry4_CI_CO[3])
                                                      0.098    16.192 r  control/foc/svpwm/t_stage_valid_reg_i_133/CO[3]
                         net (fo=1, routed)           0.000    16.192    control/foc/svpwm/t_stage_valid_reg_i_133_n_0
    SLICE_X11Y86         CARRY4 (Prop_carry4_CI_CO[3])
                                                      0.098    16.290 r  control/foc/svpwm/t_stage_valid_reg_i_132/CO[3]
                         net (fo=1, routed)           0.000    16.290    control/foc/svpwm/t_stage_valid_reg_i_132_n_0
    SLICE_X11Y87         CARRY4 (Prop_carry4_CI_CO[3])
                                                      0.098    16.388 r  control/foc/svpwm/t_stage_valid_reg_i_131/CO[3]
                         net (fo=1, routed)           0.000    16.388    control/foc/svpwm/t_stage_valid_reg_i_131_n_0
    SLICE_X11Y88         CARRY4 (Prop_carry4_CI_O[0])
                                                      0.180    16.568 r  control/foc/svpwm/t_stage_valid_reg_i_76/O[0]
                         net (fo=1, routed)           0.373    16.941    control/foc/svpwm/t_stage_valid_reg_i_76_n_7
    SLICE_X9Y88          CARRY4 (Prop_carry4_S[1]_CO[3])
                                                      0.706    17.647 r  control/foc/svpwm/t_stage_valid_reg_i_72/CO[3]
                         net (fo=1, routed)           0.000    17.647    control/foc/svpwm/t_stage_valid_reg_i_72_n_0
    SLICE_X9Y89          CARRY4 (Prop_carry4_CI_O[3])
                                                      0.260    17.907 f  control/foc/svpwm/t_stage_valid_reg_i_32/O[3]
                         net (fo=1, routed)           0.932    18.839    control/foc/svpwm/reconstructed_numerator_a[111]
    SLICE_X10Y77         LUT2 (Prop_lut2_I0_O)        0.257    19.096 r  control/foc/svpwm/t_stage_valid_i_10/O
                         net (fo=1, routed)           0.000    19.096    control/foc/svpwm/t_stage_valid_i_10_n_0
    SLICE_X10Y77         CARRY4 (Prop_carry4_S[1]_CO[1])
                                                      0.409    19.505 f  control/foc/svpwm/t_stage_valid_reg_i_3/CO[1]
                         net (fo=4, routed)           0.817    20.322    control/foc/svpwm/t_stage_valid21_out
    SLICE_X23Y81         LUT5 (Prop_lut5_I3_O)        0.280    20.602 r  control/foc/svpwm/t_stage_valid_i_1/O
                         net (fo=2, routed)           0.235    20.837    control/foc/svpwm/t_stage_valid22_out
    SLICE_X23Y82         LUT4 (Prop_lut4_I0_O)        0.267    21.104 r  control/foc/svpwm/t1_debug[33]_i_1/O
                         net (fo=68, routed)          1.215    22.319    control/foc/svpwm/t1_debug[33]_i_1_n_0
    SLICE_X7Y70          FDCE                                         r  control/foc/svpwm/t1_debug_reg[2]/CE
  -------------------------------------------------------------------    -------------------

                         (clock sys_clk rise edge)   20.000    20.000 r  <hidden>
    Y11                                               0.000    20.000 r  clk
                         net (fo=0)                   0.000    20.000    clk
    Y11                  IBUF (Prop_ibuf_I_O)         0.807    20.807 r  clk_IBUF_inst/O
                         net (fo=1, routed)           1.994    22.801    clk_IBUF
    BUFGCTRL_X0Y0        BUFG (Prop_bufg_I_O)         0.077    22.878 r  clk_IBUF_BUFG_inst/O
                         net (fo=8547, routed)        1.587    24.465    control/foc/svpwm/clk_IBUF_BUFG
    SLICE_X7Y70          FDCE                                         r  control/foc/svpwm/t1_debug_reg[2]/C
                         clock pessimism              0.314    24.779    <hidden>
                         clock uncertainty           -0.035    24.744    <hidden>
    SLICE_X7Y70          FDCE (Setup_fdce_C_CE)      -0.168    24.576    control/foc/svpwm/t1_debug_reg[2]
  -------------------------------------------------------------------
                         required time                         24.576    <hidden>
                         arrival time                         -22.319    <hidden>
  -------------------------------------------------------------------
                         slack                                  2.257    <hidden>

Slack (MET) :             2.257ns  (required time - arrival time)
  Source:                 control/foc/svpwm/divider_denominator_reg[29]/C
                            (rising edge-triggered cell FDCE clocked by sys_clk  {rise@0.000ns fall@10.000ns period=20.000ns})
  Destination:            control/foc/svpwm/t1_debug_reg[3]/CE
                            (rising edge-triggered cell FDCE clocked by sys_clk  {rise@0.000ns fall@10.000ns period=20.000ns})
  Path Group:             sys_clk
  Path Type:              Setup (Max at Slow Process Corner)
  Requirement:            20.000ns  (sys_clk rise@20.000ns - sys_clk rise@0.000ns)
  Data Path Delay:        17.574ns  (logic 10.770ns (61.284%)  route 6.804ns (38.716%))
  Logic Levels:           24  (CARRY4=16 DSP48E1=3 LUT2=1 LUT3=1 LUT4=2 LUT5=1)
  Clock Path Skew:        0.034ns (DCD - SCD + CPR)
    Destination Clock Delay (DCD):    4.465ns = ( 24.465 - 20.000 )
    Source Clock Delay      (SCD):    4.745ns
    Clock Pessimism Removal (CPR):    0.314ns
  Clock Uncertainty:      0.035ns  ((TSJ^2 + TIJ^2)^1/2 + DJ) / 2 + PE
    Total System Jitter     (TSJ):    0.071ns
    Total Input Jitter      (TIJ):    0.000ns
    Discrete Jitter          (DJ):    0.000ns
    Phase Error              (PE):    0.000ns

    Location             Delay type                Incr(ns)  Path(ns)    Netlist Resource(s)
  -------------------------------------------------------------------    -------------------
                         (clock sys_clk rise edge)    0.000     0.000 r  <hidden>
    Y11                                               0.000     0.000 r  clk
                         net (fo=0)                   0.000     0.000    clk
    Y11                  IBUF (Prop_ibuf_I_O)         0.938     0.938 r  clk_IBUF_inst/O
                         net (fo=1, routed)           2.100     3.038    clk_IBUF
    BUFGCTRL_X0Y0        BUFG (Prop_bufg_I_O)         0.081     3.119 r  clk_IBUF_BUFG_inst/O
                         net (fo=8547, routed)        1.626     4.745    control/foc/svpwm/clk_IBUF_BUFG
    SLICE_X32Y66         FDCE                                         r  control/foc/svpwm/divider_denominator_reg[29]/C
  -------------------------------------------------------------------    -------------------
    SLICE_X32Y66         FDCE (Prop_fdce_C_Q)         0.379     5.124 r  control/foc/svpwm/divider_denominator_reg[29]/Q
                         net (fo=22, routed)          1.577     6.701    control/foc/svpwm/divider_denominator[29]
    DSP48_X0Y30          DSP48E1 (Prop_dsp48e1_A[12]_PCOUT[47])
                                                      3.397    10.098 r  control/foc/svpwm/t_stage_valid4__11/PCOUT[47]
                         net (fo=1, routed)           0.002    10.100    control/foc/svpwm/t_stage_valid4__11_n_106
    DSP48_X0Y31          DSP48E1 (Prop_dsp48e1_PCIN[47]_PCOUT[47])
                                                      1.438    11.538 r  control/foc/svpwm/t_stage_valid4__12/PCOUT[47]
                         net (fo=1, routed)           0.002    11.540    control/foc/svpwm/t_stage_valid4__12_n_106
    DSP48_X0Y32          DSP48E1 (Prop_dsp48e1_PCIN[47]_P[6])
                                                      1.271    12.811 r  control/foc/svpwm/t_stage_valid4__13/P[6]
                         net (fo=2, routed)           0.957    13.768    control/foc/svpwm/t_stage_valid4__13_n_99
    SLICE_X11Y76         LUT3 (Prop_lut3_I1_O)        0.124    13.892 r  control/foc/svpwm/t_stage_valid_i_578/O
                         net (fo=2, routed)           0.695    14.586    control/foc/svpwm/t_stage_valid_i_578_n_0
    SLICE_X11Y76         LUT4 (Prop_lut4_I3_O)        0.267    14.853 r  control/foc/svpwm/t_stage_valid_i_582/O
                         net (fo=1, routed)           0.000    14.853    control/foc/svpwm/t_stage_valid_i_582_n_0
    SLICE_X11Y76         CARRY4 (Prop_carry4_S[1]_CO[3])
                                                      0.457    15.310 r  control/foc/svpwm/t_stage_valid_reg_i_437/CO[3]
                         net (fo=1, routed)           0.000    15.310    control/foc/svpwm/t_stage_valid_reg_i_437_n_0
    SLICE_X11Y77         CARRY4 (Prop_carry4_CI_CO[3])
                                                      0.098    15.408 r  control/foc/svpwm/t_stage_valid_reg_i_436/CO[3]
                         net (fo=1, routed)           0.000    15.408    control/foc/svpwm/t_stage_valid_reg_i_436_n_0
    SLICE_X11Y78         CARRY4 (Prop_carry4_CI_CO[3])
                                                      0.098    15.506 r  control/foc/svpwm/t_stage_valid_reg_i_435/CO[3]
                         net (fo=1, routed)           0.000    15.506    control/foc/svpwm/t_stage_valid_reg_i_435_n_0
    SLICE_X11Y79         CARRY4 (Prop_carry4_CI_CO[3])
                                                      0.098    15.604 r  control/foc/svpwm/t_stage_valid_reg_i_319/CO[3]
                         net (fo=1, routed)           0.000    15.604    control/foc/svpwm/t_stage_valid_reg_i_319_n_0
    SLICE_X11Y80         CARRY4 (Prop_carry4_CI_CO[3])
                                                      0.098    15.702 r  control/foc/svpwm/t_stage_valid_reg_i_318/CO[3]
                         net (fo=1, routed)           0.000    15.702    control/foc/svpwm/t_stage_valid_reg_i_318_n_0
    SLICE_X11Y81         CARRY4 (Prop_carry4_CI_CO[3])
                                                      0.098    15.800 r  control/foc/svpwm/t_stage_valid_reg_i_317/CO[3]
                         net (fo=1, routed)           0.000    15.800    control/foc/svpwm/t_stage_valid_reg_i_317_n_0
    SLICE_X11Y82         CARRY4 (Prop_carry4_CI_CO[3])
                                                      0.098    15.898 r  control/foc/svpwm/t_stage_valid_reg_i_215/CO[3]
                         net (fo=1, routed)           0.000    15.898    control/foc/svpwm/t_stage_valid_reg_i_215_n_0
    SLICE_X11Y83         CARRY4 (Prop_carry4_CI_CO[3])
                                                      0.098    15.996 r  control/foc/svpwm/t_stage_valid_reg_i_214/CO[3]
                         net (fo=1, routed)           0.000    15.996    control/foc/svpwm/t_stage_valid_reg_i_214_n_0
    SLICE_X11Y84         CARRY4 (Prop_carry4_CI_CO[3])
                                                      0.098    16.094 r  control/foc/svpwm/t_stage_valid_reg_i_213/CO[3]
                         net (fo=1, routed)           0.000    16.094    control/foc/svpwm/t_stage_valid_reg_i_213_n_0
    SLICE_X11Y85         CARRY4 (Prop_carry4_CI_CO[3])
                                                      0.098    16.192 r  control/foc/svpwm/t_stage_valid_reg_i_133/CO[3]
                         net (fo=1, routed)           0.000    16.192    control/foc/svpwm/t_stage_valid_reg_i_133_n_0
    SLICE_X11Y86         CARRY4 (Prop_carry4_CI_CO[3])
                                                      0.098    16.290 r  control/foc/svpwm/t_stage_valid_reg_i_132/CO[3]
                         net (fo=1, routed)           0.000    16.290    control/foc/svpwm/t_stage_valid_reg_i_132_n_0
    SLICE_X11Y87         CARRY4 (Prop_carry4_CI_CO[3])
                                                      0.098    16.388 r  control/foc/svpwm/t_stage_valid_reg_i_131/CO[3]
                         net (fo=1, routed)           0.000    16.388    control/foc/svpwm/t_stage_valid_reg_i_131_n_0
    SLICE_X11Y88         CARRY4 (Prop_carry4_CI_O[0])
                                                      0.180    16.568 r  control/foc/svpwm/t_stage_valid_reg_i_76/O[0]
                         net (fo=1, routed)           0.373    16.941    control/foc/svpwm/t_stage_valid_reg_i_76_n_7
    SLICE_X9Y88          CARRY4 (Prop_carry4_S[1]_CO[3])
                                                      0.706    17.647 r  control/foc/svpwm/t_stage_valid_reg_i_72/CO[3]
                         net (fo=1, routed)           0.000    17.647    control/foc/svpwm/t_stage_valid_reg_i_72_n_0
    SLICE_X9Y89          CARRY4 (Prop_carry4_CI_O[3])
                                                      0.260    17.907 f  control/foc/svpwm/t_stage_valid_reg_i_32/O[3]
                         net (fo=1, routed)           0.932    18.839    control/foc/svpwm/reconstructed_numerator_a[111]
    SLICE_X10Y77         LUT2 (Prop_lut2_I0_O)        0.257    19.096 r  control/foc/svpwm/t_stage_valid_i_10/O
                         net (fo=1, routed)           0.000    19.096    control/foc/svpwm/t_stage_valid_i_10_n_0
    SLICE_X10Y77         CARRY4 (Prop_carry4_S[1]_CO[1])
                                                      0.409    19.505 f  control/foc/svpwm/t_stage_valid_reg_i_3/CO[1]
                         net (fo=4, routed)           0.817    20.322    control/foc/svpwm/t_stage_valid21_out
    SLICE_X23Y81         LUT5 (Prop_lut5_I3_O)        0.280    20.602 r  control/foc/svpwm/t_stage_valid_i_1/O
                         net (fo=2, routed)           0.235    20.837    control/foc/svpwm/t_stage_valid22_out
    SLICE_X23Y82         LUT4 (Prop_lut4_I0_O)        0.267    21.104 r  control/foc/svpwm/t1_debug[33]_i_1/O
                         net (fo=68, routed)          1.215    22.319    control/foc/svpwm/t1_debug[33]_i_1_n_0
    SLICE_X7Y70          FDCE                                         r  control/foc/svpwm/t1_debug_reg[3]/CE
  -------------------------------------------------------------------    -------------------

                         (clock sys_clk rise edge)   20.000    20.000 r  <hidden>
    Y11                                               0.000    20.000 r  clk
                         net (fo=0)                   0.000    20.000    clk
    Y11                  IBUF (Prop_ibuf_I_O)         0.807    20.807 r  clk_IBUF_inst/O
                         net (fo=1, routed)           1.994    22.801    clk_IBUF
    BUFGCTRL_X0Y0        BUFG (Prop_bufg_I_O)         0.077    22.878 r  clk_IBUF_BUFG_inst/O
                         net (fo=8547, routed)        1.587    24.465    control/foc/svpwm/clk_IBUF_BUFG
    SLICE_X7Y70          FDCE                                         r  control/foc/svpwm/t1_debug_reg[3]/C
                         clock pessimism              0.314    24.779    <hidden>
                         clock uncertainty           -0.035    24.744    <hidden>
    SLICE_X7Y70          FDCE (Setup_fdce_C_CE)      -0.168    24.576    control/foc/svpwm/t1_debug_reg[3]
  -------------------------------------------------------------------
                         required time                         24.576    <hidden>
                         arrival time                         -22.319    <hidden>
  -------------------------------------------------------------------
                         slack                                  2.257    <hidden>

Slack (MET) :             2.363ns  (required time - arrival time)
  Source:                 control/foc/svpwm/divider_denominator_reg[29]/C
                            (rising edge-triggered cell FDCE clocked by sys_clk  {rise@0.000ns fall@10.000ns period=20.000ns})
  Destination:            control/foc/svpwm/t1_debug_reg[4]/CE
                            (rising edge-triggered cell FDCE clocked by sys_clk  {rise@0.000ns fall@10.000ns period=20.000ns})
  Path Group:             sys_clk
  Path Type:              Setup (Max at Slow Process Corner)
  Requirement:            20.000ns  (sys_clk rise@20.000ns - sys_clk rise@0.000ns)
  Data Path Delay:        17.466ns  (logic 10.770ns (61.662%)  route 6.696ns (38.338%))
  Logic Levels:           24  (CARRY4=16 DSP48E1=3 LUT2=1 LUT3=1 LUT4=2 LUT5=1)
  Clock Path Skew:        0.032ns (DCD - SCD + CPR)
    Destination Clock Delay (DCD):    4.463ns = ( 24.463 - 20.000 )
    Source Clock Delay      (SCD):    4.745ns
    Clock Pessimism Removal (CPR):    0.314ns
  Clock Uncertainty:      0.035ns  ((TSJ^2 + TIJ^2)^1/2 + DJ) / 2 + PE
    Total System Jitter     (TSJ):    0.071ns
    Total Input Jitter      (TIJ):    0.000ns
    Discrete Jitter          (DJ):    0.000ns
    Phase Error              (PE):    0.000ns

    Location             Delay type                Incr(ns)  Path(ns)    Netlist Resource(s)
  -------------------------------------------------------------------    -------------------
                         (clock sys_clk rise edge)    0.000     0.000 r  <hidden>
    Y11                                               0.000     0.000 r  clk
                         net (fo=0)                   0.000     0.000    clk
    Y11                  IBUF (Prop_ibuf_I_O)         0.938     0.938 r  clk_IBUF_inst/O
                         net (fo=1, routed)           2.100     3.038    clk_IBUF
    BUFGCTRL_X0Y0        BUFG (Prop_bufg_I_O)         0.081     3.119 r  clk_IBUF_BUFG_inst/O
                         net (fo=8547, routed)        1.626     4.745    control/foc/svpwm/clk_IBUF_BUFG
    SLICE_X32Y66         FDCE                                         r  control/foc/svpwm/divider_denominator_reg[29]/C
  -------------------------------------------------------------------    -------------------
    SLICE_X32Y66         FDCE (Prop_fdce_C_Q)         0.379     5.124 r  control/foc/svpwm/divider_denominator_reg[29]/Q
                         net (fo=22, routed)          1.577     6.701    control/foc/svpwm/divider_denominator[29]
    DSP48_X0Y30          DSP48E1 (Prop_dsp48e1_A[12]_PCOUT[47])
                                                      3.397    10.098 r  control/foc/svpwm/t_stage_valid4__11/PCOUT[47]
                         net (fo=1, routed)           0.002    10.100    control/foc/svpwm/t_stage_valid4__11_n_106
    DSP48_X0Y31          DSP48E1 (Prop_dsp48e1_PCIN[47]_PCOUT[47])
                                                      1.438    11.538 r  control/foc/svpwm/t_stage_valid4__12/PCOUT[47]
                         net (fo=1, routed)           0.002    11.540    control/foc/svpwm/t_stage_valid4__12_n_106
    DSP48_X0Y32          DSP48E1 (Prop_dsp48e1_PCIN[47]_P[6])
                                                      1.271    12.811 r  control/foc/svpwm/t_stage_valid4__13/P[6]
                         net (fo=2, routed)           0.957    13.768    control/foc/svpwm/t_stage_valid4__13_n_99
    SLICE_X11Y76         LUT3 (Prop_lut3_I1_O)        0.124    13.892 r  control/foc/svpwm/t_stage_valid_i_578/O
                         net (fo=2, routed)           0.695    14.586    control/foc/svpwm/t_stage_valid_i_578_n_0
    SLICE_X11Y76         LUT4 (Prop_lut4_I3_O)        0.267    14.853 r  control/foc/svpwm/t_stage_valid_i_582/O
                         net (fo=1, routed)           0.000    14.853    control/foc/svpwm/t_stage_valid_i_582_n_0
    SLICE_X11Y76         CARRY4 (Prop_carry4_S[1]_CO[3])
                                                      0.457    15.310 r  control/foc/svpwm/t_stage_valid_reg_i_437/CO[3]
                         net (fo=1, routed)           0.000    15.310    control/foc/svpwm/t_stage_valid_reg_i_437_n_0
    SLICE_X11Y77         CARRY4 (Prop_carry4_CI_CO[3])
                                                      0.098    15.408 r  control/foc/svpwm/t_stage_valid_reg_i_436/CO[3]
                         net (fo=1, routed)           0.000    15.408    control/foc/svpwm/t_stage_valid_reg_i_436_n_0
    SLICE_X11Y78         CARRY4 (Prop_carry4_CI_CO[3])
                                                      0.098    15.506 r  control/foc/svpwm/t_stage_valid_reg_i_435/CO[3]
                         net (fo=1, routed)           0.000    15.506    control/foc/svpwm/t_stage_valid_reg_i_435_n_0
    SLICE_X11Y79         CARRY4 (Prop_carry4_CI_CO[3])
                                                      0.098    15.604 r  control/foc/svpwm/t_stage_valid_reg_i_319/CO[3]
                         net (fo=1, routed)           0.000    15.604    control/foc/svpwm/t_stage_valid_reg_i_319_n_0
    SLICE_X11Y80         CARRY4 (Prop_carry4_CI_CO[3])
                                                      0.098    15.702 r  control/foc/svpwm/t_stage_valid_reg_i_318/CO[3]
                         net (fo=1, routed)           0.000    15.702    control/foc/svpwm/t_stage_valid_reg_i_318_n_0
    SLICE_X11Y81         CARRY4 (Prop_carry4_CI_CO[3])
                                                      0.098    15.800 r  control/foc/svpwm/t_stage_valid_reg_i_317/CO[3]
                         net (fo=1, routed)           0.000    15.800    control/foc/svpwm/t_stage_valid_reg_i_317_n_0
    SLICE_X11Y82         CARRY4 (Prop_carry4_CI_CO[3])
                                                      0.098    15.898 r  control/foc/svpwm/t_stage_valid_reg_i_215/CO[3]
                         net (fo=1, routed)           0.000    15.898    control/foc/svpwm/t_stage_valid_reg_i_215_n_0
    SLICE_X11Y83         CARRY4 (Prop_carry4_CI_CO[3])
                                                      0.098    15.996 r  control/foc/svpwm/t_stage_valid_reg_i_214/CO[3]
                         net (fo=1, routed)           0.000    15.996    control/foc/svpwm/t_stage_valid_reg_i_214_n_0
    SLICE_X11Y84         CARRY4 (Prop_carry4_CI_CO[3])
                                                      0.098    16.094 r  control/foc/svpwm/t_stage_valid_reg_i_213/CO[3]
                         net (fo=1, routed)           0.000    16.094    control/foc/svpwm/t_stage_valid_reg_i_213_n_0
    SLICE_X11Y85         CARRY4 (Prop_carry4_CI_CO[3])
                                                      0.098    16.192 r  control/foc/svpwm/t_stage_valid_reg_i_133/CO[3]
                         net (fo=1, routed)           0.000    16.192    control/foc/svpwm/t_stage_valid_reg_i_133_n_0
    SLICE_X11Y86         CARRY4 (Prop_carry4_CI_CO[3])
                                                      0.098    16.290 r  control/foc/svpwm/t_stage_valid_reg_i_132/CO[3]
                         net (fo=1, routed)           0.000    16.290    control/foc/svpwm/t_stage_valid_reg_i_132_n_0
    SLICE_X11Y87         CARRY4 (Prop_carry4_CI_CO[3])
                                                      0.098    16.388 r  control/foc/svpwm/t_stage_valid_reg_i_131/CO[3]
                         net (fo=1, routed)           0.000    16.388    control/foc/svpwm/t_stage_valid_reg_i_131_n_0
    SLICE_X11Y88         CARRY4 (Prop_carry4_CI_O[0])
                                                      0.180    16.568 r  control/foc/svpwm/t_stage_valid_reg_i_76/O[0]
                         net (fo=1, routed)           0.373    16.941    control/foc/svpwm/t_stage_valid_reg_i_76_n_7
    SLICE_X9Y88          CARRY4 (Prop_carry4_S[1]_CO[3])
                                                      0.706    17.647 r  control/foc/svpwm/t_stage_valid_reg_i_72/CO[3]
                         net (fo=1, routed)           0.000    17.647    control/foc/svpwm/t_stage_valid_reg_i_72_n_0
    SLICE_X9Y89          CARRY4 (Prop_carry4_CI_O[3])
                                                      0.260    17.907 f  control/foc/svpwm/t_stage_valid_reg_i_32/O[3]
                         net (fo=1, routed)           0.932    18.839    control/foc/svpwm/reconstructed_numerator_a[111]
    SLICE_X10Y77         LUT2 (Prop_lut2_I0_O)        0.257    19.096 r  control/foc/svpwm/t_stage_valid_i_10/O
                         net (fo=1, routed)           0.000    19.096    control/foc/svpwm/t_stage_valid_i_10_n_0
    SLICE_X10Y77         CARRY4 (Prop_carry4_S[1]_CO[1])
                                                      0.409    19.505 f  control/foc/svpwm/t_stage_valid_reg_i_3/CO[1]
                         net (fo=4, routed)           0.817    20.322    control/foc/svpwm/t_stage_valid21_out
    SLICE_X23Y81         LUT5 (Prop_lut5_I3_O)        0.280    20.602 r  control/foc/svpwm/t_stage_valid_i_1/O
                         net (fo=2, routed)           0.235    20.837    control/foc/svpwm/t_stage_valid22_out
    SLICE_X23Y82         LUT4 (Prop_lut4_I0_O)        0.267    21.104 r  control/foc/svpwm/t1_debug[33]_i_1/O
                         net (fo=68, routed)          1.107    22.211    control/foc/svpwm/t1_debug[33]_i_1_n_0
    SLICE_X7Y71          FDCE                                         r  control/foc/svpwm/t1_debug_reg[4]/CE
  -------------------------------------------------------------------    -------------------

                         (clock sys_clk rise edge)   20.000    20.000 r  <hidden>
    Y11                                               0.000    20.000 r  clk
                         net (fo=0)                   0.000    20.000    clk
    Y11                  IBUF (Prop_ibuf_I_O)         0.807    20.807 r  clk_IBUF_inst/O
                         net (fo=1, routed)           1.994    22.801    clk_IBUF
    BUFGCTRL_X0Y0        BUFG (Prop_bufg_I_O)         0.077    22.878 r  clk_IBUF_BUFG_inst/O
                         net (fo=8547, routed)        1.585    24.463    control/foc/svpwm/clk_IBUF_BUFG
    SLICE_X7Y71          FDCE                                         r  control/foc/svpwm/t1_debug_reg[4]/C
                         clock pessimism              0.314    24.777    <hidden>
                         clock uncertainty           -0.035    24.742    <hidden>
    SLICE_X7Y71          FDCE (Setup_fdce_C_CE)      -0.168    24.574    control/foc/svpwm/t1_debug_reg[4]
  -------------------------------------------------------------------
                         required time                         24.574    <hidden>
                         arrival time                         -22.211    <hidden>
  -------------------------------------------------------------------
                         slack                                  2.363    <hidden>

Slack (MET) :             2.363ns  (required time - arrival time)
  Source:                 control/foc/svpwm/divider_denominator_reg[29]/C
                            (rising edge-triggered cell FDCE clocked by sys_clk  {rise@0.000ns fall@10.000ns period=20.000ns})
  Destination:            control/foc/svpwm/t1_debug_reg[5]/CE
                            (rising edge-triggered cell FDCE clocked by sys_clk  {rise@0.000ns fall@10.000ns period=20.000ns})
  Path Group:             sys_clk
  Path Type:              Setup (Max at Slow Process Corner)
  Requirement:            20.000ns  (sys_clk rise@20.000ns - sys_clk rise@0.000ns)
  Data Path Delay:        17.466ns  (logic 10.770ns (61.662%)  route 6.696ns (38.338%))
  Logic Levels:           24  (CARRY4=16 DSP48E1=3 LUT2=1 LUT3=1 LUT4=2 LUT5=1)
  Clock Path Skew:        0.032ns (DCD - SCD + CPR)
    Destination Clock Delay (DCD):    4.463ns = ( 24.463 - 20.000 )
    Source Clock Delay      (SCD):    4.745ns
    Clock Pessimism Removal (CPR):    0.314ns
  Clock Uncertainty:      0.035ns  ((TSJ^2 + TIJ^2)^1/2 + DJ) / 2 + PE
    Total System Jitter     (TSJ):    0.071ns
    Total Input Jitter      (TIJ):    0.000ns
    Discrete Jitter          (DJ):    0.000ns
    Phase Error              (PE):    0.000ns

    Location             Delay type                Incr(ns)  Path(ns)    Netlist Resource(s)
  -------------------------------------------------------------------    -------------------
                         (clock sys_clk rise edge)    0.000     0.000 r  <hidden>
    Y11                                               0.000     0.000 r  clk
                         net (fo=0)                   0.000     0.000    clk
    Y11                  IBUF (Prop_ibuf_I_O)         0.938     0.938 r  clk_IBUF_inst/O
                         net (fo=1, routed)           2.100     3.038    clk_IBUF
    BUFGCTRL_X0Y0        BUFG (Prop_bufg_I_O)         0.081     3.119 r  clk_IBUF_BUFG_inst/O
                         net (fo=8547, routed)        1.626     4.745    control/foc/svpwm/clk_IBUF_BUFG
    SLICE_X32Y66         FDCE                                         r  control/foc/svpwm/divider_denominator_reg[29]/C
  -------------------------------------------------------------------    -------------------
    SLICE_X32Y66         FDCE (Prop_fdce_C_Q)         0.379     5.124 r  control/foc/svpwm/divider_denominator_reg[29]/Q
                         net (fo=22, routed)          1.577     6.701    control/foc/svpwm/divider_denominator[29]
    DSP48_X0Y30          DSP48E1 (Prop_dsp48e1_A[12]_PCOUT[47])
                                                      3.397    10.098 r  control/foc/svpwm/t_stage_valid4__11/PCOUT[47]
                         net (fo=1, routed)           0.002    10.100    control/foc/svpwm/t_stage_valid4__11_n_106
    DSP48_X0Y31          DSP48E1 (Prop_dsp48e1_PCIN[47]_PCOUT[47])
                                                      1.438    11.538 r  control/foc/svpwm/t_stage_valid4__12/PCOUT[47]
                         net (fo=1, routed)           0.002    11.540    control/foc/svpwm/t_stage_valid4__12_n_106
    DSP48_X0Y32          DSP48E1 (Prop_dsp48e1_PCIN[47]_P[6])
                                                      1.271    12.811 r  control/foc/svpwm/t_stage_valid4__13/P[6]
                         net (fo=2, routed)           0.957    13.768    control/foc/svpwm/t_stage_valid4__13_n_99
    SLICE_X11Y76         LUT3 (Prop_lut3_I1_O)        0.124    13.892 r  control/foc/svpwm/t_stage_valid_i_578/O
                         net (fo=2, routed)           0.695    14.586    control/foc/svpwm/t_stage_valid_i_578_n_0
    SLICE_X11Y76         LUT4 (Prop_lut4_I3_O)        0.267    14.853 r  control/foc/svpwm/t_stage_valid_i_582/O
                         net (fo=1, routed)           0.000    14.853    control/foc/svpwm/t_stage_valid_i_582_n_0
    SLICE_X11Y76         CARRY4 (Prop_carry4_S[1]_CO[3])
                                                      0.457    15.310 r  control/foc/svpwm/t_stage_valid_reg_i_437/CO[3]
                         net (fo=1, routed)           0.000    15.310    control/foc/svpwm/t_stage_valid_reg_i_437_n_0
    SLICE_X11Y77         CARRY4 (Prop_carry4_CI_CO[3])
                                                      0.098    15.408 r  control/foc/svpwm/t_stage_valid_reg_i_436/CO[3]
                         net (fo=1, routed)           0.000    15.408    control/foc/svpwm/t_stage_valid_reg_i_436_n_0
    SLICE_X11Y78         CARRY4 (Prop_carry4_CI_CO[3])
                                                      0.098    15.506 r  control/foc/svpwm/t_stage_valid_reg_i_435/CO[3]
                         net (fo=1, routed)           0.000    15.506    control/foc/svpwm/t_stage_valid_reg_i_435_n_0
    SLICE_X11Y79         CARRY4 (Prop_carry4_CI_CO[3])
                                                      0.098    15.604 r  control/foc/svpwm/t_stage_valid_reg_i_319/CO[3]
                         net (fo=1, routed)           0.000    15.604    control/foc/svpwm/t_stage_valid_reg_i_319_n_0
    SLICE_X11Y80         CARRY4 (Prop_carry4_CI_CO[3])
                                                      0.098    15.702 r  control/foc/svpwm/t_stage_valid_reg_i_318/CO[3]
                         net (fo=1, routed)           0.000    15.702    control/foc/svpwm/t_stage_valid_reg_i_318_n_0
    SLICE_X11Y81         CARRY4 (Prop_carry4_CI_CO[3])
                                                      0.098    15.800 r  control/foc/svpwm/t_stage_valid_reg_i_317/CO[3]
                         net (fo=1, routed)           0.000    15.800    control/foc/svpwm/t_stage_valid_reg_i_317_n_0
    SLICE_X11Y82         CARRY4 (Prop_carry4_CI_CO[3])
                                                      0.098    15.898 r  control/foc/svpwm/t_stage_valid_reg_i_215/CO[3]
                         net (fo=1, routed)           0.000    15.898    control/foc/svpwm/t_stage_valid_reg_i_215_n_0
    SLICE_X11Y83         CARRY4 (Prop_carry4_CI_CO[3])
                                                      0.098    15.996 r  control/foc/svpwm/t_stage_valid_reg_i_214/CO[3]
                         net (fo=1, routed)           0.000    15.996    control/foc/svpwm/t_stage_valid_reg_i_214_n_0
    SLICE_X11Y84         CARRY4 (Prop_carry4_CI_CO[3])
                                                      0.098    16.094 r  control/foc/svpwm/t_stage_valid_reg_i_213/CO[3]
                         net (fo=1, routed)           0.000    16.094    control/foc/svpwm/t_stage_valid_reg_i_213_n_0
    SLICE_X11Y85         CARRY4 (Prop_carry4_CI_CO[3])
                                                      0.098    16.192 r  control/foc/svpwm/t_stage_valid_reg_i_133/CO[3]
                         net (fo=1, routed)           0.000    16.192    control/foc/svpwm/t_stage_valid_reg_i_133_n_0
    SLICE_X11Y86         CARRY4 (Prop_carry4_CI_CO[3])
                                                      0.098    16.290 r  control/foc/svpwm/t_stage_valid_reg_i_132/CO[3]
                         net (fo=1, routed)           0.000    16.290    control/foc/svpwm/t_stage_valid_reg_i_132_n_0
    SLICE_X11Y87         CARRY4 (Prop_carry4_CI_CO[3])
                                                      0.098    16.388 r  control/foc/svpwm/t_stage_valid_reg_i_131/CO[3]
                         net (fo=1, routed)           0.000    16.388    control/foc/svpwm/t_stage_valid_reg_i_131_n_0
    SLICE_X11Y88         CARRY4 (Prop_carry4_CI_O[0])
                                                      0.180    16.568 r  control/foc/svpwm/t_stage_valid_reg_i_76/O[0]
                         net (fo=1, routed)           0.373    16.941    control/foc/svpwm/t_stage_valid_reg_i_76_n_7
    SLICE_X9Y88          CARRY4 (Prop_carry4_S[1]_CO[3])
                                                      0.706    17.647 r  control/foc/svpwm/t_stage_valid_reg_i_72/CO[3]
                         net (fo=1, routed)           0.000    17.647    control/foc/svpwm/t_stage_valid_reg_i_72_n_0
    SLICE_X9Y89          CARRY4 (Prop_carry4_CI_O[3])
                                                      0.260    17.907 f  control/foc/svpwm/t_stage_valid_reg_i_32/O[3]
                         net (fo=1, routed)           0.932    18.839    control/foc/svpwm/reconstructed_numerator_a[111]
    SLICE_X10Y77         LUT2 (Prop_lut2_I0_O)        0.257    19.096 r  control/foc/svpwm/t_stage_valid_i_10/O
                         net (fo=1, routed)           0.000    19.096    control/foc/svpwm/t_stage_valid_i_10_n_0
    SLICE_X10Y77         CARRY4 (Prop_carry4_S[1]_CO[1])
                                                      0.409    19.505 f  control/foc/svpwm/t_stage_valid_reg_i_3/CO[1]
                         net (fo=4, routed)           0.817    20.322    control/foc/svpwm/t_stage_valid21_out
    SLICE_X23Y81         LUT5 (Prop_lut5_I3_O)        0.280    20.602 r  control/foc/svpwm/t_stage_valid_i_1/O
                         net (fo=2, routed)           0.235    20.837    control/foc/svpwm/t_stage_valid22_out
    SLICE_X23Y82         LUT4 (Prop_lut4_I0_O)        0.267    21.104 r  control/foc/svpwm/t1_debug[33]_i_1/O
                         net (fo=68, routed)          1.107    22.211    control/foc/svpwm/t1_debug[33]_i_1_n_0
    SLICE_X7Y71          FDCE                                         r  control/foc/svpwm/t1_debug_reg[5]/CE
  -------------------------------------------------------------------    -------------------

                         (clock sys_clk rise edge)   20.000    20.000 r  <hidden>
    Y11                                               0.000    20.000 r  clk
                         net (fo=0)                   0.000    20.000    clk
    Y11                  IBUF (Prop_ibuf_I_O)         0.807    20.807 r  clk_IBUF_inst/O
                         net (fo=1, routed)           1.994    22.801    clk_IBUF
    BUFGCTRL_X0Y0        BUFG (Prop_bufg_I_O)         0.077    22.878 r  clk_IBUF_BUFG_inst/O
                         net (fo=8547, routed)        1.585    24.463    control/foc/svpwm/clk_IBUF_BUFG
    SLICE_X7Y71          FDCE                                         r  control/foc/svpwm/t1_debug_reg[5]/C
                         clock pessimism              0.314    24.777    <hidden>
                         clock uncertainty           -0.035    24.742    <hidden>
    SLICE_X7Y71          FDCE (Setup_fdce_C_CE)      -0.168    24.574    control/foc/svpwm/t1_debug_reg[5]
  -------------------------------------------------------------------
                         required time                         24.574    <hidden>
                         arrival time                         -22.211    <hidden>
  -------------------------------------------------------------------
                         slack                                  2.363    <hidden>
