Copyright 1986-2022 Xilinx, Inc. All Rights Reserved. Copyright 2022-2026 Advanced Micro Devices, Inc. All Rights Reserved.
------------------------------------------------------------------------------------------------------------------------------------------------------------------------------------------------
| Tool Version : Vivado v.2026.1 (win64) Build 6511674 Tue Jun 16 11:02:23 MDT 2026
| Date         : Sun Oct  4 17:22:33 2026
| Host         : DependOnOMEN16 running 64-bit major release  (build 9200)
| Command      : report_timing -delay_type max -max_paths 5 -input_pins -file D:/Project/FPGA_XC7A200T/learning/study_l1_speed_pi_hdl_compare/.runtime/vivado_fresh_final_01/critical_paths.rpt
| Design       : HDLCore
| Device       : 7a200t-fbg484
| Speed File   : -2  PRODUCTION 1.23 2018-06-13
| Design State : Routed
------------------------------------------------------------------------------------------------------------------------------------------------------------------------------------------------

Timing Report

Slack (MET) :             0.324ns  (required time - arrival time)
  Source:                 v_ref_mmps_1_reg[1]/C
                            (rising edge-triggered cell FDRE clocked by clk_50mhz  {rise@0.000ns fall@10.000ns period=20.000ns})
  Destination:            u_PI/AW_mul_temp__1/A[13]
                            (rising edge-triggered cell DSP48E1 clocked by clk_50mhz  {rise@0.000ns fall@10.000ns period=20.000ns})
  Path Group:             clk_50mhz
  Path Type:              Setup (Max at Slow Process Corner)
  Requirement:            20.000ns  (clk_50mhz rise@20.000ns - clk_50mhz rise@0.000ns)
  Data Path Delay:        19.368ns  (logic 12.012ns (62.020%)  route 7.356ns (37.979%))
  Logic Levels:           36  (CARRY4=27 DSP48E1=2 LUT2=2 LUT3=1 LUT4=2 LUT5=2)
  Clock Path Skew:        0.025ns (DCD - SCD + CPR)
    Destination Clock Delay (DCD):    1.370ns = ( 21.370 - 20.000 ) 
    Source Clock Delay      (SCD):    1.412ns
    Clock Pessimism Removal (CPR):    0.067ns
  Clock Uncertainty:      0.035ns  ((TSJ^2 + TIJ^2)^1/2 + DJ) / 2 + PE
    Total System Jitter     (TSJ):    0.071ns
    Total Input Jitter      (TIJ):    0.000ns
    Discrete Jitter          (DJ):    0.000ns
    Phase Error              (PE):    0.000ns

    Location             Delay type                Incr(ns)  Path(ns)    Netlist Resource(s)
  -------------------------------------------------------------------    -------------------
                         (clock clk_50mhz rise edge)
                                                      0.000     0.000 r  <hidden>
                                                      0.000     0.000 r  clk
                         net (fo=475, unset)          1.412     1.412    clk
    SLICE_X61Y104        FDRE                                         r  v_ref_mmps_1_reg[1]/C
  -------------------------------------------------------------------    -------------------
    SLICE_X61Y104        FDRE (Prop_fdre_C_Q)         0.379     1.791 r  v_ref_mmps_1_reg[1]/Q
                         net (fo=6, routed)           0.517     2.308    u_PI/v_ref_mmps_1[1]
    SLICE_X60Y104                                                     r  u_PI/Error_out1_carry/DI[1]
    SLICE_X60Y104        CARRY4 (Prop_carry4_DI[1]_CO[3])
                                                      0.430     2.738 r  u_PI/Error_out1_carry/CO[3]
                         net (fo=1, routed)           0.000     2.738    u_PI/Error_out1_carry_n_0
    SLICE_X60Y105                                                     r  u_PI/Error_out1_carry__0/CI
    SLICE_X60Y105        CARRY4 (Prop_carry4_CI_CO[3])
                                                      0.100     2.838 r  u_PI/Error_out1_carry__0/CO[3]
                         net (fo=1, routed)           0.000     2.838    u_PI/Error_out1_carry__0_n_0
    SLICE_X60Y106                                                     r  u_PI/Error_out1_carry__1/CI
    SLICE_X60Y106        CARRY4 (Prop_carry4_CI_CO[3])
                                                      0.100     2.938 r  u_PI/Error_out1_carry__1/CO[3]
                         net (fo=1, routed)           0.000     2.938    u_PI/Error_out1_carry__1_n_0
    SLICE_X60Y107                                                     r  u_PI/Error_out1_carry__2/CI
    SLICE_X60Y107        CARRY4 (Prop_carry4_CI_O[1])
                                                      0.269     3.207 r  u_PI/Error_out1_carry__2/O[1]
                         net (fo=9, routed)           0.689     3.896    u_PI/Error_out1[13]
    DSP48_X3Y42                                                       r  u_PI/P_mul_temp__1/B[13]
    DSP48_X3Y42          DSP48E1 (Prop_dsp48e1_B[13]_PCOUT[47])
                                                      3.384     7.280 r  u_PI/P_mul_temp__1/PCOUT[47]
                         net (fo=1, routed)           0.002     7.282    u_PI/P_mul_temp__1_n_106
    DSP48_X3Y43                                                       r  u_PI/P_mul_temp__2/PCIN[47]
    DSP48_X3Y43          DSP48E1 (Prop_dsp48e1_PCIN[47]_P[0])
                                                      1.271     8.553 r  u_PI/P_mul_temp__2/P[0]
                         net (fo=2, routed)           0.720     9.273    u_PI/P_mul_temp__2_n_105
    SLICE_X63Y102                                                     r  u_PI/P_mul_temp_carry/DI[1]
    SLICE_X63Y102        CARRY4 (Prop_carry4_DI[1]_O[2])
                                                      0.442     9.715 r  u_PI/P_mul_temp_carry/O[2]
                         net (fo=1, routed)           0.564    10.280    u_PI/P_mul_temp_carry_n_5
    SLICE_X67Y104                                                     r  u_PI/P_out11_carry_i_6/I1
    SLICE_X67Y104        LUT4 (Prop_lut4_I1_O)        0.253    10.533 r  u_PI/P_out11_carry_i_6/O
                         net (fo=1, routed)           0.255    10.787    u_PI/P_out11_carry_i_6_n_0
    SLICE_X67Y103                                                     r  u_PI/P_out11_carry_i_3/I4
    SLICE_X67Y103        LUT5 (Prop_lut5_I4_O)        0.105    10.892 r  u_PI/P_out11_carry_i_3/O
                         net (fo=1, routed)           0.357    11.250    u_PI/P_out11_carry_i_3_n_0
    SLICE_X66Y103                                                     r  u_PI/P_out11_carry_i_1/I2
    SLICE_X66Y103        LUT4 (Prop_lut4_I2_O)        0.105    11.355 r  u_PI/P_out11_carry_i_1/O
                         net (fo=1, routed)           0.000    11.355    u_PI/P_out11_carry_i_1_n_0
    SLICE_X66Y103                                                     r  u_PI/P_out11_carry/S[0]
    SLICE_X66Y103        CARRY4 (Prop_carry4_S[0]_CO[3])
                                                      0.423    11.778 r  u_PI/P_out11_carry/CO[3]
                         net (fo=1, routed)           0.000    11.778    u_PI/P_out11_carry_n_0
    SLICE_X66Y104                                                     r  u_PI/P_out11_carry__0/CI
    SLICE_X66Y104        CARRY4 (Prop_carry4_CI_CO[3])
                                                      0.100    11.878 r  u_PI/P_out11_carry__0/CO[3]
                         net (fo=1, routed)           0.000    11.878    u_PI/P_out11_carry__0_n_0
    SLICE_X66Y105                                                     r  u_PI/P_out11_carry__1/CI
    SLICE_X66Y105        CARRY4 (Prop_carry4_CI_CO[3])
                                                      0.100    11.978 r  u_PI/P_out11_carry__1/CO[3]
                         net (fo=1, routed)           0.000    11.978    u_PI/P_out11_carry__1_n_0
    SLICE_X66Y106                                                     r  u_PI/P_out11_carry__2/CI
    SLICE_X66Y106        CARRY4 (Prop_carry4_CI_CO[3])
                                                      0.100    12.078 r  u_PI/P_out11_carry__2/CO[3]
                         net (fo=1, routed)           0.000    12.078    u_PI/P_out11_carry__2_n_0
    SLICE_X66Y107                                                     r  u_PI/P_out11_carry__3/CI
    SLICE_X66Y107        CARRY4 (Prop_carry4_CI_CO[3])
                                                      0.100    12.178 r  u_PI/P_out11_carry__3/CO[3]
                         net (fo=1, routed)           0.000    12.178    u_PI/P_out11_carry__3_n_0
    SLICE_X66Y108                                                     r  u_PI/P_out11_carry__4/CI
    SLICE_X66Y108        CARRY4 (Prop_carry4_CI_CO[3])
                                                      0.100    12.278 r  u_PI/P_out11_carry__4/CO[3]
                         net (fo=1, routed)           0.000    12.278    u_PI/P_out11_carry__4_n_0
    SLICE_X66Y109                                                     r  u_PI/P_out11_carry__5/CI
    SLICE_X66Y109        CARRY4 (Prop_carry4_CI_O[1])
                                                      0.269    12.547 r  u_PI/P_out11_carry__5/O[1]
                         net (fo=3, routed)           0.495    13.041    u_PI/P_out11_carry__5_n_6
    SLICE_X64Y108                                                     r  u_PI/Unlimited_add_temp_carry__5_i_3/I0
    SLICE_X64Y108        LUT2 (Prop_lut2_I0_O)        0.245    13.286 r  u_PI/Unlimited_add_temp_carry__5_i_3/O
                         net (fo=1, routed)           0.000    13.286    u_PI/Unlimited_add_temp_carry__5_i_3_n_0
    SLICE_X64Y108                                                     r  u_PI/Unlimited_add_temp_carry__5/S[1]
    SLICE_X64Y108        CARRY4 (Prop_carry4_S[1]_CO[3])
                                                      0.444    13.730 r  u_PI/Unlimited_add_temp_carry__5/CO[3]
                         net (fo=1, routed)           0.000    13.730    u_PI/Unlimited_add_temp_carry__5_n_0
    SLICE_X64Y109                                                     r  u_PI/Unlimited_add_temp_carry__6/CI
    SLICE_X64Y109        CARRY4 (Prop_carry4_CI_O[3])
                                                      0.277    14.007 f  u_PI/Unlimited_add_temp_carry__6/O[3]
                         net (fo=10, routed)          0.525    14.533    u_PI/Unlimited_add_temp_carry__6_n_4
    SLICE_X65Y113                                                     f  u_PI/Sat_LowerRelOp_out_carry_i_1/I1
    SLICE_X65Y113        LUT2 (Prop_lut2_I1_O)        0.250    14.783 r  u_PI/Sat_LowerRelOp_out_carry_i_1/O
                         net (fo=1, routed)           0.143    14.926    u_PI/Sat_LowerRelOp_out_carry_i_1_n_0
    SLICE_X64Y113                                                     r  u_PI/Sat_LowerRelOp_out_carry/CYINIT
    SLICE_X64Y113        CARRY4 (Prop_carry4_CYINIT_CO[3])
                                                      0.494    15.420 r  u_PI/Sat_LowerRelOp_out_carry/CO[3]
                         net (fo=1, routed)           0.000    15.420    u_PI/Sat_LowerRelOp_out_carry_n_0
    SLICE_X64Y114                                                     r  u_PI/Sat_LowerRelOp_out_carry__0/CI
    SLICE_X64Y114        CARRY4 (Prop_carry4_CI_CO[0])
                                                      0.207    15.627 f  u_PI/Sat_LowerRelOp_out_carry__0/CO[0]
                         net (fo=132, routed)         1.208    16.834    u_PI/Sat_LowerRelOp_out
    SLICE_X77Y102                                                     f  u_PI/Excess_sub_temp_carry_i_3/I1
    SLICE_X77Y102        LUT3 (Prop_lut3_I1_O)        0.297    17.131 r  u_PI/Excess_sub_temp_carry_i_3/O
                         net (fo=1, routed)           0.000    17.131    u_PI/Excess_sub_temp_carry_i_3_n_0
    SLICE_X77Y102                                                     r  u_PI/Excess_sub_temp_carry/S[1]
    SLICE_X77Y102        CARRY4 (Prop_carry4_S[1]_CO[3])
                                                      0.457    17.588 r  u_PI/Excess_sub_temp_carry/CO[3]
                         net (fo=1, routed)           0.000    17.588    u_PI/Excess_sub_temp_carry_n_0
    SLICE_X77Y103                                                     r  u_PI/Excess_sub_temp_carry__0/CI
    SLICE_X77Y103        CARRY4 (Prop_carry4_CI_CO[3])
                                                      0.098    17.686 r  u_PI/Excess_sub_temp_carry__0/CO[3]
                         net (fo=1, routed)           0.000    17.686    u_PI/Excess_sub_temp_carry__0_n_0
    SLICE_X77Y104                                                     r  u_PI/Excess_sub_temp_carry__1/CI
    SLICE_X77Y104        CARRY4 (Prop_carry4_CI_CO[3])
                                                      0.098    17.784 r  u_PI/Excess_sub_temp_carry__1/CO[3]
                         net (fo=1, routed)           0.000    17.784    u_PI/Excess_sub_temp_carry__1_n_0
    SLICE_X77Y105                                                     r  u_PI/Excess_sub_temp_carry__2/CI
    SLICE_X77Y105        CARRY4 (Prop_carry4_CI_CO[3])
                                                      0.098    17.882 r  u_PI/Excess_sub_temp_carry__2/CO[3]
                         net (fo=1, routed)           0.000    17.882    u_PI/Excess_sub_temp_carry__2_n_0
    SLICE_X77Y106                                                     r  u_PI/Excess_sub_temp_carry__3/CI
    SLICE_X77Y106        CARRY4 (Prop_carry4_CI_CO[3])
                                                      0.098    17.980 r  u_PI/Excess_sub_temp_carry__3/CO[3]
                         net (fo=1, routed)           0.000    17.980    u_PI/Excess_sub_temp_carry__3_n_0
    SLICE_X77Y107                                                     r  u_PI/Excess_sub_temp_carry__4/CI
    SLICE_X77Y107        CARRY4 (Prop_carry4_CI_CO[3])
                                                      0.098    18.078 r  u_PI/Excess_sub_temp_carry__4/CO[3]
                         net (fo=1, routed)           0.000    18.078    u_PI/Excess_sub_temp_carry__4_n_0
    SLICE_X77Y108                                                     r  u_PI/Excess_sub_temp_carry__5/CI
    SLICE_X77Y108        CARRY4 (Prop_carry4_CI_CO[3])
                                                      0.098    18.176 r  u_PI/Excess_sub_temp_carry__5/CO[3]
                         net (fo=1, routed)           0.000    18.176    u_PI/Excess_sub_temp_carry__5_n_0
    SLICE_X77Y109                                                     r  u_PI/Excess_sub_temp_carry__6/CI
    SLICE_X77Y109        CARRY4 (Prop_carry4_CI_CO[3])
                                                      0.098    18.274 r  u_PI/Excess_sub_temp_carry__6/CO[3]
                         net (fo=1, routed)           0.000    18.274    u_PI/Excess_sub_temp_carry__6_n_0
    SLICE_X77Y110                                                     r  u_PI/Excess_sub_temp_carry__7/CI
    SLICE_X77Y110        CARRY4 (Prop_carry4_CI_CO[3])
                                                      0.098    18.372 r  u_PI/Excess_sub_temp_carry__7/CO[3]
                         net (fo=1, routed)           0.000    18.372    u_PI/Excess_sub_temp_carry__7_n_0
    SLICE_X77Y111                                                     r  u_PI/Excess_sub_temp_carry__8/CI
    SLICE_X77Y111        CARRY4 (Prop_carry4_CI_CO[3])
                                                      0.098    18.470 r  u_PI/Excess_sub_temp_carry__8/CO[3]
                         net (fo=1, routed)           0.000    18.470    u_PI/Excess_sub_temp_carry__8_n_0
    SLICE_X77Y112                                                     r  u_PI/Excess_sub_temp_carry__9/CI
    SLICE_X77Y112        CARRY4 (Prop_carry4_CI_O[0])
                                                      0.180    18.650 r  u_PI/Excess_sub_temp_carry__9/O[0]
                         net (fo=39, routed)          1.196    19.847    u_PI/Excess_sub_temp_carry__9_n_7
    SLICE_X79Y108                                                     r  u_PI/PreviousExcess_out1[13]_i_1/I1
    SLICE_X79Y108        LUT5 (Prop_lut5_I1_O)        0.249    20.096 r  u_PI/PreviousExcess_out1[13]_i_1/O
                         net (fo=3, routed)           0.684    20.780    u_PI/Excess_out1[13]
    DSP48_X4Y40          DSP48E1                                      r  u_PI/AW_mul_temp__1/A[13]
  -------------------------------------------------------------------    -------------------

                         (clock clk_50mhz rise edge)
                                                     20.000    20.000 r  <hidden>
                                                      0.000    20.000 r  clk
                         net (fo=475, unset)          1.370    21.370    u_PI/clk
    DSP48_X4Y40          DSP48E1                                      r  u_PI/AW_mul_temp__1/CLK
                         clock pessimism              0.067    21.437    <hidden>
                         clock uncertainty           -0.035    21.401    <hidden>
    DSP48_X4Y40          DSP48E1 (Setup_dsp48e1_CLK_A[13])
                                                     -0.297    21.104    u_PI/AW_mul_temp__1
  -------------------------------------------------------------------
                         required time                         21.104    <hidden>
                         arrival time                         -20.780    <hidden>
  -------------------------------------------------------------------
                         slack                                  0.324    <hidden>

Slack (MET) :             0.374ns  (required time - arrival time)
  Source:                 v_ref_mmps_1_reg[1]/C
                            (rising edge-triggered cell FDRE clocked by clk_50mhz  {rise@0.000ns fall@10.000ns period=20.000ns})
  Destination:            u_PI/AW_mul_temp__2/A[7]
                            (rising edge-triggered cell DSP48E1 clocked by clk_50mhz  {rise@0.000ns fall@10.000ns period=20.000ns})
  Path Group:             clk_50mhz
  Path Type:              Setup (Max at Slow Process Corner)
  Requirement:            20.000ns  (clk_50mhz rise@20.000ns - clk_50mhz rise@0.000ns)
  Data Path Delay:        19.318ns  (logic 12.012ns (62.179%)  route 7.306ns (37.821%))
  Logic Levels:           36  (CARRY4=27 DSP48E1=2 LUT2=2 LUT3=1 LUT4=2 LUT5=2)
  Clock Path Skew:        0.025ns (DCD - SCD + CPR)
    Destination Clock Delay (DCD):    1.370ns = ( 21.370 - 20.000 ) 
    Source Clock Delay      (SCD):    1.412ns
    Clock Pessimism Removal (CPR):    0.067ns
  Clock Uncertainty:      0.035ns  ((TSJ^2 + TIJ^2)^1/2 + DJ) / 2 + PE
    Total System Jitter     (TSJ):    0.071ns
    Total Input Jitter      (TIJ):    0.000ns
    Discrete Jitter          (DJ):    0.000ns
    Phase Error              (PE):    0.000ns

    Location             Delay type                Incr(ns)  Path(ns)    Netlist Resource(s)
  -------------------------------------------------------------------    -------------------
                         (clock clk_50mhz rise edge)
                                                      0.000     0.000 r  <hidden>
                                                      0.000     0.000 r  clk
                         net (fo=475, unset)          1.412     1.412    clk
    SLICE_X61Y104        FDRE                                         r  v_ref_mmps_1_reg[1]/C
  -------------------------------------------------------------------    -------------------
    SLICE_X61Y104        FDRE (Prop_fdre_C_Q)         0.379     1.791 r  v_ref_mmps_1_reg[1]/Q
                         net (fo=6, routed)           0.517     2.308    u_PI/v_ref_mmps_1[1]
    SLICE_X60Y104                                                     r  u_PI/Error_out1_carry/DI[1]
    SLICE_X60Y104        CARRY4 (Prop_carry4_DI[1]_CO[3])
                                                      0.430     2.738 r  u_PI/Error_out1_carry/CO[3]
                         net (fo=1, routed)           0.000     2.738    u_PI/Error_out1_carry_n_0
    SLICE_X60Y105                                                     r  u_PI/Error_out1_carry__0/CI
    SLICE_X60Y105        CARRY4 (Prop_carry4_CI_CO[3])
                                                      0.100     2.838 r  u_PI/Error_out1_carry__0/CO[3]
                         net (fo=1, routed)           0.000     2.838    u_PI/Error_out1_carry__0_n_0
    SLICE_X60Y106                                                     r  u_PI/Error_out1_carry__1/CI
    SLICE_X60Y106        CARRY4 (Prop_carry4_CI_CO[3])
                                                      0.100     2.938 r  u_PI/Error_out1_carry__1/CO[3]
                         net (fo=1, routed)           0.000     2.938    u_PI/Error_out1_carry__1_n_0
    SLICE_X60Y107                                                     r  u_PI/Error_out1_carry__2/CI
    SLICE_X60Y107        CARRY4 (Prop_carry4_CI_O[1])
                                                      0.269     3.207 r  u_PI/Error_out1_carry__2/O[1]
                         net (fo=9, routed)           0.689     3.896    u_PI/Error_out1[13]
    DSP48_X3Y42                                                       r  u_PI/P_mul_temp__1/B[13]
    DSP48_X3Y42          DSP48E1 (Prop_dsp48e1_B[13]_PCOUT[47])
                                                      3.384     7.280 r  u_PI/P_mul_temp__1/PCOUT[47]
                         net (fo=1, routed)           0.002     7.282    u_PI/P_mul_temp__1_n_106
    DSP48_X3Y43                                                       r  u_PI/P_mul_temp__2/PCIN[47]
    DSP48_X3Y43          DSP48E1 (Prop_dsp48e1_PCIN[47]_P[0])
                                                      1.271     8.553 r  u_PI/P_mul_temp__2/P[0]
                         net (fo=2, routed)           0.720     9.273    u_PI/P_mul_temp__2_n_105
    SLICE_X63Y102                                                     r  u_PI/P_mul_temp_carry/DI[1]
    SLICE_X63Y102        CARRY4 (Prop_carry4_DI[1]_O[2])
                                                      0.442     9.715 r  u_PI/P_mul_temp_carry/O[2]
                         net (fo=1, routed)           0.564    10.280    u_PI/P_mul_temp_carry_n_5
    SLICE_X67Y104                                                     r  u_PI/P_out11_carry_i_6/I1
    SLICE_X67Y104        LUT4 (Prop_lut4_I1_O)        0.253    10.533 r  u_PI/P_out11_carry_i_6/O
                         net (fo=1, routed)           0.255    10.787    u_PI/P_out11_carry_i_6_n_0
    SLICE_X67Y103                                                     r  u_PI/P_out11_carry_i_3/I4
    SLICE_X67Y103        LUT5 (Prop_lut5_I4_O)        0.105    10.892 r  u_PI/P_out11_carry_i_3/O
                         net (fo=1, routed)           0.357    11.250    u_PI/P_out11_carry_i_3_n_0
    SLICE_X66Y103                                                     r  u_PI/P_out11_carry_i_1/I2
    SLICE_X66Y103        LUT4 (Prop_lut4_I2_O)        0.105    11.355 r  u_PI/P_out11_carry_i_1/O
                         net (fo=1, routed)           0.000    11.355    u_PI/P_out11_carry_i_1_n_0
    SLICE_X66Y103                                                     r  u_PI/P_out11_carry/S[0]
    SLICE_X66Y103        CARRY4 (Prop_carry4_S[0]_CO[3])
                                                      0.423    11.778 r  u_PI/P_out11_carry/CO[3]
                         net (fo=1, routed)           0.000    11.778    u_PI/P_out11_carry_n_0
    SLICE_X66Y104                                                     r  u_PI/P_out11_carry__0/CI
    SLICE_X66Y104        CARRY4 (Prop_carry4_CI_CO[3])
                                                      0.100    11.878 r  u_PI/P_out11_carry__0/CO[3]
                         net (fo=1, routed)           0.000    11.878    u_PI/P_out11_carry__0_n_0
    SLICE_X66Y105                                                     r  u_PI/P_out11_carry__1/CI
    SLICE_X66Y105        CARRY4 (Prop_carry4_CI_CO[3])
                                                      0.100    11.978 r  u_PI/P_out11_carry__1/CO[3]
                         net (fo=1, routed)           0.000    11.978    u_PI/P_out11_carry__1_n_0
    SLICE_X66Y106                                                     r  u_PI/P_out11_carry__2/CI
    SLICE_X66Y106        CARRY4 (Prop_carry4_CI_CO[3])
                                                      0.100    12.078 r  u_PI/P_out11_carry__2/CO[3]
                         net (fo=1, routed)           0.000    12.078    u_PI/P_out11_carry__2_n_0
    SLICE_X66Y107                                                     r  u_PI/P_out11_carry__3/CI
    SLICE_X66Y107        CARRY4 (Prop_carry4_CI_CO[3])
                                                      0.100    12.178 r  u_PI/P_out11_carry__3/CO[3]
                         net (fo=1, routed)           0.000    12.178    u_PI/P_out11_carry__3_n_0
    SLICE_X66Y108                                                     r  u_PI/P_out11_carry__4/CI
    SLICE_X66Y108        CARRY4 (Prop_carry4_CI_CO[3])
                                                      0.100    12.278 r  u_PI/P_out11_carry__4/CO[3]
                         net (fo=1, routed)           0.000    12.278    u_PI/P_out11_carry__4_n_0
    SLICE_X66Y109                                                     r  u_PI/P_out11_carry__5/CI
    SLICE_X66Y109        CARRY4 (Prop_carry4_CI_O[1])
                                                      0.269    12.547 r  u_PI/P_out11_carry__5/O[1]
                         net (fo=3, routed)           0.495    13.041    u_PI/P_out11_carry__5_n_6
    SLICE_X64Y108                                                     r  u_PI/Unlimited_add_temp_carry__5_i_3/I0
    SLICE_X64Y108        LUT2 (Prop_lut2_I0_O)        0.245    13.286 r  u_PI/Unlimited_add_temp_carry__5_i_3/O
                         net (fo=1, routed)           0.000    13.286    u_PI/Unlimited_add_temp_carry__5_i_3_n_0
    SLICE_X64Y108                                                     r  u_PI/Unlimited_add_temp_carry__5/S[1]
    SLICE_X64Y108        CARRY4 (Prop_carry4_S[1]_CO[3])
                                                      0.444    13.730 r  u_PI/Unlimited_add_temp_carry__5/CO[3]
                         net (fo=1, routed)           0.000    13.730    u_PI/Unlimited_add_temp_carry__5_n_0
    SLICE_X64Y109                                                     r  u_PI/Unlimited_add_temp_carry__6/CI
    SLICE_X64Y109        CARRY4 (Prop_carry4_CI_O[3])
                                                      0.277    14.007 f  u_PI/Unlimited_add_temp_carry__6/O[3]
                         net (fo=10, routed)          0.525    14.533    u_PI/Unlimited_add_temp_carry__6_n_4
    SLICE_X65Y113                                                     f  u_PI/Sat_LowerRelOp_out_carry_i_1/I1
    SLICE_X65Y113        LUT2 (Prop_lut2_I1_O)        0.250    14.783 r  u_PI/Sat_LowerRelOp_out_carry_i_1/O
                         net (fo=1, routed)           0.143    14.926    u_PI/Sat_LowerRelOp_out_carry_i_1_n_0
    SLICE_X64Y113                                                     r  u_PI/Sat_LowerRelOp_out_carry/CYINIT
    SLICE_X64Y113        CARRY4 (Prop_carry4_CYINIT_CO[3])
                                                      0.494    15.420 r  u_PI/Sat_LowerRelOp_out_carry/CO[3]
                         net (fo=1, routed)           0.000    15.420    u_PI/Sat_LowerRelOp_out_carry_n_0
    SLICE_X64Y114                                                     r  u_PI/Sat_LowerRelOp_out_carry__0/CI
    SLICE_X64Y114        CARRY4 (Prop_carry4_CI_CO[0])
                                                      0.207    15.627 f  u_PI/Sat_LowerRelOp_out_carry__0/CO[0]
                         net (fo=132, routed)         1.208    16.834    u_PI/Sat_LowerRelOp_out
    SLICE_X77Y102                                                     f  u_PI/Excess_sub_temp_carry_i_3/I1
    SLICE_X77Y102        LUT3 (Prop_lut3_I1_O)        0.297    17.131 r  u_PI/Excess_sub_temp_carry_i_3/O
                         net (fo=1, routed)           0.000    17.131    u_PI/Excess_sub_temp_carry_i_3_n_0
    SLICE_X77Y102                                                     r  u_PI/Excess_sub_temp_carry/S[1]
    SLICE_X77Y102        CARRY4 (Prop_carry4_S[1]_CO[3])
                                                      0.457    17.588 r  u_PI/Excess_sub_temp_carry/CO[3]
                         net (fo=1, routed)           0.000    17.588    u_PI/Excess_sub_temp_carry_n_0
    SLICE_X77Y103                                                     r  u_PI/Excess_sub_temp_carry__0/CI
    SLICE_X77Y103        CARRY4 (Prop_carry4_CI_CO[3])
                                                      0.098    17.686 r  u_PI/Excess_sub_temp_carry__0/CO[3]
                         net (fo=1, routed)           0.000    17.686    u_PI/Excess_sub_temp_carry__0_n_0
    SLICE_X77Y104                                                     r  u_PI/Excess_sub_temp_carry__1/CI
    SLICE_X77Y104        CARRY4 (Prop_carry4_CI_CO[3])
                                                      0.098    17.784 r  u_PI/Excess_sub_temp_carry__1/CO[3]
                         net (fo=1, routed)           0.000    17.784    u_PI/Excess_sub_temp_carry__1_n_0
    SLICE_X77Y105                                                     r  u_PI/Excess_sub_temp_carry__2/CI
    SLICE_X77Y105        CARRY4 (Prop_carry4_CI_CO[3])
                                                      0.098    17.882 r  u_PI/Excess_sub_temp_carry__2/CO[3]
                         net (fo=1, routed)           0.000    17.882    u_PI/Excess_sub_temp_carry__2_n_0
    SLICE_X77Y106                                                     r  u_PI/Excess_sub_temp_carry__3/CI
    SLICE_X77Y106        CARRY4 (Prop_carry4_CI_CO[3])
                                                      0.098    17.980 r  u_PI/Excess_sub_temp_carry__3/CO[3]
                         net (fo=1, routed)           0.000    17.980    u_PI/Excess_sub_temp_carry__3_n_0
    SLICE_X77Y107                                                     r  u_PI/Excess_sub_temp_carry__4/CI
    SLICE_X77Y107        CARRY4 (Prop_carry4_CI_CO[3])
                                                      0.098    18.078 r  u_PI/Excess_sub_temp_carry__4/CO[3]
                         net (fo=1, routed)           0.000    18.078    u_PI/Excess_sub_temp_carry__4_n_0
    SLICE_X77Y108                                                     r  u_PI/Excess_sub_temp_carry__5/CI
    SLICE_X77Y108        CARRY4 (Prop_carry4_CI_CO[3])
                                                      0.098    18.176 r  u_PI/Excess_sub_temp_carry__5/CO[3]
                         net (fo=1, routed)           0.000    18.176    u_PI/Excess_sub_temp_carry__5_n_0
    SLICE_X77Y109                                                     r  u_PI/Excess_sub_temp_carry__6/CI
    SLICE_X77Y109        CARRY4 (Prop_carry4_CI_CO[3])
                                                      0.098    18.274 r  u_PI/Excess_sub_temp_carry__6/CO[3]
                         net (fo=1, routed)           0.000    18.274    u_PI/Excess_sub_temp_carry__6_n_0
    SLICE_X77Y110                                                     r  u_PI/Excess_sub_temp_carry__7/CI
    SLICE_X77Y110        CARRY4 (Prop_carry4_CI_CO[3])
                                                      0.098    18.372 r  u_PI/Excess_sub_temp_carry__7/CO[3]
                         net (fo=1, routed)           0.000    18.372    u_PI/Excess_sub_temp_carry__7_n_0
    SLICE_X77Y111                                                     r  u_PI/Excess_sub_temp_carry__8/CI
    SLICE_X77Y111        CARRY4 (Prop_carry4_CI_CO[3])
                                                      0.098    18.470 r  u_PI/Excess_sub_temp_carry__8/CO[3]
                         net (fo=1, routed)           0.000    18.470    u_PI/Excess_sub_temp_carry__8_n_0
    SLICE_X77Y112                                                     r  u_PI/Excess_sub_temp_carry__9/CI
    SLICE_X77Y112        CARRY4 (Prop_carry4_CI_O[0])
                                                      0.180    18.650 r  u_PI/Excess_sub_temp_carry__9/O[0]
                         net (fo=39, routed)          0.993    19.644    u_PI/Excess_sub_temp_carry__9_n_7
    SLICE_X79Y109                                                     r  u_PI/PreviousExcess_out1[24]_i_1/I1
    SLICE_X79Y109        LUT5 (Prop_lut5_I1_O)        0.249    19.893 r  u_PI/PreviousExcess_out1[24]_i_1/O
                         net (fo=3, routed)           0.838    20.730    u_PI/Excess_out1[24]
    DSP48_X4Y41          DSP48E1                                      r  u_PI/AW_mul_temp__2/A[7]
  -------------------------------------------------------------------    -------------------

                         (clock clk_50mhz rise edge)
                                                     20.000    20.000 r  <hidden>
                                                      0.000    20.000 r  clk
                         net (fo=475, unset)          1.370    21.370    u_PI/clk
    DSP48_X4Y41          DSP48E1                                      r  u_PI/AW_mul_temp__2/CLK
                         clock pessimism              0.067    21.437    <hidden>
                         clock uncertainty           -0.035    21.401    <hidden>
    DSP48_X4Y41          DSP48E1 (Setup_dsp48e1_CLK_A[7])
                                                     -0.297    21.104    u_PI/AW_mul_temp__2
  -------------------------------------------------------------------
                         required time                         21.104    <hidden>
                         arrival time                         -20.730    <hidden>
  -------------------------------------------------------------------
                         slack                                  0.374    <hidden>

Slack (MET) :             0.400ns  (required time - arrival time)
  Source:                 v_ref_mmps_1_reg[1]/C
                            (rising edge-triggered cell FDRE clocked by clk_50mhz  {rise@0.000ns fall@10.000ns period=20.000ns})
  Destination:            u_PI/AW_mul_temp__2/A[14]
                            (rising edge-triggered cell DSP48E1 clocked by clk_50mhz  {rise@0.000ns fall@10.000ns period=20.000ns})
  Path Group:             clk_50mhz
  Path Type:              Setup (Max at Slow Process Corner)
  Requirement:            20.000ns  (clk_50mhz rise@20.000ns - clk_50mhz rise@0.000ns)
  Data Path Delay:        19.292ns  (logic 12.002ns (62.213%)  route 7.290ns (37.787%))
  Logic Levels:           35  (CARRY4=26 DSP48E1=2 LUT2=2 LUT3=1 LUT4=2 LUT5=2)
  Clock Path Skew:        0.025ns (DCD - SCD + CPR)
    Destination Clock Delay (DCD):    1.370ns = ( 21.370 - 20.000 ) 
    Source Clock Delay      (SCD):    1.412ns
    Clock Pessimism Removal (CPR):    0.067ns
  Clock Uncertainty:      0.035ns  ((TSJ^2 + TIJ^2)^1/2 + DJ) / 2 + PE
    Total System Jitter     (TSJ):    0.071ns
    Total Input Jitter      (TIJ):    0.000ns
    Discrete Jitter          (DJ):    0.000ns
    Phase Error              (PE):    0.000ns

    Location             Delay type                Incr(ns)  Path(ns)    Netlist Resource(s)
  -------------------------------------------------------------------    -------------------
                         (clock clk_50mhz rise edge)
                                                      0.000     0.000 r  <hidden>
                                                      0.000     0.000 r  clk
                         net (fo=475, unset)          1.412     1.412    clk
    SLICE_X61Y104        FDRE                                         r  v_ref_mmps_1_reg[1]/C
  -------------------------------------------------------------------    -------------------
    SLICE_X61Y104        FDRE (Prop_fdre_C_Q)         0.379     1.791 r  v_ref_mmps_1_reg[1]/Q
                         net (fo=6, routed)           0.517     2.308    u_PI/v_ref_mmps_1[1]
    SLICE_X60Y104                                                     r  u_PI/Error_out1_carry/DI[1]
    SLICE_X60Y104        CARRY4 (Prop_carry4_DI[1]_CO[3])
                                                      0.430     2.738 r  u_PI/Error_out1_carry/CO[3]
                         net (fo=1, routed)           0.000     2.738    u_PI/Error_out1_carry_n_0
    SLICE_X60Y105                                                     r  u_PI/Error_out1_carry__0/CI
    SLICE_X60Y105        CARRY4 (Prop_carry4_CI_CO[3])
                                                      0.100     2.838 r  u_PI/Error_out1_carry__0/CO[3]
                         net (fo=1, routed)           0.000     2.838    u_PI/Error_out1_carry__0_n_0
    SLICE_X60Y106                                                     r  u_PI/Error_out1_carry__1/CI
    SLICE_X60Y106        CARRY4 (Prop_carry4_CI_CO[3])
                                                      0.100     2.938 r  u_PI/Error_out1_carry__1/CO[3]
                         net (fo=1, routed)           0.000     2.938    u_PI/Error_out1_carry__1_n_0
    SLICE_X60Y107                                                     r  u_PI/Error_out1_carry__2/CI
    SLICE_X60Y107        CARRY4 (Prop_carry4_CI_O[1])
                                                      0.269     3.207 r  u_PI/Error_out1_carry__2/O[1]
                         net (fo=9, routed)           0.689     3.896    u_PI/Error_out1[13]
    DSP48_X3Y42                                                       r  u_PI/P_mul_temp__1/B[13]
    DSP48_X3Y42          DSP48E1 (Prop_dsp48e1_B[13]_PCOUT[47])
                                                      3.384     7.280 r  u_PI/P_mul_temp__1/PCOUT[47]
                         net (fo=1, routed)           0.002     7.282    u_PI/P_mul_temp__1_n_106
    DSP48_X3Y43                                                       r  u_PI/P_mul_temp__2/PCIN[47]
    DSP48_X3Y43          DSP48E1 (Prop_dsp48e1_PCIN[47]_P[0])
                                                      1.271     8.553 r  u_PI/P_mul_temp__2/P[0]
                         net (fo=2, routed)           0.720     9.273    u_PI/P_mul_temp__2_n_105
    SLICE_X63Y102                                                     r  u_PI/P_mul_temp_carry/DI[1]
    SLICE_X63Y102        CARRY4 (Prop_carry4_DI[1]_O[2])
                                                      0.442     9.715 r  u_PI/P_mul_temp_carry/O[2]
                         net (fo=1, routed)           0.564    10.280    u_PI/P_mul_temp_carry_n_5
    SLICE_X67Y104                                                     r  u_PI/P_out11_carry_i_6/I1
    SLICE_X67Y104        LUT4 (Prop_lut4_I1_O)        0.253    10.533 r  u_PI/P_out11_carry_i_6/O
                         net (fo=1, routed)           0.255    10.787    u_PI/P_out11_carry_i_6_n_0
    SLICE_X67Y103                                                     r  u_PI/P_out11_carry_i_3/I4
    SLICE_X67Y103        LUT5 (Prop_lut5_I4_O)        0.105    10.892 r  u_PI/P_out11_carry_i_3/O
                         net (fo=1, routed)           0.357    11.250    u_PI/P_out11_carry_i_3_n_0
    SLICE_X66Y103                                                     r  u_PI/P_out11_carry_i_1/I2
    SLICE_X66Y103        LUT4 (Prop_lut4_I2_O)        0.105    11.355 r  u_PI/P_out11_carry_i_1/O
                         net (fo=1, routed)           0.000    11.355    u_PI/P_out11_carry_i_1_n_0
    SLICE_X66Y103                                                     r  u_PI/P_out11_carry/S[0]
    SLICE_X66Y103        CARRY4 (Prop_carry4_S[0]_CO[3])
                                                      0.423    11.778 r  u_PI/P_out11_carry/CO[3]
                         net (fo=1, routed)           0.000    11.778    u_PI/P_out11_carry_n_0
    SLICE_X66Y104                                                     r  u_PI/P_out11_carry__0/CI
    SLICE_X66Y104        CARRY4 (Prop_carry4_CI_CO[3])
                                                      0.100    11.878 r  u_PI/P_out11_carry__0/CO[3]
                         net (fo=1, routed)           0.000    11.878    u_PI/P_out11_carry__0_n_0
    SLICE_X66Y105                                                     r  u_PI/P_out11_carry__1/CI
    SLICE_X66Y105        CARRY4 (Prop_carry4_CI_CO[3])
                                                      0.100    11.978 r  u_PI/P_out11_carry__1/CO[3]
                         net (fo=1, routed)           0.000    11.978    u_PI/P_out11_carry__1_n_0
    SLICE_X66Y106                                                     r  u_PI/P_out11_carry__2/CI
    SLICE_X66Y106        CARRY4 (Prop_carry4_CI_CO[3])
                                                      0.100    12.078 r  u_PI/P_out11_carry__2/CO[3]
                         net (fo=1, routed)           0.000    12.078    u_PI/P_out11_carry__2_n_0
    SLICE_X66Y107                                                     r  u_PI/P_out11_carry__3/CI
    SLICE_X66Y107        CARRY4 (Prop_carry4_CI_CO[3])
                                                      0.100    12.178 r  u_PI/P_out11_carry__3/CO[3]
                         net (fo=1, routed)           0.000    12.178    u_PI/P_out11_carry__3_n_0
    SLICE_X66Y108                                                     r  u_PI/P_out11_carry__4/CI
    SLICE_X66Y108        CARRY4 (Prop_carry4_CI_CO[3])
                                                      0.100    12.278 r  u_PI/P_out11_carry__4/CO[3]
                         net (fo=1, routed)           0.000    12.278    u_PI/P_out11_carry__4_n_0
    SLICE_X66Y109                                                     r  u_PI/P_out11_carry__5/CI
    SLICE_X66Y109        CARRY4 (Prop_carry4_CI_O[1])
                                                      0.269    12.547 r  u_PI/P_out11_carry__5/O[1]
                         net (fo=3, routed)           0.495    13.041    u_PI/P_out11_carry__5_n_6
    SLICE_X64Y108                                                     r  u_PI/Unlimited_add_temp_carry__5_i_3/I0
    SLICE_X64Y108        LUT2 (Prop_lut2_I0_O)        0.245    13.286 r  u_PI/Unlimited_add_temp_carry__5_i_3/O
                         net (fo=1, routed)           0.000    13.286    u_PI/Unlimited_add_temp_carry__5_i_3_n_0
    SLICE_X64Y108                                                     r  u_PI/Unlimited_add_temp_carry__5/S[1]
    SLICE_X64Y108        CARRY4 (Prop_carry4_S[1]_CO[3])
                                                      0.444    13.730 r  u_PI/Unlimited_add_temp_carry__5/CO[3]
                         net (fo=1, routed)           0.000    13.730    u_PI/Unlimited_add_temp_carry__5_n_0
    SLICE_X64Y109                                                     r  u_PI/Unlimited_add_temp_carry__6/CI
    SLICE_X64Y109        CARRY4 (Prop_carry4_CI_O[3])
                                                      0.277    14.007 f  u_PI/Unlimited_add_temp_carry__6/O[3]
                         net (fo=10, routed)          0.525    14.533    u_PI/Unlimited_add_temp_carry__6_n_4
    SLICE_X65Y113                                                     f  u_PI/Sat_LowerRelOp_out_carry_i_1/I1
    SLICE_X65Y113        LUT2 (Prop_lut2_I1_O)        0.250    14.783 r  u_PI/Sat_LowerRelOp_out_carry_i_1/O
                         net (fo=1, routed)           0.143    14.926    u_PI/Sat_LowerRelOp_out_carry_i_1_n_0
    SLICE_X64Y113                                                     r  u_PI/Sat_LowerRelOp_out_carry/CYINIT
    SLICE_X64Y113        CARRY4 (Prop_carry4_CYINIT_CO[3])
                                                      0.494    15.420 r  u_PI/Sat_LowerRelOp_out_carry/CO[3]
                         net (fo=1, routed)           0.000    15.420    u_PI/Sat_LowerRelOp_out_carry_n_0
    SLICE_X64Y114                                                     r  u_PI/Sat_LowerRelOp_out_carry__0/CI
    SLICE_X64Y114        CARRY4 (Prop_carry4_CI_CO[0])
                                                      0.207    15.627 f  u_PI/Sat_LowerRelOp_out_carry__0/CO[0]
                         net (fo=132, routed)         1.208    16.834    u_PI/Sat_LowerRelOp_out
    SLICE_X77Y102                                                     f  u_PI/Excess_sub_temp_carry_i_3/I1
    SLICE_X77Y102        LUT3 (Prop_lut3_I1_O)        0.297    17.131 r  u_PI/Excess_sub_temp_carry_i_3/O
                         net (fo=1, routed)           0.000    17.131    u_PI/Excess_sub_temp_carry_i_3_n_0
    SLICE_X77Y102                                                     r  u_PI/Excess_sub_temp_carry/S[1]
    SLICE_X77Y102        CARRY4 (Prop_carry4_S[1]_CO[3])
                                                      0.457    17.588 r  u_PI/Excess_sub_temp_carry/CO[3]
                         net (fo=1, routed)           0.000    17.588    u_PI/Excess_sub_temp_carry_n_0
    SLICE_X77Y103                                                     r  u_PI/Excess_sub_temp_carry__0/CI
    SLICE_X77Y103        CARRY4 (Prop_carry4_CI_CO[3])
                                                      0.098    17.686 r  u_PI/Excess_sub_temp_carry__0/CO[3]
                         net (fo=1, routed)           0.000    17.686    u_PI/Excess_sub_temp_carry__0_n_0
    SLICE_X77Y104                                                     r  u_PI/Excess_sub_temp_carry__1/CI
    SLICE_X77Y104        CARRY4 (Prop_carry4_CI_CO[3])
                                                      0.098    17.784 r  u_PI/Excess_sub_temp_carry__1/CO[3]
                         net (fo=1, routed)           0.000    17.784    u_PI/Excess_sub_temp_carry__1_n_0
    SLICE_X77Y105                                                     r  u_PI/Excess_sub_temp_carry__2/CI
    SLICE_X77Y105        CARRY4 (Prop_carry4_CI_CO[3])
                                                      0.098    17.882 r  u_PI/Excess_sub_temp_carry__2/CO[3]
                         net (fo=1, routed)           0.000    17.882    u_PI/Excess_sub_temp_carry__2_n_0
    SLICE_X77Y106                                                     r  u_PI/Excess_sub_temp_carry__3/CI
    SLICE_X77Y106        CARRY4 (Prop_carry4_CI_CO[3])
                                                      0.098    17.980 r  u_PI/Excess_sub_temp_carry__3/CO[3]
                         net (fo=1, routed)           0.000    17.980    u_PI/Excess_sub_temp_carry__3_n_0
    SLICE_X77Y107                                                     r  u_PI/Excess_sub_temp_carry__4/CI
    SLICE_X77Y107        CARRY4 (Prop_carry4_CI_CO[3])
                                                      0.098    18.078 r  u_PI/Excess_sub_temp_carry__4/CO[3]
                         net (fo=1, routed)           0.000    18.078    u_PI/Excess_sub_temp_carry__4_n_0
    SLICE_X77Y108                                                     r  u_PI/Excess_sub_temp_carry__5/CI
    SLICE_X77Y108        CARRY4 (Prop_carry4_CI_CO[3])
                                                      0.098    18.176 r  u_PI/Excess_sub_temp_carry__5/CO[3]
                         net (fo=1, routed)           0.000    18.176    u_PI/Excess_sub_temp_carry__5_n_0
    SLICE_X77Y109                                                     r  u_PI/Excess_sub_temp_carry__6/CI
    SLICE_X77Y109        CARRY4 (Prop_carry4_CI_CO[3])
                                                      0.098    18.274 r  u_PI/Excess_sub_temp_carry__6/CO[3]
                         net (fo=1, routed)           0.000    18.274    u_PI/Excess_sub_temp_carry__6_n_0
    SLICE_X77Y110                                                     r  u_PI/Excess_sub_temp_carry__7/CI
    SLICE_X77Y110        CARRY4 (Prop_carry4_CI_CO[3])
                                                      0.098    18.372 r  u_PI/Excess_sub_temp_carry__7/CO[3]
                         net (fo=1, routed)           0.000    18.372    u_PI/Excess_sub_temp_carry__7_n_0
    SLICE_X77Y111                                                     r  u_PI/Excess_sub_temp_carry__8/CI
    SLICE_X77Y111        CARRY4 (Prop_carry4_CI_O[3])
                                                      0.260    18.632 r  u_PI/Excess_sub_temp_carry__8/O[3]
                         net (fo=39, routed)          1.118    19.751    u_PI/Excess_sub_temp_carry__8_n_4
    SLICE_X78Y108                                                     r  u_PI/PreviousExcess_out1[31]_i_1/I3
    SLICE_X78Y108        LUT5 (Prop_lut5_I3_O)        0.257    20.008 r  u_PI/PreviousExcess_out1[31]_i_1/O
                         net (fo=3, routed)           0.696    20.704    u_PI/Excess_out1[31]
    DSP48_X4Y41          DSP48E1                                      r  u_PI/AW_mul_temp__2/A[14]
  -------------------------------------------------------------------    -------------------

                         (clock clk_50mhz rise edge)
                                                     20.000    20.000 r  <hidden>
                                                      0.000    20.000 r  clk
                         net (fo=475, unset)          1.370    21.370    u_PI/clk
    DSP48_X4Y41          DSP48E1                                      r  u_PI/AW_mul_temp__2/CLK
                         clock pessimism              0.067    21.437    <hidden>
                         clock uncertainty           -0.035    21.401    <hidden>
    DSP48_X4Y41          DSP48E1 (Setup_dsp48e1_CLK_A[14])
                                                     -0.297    21.104    u_PI/AW_mul_temp__2
  -------------------------------------------------------------------
                         required time                         21.104    <hidden>
                         arrival time                         -20.704    <hidden>
  -------------------------------------------------------------------
                         slack                                  0.400    <hidden>

Slack (MET) :             0.433ns  (required time - arrival time)
  Source:                 v_ref_mmps_1_reg[1]/C
                            (rising edge-triggered cell FDRE clocked by clk_50mhz  {rise@0.000ns fall@10.000ns period=20.000ns})
  Destination:            u_PI/AW_mul_temp/A[8]
                            (rising edge-triggered cell DSP48E1 clocked by clk_50mhz  {rise@0.000ns fall@10.000ns period=20.000ns})
  Path Group:             clk_50mhz
  Path Type:              Setup (Max at Slow Process Corner)
  Requirement:            20.000ns  (clk_50mhz rise@20.000ns - clk_50mhz rise@0.000ns)
  Data Path Delay:        19.259ns  (logic 12.012ns (62.369%)  route 7.247ns (37.631%))
  Logic Levels:           36  (CARRY4=27 DSP48E1=2 LUT2=2 LUT3=1 LUT4=2 LUT5=2)
  Clock Path Skew:        0.025ns (DCD - SCD + CPR)
    Destination Clock Delay (DCD):    1.370ns = ( 21.370 - 20.000 ) 
    Source Clock Delay      (SCD):    1.412ns
    Clock Pessimism Removal (CPR):    0.067ns
  Clock Uncertainty:      0.035ns  ((TSJ^2 + TIJ^2)^1/2 + DJ) / 2 + PE
    Total System Jitter     (TSJ):    0.071ns
    Total Input Jitter      (TIJ):    0.000ns
    Discrete Jitter          (DJ):    0.000ns
    Phase Error              (PE):    0.000ns

    Location             Delay type                Incr(ns)  Path(ns)    Netlist Resource(s)
  -------------------------------------------------------------------    -------------------
                         (clock clk_50mhz rise edge)
                                                      0.000     0.000 r  <hidden>
                                                      0.000     0.000 r  clk
                         net (fo=475, unset)          1.412     1.412    clk
    SLICE_X61Y104        FDRE                                         r  v_ref_mmps_1_reg[1]/C
  -------------------------------------------------------------------    -------------------
    SLICE_X61Y104        FDRE (Prop_fdre_C_Q)         0.379     1.791 r  v_ref_mmps_1_reg[1]/Q
                         net (fo=6, routed)           0.517     2.308    u_PI/v_ref_mmps_1[1]
    SLICE_X60Y104                                                     r  u_PI/Error_out1_carry/DI[1]
    SLICE_X60Y104        CARRY4 (Prop_carry4_DI[1]_CO[3])
                                                      0.430     2.738 r  u_PI/Error_out1_carry/CO[3]
                         net (fo=1, routed)           0.000     2.738    u_PI/Error_out1_carry_n_0
    SLICE_X60Y105                                                     r  u_PI/Error_out1_carry__0/CI
    SLICE_X60Y105        CARRY4 (Prop_carry4_CI_CO[3])
                                                      0.100     2.838 r  u_PI/Error_out1_carry__0/CO[3]
                         net (fo=1, routed)           0.000     2.838    u_PI/Error_out1_carry__0_n_0
    SLICE_X60Y106                                                     r  u_PI/Error_out1_carry__1/CI
    SLICE_X60Y106        CARRY4 (Prop_carry4_CI_CO[3])
                                                      0.100     2.938 r  u_PI/Error_out1_carry__1/CO[3]
                         net (fo=1, routed)           0.000     2.938    u_PI/Error_out1_carry__1_n_0
    SLICE_X60Y107                                                     r  u_PI/Error_out1_carry__2/CI
    SLICE_X60Y107        CARRY4 (Prop_carry4_CI_O[1])
                                                      0.269     3.207 r  u_PI/Error_out1_carry__2/O[1]
                         net (fo=9, routed)           0.689     3.896    u_PI/Error_out1[13]
    DSP48_X3Y42                                                       r  u_PI/P_mul_temp__1/B[13]
    DSP48_X3Y42          DSP48E1 (Prop_dsp48e1_B[13]_PCOUT[47])
                                                      3.384     7.280 r  u_PI/P_mul_temp__1/PCOUT[47]
                         net (fo=1, routed)           0.002     7.282    u_PI/P_mul_temp__1_n_106
    DSP48_X3Y43                                                       r  u_PI/P_mul_temp__2/PCIN[47]
    DSP48_X3Y43          DSP48E1 (Prop_dsp48e1_PCIN[47]_P[0])
                                                      1.271     8.553 r  u_PI/P_mul_temp__2/P[0]
                         net (fo=2, routed)           0.720     9.273    u_PI/P_mul_temp__2_n_105
    SLICE_X63Y102                                                     r  u_PI/P_mul_temp_carry/DI[1]
    SLICE_X63Y102        CARRY4 (Prop_carry4_DI[1]_O[2])
                                                      0.442     9.715 r  u_PI/P_mul_temp_carry/O[2]
                         net (fo=1, routed)           0.564    10.280    u_PI/P_mul_temp_carry_n_5
    SLICE_X67Y104                                                     r  u_PI/P_out11_carry_i_6/I1
    SLICE_X67Y104        LUT4 (Prop_lut4_I1_O)        0.253    10.533 r  u_PI/P_out11_carry_i_6/O
                         net (fo=1, routed)           0.255    10.787    u_PI/P_out11_carry_i_6_n_0
    SLICE_X67Y103                                                     r  u_PI/P_out11_carry_i_3/I4
    SLICE_X67Y103        LUT5 (Prop_lut5_I4_O)        0.105    10.892 r  u_PI/P_out11_carry_i_3/O
                         net (fo=1, routed)           0.357    11.250    u_PI/P_out11_carry_i_3_n_0
    SLICE_X66Y103                                                     r  u_PI/P_out11_carry_i_1/I2
    SLICE_X66Y103        LUT4 (Prop_lut4_I2_O)        0.105    11.355 r  u_PI/P_out11_carry_i_1/O
                         net (fo=1, routed)           0.000    11.355    u_PI/P_out11_carry_i_1_n_0
    SLICE_X66Y103                                                     r  u_PI/P_out11_carry/S[0]
    SLICE_X66Y103        CARRY4 (Prop_carry4_S[0]_CO[3])
                                                      0.423    11.778 r  u_PI/P_out11_carry/CO[3]
                         net (fo=1, routed)           0.000    11.778    u_PI/P_out11_carry_n_0
    SLICE_X66Y104                                                     r  u_PI/P_out11_carry__0/CI
    SLICE_X66Y104        CARRY4 (Prop_carry4_CI_CO[3])
                                                      0.100    11.878 r  u_PI/P_out11_carry__0/CO[3]
                         net (fo=1, routed)           0.000    11.878    u_PI/P_out11_carry__0_n_0
    SLICE_X66Y105                                                     r  u_PI/P_out11_carry__1/CI
    SLICE_X66Y105        CARRY4 (Prop_carry4_CI_CO[3])
                                                      0.100    11.978 r  u_PI/P_out11_carry__1/CO[3]
                         net (fo=1, routed)           0.000    11.978    u_PI/P_out11_carry__1_n_0
    SLICE_X66Y106                                                     r  u_PI/P_out11_carry__2/CI
    SLICE_X66Y106        CARRY4 (Prop_carry4_CI_CO[3])
                                                      0.100    12.078 r  u_PI/P_out11_carry__2/CO[3]
                         net (fo=1, routed)           0.000    12.078    u_PI/P_out11_carry__2_n_0
    SLICE_X66Y107                                                     r  u_PI/P_out11_carry__3/CI
    SLICE_X66Y107        CARRY4 (Prop_carry4_CI_CO[3])
                                                      0.100    12.178 r  u_PI/P_out11_carry__3/CO[3]
                         net (fo=1, routed)           0.000    12.178    u_PI/P_out11_carry__3_n_0
    SLICE_X66Y108                                                     r  u_PI/P_out11_carry__4/CI
    SLICE_X66Y108        CARRY4 (Prop_carry4_CI_CO[3])
                                                      0.100    12.278 r  u_PI/P_out11_carry__4/CO[3]
                         net (fo=1, routed)           0.000    12.278    u_PI/P_out11_carry__4_n_0
    SLICE_X66Y109                                                     r  u_PI/P_out11_carry__5/CI
    SLICE_X66Y109        CARRY4 (Prop_carry4_CI_O[1])
                                                      0.269    12.547 r  u_PI/P_out11_carry__5/O[1]
                         net (fo=3, routed)           0.495    13.041    u_PI/P_out11_carry__5_n_6
    SLICE_X64Y108                                                     r  u_PI/Unlimited_add_temp_carry__5_i_3/I0
    SLICE_X64Y108        LUT2 (Prop_lut2_I0_O)        0.245    13.286 r  u_PI/Unlimited_add_temp_carry__5_i_3/O
                         net (fo=1, routed)           0.000    13.286    u_PI/Unlimited_add_temp_carry__5_i_3_n_0
    SLICE_X64Y108                                                     r  u_PI/Unlimited_add_temp_carry__5/S[1]
    SLICE_X64Y108        CARRY4 (Prop_carry4_S[1]_CO[3])
                                                      0.444    13.730 r  u_PI/Unlimited_add_temp_carry__5/CO[3]
                         net (fo=1, routed)           0.000    13.730    u_PI/Unlimited_add_temp_carry__5_n_0
    SLICE_X64Y109                                                     r  u_PI/Unlimited_add_temp_carry__6/CI
    SLICE_X64Y109        CARRY4 (Prop_carry4_CI_O[3])
                                                      0.277    14.007 f  u_PI/Unlimited_add_temp_carry__6/O[3]
                         net (fo=10, routed)          0.525    14.533    u_PI/Unlimited_add_temp_carry__6_n_4
    SLICE_X65Y113                                                     f  u_PI/Sat_LowerRelOp_out_carry_i_1/I1
    SLICE_X65Y113        LUT2 (Prop_lut2_I1_O)        0.250    14.783 r  u_PI/Sat_LowerRelOp_out_carry_i_1/O
                         net (fo=1, routed)           0.143    14.926    u_PI/Sat_LowerRelOp_out_carry_i_1_n_0
    SLICE_X64Y113                                                     r  u_PI/Sat_LowerRelOp_out_carry/CYINIT
    SLICE_X64Y113        CARRY4 (Prop_carry4_CYINIT_CO[3])
                                                      0.494    15.420 r  u_PI/Sat_LowerRelOp_out_carry/CO[3]
                         net (fo=1, routed)           0.000    15.420    u_PI/Sat_LowerRelOp_out_carry_n_0
    SLICE_X64Y114                                                     r  u_PI/Sat_LowerRelOp_out_carry__0/CI
    SLICE_X64Y114        CARRY4 (Prop_carry4_CI_CO[0])
                                                      0.207    15.627 f  u_PI/Sat_LowerRelOp_out_carry__0/CO[0]
                         net (fo=132, routed)         1.208    16.834    u_PI/Sat_LowerRelOp_out
    SLICE_X77Y102                                                     f  u_PI/Excess_sub_temp_carry_i_3/I1
    SLICE_X77Y102        LUT3 (Prop_lut3_I1_O)        0.297    17.131 r  u_PI/Excess_sub_temp_carry_i_3/O
                         net (fo=1, routed)           0.000    17.131    u_PI/Excess_sub_temp_carry_i_3_n_0
    SLICE_X77Y102                                                     r  u_PI/Excess_sub_temp_carry/S[1]
    SLICE_X77Y102        CARRY4 (Prop_carry4_S[1]_CO[3])
                                                      0.457    17.588 r  u_PI/Excess_sub_temp_carry/CO[3]
                         net (fo=1, routed)           0.000    17.588    u_PI/Excess_sub_temp_carry_n_0
    SLICE_X77Y103                                                     r  u_PI/Excess_sub_temp_carry__0/CI
    SLICE_X77Y103        CARRY4 (Prop_carry4_CI_CO[3])
                                                      0.098    17.686 r  u_PI/Excess_sub_temp_carry__0/CO[3]
                         net (fo=1, routed)           0.000    17.686    u_PI/Excess_sub_temp_carry__0_n_0
    SLICE_X77Y104                                                     r  u_PI/Excess_sub_temp_carry__1/CI
    SLICE_X77Y104        CARRY4 (Prop_carry4_CI_CO[3])
                                                      0.098    17.784 r  u_PI/Excess_sub_temp_carry__1/CO[3]
                         net (fo=1, routed)           0.000    17.784    u_PI/Excess_sub_temp_carry__1_n_0
    SLICE_X77Y105                                                     r  u_PI/Excess_sub_temp_carry__2/CI
    SLICE_X77Y105        CARRY4 (Prop_carry4_CI_CO[3])
                                                      0.098    17.882 r  u_PI/Excess_sub_temp_carry__2/CO[3]
                         net (fo=1, routed)           0.000    17.882    u_PI/Excess_sub_temp_carry__2_n_0
    SLICE_X77Y106                                                     r  u_PI/Excess_sub_temp_carry__3/CI
    SLICE_X77Y106        CARRY4 (Prop_carry4_CI_CO[3])
                                                      0.098    17.980 r  u_PI/Excess_sub_temp_carry__3/CO[3]
                         net (fo=1, routed)           0.000    17.980    u_PI/Excess_sub_temp_carry__3_n_0
    SLICE_X77Y107                                                     r  u_PI/Excess_sub_temp_carry__4/CI
    SLICE_X77Y107        CARRY4 (Prop_carry4_CI_CO[3])
                                                      0.098    18.078 r  u_PI/Excess_sub_temp_carry__4/CO[3]
                         net (fo=1, routed)           0.000    18.078    u_PI/Excess_sub_temp_carry__4_n_0
    SLICE_X77Y108                                                     r  u_PI/Excess_sub_temp_carry__5/CI
    SLICE_X77Y108        CARRY4 (Prop_carry4_CI_CO[3])
                                                      0.098    18.176 r  u_PI/Excess_sub_temp_carry__5/CO[3]
                         net (fo=1, routed)           0.000    18.176    u_PI/Excess_sub_temp_carry__5_n_0
    SLICE_X77Y109                                                     r  u_PI/Excess_sub_temp_carry__6/CI
    SLICE_X77Y109        CARRY4 (Prop_carry4_CI_CO[3])
                                                      0.098    18.274 r  u_PI/Excess_sub_temp_carry__6/CO[3]
                         net (fo=1, routed)           0.000    18.274    u_PI/Excess_sub_temp_carry__6_n_0
    SLICE_X77Y110                                                     r  u_PI/Excess_sub_temp_carry__7/CI
    SLICE_X77Y110        CARRY4 (Prop_carry4_CI_CO[3])
                                                      0.098    18.372 r  u_PI/Excess_sub_temp_carry__7/CO[3]
                         net (fo=1, routed)           0.000    18.372    u_PI/Excess_sub_temp_carry__7_n_0
    SLICE_X77Y111                                                     r  u_PI/Excess_sub_temp_carry__8/CI
    SLICE_X77Y111        CARRY4 (Prop_carry4_CI_CO[3])
                                                      0.098    18.470 r  u_PI/Excess_sub_temp_carry__8/CO[3]
                         net (fo=1, routed)           0.000    18.470    u_PI/Excess_sub_temp_carry__8_n_0
    SLICE_X77Y112                                                     r  u_PI/Excess_sub_temp_carry__9/CI
    SLICE_X77Y112        CARRY4 (Prop_carry4_CI_O[0])
                                                      0.180    18.650 r  u_PI/Excess_sub_temp_carry__9/O[0]
                         net (fo=39, routed)          1.178    19.828    u_PI/Excess_sub_temp_carry__9_n_7
    SLICE_X76Y102                                                     r  u_PI/PreviousExcess_out1[8]_i_1/I1
    SLICE_X76Y102        LUT5 (Prop_lut5_I1_O)        0.249    20.077 r  u_PI/PreviousExcess_out1[8]_i_1/O
                         net (fo=3, routed)           0.594    20.671    u_PI/Excess_out1[8]
    DSP48_X4Y42          DSP48E1                                      r  u_PI/AW_mul_temp/A[8]
  -------------------------------------------------------------------    -------------------

                         (clock clk_50mhz rise edge)
                                                     20.000    20.000 r  <hidden>
                                                      0.000    20.000 r  clk
                         net (fo=475, unset)          1.370    21.370    u_PI/clk
    DSP48_X4Y42          DSP48E1                                      r  u_PI/AW_mul_temp/CLK
                         clock pessimism              0.067    21.437    <hidden>
                         clock uncertainty           -0.035    21.401    <hidden>
    DSP48_X4Y42          DSP48E1 (Setup_dsp48e1_CLK_A[8])
                                                     -0.297    21.104    u_PI/AW_mul_temp
  -------------------------------------------------------------------
                         required time                         21.104    <hidden>
                         arrival time                         -20.671    <hidden>
  -------------------------------------------------------------------
                         slack                                  0.433    <hidden>

Slack (MET) :             0.443ns  (required time - arrival time)
  Source:                 v_ref_mmps_1_reg[1]/C
                            (rising edge-triggered cell FDRE clocked by clk_50mhz  {rise@0.000ns fall@10.000ns period=20.000ns})
  Destination:            u_PI/AW_mul_temp__2/A[19]
                            (rising edge-triggered cell DSP48E1 clocked by clk_50mhz  {rise@0.000ns fall@10.000ns period=20.000ns})
  Path Group:             clk_50mhz
  Path Type:              Setup (Max at Slow Process Corner)
  Requirement:            20.000ns  (clk_50mhz rise@20.000ns - clk_50mhz rise@0.000ns)
  Data Path Delay:        19.249ns  (logic 12.002ns (62.350%)  route 7.247ns (37.650%))
  Logic Levels:           35  (CARRY4=26 DSP48E1=2 LUT2=2 LUT3=1 LUT4=2 LUT5=2)
  Clock Path Skew:        0.025ns (DCD - SCD + CPR)
    Destination Clock Delay (DCD):    1.370ns = ( 21.370 - 20.000 ) 
    Source Clock Delay      (SCD):    1.412ns
    Clock Pessimism Removal (CPR):    0.067ns
  Clock Uncertainty:      0.035ns  ((TSJ^2 + TIJ^2)^1/2 + DJ) / 2 + PE
    Total System Jitter     (TSJ):    0.071ns
    Total Input Jitter      (TIJ):    0.000ns
    Discrete Jitter          (DJ):    0.000ns
    Phase Error              (PE):    0.000ns

    Location             Delay type                Incr(ns)  Path(ns)    Netlist Resource(s)
  -------------------------------------------------------------------    -------------------
                         (clock clk_50mhz rise edge)
                                                      0.000     0.000 r  <hidden>
                                                      0.000     0.000 r  clk
                         net (fo=475, unset)          1.412     1.412    clk
    SLICE_X61Y104        FDRE                                         r  v_ref_mmps_1_reg[1]/C
  -------------------------------------------------------------------    -------------------
    SLICE_X61Y104        FDRE (Prop_fdre_C_Q)         0.379     1.791 r  v_ref_mmps_1_reg[1]/Q
                         net (fo=6, routed)           0.517     2.308    u_PI/v_ref_mmps_1[1]
    SLICE_X60Y104                                                     r  u_PI/Error_out1_carry/DI[1]
    SLICE_X60Y104        CARRY4 (Prop_carry4_DI[1]_CO[3])
                                                      0.430     2.738 r  u_PI/Error_out1_carry/CO[3]
                         net (fo=1, routed)           0.000     2.738    u_PI/Error_out1_carry_n_0
    SLICE_X60Y105                                                     r  u_PI/Error_out1_carry__0/CI
    SLICE_X60Y105        CARRY4 (Prop_carry4_CI_CO[3])
                                                      0.100     2.838 r  u_PI/Error_out1_carry__0/CO[3]
                         net (fo=1, routed)           0.000     2.838    u_PI/Error_out1_carry__0_n_0
    SLICE_X60Y106                                                     r  u_PI/Error_out1_carry__1/CI
    SLICE_X60Y106        CARRY4 (Prop_carry4_CI_CO[3])
                                                      0.100     2.938 r  u_PI/Error_out1_carry__1/CO[3]
                         net (fo=1, routed)           0.000     2.938    u_PI/Error_out1_carry__1_n_0
    SLICE_X60Y107                                                     r  u_PI/Error_out1_carry__2/CI
    SLICE_X60Y107        CARRY4 (Prop_carry4_CI_O[1])
                                                      0.269     3.207 r  u_PI/Error_out1_carry__2/O[1]
                         net (fo=9, routed)           0.689     3.896    u_PI/Error_out1[13]
    DSP48_X3Y42                                                       r  u_PI/P_mul_temp__1/B[13]
    DSP48_X3Y42          DSP48E1 (Prop_dsp48e1_B[13]_PCOUT[47])
                                                      3.384     7.280 r  u_PI/P_mul_temp__1/PCOUT[47]
                         net (fo=1, routed)           0.002     7.282    u_PI/P_mul_temp__1_n_106
    DSP48_X3Y43                                                       r  u_PI/P_mul_temp__2/PCIN[47]
    DSP48_X3Y43          DSP48E1 (Prop_dsp48e1_PCIN[47]_P[0])
                                                      1.271     8.553 r  u_PI/P_mul_temp__2/P[0]
                         net (fo=2, routed)           0.720     9.273    u_PI/P_mul_temp__2_n_105
    SLICE_X63Y102                                                     r  u_PI/P_mul_temp_carry/DI[1]
    SLICE_X63Y102        CARRY4 (Prop_carry4_DI[1]_O[2])
                                                      0.442     9.715 r  u_PI/P_mul_temp_carry/O[2]
                         net (fo=1, routed)           0.564    10.280    u_PI/P_mul_temp_carry_n_5
    SLICE_X67Y104                                                     r  u_PI/P_out11_carry_i_6/I1
    SLICE_X67Y104        LUT4 (Prop_lut4_I1_O)        0.253    10.533 r  u_PI/P_out11_carry_i_6/O
                         net (fo=1, routed)           0.255    10.787    u_PI/P_out11_carry_i_6_n_0
    SLICE_X67Y103                                                     r  u_PI/P_out11_carry_i_3/I4
    SLICE_X67Y103        LUT5 (Prop_lut5_I4_O)        0.105    10.892 r  u_PI/P_out11_carry_i_3/O
                         net (fo=1, routed)           0.357    11.250    u_PI/P_out11_carry_i_3_n_0
    SLICE_X66Y103                                                     r  u_PI/P_out11_carry_i_1/I2
    SLICE_X66Y103        LUT4 (Prop_lut4_I2_O)        0.105    11.355 r  u_PI/P_out11_carry_i_1/O
                         net (fo=1, routed)           0.000    11.355    u_PI/P_out11_carry_i_1_n_0
    SLICE_X66Y103                                                     r  u_PI/P_out11_carry/S[0]
    SLICE_X66Y103        CARRY4 (Prop_carry4_S[0]_CO[3])
                                                      0.423    11.778 r  u_PI/P_out11_carry/CO[3]
                         net (fo=1, routed)           0.000    11.778    u_PI/P_out11_carry_n_0
    SLICE_X66Y104                                                     r  u_PI/P_out11_carry__0/CI
    SLICE_X66Y104        CARRY4 (Prop_carry4_CI_CO[3])
                                                      0.100    11.878 r  u_PI/P_out11_carry__0/CO[3]
                         net (fo=1, routed)           0.000    11.878    u_PI/P_out11_carry__0_n_0
    SLICE_X66Y105                                                     r  u_PI/P_out11_carry__1/CI
    SLICE_X66Y105        CARRY4 (Prop_carry4_CI_CO[3])
                                                      0.100    11.978 r  u_PI/P_out11_carry__1/CO[3]
                         net (fo=1, routed)           0.000    11.978    u_PI/P_out11_carry__1_n_0
    SLICE_X66Y106                                                     r  u_PI/P_out11_carry__2/CI
    SLICE_X66Y106        CARRY4 (Prop_carry4_CI_CO[3])
                                                      0.100    12.078 r  u_PI/P_out11_carry__2/CO[3]
                         net (fo=1, routed)           0.000    12.078    u_PI/P_out11_carry__2_n_0
    SLICE_X66Y107                                                     r  u_PI/P_out11_carry__3/CI
    SLICE_X66Y107        CARRY4 (Prop_carry4_CI_CO[3])
                                                      0.100    12.178 r  u_PI/P_out11_carry__3/CO[3]
                         net (fo=1, routed)           0.000    12.178    u_PI/P_out11_carry__3_n_0
    SLICE_X66Y108                                                     r  u_PI/P_out11_carry__4/CI
    SLICE_X66Y108        CARRY4 (Prop_carry4_CI_CO[3])
                                                      0.100    12.278 r  u_PI/P_out11_carry__4/CO[3]
                         net (fo=1, routed)           0.000    12.278    u_PI/P_out11_carry__4_n_0
    SLICE_X66Y109                                                     r  u_PI/P_out11_carry__5/CI
    SLICE_X66Y109        CARRY4 (Prop_carry4_CI_O[1])
                                                      0.269    12.547 r  u_PI/P_out11_carry__5/O[1]
                         net (fo=3, routed)           0.495    13.041    u_PI/P_out11_carry__5_n_6
    SLICE_X64Y108                                                     r  u_PI/Unlimited_add_temp_carry__5_i_3/I0
    SLICE_X64Y108        LUT2 (Prop_lut2_I0_O)        0.245    13.286 r  u_PI/Unlimited_add_temp_carry__5_i_3/O
                         net (fo=1, routed)           0.000    13.286    u_PI/Unlimited_add_temp_carry__5_i_3_n_0
    SLICE_X64Y108                                                     r  u_PI/Unlimited_add_temp_carry__5/S[1]
    SLICE_X64Y108        CARRY4 (Prop_carry4_S[1]_CO[3])
                                                      0.444    13.730 r  u_PI/Unlimited_add_temp_carry__5/CO[3]
                         net (fo=1, routed)           0.000    13.730    u_PI/Unlimited_add_temp_carry__5_n_0
    SLICE_X64Y109                                                     r  u_PI/Unlimited_add_temp_carry__6/CI
    SLICE_X64Y109        CARRY4 (Prop_carry4_CI_O[3])
                                                      0.277    14.007 f  u_PI/Unlimited_add_temp_carry__6/O[3]
                         net (fo=10, routed)          0.525    14.533    u_PI/Unlimited_add_temp_carry__6_n_4
    SLICE_X65Y113                                                     f  u_PI/Sat_LowerRelOp_out_carry_i_1/I1
    SLICE_X65Y113        LUT2 (Prop_lut2_I1_O)        0.250    14.783 r  u_PI/Sat_LowerRelOp_out_carry_i_1/O
                         net (fo=1, routed)           0.143    14.926    u_PI/Sat_LowerRelOp_out_carry_i_1_n_0
    SLICE_X64Y113                                                     r  u_PI/Sat_LowerRelOp_out_carry/CYINIT
    SLICE_X64Y113        CARRY4 (Prop_carry4_CYINIT_CO[3])
                                                      0.494    15.420 r  u_PI/Sat_LowerRelOp_out_carry/CO[3]
                         net (fo=1, routed)           0.000    15.420    u_PI/Sat_LowerRelOp_out_carry_n_0
    SLICE_X64Y114                                                     r  u_PI/Sat_LowerRelOp_out_carry__0/CI
    SLICE_X64Y114        CARRY4 (Prop_carry4_CI_CO[0])
                                                      0.207    15.627 f  u_PI/Sat_LowerRelOp_out_carry__0/CO[0]
                         net (fo=132, routed)         1.208    16.834    u_PI/Sat_LowerRelOp_out
    SLICE_X77Y102                                                     f  u_PI/Excess_sub_temp_carry_i_3/I1
    SLICE_X77Y102        LUT3 (Prop_lut3_I1_O)        0.297    17.131 r  u_PI/Excess_sub_temp_carry_i_3/O
                         net (fo=1, routed)           0.000    17.131    u_PI/Excess_sub_temp_carry_i_3_n_0
    SLICE_X77Y102                                                     r  u_PI/Excess_sub_temp_carry/S[1]
    SLICE_X77Y102        CARRY4 (Prop_carry4_S[1]_CO[3])
                                                      0.457    17.588 r  u_PI/Excess_sub_temp_carry/CO[3]
                         net (fo=1, routed)           0.000    17.588    u_PI/Excess_sub_temp_carry_n_0
    SLICE_X77Y103                                                     r  u_PI/Excess_sub_temp_carry__0/CI
    SLICE_X77Y103        CARRY4 (Prop_carry4_CI_CO[3])
                                                      0.098    17.686 r  u_PI/Excess_sub_temp_carry__0/CO[3]
                         net (fo=1, routed)           0.000    17.686    u_PI/Excess_sub_temp_carry__0_n_0
    SLICE_X77Y104                                                     r  u_PI/Excess_sub_temp_carry__1/CI
    SLICE_X77Y104        CARRY4 (Prop_carry4_CI_CO[3])
                                                      0.098    17.784 r  u_PI/Excess_sub_temp_carry__1/CO[3]
                         net (fo=1, routed)           0.000    17.784    u_PI/Excess_sub_temp_carry__1_n_0
    SLICE_X77Y105                                                     r  u_PI/Excess_sub_temp_carry__2/CI
    SLICE_X77Y105        CARRY4 (Prop_carry4_CI_CO[3])
                                                      0.098    17.882 r  u_PI/Excess_sub_temp_carry__2/CO[3]
                         net (fo=1, routed)           0.000    17.882    u_PI/Excess_sub_temp_carry__2_n_0
    SLICE_X77Y106                                                     r  u_PI/Excess_sub_temp_carry__3/CI
    SLICE_X77Y106        CARRY4 (Prop_carry4_CI_CO[3])
                                                      0.098    17.980 r  u_PI/Excess_sub_temp_carry__3/CO[3]
                         net (fo=1, routed)           0.000    17.980    u_PI/Excess_sub_temp_carry__3_n_0
    SLICE_X77Y107                                                     r  u_PI/Excess_sub_temp_carry__4/CI
    SLICE_X77Y107        CARRY4 (Prop_carry4_CI_CO[3])
                                                      0.098    18.078 r  u_PI/Excess_sub_temp_carry__4/CO[3]
                         net (fo=1, routed)           0.000    18.078    u_PI/Excess_sub_temp_carry__4_n_0
    SLICE_X77Y108                                                     r  u_PI/Excess_sub_temp_carry__5/CI
    SLICE_X77Y108        CARRY4 (Prop_carry4_CI_CO[3])
                                                      0.098    18.176 r  u_PI/Excess_sub_temp_carry__5/CO[3]
                         net (fo=1, routed)           0.000    18.176    u_PI/Excess_sub_temp_carry__5_n_0
    SLICE_X77Y109                                                     r  u_PI/Excess_sub_temp_carry__6/CI
    SLICE_X77Y109        CARRY4 (Prop_carry4_CI_CO[3])
                                                      0.098    18.274 r  u_PI/Excess_sub_temp_carry__6/CO[3]
                         net (fo=1, routed)           0.000    18.274    u_PI/Excess_sub_temp_carry__6_n_0
    SLICE_X77Y110                                                     r  u_PI/Excess_sub_temp_carry__7/CI
    SLICE_X77Y110        CARRY4 (Prop_carry4_CI_CO[3])
                                                      0.098    18.372 r  u_PI/Excess_sub_temp_carry__7/CO[3]
                         net (fo=1, routed)           0.000    18.372    u_PI/Excess_sub_temp_carry__7_n_0
    SLICE_X77Y111                                                     r  u_PI/Excess_sub_temp_carry__8/CI
    SLICE_X77Y111        CARRY4 (Prop_carry4_CI_O[3])
                                                      0.260    18.632 r  u_PI/Excess_sub_temp_carry__8/O[3]
                         net (fo=39, routed)          1.038    19.670    u_PI/Excess_sub_temp_carry__8_n_4
    SLICE_X74Y114                                                     r  u_PI/PreviousExcess_out1[36]_i_1/I3
    SLICE_X74Y114        LUT5 (Prop_lut5_I3_O)        0.257    19.927 r  u_PI/PreviousExcess_out1[36]_i_1/O
                         net (fo=3, routed)           0.734    20.661    u_PI/Excess_out1[36]
    DSP48_X4Y41          DSP48E1                                      r  u_PI/AW_mul_temp__2/A[19]
  -------------------------------------------------------------------    -------------------

                         (clock clk_50mhz rise edge)
                                                     20.000    20.000 r  <hidden>
                                                      0.000    20.000 r  clk
                         net (fo=475, unset)          1.370    21.370    u_PI/clk
    DSP48_X4Y41          DSP48E1                                      r  u_PI/AW_mul_temp__2/CLK
                         clock pessimism              0.067    21.437    <hidden>
                         clock uncertainty           -0.035    21.401    <hidden>
    DSP48_X4Y41          DSP48E1 (Setup_dsp48e1_CLK_A[19])
                                                     -0.297    21.104    u_PI/AW_mul_temp__2
  -------------------------------------------------------------------
                         required time                         21.104    <hidden>
                         arrival time                         -20.661    <hidden>
  -------------------------------------------------------------------
                         slack                                  0.443    <hidden>




