Copyright 1986-2022 Xilinx, Inc. All Rights Reserved. Copyright 2022-2026 Advanced Micro Devices, Inc. All Rights Reserved.
-------------------------------------------------------------------------------------------------------------------------------------------------------------------------------------------------------
| Tool Version : Vivado v.2026.1 (win64) Build 6511674 Tue Jun 16 11:02:23 MDT 2026
| Date         : Sun Oct  4 17:22:33 2026
| Host         : DependOnOMEN16 running 64-bit major release  (build 9200)
| Command      : report_timing_summary -delay_type min_max -report_unconstrained -file D:/Project/FPGA_XC7A200T/learning/study_l1_speed_pi_hdl_compare/.runtime/vivado_fresh_final_01/route_timing.rpt
| Design       : HDLCore
| Device       : 7a200t-fbg484
| Speed File   : -2  PRODUCTION 1.23 2018-06-13
| Design State : Routed
-------------------------------------------------------------------------------------------------------------------------------------------------------------------------------------------------------

Timing Summary Report

------------------------------------------------------------------------------------------------
| Timer Settings
| --------------
------------------------------------------------------------------------------------------------

  Enable Multi Corner Analysis               :  Yes
  Enable Pessimism Removal                   :  Yes
  Pessimism Removal Resolution               :  Nearest Common Node
  Enable Input Delay Default Clock           :  No
  Enable Preset / Clear Arcs                 :  No
  Disable Flight Delays                      :  No
  Ignore I/O Paths                           :  No
  Timing Early Launch at Borrowing Latches   :  No
  Borrow Time for Max Delay Exceptions       :  Yes
  Merge Timing Exceptions                    :  Yes
  Inter-SLR Compensation                     :  Conservative

  Corner  Analyze    Analyze    
  Name    Max Paths  Min Paths  
  ------  ---------  ---------  
  Slow    Yes        Yes        
  Fast    Yes        Yes        


------------------------------------------------------------------------------------------------
| Report Methodology
| ------------------
------------------------------------------------------------------------------------------------

No report available as report_methodology has not been run prior. Run report_methodology on the current design for the summary of methodology violations.



check_timing report

Table of Contents
-----------------
1. checking no_clock (0)
2. checking constant_clock (0)
3. checking pulse_width_clock (0)
4. checking unconstrained_internal_endpoints (0)
5. checking no_input_delay (0)
6. checking no_output_delay (0)
7. checking multiple_clock (0)
8. checking generated_clocks (0)
9. checking loops (0)
10. checking partial_input_delay (0)
11. checking partial_output_delay (0)
12. checking latch_loops (0)

1. checking no_clock (0)
------------------------
 There are 0 register/latch pins with no clock.


2. checking constant_clock (0)
------------------------------
 There are 0 register/latch pins with constant_clock.


3. checking pulse_width_clock (0)
---------------------------------
 There are 0 register/latch pins which need pulse_width check


4. checking unconstrained_internal_endpoints (0)
------------------------------------------------
 There are 0 pins that are not constrained for maximum delay.

 There are 0 pins that are not constrained for maximum delay due to constant clock.


5. checking no_input_delay (0)
------------------------------
 There are 0 input ports with no input delay specified.

 There are 0 input ports with no input delay but user has a false path constraint.


6. checking no_output_delay (0)
-------------------------------
 There are 0 ports with no output delay specified.

 There are 0 ports with no output delay but user has a false path constraint

 There are 0 ports with no output delay but with a timing clock defined on it or propagating through it


7. checking multiple_clock (0)
------------------------------
 There are 0 register/latch pins with multiple clocks.


8. checking generated_clocks (0)
--------------------------------
 There are 0 generated clocks that are not connected to a clock source.


9. checking loops (0)
---------------------
 There are 0 combinational loops in the design.


10. checking partial_input_delay (0)
------------------------------------
 There are 0 input ports with partial input delay specified.


11. checking partial_output_delay (0)
-------------------------------------
 There are 0 ports with partial output delay specified.


12. checking latch_loops (0)
----------------------------
 There are 0 combinational latch loops in the design through latch input



------------------------------------------------------------------------------------------------
| Design Timing Summary
| ---------------------
------------------------------------------------------------------------------------------------

    WNS(ns)      TNS(ns)  TNS Failing Endpoints  TNS Total Endpoints      WHS(ns)      THS(ns)  THS Failing Endpoints  THS Total Endpoints     WPWS(ns)     TPWS(ns)  TPWS Failing Endpoints  TPWS Total Endpoints  
    -------      -------  ---------------------  -------------------      -------      -------  ---------------------  -------------------     --------     --------  ----------------------  --------------------  
      0.324        0.000                      0                 1926        0.158        0.000                      0                 1926        9.500        0.000                       0                   472  


All user specified timing constraints are met.


------------------------------------------------------------------------------------------------
| Clock Summary
| -------------
------------------------------------------------------------------------------------------------

Clock      Waveform(ns)       Period(ns)      Frequency(MHz)
-----      ------------       ----------      --------------
clk_50mhz  {0.000 10.000}     20.000          50.000          


------------------------------------------------------------------------------------------------
| Intra Clock Table
| -----------------
------------------------------------------------------------------------------------------------

Clock             WNS(ns)      TNS(ns)  TNS Failing Endpoints  TNS Total Endpoints      WHS(ns)      THS(ns)  THS Failing Endpoints  THS Total Endpoints     WPWS(ns)     TPWS(ns)  TPWS Failing Endpoints  TPWS Total Endpoints  
-----             -------      -------  ---------------------  -------------------      -------      -------  ---------------------  -------------------     --------     --------  ----------------------  --------------------  
clk_50mhz           0.324        0.000                      0                 1926        0.158        0.000                      0                 1926        9.500        0.000                       0                   472  


------------------------------------------------------------------------------------------------
| Inter Clock Table
| -----------------
------------------------------------------------------------------------------------------------

From Clock    To Clock          WNS(ns)      TNS(ns)  TNS Failing Endpoints  TNS Total Endpoints      WHS(ns)      THS(ns)  THS Failing Endpoints  THS Total Endpoints  
----------    --------          -------      -------  ---------------------  -------------------      -------      -------  ---------------------  -------------------  


------------------------------------------------------------------------------------------------
| Other Path Groups Table
| -----------------------
------------------------------------------------------------------------------------------------

Path Group    From Clock    To Clock          WNS(ns)      TNS(ns)  TNS Failing Endpoints  TNS Total Endpoints      WHS(ns)      THS(ns)  THS Failing Endpoints  THS Total Endpoints  
----------    ----------    --------          -------      -------  ---------------------  -------------------      -------      -------  ---------------------  -------------------  


------------------------------------------------------------------------------------------------
| User Ignored Path Table
| -----------------------
------------------------------------------------------------------------------------------------

Path Group    From Clock    To Clock    
----------    ----------    --------    


------------------------------------------------------------------------------------------------
| Unconstrained Path Table
| ------------------------
------------------------------------------------------------------------------------------------

Path Group    From Clock    To Clock    
----------    ----------    --------    
(none)                      clk_50mhz     


------------------------------------------------------------------------------------------------
| Timing Details
| --------------
------------------------------------------------------------------------------------------------


---------------------------------------------------------------------------------------------------
From Clock:  clk_50mhz
  To Clock:  clk_50mhz

Setup :            0  Failing Endpoints,  Worst Slack        0.324ns,  Total Violation        0.000ns
Hold  :            0  Failing Endpoints,  Worst Slack        0.158ns,  Total Violation        0.000ns
PW    :            0  Failing Endpoints,  Worst Slack        9.500ns,  Total Violation        0.000ns
---------------------------------------------------------------------------------------------------


Max Delay Paths
--------------------------------------------------------------------------------------
Slack (MET) :             0.324ns  (required time - arrival time)
  Source:                 v_ref_mmps_1_reg[1]/C
                            (rising edge-triggered cell FDRE clocked by clk_50mhz  {rise@0.000ns fall@10.000ns period=20.000ns})
  Destination:            u_PI/AW_mul_temp__1/A[13]
                            (rising edge-triggered cell DSP48E1 clocked by clk_50mhz  {rise@0.000ns fall@10.000ns period=20.000ns})
  Path Group:             clk_50mhz
  Path Type:              Setup (Max at Slow Process Corner)
  Requirement:            20.000ns  (clk_50mhz rise@20.000ns - clk_50mhz rise@0.000ns)
  Data Path Delay:        19.368ns  (logic 12.012ns (62.020%)  route 7.356ns (37.979%))
  Logic Levels:           36  (CARRY4=27 DSP48E1=2 LUT2=2 LUT3=1 LUT4=2 LUT5=2)
  Clock Path Skew:        0.025ns (DCD - SCD + CPR)
    Destination Clock Delay (DCD):    1.370ns = ( 21.370 - 20.000 ) 
    Source Clock Delay      (SCD):    1.412ns
    Clock Pessimism Removal (CPR):    0.067ns
  Clock Uncertainty:      0.035ns  ((TSJ^2 + TIJ^2)^1/2 + DJ) / 2 + PE
    Total System Jitter     (TSJ):    0.071ns
    Total Input Jitter      (TIJ):    0.000ns
    Discrete Jitter          (DJ):    0.000ns
    Phase Error              (PE):    0.000ns

    Location             Delay type                Incr(ns)  Path(ns)    Netlist Resource(s)
  -------------------------------------------------------------------    -------------------
                         (clock clk_50mhz rise edge)
                                                      0.000     0.000 r  <hidden>
                                                      0.000     0.000 r  clk
                         net (fo=475, unset)          1.412     1.412    clk
    SLICE_X61Y104        FDRE                                         r  v_ref_mmps_1_reg[1]/C
  -------------------------------------------------------------------    -------------------
    SLICE_X61Y104        FDRE (Prop_fdre_C_Q)         0.379     1.791 r  v_ref_mmps_1_reg[1]/Q
                         net (fo=6, routed)           0.517     2.308    u_PI/v_ref_mmps_1[1]
    SLICE_X60Y104        CARRY4 (Prop_carry4_DI[1]_CO[3])
                                                      0.430     2.738 r  u_PI/Error_out1_carry/CO[3]
                         net (fo=1, routed)           0.000     2.738    u_PI/Error_out1_carry_n_0
    SLICE_X60Y105        CARRY4 (Prop_carry4_CI_CO[3])
                                                      0.100     2.838 r  u_PI/Error_out1_carry__0/CO[3]
                         net (fo=1, routed)           0.000     2.838    u_PI/Error_out1_carry__0_n_0
    SLICE_X60Y106        CARRY4 (Prop_carry4_CI_CO[3])
                                                      0.100     2.938 r  u_PI/Error_out1_carry__1/CO[3]
                         net (fo=1, routed)           0.000     2.938    u_PI/Error_out1_carry__1_n_0
    SLICE_X60Y107        CARRY4 (Prop_carry4_CI_O[1])
                                                      0.269     3.207 r  u_PI/Error_out1_carry__2/O[1]
                         net (fo=9, routed)           0.689     3.896    u_PI/Error_out1[13]
    DSP48_X3Y42          DSP48E1 (Prop_dsp48e1_B[13]_PCOUT[47])
                                                      3.384     7.280 r  u_PI/P_mul_temp__1/PCOUT[47]
                         net (fo=1, routed)           0.002     7.282    u_PI/P_mul_temp__1_n_106
    DSP48_X3Y43          DSP48E1 (Prop_dsp48e1_PCIN[47]_P[0])
                                                      1.271     8.553 r  u_PI/P_mul_temp__2/P[0]
                         net (fo=2, routed)           0.720     9.273    u_PI/P_mul_temp__2_n_105
    SLICE_X63Y102        CARRY4 (Prop_carry4_DI[1]_O[2])
                                                      0.442     9.715 r  u_PI/P_mul_temp_carry/O[2]
                         net (fo=1, routed)           0.564    10.280    u_PI/P_mul_temp_carry_n_5
    SLICE_X67Y104        LUT4 (Prop_lut4_I1_O)        0.253    10.533 r  u_PI/P_out11_carry_i_6/O
                         net (fo=1, routed)           0.255    10.787    u_PI/P_out11_carry_i_6_n_0
    SLICE_X67Y103        LUT5 (Prop_lut5_I4_O)        0.105    10.892 r  u_PI/P_out11_carry_i_3/O
                         net (fo=1, routed)           0.357    11.250    u_PI/P_out11_carry_i_3_n_0
    SLICE_X66Y103        LUT4 (Prop_lut4_I2_O)        0.105    11.355 r  u_PI/P_out11_carry_i_1/O
                         net (fo=1, routed)           0.000    11.355    u_PI/P_out11_carry_i_1_n_0
    SLICE_X66Y103        CARRY4 (Prop_carry4_S[0]_CO[3])
                                                      0.423    11.778 r  u_PI/P_out11_carry/CO[3]
                         net (fo=1, routed)           0.000    11.778    u_PI/P_out11_carry_n_0
    SLICE_X66Y104        CARRY4 (Prop_carry4_CI_CO[3])
                                                      0.100    11.878 r  u_PI/P_out11_carry__0/CO[3]
                         net (fo=1, routed)           0.000    11.878    u_PI/P_out11_carry__0_n_0
    SLICE_X66Y105        CARRY4 (Prop_carry4_CI_CO[3])
                                                      0.100    11.978 r  u_PI/P_out11_carry__1/CO[3]
                         net (fo=1, routed)           0.000    11.978    u_PI/P_out11_carry__1_n_0
    SLICE_X66Y106        CARRY4 (Prop_carry4_CI_CO[3])
                                                      0.100    12.078 r  u_PI/P_out11_carry__2/CO[3]
                         net (fo=1, routed)           0.000    12.078    u_PI/P_out11_carry__2_n_0
    SLICE_X66Y107        CARRY4 (Prop_carry4_CI_CO[3])
                                                      0.100    12.178 r  u_PI/P_out11_carry__3/CO[3]
                         net (fo=1, routed)           0.000    12.178    u_PI/P_out11_carry__3_n_0
    SLICE_X66Y108        CARRY4 (Prop_carry4_CI_CO[3])
                                                      0.100    12.278 r  u_PI/P_out11_carry__4/CO[3]
                         net (fo=1, routed)           0.000    12.278    u_PI/P_out11_carry__4_n_0
    SLICE_X66Y109        CARRY4 (Prop_carry4_CI_O[1])
                                                      0.269    12.547 r  u_PI/P_out11_carry__5/O[1]
                         net (fo=3, routed)           0.495    13.041    u_PI/P_out11_carry__5_n_6
    SLICE_X64Y108        LUT2 (Prop_lut2_I0_O)        0.245    13.286 r  u_PI/Unlimited_add_temp_carry__5_i_3/O
                         net (fo=1, routed)           0.000    13.286    u_PI/Unlimited_add_temp_carry__5_i_3_n_0
    SLICE_X64Y108        CARRY4 (Prop_carry4_S[1]_CO[3])
                                                      0.444    13.730 r  u_PI/Unlimited_add_temp_carry__5/CO[3]
                         net (fo=1, routed)           0.000    13.730    u_PI/Unlimited_add_temp_carry__5_n_0
    SLICE_X64Y109        CARRY4 (Prop_carry4_CI_O[3])
                                                      0.277    14.007 f  u_PI/Unlimited_add_temp_carry__6/O[3]
                         net (fo=10, routed)          0.525    14.533    u_PI/Unlimited_add_temp_carry__6_n_4
    SLICE_X65Y113        LUT2 (Prop_lut2_I1_O)        0.250    14.783 r  u_PI/Sat_LowerRelOp_out_carry_i_1/O
                         net (fo=1, routed)           0.143    14.926    u_PI/Sat_LowerRelOp_out_carry_i_1_n_0
    SLICE_X64Y113        CARRY4 (Prop_carry4_CYINIT_CO[3])
                                                      0.494    15.420 r  u_PI/Sat_LowerRelOp_out_carry/CO[3]
                         net (fo=1, routed)           0.000    15.420    u_PI/Sat_LowerRelOp_out_carry_n_0
    SLICE_X64Y114        CARRY4 (Prop_carry4_CI_CO[0])
                                                      0.207    15.627 f  u_PI/Sat_LowerRelOp_out_carry__0/CO[0]
                         net (fo=132, routed)         1.208    16.834    u_PI/Sat_LowerRelOp_out
    SLICE_X77Y102        LUT3 (Prop_lut3_I1_O)        0.297    17.131 r  u_PI/Excess_sub_temp_carry_i_3/O
                         net (fo=1, routed)           0.000    17.131    u_PI/Excess_sub_temp_carry_i_3_n_0
    SLICE_X77Y102        CARRY4 (Prop_carry4_S[1]_CO[3])
                                                      0.457    17.588 r  u_PI/Excess_sub_temp_carry/CO[3]
                         net (fo=1, routed)           0.000    17.588    u_PI/Excess_sub_temp_carry_n_0
    SLICE_X77Y103        CARRY4 (Prop_carry4_CI_CO[3])
                                                      0.098    17.686 r  u_PI/Excess_sub_temp_carry__0/CO[3]
                         net (fo=1, routed)           0.000    17.686    u_PI/Excess_sub_temp_carry__0_n_0
    SLICE_X77Y104        CARRY4 (Prop_carry4_CI_CO[3])
                                                      0.098    17.784 r  u_PI/Excess_sub_temp_carry__1/CO[3]
                         net (fo=1, routed)           0.000    17.784    u_PI/Excess_sub_temp_carry__1_n_0
    SLICE_X77Y105        CARRY4 (Prop_carry4_CI_CO[3])
                                                      0.098    17.882 r  u_PI/Excess_sub_temp_carry__2/CO[3]
                         net (fo=1, routed)           0.000    17.882    u_PI/Excess_sub_temp_carry__2_n_0
    SLICE_X77Y106        CARRY4 (Prop_carry4_CI_CO[3])
                                                      0.098    17.980 r  u_PI/Excess_sub_temp_carry__3/CO[3]
                         net (fo=1, routed)           0.000    17.980    u_PI/Excess_sub_temp_carry__3_n_0
    SLICE_X77Y107        CARRY4 (Prop_carry4_CI_CO[3])
                                                      0.098    18.078 r  u_PI/Excess_sub_temp_carry__4/CO[3]
                         net (fo=1, routed)           0.000    18.078    u_PI/Excess_sub_temp_carry__4_n_0
    SLICE_X77Y108        CARRY4 (Prop_carry4_CI_CO[3])
                                                      0.098    18.176 r  u_PI/Excess_sub_temp_carry__5/CO[3]
                         net (fo=1, routed)           0.000    18.176    u_PI/Excess_sub_temp_carry__5_n_0
    SLICE_X77Y109        CARRY4 (Prop_carry4_CI_CO[3])
                                                      0.098    18.274 r  u_PI/Excess_sub_temp_carry__6/CO[3]
                         net (fo=1, routed)           0.000    18.274    u_PI/Excess_sub_temp_carry__6_n_0
    SLICE_X77Y110        CARRY4 (Prop_carry4_CI_CO[3])
                                                      0.098    18.372 r  u_PI/Excess_sub_temp_carry__7/CO[3]
                         net (fo=1, routed)           0.000    18.372    u_PI/Excess_sub_temp_carry__7_n_0
    SLICE_X77Y111        CARRY4 (Prop_carry4_CI_CO[3])
                                                      0.098    18.470 r  u_PI/Excess_sub_temp_carry__8/CO[3]
                         net (fo=1, routed)           0.000    18.470    u_PI/Excess_sub_temp_carry__8_n_0
    SLICE_X77Y112        CARRY4 (Prop_carry4_CI_O[0])
                                                      0.180    18.650 r  u_PI/Excess_sub_temp_carry__9/O[0]
                         net (fo=39, routed)          1.196    19.847    u_PI/Excess_sub_temp_carry__9_n_7
    SLICE_X79Y108        LUT5 (Prop_lut5_I1_O)        0.249    20.096 r  u_PI/PreviousExcess_out1[13]_i_1/O
                         net (fo=3, routed)           0.684    20.780    u_PI/Excess_out1[13]
    DSP48_X4Y40          DSP48E1                                      r  u_PI/AW_mul_temp__1/A[13]
  -------------------------------------------------------------------    -------------------

                         (clock clk_50mhz rise edge)
                                                     20.000    20.000 r  <hidden>
                                                      0.000    20.000 r  clk
                         net (fo=475, unset)          1.370    21.370    u_PI/clk
    DSP48_X4Y40          DSP48E1                                      r  u_PI/AW_mul_temp__1/CLK
                         clock pessimism              0.067    21.437    <hidden>
                         clock uncertainty           -0.035    21.401    <hidden>
    DSP48_X4Y40          DSP48E1 (Setup_dsp48e1_CLK_A[13])
                                                     -0.297    21.104    u_PI/AW_mul_temp__1
  -------------------------------------------------------------------
                         required time                         21.104    <hidden>
                         arrival time                         -20.780    <hidden>
  -------------------------------------------------------------------
                         slack                                  0.324    <hidden>





Min Delay Paths
--------------------------------------------------------------------------------------
Slack (MET) :             0.158ns  (arrival time - required time)
  Source:                 v_meas_mmps_1_reg[30]/C
                            (rising edge-triggered cell FDRE clocked by clk_50mhz  {rise@0.000ns fall@10.000ns period=20.000ns})
  Destination:            u_PI/Error_out1_hold_reg[30]/D
                            (rising edge-triggered cell FDRE clocked by clk_50mhz  {rise@0.000ns fall@10.000ns period=20.000ns})
  Path Group:             clk_50mhz
  Path Type:              Hold (Min at Fast Process Corner)
  Requirement:            0.000ns  (clk_50mhz rise@0.000ns - clk_50mhz rise@0.000ns)
  Data Path Delay:        0.304ns  (logic 0.251ns (82.445%)  route 0.053ns (17.555%))
  Logic Levels:           2  (CARRY4=1 LUT2=1)
  Clock Path Skew:        0.016ns (DCD - SCD - CPR)
    Destination Clock Delay (DCD):    0.853ns
    Source Clock Delay      (SCD):    0.582ns
    Clock Pessimism Removal (CPR):    0.255ns

    Location             Delay type                Incr(ns)  Path(ns)    Netlist Resource(s)
  -------------------------------------------------------------------    -------------------
                         (clock clk_50mhz rise edge)
                                                      0.000     0.000 r  <hidden>
                                                      0.000     0.000 r  clk
                         net (fo=475, unset)          0.582     0.582    clk
    SLICE_X61Y111        FDRE                                         r  v_meas_mmps_1_reg[30]/C
  -------------------------------------------------------------------    -------------------
    SLICE_X61Y111        FDRE (Prop_fdre_C_Q)         0.141     0.723 r  v_meas_mmps_1_reg[30]/Q
                         net (fo=1, routed)           0.053     0.776    u_PI/v_meas_mmps_1[30]
    SLICE_X60Y111        LUT2 (Prop_lut2_I1_O)        0.045     0.821 r  u_PI/Error_out1_carry__6_i_2/O
                         net (fo=1, routed)           0.000     0.821    u_PI/Error_out1_carry__6_i_2_n_0
    SLICE_X60Y111        CARRY4 (Prop_carry4_S[2]_O[2])
                                                      0.065     0.886 r  u_PI/Error_out1_carry__6/O[2]
                         net (fo=8, routed)           0.000     0.886    u_PI/Error_out1[30]
    SLICE_X60Y111        FDRE                                         r  u_PI/Error_out1_hold_reg[30]/D
  -------------------------------------------------------------------    -------------------

                         (clock clk_50mhz rise edge)
                                                      0.000     0.000 r  <hidden>
                                                      0.000     0.000 r  clk
                         net (fo=475, unset)          0.853     0.853    u_PI/clk
    SLICE_X60Y111        FDRE                                         r  u_PI/Error_out1_hold_reg[30]/C
                         clock pessimism             -0.255     0.598    <hidden>
    SLICE_X60Y111        FDRE (Hold_fdre_C_D)         0.130     0.728    u_PI/Error_out1_hold_reg[30]
  -------------------------------------------------------------------
                         required time                         -0.728    <hidden>
                         arrival time                           0.886    <hidden>
  -------------------------------------------------------------------
                         slack                                  0.158    <hidden>





Pulse Width Checks
--------------------------------------------------------------------------------------
Clock Name:         clk_50mhz
Waveform(ns):       { 0.000 10.000 }
Period(ns):         20.000
Sources:            { clk }

Check Type        Corner  Lib Pin  Reference Pin  Required(ns)  Actual(ns)  Slack(ns)  Location       Pin
Min Period        n/a     FDRE/C   n/a            1.000         20.000      19.000     SLICE_X74Y113  angle_init_1_reg/C
Low Pulse Width   Slow    FDRE/C   n/a            0.500         10.000      9.500      SLICE_X74Y113  angle_init_1_reg/C
High Pulse Width  Slow    FDRE/C   n/a            0.500         10.000      9.500      SLICE_X74Y113  angle_init_1_reg/C



--------------------------------------------------------------------------------------
Path Group:  (none)
From Clock:  
  To Clock:  clk_50mhz

Max Delay            71 Endpoints
Min Delay            71 Endpoints
--------------------------------------------------------------------------------------


Max Delay Paths
--------------------------------------------------------------------------------------
Slack:                    inf
  Source:                 u_PI/AW_mul_temp__1/BCOUT[17]
                            (internal pin)
  Destination:            u_PI/Integrator_out1_reg[1]/D
                            (rising edge-triggered cell FDRE clocked by clk_50mhz  {rise@0.000ns fall@10.000ns period=20.000ns})
  Path Group:             (none)
  Path Type:              Setup (Max at Slow Process Corner)
  Data Path Delay:        14.123ns  (logic 8.110ns (57.425%)  route 6.013ns (42.575%))
  Logic Levels:           27  (CARRY4=17 DSP48E1=1 LUT2=3 LUT3=1 LUT5=2 LUT6=3)
  Clock Uncertainty:      0.025ns  ((TSJ^2 + TIJ^2)^1/2 + DJ) / 2 + PE
    Total System Jitter     (TSJ):    0.050ns
    Total Input Jitter      (TIJ):    0.000ns
    Discrete Jitter          (DJ):    0.000ns
    Phase Error              (PE):    0.000ns

    Location             Delay type                Incr(ns)  Path(ns)    Netlist Resource(s)
  -------------------------------------------------------------------    -------------------
    DSP48_X4Y40          DSP48E1                      0.000     0.000 r  u_PI/AW_mul_temp__1/BCOUT[17]
                         net (fo=1, routed)           0.002     0.002    u_PI/AW_mul_temp__1_n_6
    DSP48_X4Y41          DSP48E1 (Prop_dsp48e1_BCIN[17]_P[0])
                                                      2.863     2.865 r  u_PI/AW_mul_temp__2/P[0]
                         net (fo=2, routed)           0.968     3.833    u_PI/AW_mul_temp__2_n_105
    SLICE_X74Y99         LUT2 (Prop_lut2_I0_O)        0.105     3.938 r  u_PI/AW_mul_temp_carry_i_3/O
                         net (fo=1, routed)           0.000     3.938    u_PI/AW_mul_temp_carry_i_3_n_0
    SLICE_X74Y99         CARRY4 (Prop_carry4_S[1]_CO[3])
                                                      0.444     4.382 r  u_PI/AW_mul_temp_carry/CO[3]
                         net (fo=1, routed)           0.001     4.383    u_PI/AW_mul_temp_carry_n_0
    SLICE_X74Y100        CARRY4 (Prop_carry4_CI_CO[3])
                                                      0.100     4.483 r  u_PI/AW_mul_temp_carry__0/CO[3]
                         net (fo=1, routed)           0.000     4.483    u_PI/AW_mul_temp_carry__0_n_0
    SLICE_X74Y101        CARRY4 (Prop_carry4_CI_CO[3])
                                                      0.100     4.583 r  u_PI/AW_mul_temp_carry__1/CO[3]
                         net (fo=1, routed)           0.000     4.583    u_PI/AW_mul_temp_carry__1_n_0
    SLICE_X74Y102        CARRY4 (Prop_carry4_CI_O[1])
                                                      0.257     4.840 r  u_PI/AW_mul_temp_carry__2/O[1]
                         net (fo=5, routed)           0.675     5.514    u_PI/AW_mul_temp_carry__2_n_6
    SLICE_X75Y100        LUT5 (Prop_lut5_I2_O)        0.245     5.759 r  u_PI/AW_out11_carry_i_8/O
                         net (fo=1, routed)           0.343     6.102    u_PI/AW_out11_carry_i_8_n_0
    SLICE_X75Y100        LUT6 (Prop_lut6_I5_O)        0.105     6.207 r  u_PI/AW_out11_carry_i_4/O
                         net (fo=1, routed)           0.485     6.692    u_PI/AW_out11_carry_i_4_n_0
    SLICE_X71Y102        LUT6 (Prop_lut6_I4_O)        0.105     6.797 r  u_PI/AW_out11_carry_i_1/O
                         net (fo=1, routed)           0.000     6.797    u_PI/AW_out11_carry_i_1_n_0
    SLICE_X71Y102        CARRY4 (Prop_carry4_S[0]_CO[3])
                                                      0.440     7.237 r  u_PI/AW_out11_carry/CO[3]
                         net (fo=1, routed)           0.000     7.237    u_PI/AW_out11_carry_n_0
    SLICE_X71Y103        CARRY4 (Prop_carry4_CI_CO[3])
                                                      0.098     7.335 r  u_PI/AW_out11_carry__0/CO[3]
                         net (fo=1, routed)           0.000     7.335    u_PI/AW_out11_carry__0_n_0
    SLICE_X71Y104        CARRY4 (Prop_carry4_CI_CO[3])
                                                      0.098     7.433 r  u_PI/AW_out11_carry__1/CO[3]
                         net (fo=1, routed)           0.000     7.433    u_PI/AW_out11_carry__1_n_0
    SLICE_X71Y105        CARRY4 (Prop_carry4_CI_CO[3])
                                                      0.098     7.531 r  u_PI/AW_out11_carry__2/CO[3]
                         net (fo=1, routed)           0.000     7.531    u_PI/AW_out11_carry__2_n_0
    SLICE_X71Y106        CARRY4 (Prop_carry4_CI_CO[3])
                                                      0.098     7.629 r  u_PI/AW_out11_carry__3/CO[3]
                         net (fo=1, routed)           0.000     7.629    u_PI/AW_out11_carry__3_n_0
    SLICE_X71Y107        CARRY4 (Prop_carry4_CI_CO[3])
                                                      0.098     7.727 r  u_PI/AW_out11_carry__4/CO[3]
                         net (fo=1, routed)           0.000     7.727    u_PI/AW_out11_carry__4_n_0
    SLICE_X71Y108        CARRY4 (Prop_carry4_CI_O[0])
                                                      0.191     7.918 r  u_PI/AW_out11_carry__5/O[0]
                         net (fo=2, routed)           0.692     8.610    u_PI/AW_out11_carry__5_n_7
    SLICE_X69Y108        LUT2 (Prop_lut2_I1_O)        0.249     8.859 r  u_PI/Update_stage3_sub_temp__107_carry__5_i_4/O
                         net (fo=1, routed)           0.000     8.859    u_PI/Update_stage3_sub_temp__107_carry__5_i_4_n_0
    SLICE_X69Y108        CARRY4 (Prop_carry4_S[0]_CO[3])
                                                      0.440     9.299 r  u_PI/Update_stage3_sub_temp__107_carry__5/CO[3]
                         net (fo=1, routed)           0.000     9.299    u_PI/Update_stage3_sub_temp__107_carry__5_n_0
    SLICE_X69Y109        CARRY4 (Prop_carry4_CI_CO[3])
                                                      0.098     9.397 r  u_PI/Update_stage3_sub_temp__107_carry__6/CO[3]
                         net (fo=1, routed)           0.000     9.397    u_PI/Update_stage3_sub_temp__107_carry__6_n_0
    SLICE_X69Y110        CARRY4 (Prop_carry4_CI_CO[3])
                                                      0.098     9.495 r  u_PI/Update_stage3_sub_temp__107_carry__7/CO[3]
                         net (fo=1, routed)           0.000     9.495    u_PI/Update_stage3_sub_temp__107_carry__7_n_0
    SLICE_X69Y111        CARRY4 (Prop_carry4_CI_O[0])
                                                      0.180     9.675 f  u_PI/Update_stage3_sub_temp__107_carry__8/O[0]
                         net (fo=4, routed)           0.695    10.370    u_PI/Update_stage3_sub_temp__107_carry__8_n_7
    SLICE_X68Y108        LUT2 (Prop_lut2_I0_O)        0.249    10.619 r  u_PI/Sat_UpperRelOp_out_carry__3_i_4/O
                         net (fo=1, routed)           0.000    10.619    u_PI/Sat_UpperRelOp_out_carry__3_i_4_n_0
    SLICE_X68Y108        CARRY4 (Prop_carry4_S[1]_CO[3])
                                                      0.444    11.063 r  u_PI/Sat_UpperRelOp_out_carry__3/CO[3]
                         net (fo=1, routed)           0.000    11.063    u_PI/Sat_UpperRelOp_out_carry__3_n_0
    SLICE_X68Y109        CARRY4 (Prop_carry4_CI_CO[0])
                                                      0.207    11.270 f  u_PI/Sat_UpperRelOp_out_carry__4/CO[0]
                         net (fo=10, routed)          0.477    11.747    u_PI/Sat_UpperRelOp_out
    SLICE_X67Y110        LUT5 (Prop_lut5_I1_O)        0.300    12.047 f  u_PI/Integrator_out1[30]_i_4/O
                         net (fo=2, routed)           0.697    12.744    u_PI/Integrator_out1[30]_i_4_n_0
    SLICE_X67Y110        LUT6 (Prop_lut6_I1_O)        0.275    13.019 r  u_PI/Integrator_out1[28]_i_2/O
                         net (fo=29, routed)          0.978    13.998    u_PI/Integrator_out1[28]_i_2_n_0
    SLICE_X68Y102        LUT3 (Prop_lut3_I1_O)        0.125    14.123 r  u_PI/Integrator_out1[1]_i_1/O
                         net (fo=1, routed)           0.000    14.123    u_PI/IntReset_out1[1]
    SLICE_X68Y102        FDRE                                         r  u_PI/Integrator_out1_reg[1]/D
  -------------------------------------------------------------------    -------------------

                         (clock clk_50mhz rise edge)
                                                      0.000     0.000 r  <hidden>
                                                      0.000     0.000 r  clk
                         net (fo=475, unset)          1.293     1.293    u_PI/clk
    SLICE_X68Y102        FDRE                                         r  u_PI/Integrator_out1_reg[1]/C





Min Delay Paths
--------------------------------------------------------------------------------------
Slack:                    inf
  Source:                 u_PI/AW_mul_temp/BCOUT[17]
                            (internal pin)
  Destination:            u_PI/AW_out1_hold_reg[14]/D
                            (rising edge-triggered cell FDRE clocked by clk_50mhz  {rise@0.000ns fall@10.000ns period=20.000ns})
  Path Group:             (none)
  Path Type:              Hold (Min at Fast Process Corner)
  Data Path Delay:        1.135ns  (logic 0.767ns (67.550%)  route 0.368ns (32.450%))
  Logic Levels:           4  (CARRY4=2 DSP48E1=1 LUT2=1)
  Clock Uncertainty:      0.025ns  ((TSJ^2 + TIJ^2)^1/2 + DJ) / 2 + PE
    Total System Jitter     (TSJ):    0.050ns
    Total Input Jitter      (TIJ):    0.000ns
    Discrete Jitter          (DJ):    0.000ns
    Phase Error              (PE):    0.000ns

    Location             Delay type                Incr(ns)  Path(ns)    Netlist Resource(s)
  -------------------------------------------------------------------    -------------------
    DSP48_X4Y42          DSP48E1                      0.000     0.000 r  u_PI/AW_mul_temp/BCOUT[17]
                         net (fo=1, routed)           0.002     0.002    u_PI/AW_mul_temp_n_6
    DSP48_X4Y43          DSP48E1 (Prop_dsp48e1_BCIN[17]_P[10])
                                                      0.481     0.483 r  u_PI/AW_mul_temp__0/P[10]
                         net (fo=1, routed)           0.163     0.646    u_PI/AW_mul_temp__0_n_95
    SLICE_X74Y106        LUT2 (Prop_lut2_I1_O)        0.045     0.691 r  u_PI/AW_mul_temp_carry__6_i_4/O
                         net (fo=1, routed)           0.000     0.691    u_PI/AW_mul_temp_carry__6_i_4_n_0
    SLICE_X74Y106        CARRY4 (Prop_carry4_S[0]_O[0])
                                                      0.070     0.761 r  u_PI/AW_mul_temp_carry__6/O[0]
                         net (fo=1, routed)           0.203     0.964    u_PI/AW_mul_temp_carry__6_n_7
    SLICE_X71Y105        CARRY4 (Prop_carry4_S[2]_O[2])
                                                      0.171     1.135 r  u_PI/AW_out11_carry__2/O[2]
                         net (fo=2, routed)           0.000     1.135    u_PI/AW_out11_carry__2_n_5
    SLICE_X71Y105        FDRE                                         r  u_PI/AW_out1_hold_reg[14]/D
  -------------------------------------------------------------------    -------------------

                         (clock clk_50mhz rise edge)
                                                      0.000     0.000 r  <hidden>
                                                      0.000     0.000 r  clk
                         net (fo=475, unset)          0.849     0.849    u_PI/clk
    SLICE_X71Y105        FDRE                                         r  u_PI/AW_out1_hold_reg[14]/C





