Copyright 1986-2022 Xilinx, Inc. All Rights Reserved. Copyright 2022-2026 Advanced Micro Devices, Inc. All Rights Reserved.
---------------------------------------------------------------------------------------------------------------------------------------------------------------------------------------------
| Tool Version : Vivado v.2026.1 (win64) Build 6511674 Tue Jun 16 11:02:23 MDT 2026
| Date         : Sun Sep 20 00:30:47 2026
| Host         : DependOnOMEN16 running 64-bit major release  (build 9200)
| Command      : report_timing_summary -delay_type min_max -report_unconstrained -check_timing_verbose -file D:/Project/FPGA_XC7A200T/docs/reports/step6c4/final04/routed_timing_summary.rpt
| Design       : mc_foc_current_core
| Device       : 7a200t-fbg484
| Speed File   : -2  PRODUCTION 1.23 2018-06-13
| Design State : Routed
---------------------------------------------------------------------------------------------------------------------------------------------------------------------------------------------

Timing Summary Report

------------------------------------------------------------------------------------------------
| Timer Settings
| --------------
------------------------------------------------------------------------------------------------

  Enable Multi Corner Analysis               :  Yes
  Enable Pessimism Removal                   :  Yes
  Pessimism Removal Resolution               :  Nearest Common Node
  Enable Input Delay Default Clock           :  No
  Enable Preset / Clear Arcs                 :  No
  Disable Flight Delays                      :  No
  Ignore I/O Paths                           :  No
  Timing Early Launch at Borrowing Latches   :  No
  Borrow Time for Max Delay Exceptions       :  Yes
  Merge Timing Exceptions                    :  Yes
  Inter-SLR Compensation                     :  Conservative

  Corner  Analyze    Analyze
  Name    Max Paths  Min Paths
  ------  ---------  ---------
  Slow    Yes        Yes
  Fast    Yes        Yes


------------------------------------------------------------------------------------------------
| Report Methodology
| ------------------
------------------------------------------------------------------------------------------------

Rule       Severity  Description                                 Violations
---------  --------  ------------------------------------------  ----------
DPIR-1     Warning   Asynchronous driver check                   1318
SYNTH-6    Warning   Timing of a RAM block might be sub-optimal  2
SYNTH-10   Warning   Wide multiplier                             40
TIMING-18  Warning   Missing input or output delay               283

Note: This report is based on the most recent report_methodology run and may not be up-to-date. Run report_methodology on the current design for the latest report.



check_timing report

Table of Contents
-----------------
1. checking no_clock (0)
2. checking constant_clock (0)
3. checking pulse_width_clock (0)
4. checking unconstrained_internal_endpoints (0)
5. checking no_input_delay (198)
6. checking no_output_delay (83)
7. checking multiple_clock (0)
8. checking generated_clocks (0)
9. checking loops (0)
10. checking partial_input_delay (0)
11. checking partial_output_delay (0)
12. checking latch_loops (0)

1. checking no_clock (0)
------------------------
 There are 0 register/latch pins with no clock.


2. checking constant_clock (0)
------------------------------
 There are 0 register/latch pins with constant_clock.


3. checking pulse_width_clock (0)
---------------------------------
 There are 0 register/latch pins which need pulse_width check


4. checking unconstrained_internal_endpoints (0)
------------------------------------------------
 There are 0 pins that are not constrained for maximum delay.

 There are 0 pins that are not constrained for maximum delay due to constant clock.


5. checking no_input_delay (198)
--------------------------------
 There are 198 input ports with no input delay specified. (HIGH)

enable
ia[0]
ia[10]
ia[11]
ia[12]
ia[13]
ia[14]
ia[15]
ia[16]
ia[17]
ia[18]
ia[19]
ia[1]
ia[20]
ia[21]
ia[22]
ia[23]
ia[2]
ia[3]
ia[4]
ia[5]
ia[6]
ia[7]
ia[8]
ia[9]
ib[0]
ib[10]
ib[11]
ib[12]
ib[13]
ib[14]
ib[15]
ib[16]
ib[17]
ib[18]
ib[19]
ib[1]
ib[20]
ib[21]
ib[22]
ib[23]
ib[2]
ib[3]
ib[4]
ib[5]
ib[6]
ib[7]
ib[8]
ib[9]
ic[0]
ic[10]
ic[11]
ic[12]
ic[13]
ic[14]
ic[15]
ic[16]
ic[17]
ic[18]
ic[19]
ic[1]
ic[20]
ic[21]
ic[22]
ic[23]
ic[2]
ic[3]
ic[4]
ic[5]
ic[6]
ic[7]
ic[8]
ic[9]
id_ref[0]
id_ref[10]
id_ref[11]
id_ref[12]
id_ref[13]
id_ref[14]
id_ref[15]
id_ref[16]
id_ref[17]
id_ref[18]
id_ref[19]
id_ref[1]
id_ref[20]
id_ref[21]
id_ref[22]
id_ref[23]
id_ref[24]
id_ref[2]
id_ref[3]
id_ref[4]
id_ref[5]
id_ref[6]
id_ref[7]
id_ref[8]
id_ref[9]
iq_ref[0]
iq_ref[10]
iq_ref[11]
iq_ref[12]
iq_ref[13]
iq_ref[14]
iq_ref[15]
iq_ref[16]
iq_ref[17]
iq_ref[18]
iq_ref[19]
iq_ref[1]
iq_ref[20]
iq_ref[21]
iq_ref[22]
iq_ref[23]
iq_ref[24]
iq_ref[2]
iq_ref[3]
iq_ref[4]
iq_ref[5]
iq_ref[6]
iq_ref[7]
iq_ref[8]
iq_ref[9]
pi_reset
reset_n
sample_valid
theta_e[10]
theta_e[11]
theta_e[12]
theta_e[13]
theta_e[14]
theta_e[15]
theta_e[2]
theta_e[3]
theta_e[4]
theta_e[5]
theta_e[6]
theta_e[7]
theta_e[8]
theta_e[9]
uq_zero_en
vdc[0]
vdc[10]
vdc[11]
vdc[12]
vdc[13]
vdc[14]
vdc[15]
vdc[16]
vdc[17]
vdc[18]
vdc[19]
vdc[1]
vdc[20]
vdc[21]
vdc[22]
vdc[23]
vdc[24]
vdc[2]
vdc[3]
vdc[4]
vdc[5]
vdc[6]
vdc[7]
vdc[8]
vdc[9]
we[0]
we[10]
we[11]
we[12]
we[13]
we[14]
we[15]
we[16]
we[17]
we[18]
we[19]
we[1]
we[20]
we[21]
we[22]
we[23]
we[24]
we[25]
we[26]
we[27]
we[28]
we[29]
we[2]
we[30]
we[31]
we[3]
we[4]
we[5]
we[6]
we[7]
we[8]
we[9]

 There are 0 input ports with no input delay but user has a false path constraint.


6. checking no_output_delay (83)
--------------------------------
 There are 83 ports with no output delay specified. (HIGH)

command_valid
duty_u[0]
duty_u[10]
duty_u[11]
duty_u[12]
duty_u[13]
duty_u[14]
duty_u[15]
duty_u[16]
duty_u[17]
duty_u[18]
duty_u[19]
duty_u[1]
duty_u[20]
duty_u[21]
duty_u[22]
duty_u[23]
duty_u[24]
duty_u[25]
duty_u[2]
duty_u[3]
duty_u[4]
duty_u[5]
duty_u[6]
duty_u[7]
duty_u[8]
duty_u[9]
duty_v[0]
duty_v[10]
duty_v[11]
duty_v[12]
duty_v[13]
duty_v[14]
duty_v[15]
duty_v[16]
duty_v[17]
duty_v[18]
duty_v[19]
duty_v[1]
duty_v[20]
duty_v[21]
duty_v[22]
duty_v[23]
duty_v[24]
duty_v[25]
duty_v[2]
duty_v[3]
duty_v[4]
duty_v[5]
duty_v[6]
duty_v[7]
duty_v[8]
duty_v[9]
duty_w[0]
duty_w[10]
duty_w[11]
duty_w[12]
duty_w[13]
duty_w[14]
duty_w[15]
duty_w[16]
duty_w[17]
duty_w[18]
duty_w[19]
duty_w[1]
duty_w[20]
duty_w[21]
duty_w[22]
duty_w[23]
duty_w[24]
duty_w[25]
duty_w[2]
duty_w[3]
duty_w[4]
duty_w[5]
duty_w[6]
duty_w[7]
duty_w[8]
duty_w[9]
error_code[0]
error_code[1]
result_valid
sample_ready

 There are 0 ports with no output delay but user has a false path constraint

 There are 0 ports with no output delay but with a timing clock defined on it or propagating through it


7. checking multiple_clock (0)
------------------------------
 There are 0 register/latch pins with multiple clocks.


8. checking generated_clocks (0)
--------------------------------
 There are 0 generated clocks that are not connected to a clock source.


9. checking loops (0)
---------------------
 There are 0 combinational loops in the design.


10. checking partial_input_delay (0)
------------------------------------
 There are 0 input ports with partial input delay specified.


11. checking partial_output_delay (0)
-------------------------------------
 There are 0 ports with partial output delay specified.


12. checking latch_loops (0)
----------------------------
 There are 0 combinational latch loops in the design through latch input



------------------------------------------------------------------------------------------------
| Design Timing Summary
| ---------------------
------------------------------------------------------------------------------------------------

    WNS(ns)      TNS(ns)  TNS Failing Endpoints  TNS Total Endpoints      WHS(ns)      THS(ns)  THS Failing Endpoints  THS Total Endpoints     WPWS(ns)     TPWS(ns)  TPWS Failing Endpoints  TPWS Total Endpoints
    -------      -------  ---------------------  -------------------      -------      -------  ---------------------  -------------------     --------     --------  ----------------------  --------------------
      1.900        0.000                      0                19456        0.029        0.000                      0                19456        9.500        0.000                       0                  8155


All user specified timing constraints are met.


------------------------------------------------------------------------------------------------
| Clock Summary
| -------------
------------------------------------------------------------------------------------------------

Clock    Waveform(ns)       Period(ns)      Frequency(MHz)
-----    ------------       ----------      --------------
sys_clk  {0.000 10.000}     20.000          50.000


------------------------------------------------------------------------------------------------
| Intra Clock Table
| -----------------
------------------------------------------------------------------------------------------------

Clock             WNS(ns)      TNS(ns)  TNS Failing Endpoints  TNS Total Endpoints      WHS(ns)      THS(ns)  THS Failing Endpoints  THS Total Endpoints     WPWS(ns)     TPWS(ns)  TPWS Failing Endpoints  TPWS Total Endpoints
-----             -------      -------  ---------------------  -------------------      -------      -------  ---------------------  -------------------     --------     --------  ----------------------  --------------------
sys_clk             1.900        0.000                      0                19456        0.029        0.000                      0                19456        9.500        0.000                       0                  8155


------------------------------------------------------------------------------------------------
| Inter Clock Table
| -----------------
------------------------------------------------------------------------------------------------

From Clock    To Clock          WNS(ns)      TNS(ns)  TNS Failing Endpoints  TNS Total Endpoints      WHS(ns)      THS(ns)  THS Failing Endpoints  THS Total Endpoints
----------    --------          -------      -------  ---------------------  -------------------      -------      -------  ---------------------  -------------------


------------------------------------------------------------------------------------------------
| Other Path Groups Table
| -----------------------
------------------------------------------------------------------------------------------------

Path Group    From Clock    To Clock          WNS(ns)      TNS(ns)  TNS Failing Endpoints  TNS Total Endpoints      WHS(ns)      THS(ns)  THS Failing Endpoints  THS Total Endpoints
----------    ----------    --------          -------      -------  ---------------------  -------------------      -------      -------  ---------------------  -------------------


------------------------------------------------------------------------------------------------
| User Ignored Path Table
| -----------------------
------------------------------------------------------------------------------------------------

Path Group    From Clock    To Clock
----------    ----------    --------


------------------------------------------------------------------------------------------------
| Unconstrained Path Table
| ------------------------
------------------------------------------------------------------------------------------------

Path Group    From Clock    To Clock
----------    ----------    --------
(none)
(none)        sys_clk
(none)                      sys_clk


------------------------------------------------------------------------------------------------
| Timing Details
| --------------
------------------------------------------------------------------------------------------------


---------------------------------------------------------------------------------------------------
From Clock:  sys_clk
  To Clock:  sys_clk

Setup :            0  Failing Endpoints,  Worst Slack        1.900ns,  Total Violation        0.000ns
Hold  :            0  Failing Endpoints,  Worst Slack        0.029ns,  Total Violation        0.000ns
PW    :            0  Failing Endpoints,  Worst Slack        9.500ns,  Total Violation        0.000ns
---------------------------------------------------------------------------------------------------


Max Delay Paths
--------------------------------------------------------------------------------------
Slack (MET) :             1.900ns  (required time - arrival time)
  Source:                 svpwm/captured_quotient_b_reg[0]/C
                            (rising edge-triggered cell FDCE clocked by sys_clk  {rise@0.000ns fall@10.000ns period=20.000ns})
  Destination:            svpwm/t1_debug_reg[27]/CE
                            (rising edge-triggered cell FDCE clocked by sys_clk  {rise@0.000ns fall@10.000ns period=20.000ns})
  Path Group:             sys_clk
  Path Type:              Setup (Max at Slow Process Corner)
  Requirement:            20.000ns  (sys_clk rise@20.000ns - sys_clk rise@0.000ns)
  Data Path Delay:        17.582ns  (logic 10.871ns (61.831%)  route 6.711ns (38.169%))
  Logic Levels:           25  (CARRY4=17 DSP48E1=3 LUT3=2 LUT4=2 LUT5=1)
  Clock Path Skew:        -0.315ns (DCD - SCD + CPR)
    Destination Clock Delay (DCD):    3.930ns = ( 23.930 - 20.000 )
    Source Clock Delay      (SCD):    4.480ns
    Clock Pessimism Removal (CPR):    0.235ns
  Clock Uncertainty:      0.035ns  ((TSJ^2 + TIJ^2)^1/2 + DJ) / 2 + PE
    Total System Jitter     (TSJ):    0.071ns
    Total Input Jitter      (TIJ):    0.000ns
    Discrete Jitter          (DJ):    0.000ns
    Phase Error              (PE):    0.000ns

    Location             Delay type                Incr(ns)  Path(ns)    Netlist Resource(s)
  -------------------------------------------------------------------    -------------------
                         (clock sys_clk rise edge)    0.000     0.000 r  <hidden>
    L3                                                0.000     0.000 r  clk
                         net (fo=0)                   0.000     0.000    clk
    L3                   IBUF (Prop_ibuf_I_O)         0.892     0.892 r  clk_IBUF_inst/O
                         net (fo=1, routed)           1.792     2.684    clk_IBUF
    BUFGCTRL_X0Y16       BUFG (Prop_bufg_I_O)         0.081     2.765 r  clk_IBUF_BUFG_inst/O
                         net (fo=8160, routed)        1.715     4.480    svpwm/clk_IBUF_BUFG
    SLICE_X2Y93          FDCE                                         r  svpwm/captured_quotient_b_reg[0]/C
  -------------------------------------------------------------------    -------------------
    SLICE_X2Y93          FDCE (Prop_fdce_C_Q)         0.433     4.913 r  svpwm/captured_quotient_b_reg[0]/Q
                         net (fo=4, routed)           1.191     6.104    svpwm/captured_quotient_b[0]
    DSP48_X1Y43          DSP48E1 (Prop_dsp48e1_A[0]_PCOUT[47])
                                                      3.397     9.501 r  svpwm/t_stage_valid4__5/PCOUT[47]
                         net (fo=1, routed)           0.002     9.503    svpwm/t_stage_valid4__5_n_106
    DSP48_X1Y44          DSP48E1 (Prop_dsp48e1_PCIN[47]_PCOUT[47])
                                                      1.438    10.941 r  svpwm/t_stage_valid4__6/PCOUT[47]
                         net (fo=1, routed)           0.002    10.943    svpwm/t_stage_valid4__6_n_106
    DSP48_X1Y45          DSP48E1 (Prop_dsp48e1_PCIN[47]_P[35])
                                                      1.271    12.214 r  svpwm/t_stage_valid4__7/P[35]
                         net (fo=3, routed)           1.127    13.341    svpwm/t_stage_valid4__7_n_70
    SLICE_X11Y114        LUT3 (Prop_lut3_I0_O)        0.119    13.460 r  svpwm/t_stage_valid_i_707/O
                         net (fo=2, routed)           0.471    13.931    svpwm/t_stage_valid_i_707_n_0
    SLICE_X11Y115        LUT4 (Prop_lut4_I3_O)        0.274    14.205 r  svpwm/t_stage_valid_i_711/O
                         net (fo=1, routed)           0.000    14.205    svpwm/t_stage_valid_i_711_n_0
    SLICE_X11Y115        CARRY4 (Prop_carry4_S[0]_CO[3])
                                                      0.440    14.645 r  svpwm/t_stage_valid_reg_i_592/CO[3]
                         net (fo=1, routed)           0.000    14.645    svpwm/t_stage_valid_reg_i_592_n_0
    SLICE_X11Y116        CARRY4 (Prop_carry4_CI_CO[3])
                                                      0.098    14.743 r  svpwm/t_stage_valid_reg_i_472/CO[3]
                         net (fo=1, routed)           0.000    14.743    svpwm/t_stage_valid_reg_i_472_n_0
    SLICE_X11Y117        CARRY4 (Prop_carry4_CI_CO[3])
                                                      0.098    14.841 r  svpwm/t_stage_valid_reg_i_471/CO[3]
                         net (fo=1, routed)           0.000    14.841    svpwm/t_stage_valid_reg_i_471_n_0
    SLICE_X11Y118        CARRY4 (Prop_carry4_CI_CO[3])
                                                      0.098    14.939 r  svpwm/t_stage_valid_reg_i_470/CO[3]
                         net (fo=1, routed)           0.000    14.939    svpwm/t_stage_valid_reg_i_470_n_0
    SLICE_X11Y119        CARRY4 (Prop_carry4_CI_CO[3])
                                                      0.098    15.037 r  svpwm/t_stage_valid_reg_i_354/CO[3]
                         net (fo=1, routed)           0.000    15.037    svpwm/t_stage_valid_reg_i_354_n_0
    SLICE_X11Y120        CARRY4 (Prop_carry4_CI_CO[3])
                                                      0.098    15.135 r  svpwm/t_stage_valid_reg_i_353/CO[3]
                         net (fo=1, routed)           0.000    15.135    svpwm/t_stage_valid_reg_i_353_n_0
    SLICE_X11Y121        CARRY4 (Prop_carry4_CI_CO[3])
                                                      0.098    15.233 r  svpwm/t_stage_valid_reg_i_352/CO[3]
                         net (fo=1, routed)           0.000    15.233    svpwm/t_stage_valid_reg_i_352_n_0
    SLICE_X11Y122        CARRY4 (Prop_carry4_CI_CO[3])
                                                      0.098    15.331 r  svpwm/t_stage_valid_reg_i_245/CO[3]
                         net (fo=1, routed)           0.000    15.331    svpwm/t_stage_valid_reg_i_245_n_0
    SLICE_X11Y123        CARRY4 (Prop_carry4_CI_CO[3])
                                                      0.098    15.429 r  svpwm/t_stage_valid_reg_i_244/CO[3]
                         net (fo=1, routed)           0.000    15.429    svpwm/t_stage_valid_reg_i_244_n_0
    SLICE_X11Y124        CARRY4 (Prop_carry4_CI_O[0])
                                                      0.181    15.610 r  svpwm/t_stage_valid_reg_i_243/O[0]
                         net (fo=1, routed)           0.519    16.129    svpwm/t_stage_valid_reg_i_243_n_7
    SLICE_X10Y124        CARRY4 (Prop_carry4_S[1]_CO[3])
                                                      0.693    16.822 r  svpwm/t_stage_valid_reg_i_148/CO[3]
                         net (fo=1, routed)           0.008    16.830    svpwm/t_stage_valid_reg_i_148_n_0
    SLICE_X10Y125        CARRY4 (Prop_carry4_CI_CO[3])
                                                      0.100    16.930 r  svpwm/t_stage_valid_reg_i_147/CO[3]
                         net (fo=1, routed)           0.000    16.930    svpwm/t_stage_valid_reg_i_147_n_0
    SLICE_X10Y126        CARRY4 (Prop_carry4_CI_CO[3])
                                                      0.100    17.030 r  svpwm/t_stage_valid_reg_i_84/CO[3]
                         net (fo=1, routed)           0.000    17.030    svpwm/t_stage_valid_reg_i_84_n_0
    SLICE_X10Y127        CARRY4 (Prop_carry4_CI_CO[3])
                                                      0.100    17.130 r  svpwm/t_stage_valid_reg_i_83/CO[3]
                         net (fo=1, routed)           0.000    17.130    svpwm/t_stage_valid_reg_i_83_n_0
    SLICE_X10Y128        CARRY4 (Prop_carry4_CI_CO[3])
                                                      0.100    17.230 r  svpwm/t_stage_valid_reg_i_82/CO[3]
                         net (fo=1, routed)           0.000    17.230    svpwm/t_stage_valid_reg_i_82_n_0
    SLICE_X10Y129        CARRY4 (Prop_carry4_CI_O[1])
                                                      0.257    17.487 f  svpwm/t_stage_valid_reg_i_39/O[1]
                         net (fo=1, routed)           0.816    18.303    svpwm/reconstructed_numerator_b[109]
    SLICE_X9Y123         LUT3 (Prop_lut3_I0_O)        0.245    18.548 r  svpwm/t_stage_valid_i_14/O
                         net (fo=1, routed)           0.000    18.548    svpwm/t_stage_valid_i_14_n_0
    SLICE_X9Y123         CARRY4 (Prop_carry4_S[0]_CO[1])
                                                      0.380    18.928 f  svpwm/t_stage_valid_reg_i_4/CO[1]
                         net (fo=4, routed)           1.279    20.207    svpwm/t_stage_valid2
    SLICE_X20Y109        LUT5 (Prop_lut5_I4_O)        0.295    20.502 r  svpwm/t_stage_valid_i_1/O
                         net (fo=2, routed)           0.358    20.860    svpwm/t_stage_valid22_out
    SLICE_X21Y108        LUT4 (Prop_lut4_I0_O)        0.264    21.124 r  svpwm/t1_debug[33]_i_1/O
                         net (fo=68, routed)          0.938    22.062    svpwm/t1_debug[33]_i_1_n_0
    SLICE_X9Y100         FDCE                                         r  svpwm/t1_debug_reg[27]/CE
  -------------------------------------------------------------------    -------------------

                         (clock sys_clk rise edge)   20.000    20.000 r  <hidden>
    L3                                                0.000    20.000 r  clk
                         net (fo=0)                   0.000    20.000    clk
    L3                   IBUF (Prop_ibuf_I_O)         0.762    20.762 r  clk_IBUF_inst/O
                         net (fo=1, routed)           1.699    22.461    clk_IBUF
    BUFGCTRL_X0Y16       BUFG (Prop_bufg_I_O)         0.077    22.538 r  clk_IBUF_BUFG_inst/O
                         net (fo=8160, routed)        1.393    23.930    svpwm/clk_IBUF_BUFG
    SLICE_X9Y100         FDCE                                         r  svpwm/t1_debug_reg[27]/C
                         clock pessimism              0.235    24.165    <hidden>
                         clock uncertainty           -0.035    24.130    <hidden>
    SLICE_X9Y100         FDCE (Setup_fdce_C_CE)      -0.168    23.962    svpwm/t1_debug_reg[27]
  -------------------------------------------------------------------
                         required time                         23.962    <hidden>
                         arrival time                         -22.062    <hidden>
  -------------------------------------------------------------------
                         slack                                  1.900    <hidden>





Min Delay Paths
--------------------------------------------------------------------------------------
Slack (MET) :             0.029ns  (arrival time - required time)
  Source:                 pi_core/eval_engine/term_aw_reg[0][63]/C
                            (rising edge-triggered cell FDRE clocked by sys_clk  {rise@0.000ns fall@10.000ns period=20.000ns})
  Destination:            pi_core/eval_engine/state_candidate_reg[0][64]/D
                            (rising edge-triggered cell FDRE clocked by sys_clk  {rise@0.000ns fall@10.000ns period=20.000ns})
  Path Group:             sys_clk
  Path Type:              Hold (Min at Fast Process Corner)
  Requirement:            0.000ns  (sys_clk rise@0.000ns - sys_clk rise@0.000ns)
  Data Path Delay:        0.428ns  (logic 0.348ns (81.282%)  route 0.080ns (18.718%))
  Logic Levels:           3  (CARRY4=2 LUT2=1)
  Clock Path Skew:        0.265ns (DCD - SCD - CPR)
    Destination Clock Delay (DCD):    1.994ns
    Source Clock Delay      (SCD):    1.480ns
    Clock Pessimism Removal (CPR):    0.249ns

    Location             Delay type                Incr(ns)  Path(ns)    Netlist Resource(s)
  -------------------------------------------------------------------    -------------------
                         (clock sys_clk rise edge)    0.000     0.000 r  <hidden>
    L3                                                0.000     0.000 r  clk
                         net (fo=0)                   0.000     0.000    clk
    L3                   IBUF (Prop_ibuf_I_O)         0.189     0.189 r  clk_IBUF_inst/O
                         net (fo=1, routed)           0.676     0.865    clk_IBUF
    BUFGCTRL_X0Y16       BUFG (Prop_bufg_I_O)         0.026     0.891 r  clk_IBUF_BUFG_inst/O
                         net (fo=8160, routed)        0.589     1.480    pi_core/eval_engine/clk_IBUF_BUFG
    SLICE_X45Y149        FDRE                                         r  pi_core/eval_engine/term_aw_reg[0][63]/C
  -------------------------------------------------------------------    -------------------
    SLICE_X45Y149        FDRE (Prop_fdre_C_Q)         0.141     1.621 r  pi_core/eval_engine/term_aw_reg[0][63]/Q
                         net (fo=1, routed)           0.079     1.700    pi_core/eval_engine/term_aw_reg[0]_21[63]
    SLICE_X44Y149        LUT2 (Prop_lut2_I1_O)        0.045     1.745 r  pi_core/eval_engine/state_candidate[0][63]_i_2/O
                         net (fo=1, routed)           0.000     1.745    pi_core/eval_engine/state_candidate[0][63]_i_2_n_0
    SLICE_X44Y149        CARRY4 (Prop_carry4_S[3]_CO[3])
                                                      0.109     1.854 r  pi_core/eval_engine/state_candidate_reg[0][63]_i_1/CO[3]
                         net (fo=1, routed)           0.001     1.855    pi_core/eval_engine/state_candidate_reg[0][63]_i_1_n_0
    SLICE_X44Y150        CARRY4 (Prop_carry4_CI_O[0])
                                                      0.053     1.908 r  pi_core/eval_engine/state_candidate_reg[0][67]_i_1/O[0]
                         net (fo=1, routed)           0.000     1.908    pi_core/eval_engine/p_1_out__0[64]
    SLICE_X44Y150        FDRE                                         r  pi_core/eval_engine/state_candidate_reg[0][64]/D
  -------------------------------------------------------------------    -------------------

                         (clock sys_clk rise edge)    0.000     0.000 r  <hidden>
    L3                                                0.000     0.000 r  clk
                         net (fo=0)                   0.000     0.000    clk
    L3                   IBUF (Prop_ibuf_I_O)         0.378     0.378 r  clk_IBUF_inst/O
                         net (fo=1, routed)           0.734     1.112    clk_IBUF
    BUFGCTRL_X0Y16       BUFG (Prop_bufg_I_O)         0.029     1.141 r  clk_IBUF_BUFG_inst/O
                         net (fo=8160, routed)        0.854     1.994    pi_core/eval_engine/clk_IBUF_BUFG
    SLICE_X44Y150        FDRE                                         r  pi_core/eval_engine/state_candidate_reg[0][64]/C
                         clock pessimism             -0.249     1.745    <hidden>
    SLICE_X44Y150        FDRE (Hold_fdre_C_D)         0.134     1.879    pi_core/eval_engine/state_candidate_reg[0][64]
  -------------------------------------------------------------------
                         required time                         -1.879    <hidden>
                         arrival time                           1.908    <hidden>
  -------------------------------------------------------------------
                         slack                                  0.029    <hidden>





Pulse Width Checks
--------------------------------------------------------------------------------------
Clock Name:         sys_clk
Waveform(ns):       { 0.000 10.000 }
Period(ns):         20.000
Sources:            { clk }

Check Type        Corner  Lib Pin      Reference Pin  Required(ns)  Actual(ns)  Slack(ns)  Location       Pin
Min Period        n/a     DSP48E1/CLK  n/a            3.272         20.000      16.728     DSP48_X4Y54    pi_core/eval_engine/ff_hh_reg[0]/CLK
Low Pulse Width   Slow    FDCE/C       n/a            0.500         10.000      9.500      SLICE_X62Y121  acc_x0_carry_i_9/C
High Pulse Width  Slow    FDCE/C       n/a            0.500         10.000      9.500      SLICE_X62Y121  acc_x0_carry_i_9/C



--------------------------------------------------------------------------------------
Path Group:  (none)
From Clock:
  To Clock:

Max Delay             1 Endpoint
Min Delay             1 Endpoint
--------------------------------------------------------------------------------------


Max Delay Paths
--------------------------------------------------------------------------------------
Slack:                    inf
  Source:                 reset_n
                            (input port)
  Destination:            sample_ready
                            (output port)
  Path Group:             (none)
  Path Type:              Max at Slow Process Corner
  Data Path Delay:        11.882ns  (logic 3.421ns (28.789%)  route 8.461ns (71.211%))
  Logic Levels:           3  (IBUF=1 LUT4=1 OBUF=1)

    Location             Delay type                Incr(ns)  Path(ns)    Netlist Resource(s)
  -------------------------------------------------------------------    -------------------
    AA16                                              0.000     0.000 r  reset_n
                         net (fo=0)                   0.000     0.000    reset_n
    AA16                 IBUF (Prop_ibuf_I_O)         0.929     0.929 r  reset_n_IBUF_inst/O
                         net (fo=41, routed)          5.034     5.964    reset_n_IBUF
    SLICE_X47Y98         LUT4 (Prop_lut4_I1_O)        0.105     6.069 r  sample_ready_OBUF_inst_i_1/O
                         net (fo=1, routed)           3.427     9.496    sample_ready_OBUF
    T15                  OBUF (Prop_obuf_I_O)         2.386    11.882 r  sample_ready_OBUF_inst/O
                         net (fo=0)                   0.000    11.882    sample_ready
    T15                                                               r  sample_ready
  -------------------------------------------------------------------    -------------------





Min Delay Paths
--------------------------------------------------------------------------------------
Slack:                    inf
  Source:                 enable
                            (input port)
  Destination:            sample_ready
                            (output port)
  Path Group:             (none)
  Path Type:              Min at Fast Process Corner
  Data Path Delay:        4.155ns  (logic 1.437ns (34.572%)  route 2.719ns (65.428%))
  Logic Levels:           3  (IBUF=1 LUT4=1 OBUF=1)

    Location             Delay type                Incr(ns)  Path(ns)    Netlist Resource(s)
  -------------------------------------------------------------------    -------------------
    AB17                                              0.000     0.000 r  enable
                         net (fo=0)                   0.000     0.000    enable
    AB17                 IBUF (Prop_ibuf_I_O)         0.235     0.235 r  enable_IBUF_inst/O
                         net (fo=2, routed)           1.221     1.456    enable_IBUF
    SLICE_X47Y98         LUT4 (Prop_lut4_I0_O)        0.045     1.501 r  sample_ready_OBUF_inst_i_1/O
                         net (fo=1, routed)           1.498     2.999    sample_ready_OBUF
    T15                  OBUF (Prop_obuf_I_O)         1.157     4.155 r  sample_ready_OBUF_inst/O
                         net (fo=0)                   0.000     4.155    sample_ready
    T15                                                               r  sample_ready
  -------------------------------------------------------------------    -------------------





--------------------------------------------------------------------------------------
Path Group:  (none)
From Clock:  sys_clk
  To Clock:

Max Delay            83 Endpoints
Min Delay            83 Endpoints
--------------------------------------------------------------------------------------


Max Delay Paths
--------------------------------------------------------------------------------------
Slack:                    inf
  Source:                 duty_v_reg[1]/C
                            (rising edge-triggered cell FDCE clocked by sys_clk  {rise@0.000ns fall@10.000ns period=20.000ns})
  Destination:            duty_v[1]
                            (output port)
  Path Group:             (none)
  Path Type:              Max at Slow Process Corner
  Data Path Delay:        8.921ns  (logic 2.751ns (30.835%)  route 6.170ns (69.165%))
  Logic Levels:           1  (OBUF=1)
  Clock Uncertainty:      0.025ns  ((TSJ^2 + TIJ^2)^1/2 + DJ) / 2 + PE
    Total System Jitter     (TSJ):    0.050ns
    Total Input Jitter      (TIJ):    0.000ns
    Discrete Jitter          (DJ):    0.000ns
    Phase Error              (PE):    0.000ns

    Location             Delay type                Incr(ns)  Path(ns)    Netlist Resource(s)
  -------------------------------------------------------------------    -------------------
                         (clock sys_clk rise edge)    0.000     0.000 r  <hidden>
    L3                                                0.000     0.000 r  clk
                         net (fo=0)                   0.000     0.000    clk
    L3                   IBUF (Prop_ibuf_I_O)         0.892     0.892 r  clk_IBUF_inst/O
                         net (fo=1, routed)           1.792     2.684    clk_IBUF
    BUFGCTRL_X0Y16       BUFG (Prop_bufg_I_O)         0.081     2.765 r  clk_IBUF_BUFG_inst/O
                         net (fo=8160, routed)        1.633     4.398    clk_IBUF_BUFG
    SLICE_X39Y94         FDCE                                         r  duty_v_reg[1]/C
  -------------------------------------------------------------------    -------------------
    SLICE_X39Y94         FDCE (Prop_fdce_C_Q)         0.379     4.777 r  duty_v_reg[1]/Q
                         net (fo=1, routed)           6.170    10.948    duty_v_OBUF[1]
    G22                  OBUF (Prop_obuf_I_O)         2.372    13.320 r  duty_v_OBUF[1]_inst/O
                         net (fo=0)                   0.000    13.320    duty_v[1]
    G22                                                               r  duty_v[1]
  -------------------------------------------------------------------    -------------------





Min Delay Paths
--------------------------------------------------------------------------------------
Slack:                    inf
  Source:                 result_valid_reg_lopt_replica/C
                            (rising edge-triggered cell FDCE clocked by sys_clk  {rise@0.000ns fall@10.000ns period=20.000ns})
  Destination:            result_valid
                            (output port)
  Path Group:             (none)
  Path Type:              Min at Fast Process Corner
  Data Path Delay:        2.015ns  (logic 1.310ns (65.011%)  route 0.705ns (34.989%))
  Logic Levels:           1  (OBUF=1)
  Clock Uncertainty:      0.025ns  ((TSJ^2 + TIJ^2)^1/2 + DJ) / 2 + PE
    Total System Jitter     (TSJ):    0.050ns
    Total Input Jitter      (TIJ):    0.000ns
    Discrete Jitter          (DJ):    0.000ns
    Phase Error              (PE):    0.000ns

    Location             Delay type                Incr(ns)  Path(ns)    Netlist Resource(s)
  -------------------------------------------------------------------    -------------------
                         (clock sys_clk rise edge)    0.000     0.000 r  <hidden>
    L3                                                0.000     0.000 r  clk
                         net (fo=0)                   0.000     0.000    clk
    L3                   IBUF (Prop_ibuf_I_O)         0.189     0.189 r  clk_IBUF_inst/O
                         net (fo=1, routed)           0.676     0.865    clk_IBUF
    BUFGCTRL_X0Y16       BUFG (Prop_bufg_I_O)         0.026     0.891 r  clk_IBUF_BUFG_inst/O
                         net (fo=8160, routed)        0.691     1.583    clk_IBUF_BUFG
    SLICE_X8Y85          FDCE                                         r  result_valid_reg_lopt_replica/C
  -------------------------------------------------------------------    -------------------
    SLICE_X8Y85          FDCE (Prop_fdce_C_Q)         0.164     1.747 r  result_valid_reg_lopt_replica/Q
                         net (fo=1, routed)           0.705     2.451    result_valid_reg_lopt_replica_1
    W15                  OBUF (Prop_obuf_I_O)         1.146     3.597 r  result_valid_OBUF_inst/O
                         net (fo=0)                   0.000     3.597    result_valid
    W15                                                               r  result_valid
  -------------------------------------------------------------------    -------------------





--------------------------------------------------------------------------------------
Path Group:  (none)
From Clock:
  To Clock:  sys_clk

Max Delay         10263 Endpoints
Min Delay         10263 Endpoints
--------------------------------------------------------------------------------------


Max Delay Paths
--------------------------------------------------------------------------------------
Slack:                    inf
  Source:                 reset_n
                            (input port)
  Destination:            pi_core/eval_engine/xq_next_reg[11]/CLR
                            (recovery check against rising-edge clock sys_clk  {rise@0.000ns fall@10.000ns period=20.000ns})
  Path Group:             (none)
  Path Type:              Recovery (Max at Slow Process Corner)
  Data Path Delay:        21.801ns  (logic 1.034ns (4.744%)  route 20.767ns (95.256%))
  Logic Levels:           2  (IBUF=1 LUT1=1)
  Clock Path Skew:        3.828ns (DCD - SCD + CPR)
    Destination Clock Delay (DCD):    3.828ns
    Source Clock Delay      (SCD):    0.000ns
    Clock Pessimism Removal (CPR):    0.000ns
  Clock Uncertainty:      0.025ns  ((TSJ^2 + TIJ^2)^1/2 + DJ) / 2 + PE
    Total System Jitter     (TSJ):    0.050ns
    Total Input Jitter      (TIJ):    0.000ns
    Discrete Jitter          (DJ):    0.000ns
    Phase Error              (PE):    0.000ns

    Location             Delay type                Incr(ns)  Path(ns)    Netlist Resource(s)
  -------------------------------------------------------------------    -------------------
    AA16                                              0.000     0.000 r  reset_n
                         net (fo=0)                   0.000     0.000    reset_n
    AA16                 IBUF (Prop_ibuf_I_O)         0.929     0.929 r  reset_n_IBUF_inst/O
                         net (fo=41, routed)          1.347     2.277    svpwm/divider_t1/reset_n_IBUF
    SLICE_X7Y104         LUT1 (Prop_lut1_I0_O)        0.105     2.382 f  svpwm/divider_t1/error_code[1]_i_2/O
                         net (fo=3743, routed)       19.420    21.801    pi_core/eval_engine/output_valid_reg_1
    SLICE_X66Y138        FDCE                                         f  pi_core/eval_engine/xq_next_reg[11]/CLR
  -------------------------------------------------------------------    -------------------

                         (clock sys_clk rise edge)    0.000     0.000 r  <hidden>
    L3                                                0.000     0.000 r  clk
                         net (fo=0)                   0.000     0.000    clk
    L3                   IBUF (Prop_ibuf_I_O)         0.762     0.762 r  clk_IBUF_inst/O
                         net (fo=1, routed)           1.699     2.461    clk_IBUF
    BUFGCTRL_X0Y16       BUFG (Prop_bufg_I_O)         0.077     2.538 r  clk_IBUF_BUFG_inst/O
                         net (fo=8160, routed)        1.291     3.828    pi_core/eval_engine/clk_IBUF_BUFG
    SLICE_X66Y138        FDCE                                         r  pi_core/eval_engine/xq_next_reg[11]/C





Min Delay Paths
--------------------------------------------------------------------------------------
Slack:                    inf
  Source:                 pi_core/eval_engine/p_2_in__0/ACOUT[0]
                            (internal pin)
  Destination:            pi_core/eval_engine/product_aw_reg[0]__0/ACIN[0]
                            (rising edge-triggered cell DSP48E1 clocked by sys_clk  {rise@0.000ns fall@10.000ns period=20.000ns})
  Path Group:             (none)
  Path Type:              Hold (Min at Slow Process Corner)
  Data Path Delay:        0.002ns  (logic 0.000ns (0.000%)  route 0.002ns (100.000%))
  Logic Levels:           0
  Clock Uncertainty:      0.025ns  ((TSJ^2 + TIJ^2)^1/2 + DJ) / 2 + PE
    Total System Jitter     (TSJ):    0.050ns
    Total Input Jitter      (TIJ):    0.000ns
    Discrete Jitter          (DJ):    0.000ns
    Phase Error              (PE):    0.000ns

    Location             Delay type                Incr(ns)  Path(ns)    Netlist Resource(s)
  -------------------------------------------------------------------    -------------------
    DSP48_X2Y54          DSP48E1                      0.000     0.000 r  pi_core/eval_engine/p_2_in__0/ACOUT[0]
                         net (fo=1, routed)           0.002     0.002    pi_core/eval_engine/p_2_in__0_n_53
    DSP48_X2Y55          DSP48E1                                      r  pi_core/eval_engine/product_aw_reg[0]__0/ACIN[0]
  -------------------------------------------------------------------    -------------------

                         (clock sys_clk rise edge)    0.000     0.000 r  <hidden>
    L3                                                0.000     0.000 r  clk
                         net (fo=0)                   0.000     0.000    clk
    L3                   IBUF (Prop_ibuf_I_O)         0.892     0.892 r  clk_IBUF_inst/O
                         net (fo=1, routed)           1.792     2.684    clk_IBUF
    BUFGCTRL_X0Y16       BUFG (Prop_bufg_I_O)         0.081     2.765 r  clk_IBUF_BUFG_inst/O
                         net (fo=8160, routed)        1.493     4.259    pi_core/eval_engine/clk_IBUF_BUFG
    DSP48_X2Y55          DSP48E1                                      r  pi_core/eval_engine/product_aw_reg[0]__0/CLK
