Copyright 1986-2022 Xilinx, Inc. All Rights Reserved. Copyright 2022-2026 Advanced Micro Devices, Inc. All Rights Reserved.
---------------------------------------------------------------------------------------------------------------------------------------------
| Tool Version : Vivado v.2026.1 (win64) Build 6511674 Tue Jun 16 11:02:23 MDT 2026
| Date         : Sun Sep 20 00:30:48 2026
| Host         : DependOnOMEN16 running 64-bit major release  (build 9200)
| Command      : report_timing -delay_type max -max_paths 5 -file D:/Project/FPGA_XC7A200T/docs/reports/step6c4/final04/setup_paths.rpt
| Design       : mc_foc_current_core
| Device       : 7a200t-fbg484
| Speed File   : -2  PRODUCTION 1.23 2018-06-13
| Design State : Routed
---------------------------------------------------------------------------------------------------------------------------------------------

Timing Report

Slack (MET) :             1.900ns  (required time - arrival time)
  Source:                 svpwm/captured_quotient_b_reg[0]/C
                            (rising edge-triggered cell FDCE clocked by sys_clk  {rise@0.000ns fall@10.000ns period=20.000ns})
  Destination:            svpwm/t1_debug_reg[27]/CE
                            (rising edge-triggered cell FDCE clocked by sys_clk  {rise@0.000ns fall@10.000ns period=20.000ns})
  Path Group:             sys_clk
  Path Type:              Setup (Max at Slow Process Corner)
  Requirement:            20.000ns  (sys_clk rise@20.000ns - sys_clk rise@0.000ns)
  Data Path Delay:        17.582ns  (logic 10.871ns (61.831%)  route 6.711ns (38.169%))
  Logic Levels:           25  (CARRY4=17 DSP48E1=3 LUT3=2 LUT4=2 LUT5=1)
  Clock Path Skew:        -0.315ns (DCD - SCD + CPR)
    Destination Clock Delay (DCD):    3.930ns = ( 23.930 - 20.000 )
    Source Clock Delay      (SCD):    4.480ns
    Clock Pessimism Removal (CPR):    0.235ns
  Clock Uncertainty:      0.035ns  ((TSJ^2 + TIJ^2)^1/2 + DJ) / 2 + PE
    Total System Jitter     (TSJ):    0.071ns
    Total Input Jitter      (TIJ):    0.000ns
    Discrete Jitter          (DJ):    0.000ns
    Phase Error              (PE):    0.000ns

    Location             Delay type                Incr(ns)  Path(ns)    Netlist Resource(s)
  -------------------------------------------------------------------    -------------------
                         (clock sys_clk rise edge)    0.000     0.000 r  <hidden>
    L3                                                0.000     0.000 r  clk
                         net (fo=0)                   0.000     0.000    clk
    L3                   IBUF (Prop_ibuf_I_O)         0.892     0.892 r  clk_IBUF_inst/O
                         net (fo=1, routed)           1.792     2.684    clk_IBUF
    BUFGCTRL_X0Y16       BUFG (Prop_bufg_I_O)         0.081     2.765 r  clk_IBUF_BUFG_inst/O
                         net (fo=8160, routed)        1.715     4.480    svpwm/clk_IBUF_BUFG
    SLICE_X2Y93          FDCE                                         r  svpwm/captured_quotient_b_reg[0]/C
  -------------------------------------------------------------------    -------------------
    SLICE_X2Y93          FDCE (Prop_fdce_C_Q)         0.433     4.913 r  svpwm/captured_quotient_b_reg[0]/Q
                         net (fo=4, routed)           1.191     6.104    svpwm/captured_quotient_b[0]
    DSP48_X1Y43          DSP48E1 (Prop_dsp48e1_A[0]_PCOUT[47])
                                                      3.397     9.501 r  svpwm/t_stage_valid4__5/PCOUT[47]
                         net (fo=1, routed)           0.002     9.503    svpwm/t_stage_valid4__5_n_106
    DSP48_X1Y44          DSP48E1 (Prop_dsp48e1_PCIN[47]_PCOUT[47])
                                                      1.438    10.941 r  svpwm/t_stage_valid4__6/PCOUT[47]
                         net (fo=1, routed)           0.002    10.943    svpwm/t_stage_valid4__6_n_106
    DSP48_X1Y45          DSP48E1 (Prop_dsp48e1_PCIN[47]_P[35])
                                                      1.271    12.214 r  svpwm/t_stage_valid4__7/P[35]
                         net (fo=3, routed)           1.127    13.341    svpwm/t_stage_valid4__7_n_70
    SLICE_X11Y114        LUT3 (Prop_lut3_I0_O)        0.119    13.460 r  svpwm/t_stage_valid_i_707/O
                         net (fo=2, routed)           0.471    13.931    svpwm/t_stage_valid_i_707_n_0
    SLICE_X11Y115        LUT4 (Prop_lut4_I3_O)        0.274    14.205 r  svpwm/t_stage_valid_i_711/O
                         net (fo=1, routed)           0.000    14.205    svpwm/t_stage_valid_i_711_n_0
    SLICE_X11Y115        CARRY4 (Prop_carry4_S[0]_CO[3])
                                                      0.440    14.645 r  svpwm/t_stage_valid_reg_i_592/CO[3]
                         net (fo=1, routed)           0.000    14.645    svpwm/t_stage_valid_reg_i_592_n_0
    SLICE_X11Y116        CARRY4 (Prop_carry4_CI_CO[3])
                                                      0.098    14.743 r  svpwm/t_stage_valid_reg_i_472/CO[3]
                         net (fo=1, routed)           0.000    14.743    svpwm/t_stage_valid_reg_i_472_n_0
    SLICE_X11Y117        CARRY4 (Prop_carry4_CI_CO[3])
                                                      0.098    14.841 r  svpwm/t_stage_valid_reg_i_471/CO[3]
                         net (fo=1, routed)           0.000    14.841    svpwm/t_stage_valid_reg_i_471_n_0
    SLICE_X11Y118        CARRY4 (Prop_carry4_CI_CO[3])
                                                      0.098    14.939 r  svpwm/t_stage_valid_reg_i_470/CO[3]
                         net (fo=1, routed)           0.000    14.939    svpwm/t_stage_valid_reg_i_470_n_0
    SLICE_X11Y119        CARRY4 (Prop_carry4_CI_CO[3])
                                                      0.098    15.037 r  svpwm/t_stage_valid_reg_i_354/CO[3]
                         net (fo=1, routed)           0.000    15.037    svpwm/t_stage_valid_reg_i_354_n_0
    SLICE_X11Y120        CARRY4 (Prop_carry4_CI_CO[3])
                                                      0.098    15.135 r  svpwm/t_stage_valid_reg_i_353/CO[3]
                         net (fo=1, routed)           0.000    15.135    svpwm/t_stage_valid_reg_i_353_n_0
    SLICE_X11Y121        CARRY4 (Prop_carry4_CI_CO[3])
                                                      0.098    15.233 r  svpwm/t_stage_valid_reg_i_352/CO[3]
                         net (fo=1, routed)           0.000    15.233    svpwm/t_stage_valid_reg_i_352_n_0
    SLICE_X11Y122        CARRY4 (Prop_carry4_CI_CO[3])
                                                      0.098    15.331 r  svpwm/t_stage_valid_reg_i_245/CO[3]
                         net (fo=1, routed)           0.000    15.331    svpwm/t_stage_valid_reg_i_245_n_0
    SLICE_X11Y123        CARRY4 (Prop_carry4_CI_CO[3])
                                                      0.098    15.429 r  svpwm/t_stage_valid_reg_i_244/CO[3]
                         net (fo=1, routed)           0.000    15.429    svpwm/t_stage_valid_reg_i_244_n_0
    SLICE_X11Y124        CARRY4 (Prop_carry4_CI_O[0])
                                                      0.181    15.610 r  svpwm/t_stage_valid_reg_i_243/O[0]
                         net (fo=1, routed)           0.519    16.129    svpwm/t_stage_valid_reg_i_243_n_7
    SLICE_X10Y124        CARRY4 (Prop_carry4_S[1]_CO[3])
                                                      0.693    16.822 r  svpwm/t_stage_valid_reg_i_148/CO[3]
                         net (fo=1, routed)           0.008    16.830    svpwm/t_stage_valid_reg_i_148_n_0
    SLICE_X10Y125        CARRY4 (Prop_carry4_CI_CO[3])
                                                      0.100    16.930 r  svpwm/t_stage_valid_reg_i_147/CO[3]
                         net (fo=1, routed)           0.000    16.930    svpwm/t_stage_valid_reg_i_147_n_0
    SLICE_X10Y126        CARRY4 (Prop_carry4_CI_CO[3])
                                                      0.100    17.030 r  svpwm/t_stage_valid_reg_i_84/CO[3]
                         net (fo=1, routed)           0.000    17.030    svpwm/t_stage_valid_reg_i_84_n_0
    SLICE_X10Y127        CARRY4 (Prop_carry4_CI_CO[3])
                                                      0.100    17.130 r  svpwm/t_stage_valid_reg_i_83/CO[3]
                         net (fo=1, routed)           0.000    17.130    svpwm/t_stage_valid_reg_i_83_n_0
    SLICE_X10Y128        CARRY4 (Prop_carry4_CI_CO[3])
                                                      0.100    17.230 r  svpwm/t_stage_valid_reg_i_82/CO[3]
                         net (fo=1, routed)           0.000    17.230    svpwm/t_stage_valid_reg_i_82_n_0
    SLICE_X10Y129        CARRY4 (Prop_carry4_CI_O[1])
                                                      0.257    17.487 f  svpwm/t_stage_valid_reg_i_39/O[1]
                         net (fo=1, routed)           0.816    18.303    svpwm/reconstructed_numerator_b[109]
    SLICE_X9Y123         LUT3 (Prop_lut3_I0_O)        0.245    18.548 r  svpwm/t_stage_valid_i_14/O
                         net (fo=1, routed)           0.000    18.548    svpwm/t_stage_valid_i_14_n_0
    SLICE_X9Y123         CARRY4 (Prop_carry4_S[0]_CO[1])
                                                      0.380    18.928 f  svpwm/t_stage_valid_reg_i_4/CO[1]
                         net (fo=4, routed)           1.279    20.207    svpwm/t_stage_valid2
    SLICE_X20Y109        LUT5 (Prop_lut5_I4_O)        0.295    20.502 r  svpwm/t_stage_valid_i_1/O
                         net (fo=2, routed)           0.358    20.860    svpwm/t_stage_valid22_out
    SLICE_X21Y108        LUT4 (Prop_lut4_I0_O)        0.264    21.124 r  svpwm/t1_debug[33]_i_1/O
                         net (fo=68, routed)          0.938    22.062    svpwm/t1_debug[33]_i_1_n_0
    SLICE_X9Y100         FDCE                                         r  svpwm/t1_debug_reg[27]/CE
  -------------------------------------------------------------------    -------------------

                         (clock sys_clk rise edge)   20.000    20.000 r  <hidden>
    L3                                                0.000    20.000 r  clk
                         net (fo=0)                   0.000    20.000    clk
    L3                   IBUF (Prop_ibuf_I_O)         0.762    20.762 r  clk_IBUF_inst/O
                         net (fo=1, routed)           1.699    22.461    clk_IBUF
    BUFGCTRL_X0Y16       BUFG (Prop_bufg_I_O)         0.077    22.538 r  clk_IBUF_BUFG_inst/O
                         net (fo=8160, routed)        1.393    23.930    svpwm/clk_IBUF_BUFG
    SLICE_X9Y100         FDCE                                         r  svpwm/t1_debug_reg[27]/C
                         clock pessimism              0.235    24.165    <hidden>
                         clock uncertainty           -0.035    24.130    <hidden>
    SLICE_X9Y100         FDCE (Setup_fdce_C_CE)      -0.168    23.962    svpwm/t1_debug_reg[27]
  -------------------------------------------------------------------
                         required time                         23.962    <hidden>
                         arrival time                         -22.062    <hidden>
  -------------------------------------------------------------------
                         slack                                  1.900    <hidden>

Slack (MET) :             1.900ns  (required time - arrival time)
  Source:                 svpwm/captured_quotient_b_reg[0]/C
                            (rising edge-triggered cell FDCE clocked by sys_clk  {rise@0.000ns fall@10.000ns period=20.000ns})
  Destination:            svpwm/t1_debug_reg[28]/CE
                            (rising edge-triggered cell FDCE clocked by sys_clk  {rise@0.000ns fall@10.000ns period=20.000ns})
  Path Group:             sys_clk
  Path Type:              Setup (Max at Slow Process Corner)
  Requirement:            20.000ns  (sys_clk rise@20.000ns - sys_clk rise@0.000ns)
  Data Path Delay:        17.582ns  (logic 10.871ns (61.831%)  route 6.711ns (38.169%))
  Logic Levels:           25  (CARRY4=17 DSP48E1=3 LUT3=2 LUT4=2 LUT5=1)
  Clock Path Skew:        -0.315ns (DCD - SCD + CPR)
    Destination Clock Delay (DCD):    3.930ns = ( 23.930 - 20.000 )
    Source Clock Delay      (SCD):    4.480ns
    Clock Pessimism Removal (CPR):    0.235ns
  Clock Uncertainty:      0.035ns  ((TSJ^2 + TIJ^2)^1/2 + DJ) / 2 + PE
    Total System Jitter     (TSJ):    0.071ns
    Total Input Jitter      (TIJ):    0.000ns
    Discrete Jitter          (DJ):    0.000ns
    Phase Error              (PE):    0.000ns

    Location             Delay type                Incr(ns)  Path(ns)    Netlist Resource(s)
  -------------------------------------------------------------------    -------------------
                         (clock sys_clk rise edge)    0.000     0.000 r  <hidden>
    L3                                                0.000     0.000 r  clk
                         net (fo=0)                   0.000     0.000    clk
    L3                   IBUF (Prop_ibuf_I_O)         0.892     0.892 r  clk_IBUF_inst/O
                         net (fo=1, routed)           1.792     2.684    clk_IBUF
    BUFGCTRL_X0Y16       BUFG (Prop_bufg_I_O)         0.081     2.765 r  clk_IBUF_BUFG_inst/O
                         net (fo=8160, routed)        1.715     4.480    svpwm/clk_IBUF_BUFG
    SLICE_X2Y93          FDCE                                         r  svpwm/captured_quotient_b_reg[0]/C
  -------------------------------------------------------------------    -------------------
    SLICE_X2Y93          FDCE (Prop_fdce_C_Q)         0.433     4.913 r  svpwm/captured_quotient_b_reg[0]/Q
                         net (fo=4, routed)           1.191     6.104    svpwm/captured_quotient_b[0]
    DSP48_X1Y43          DSP48E1 (Prop_dsp48e1_A[0]_PCOUT[47])
                                                      3.397     9.501 r  svpwm/t_stage_valid4__5/PCOUT[47]
                         net (fo=1, routed)           0.002     9.503    svpwm/t_stage_valid4__5_n_106
    DSP48_X1Y44          DSP48E1 (Prop_dsp48e1_PCIN[47]_PCOUT[47])
                                                      1.438    10.941 r  svpwm/t_stage_valid4__6/PCOUT[47]
                         net (fo=1, routed)           0.002    10.943    svpwm/t_stage_valid4__6_n_106
    DSP48_X1Y45          DSP48E1 (Prop_dsp48e1_PCIN[47]_P[35])
                                                      1.271    12.214 r  svpwm/t_stage_valid4__7/P[35]
                         net (fo=3, routed)           1.127    13.341    svpwm/t_stage_valid4__7_n_70
    SLICE_X11Y114        LUT3 (Prop_lut3_I0_O)        0.119    13.460 r  svpwm/t_stage_valid_i_707/O
                         net (fo=2, routed)           0.471    13.931    svpwm/t_stage_valid_i_707_n_0
    SLICE_X11Y115        LUT4 (Prop_lut4_I3_O)        0.274    14.205 r  svpwm/t_stage_valid_i_711/O
                         net (fo=1, routed)           0.000    14.205    svpwm/t_stage_valid_i_711_n_0
    SLICE_X11Y115        CARRY4 (Prop_carry4_S[0]_CO[3])
                                                      0.440    14.645 r  svpwm/t_stage_valid_reg_i_592/CO[3]
                         net (fo=1, routed)           0.000    14.645    svpwm/t_stage_valid_reg_i_592_n_0
    SLICE_X11Y116        CARRY4 (Prop_carry4_CI_CO[3])
                                                      0.098    14.743 r  svpwm/t_stage_valid_reg_i_472/CO[3]
                         net (fo=1, routed)           0.000    14.743    svpwm/t_stage_valid_reg_i_472_n_0
    SLICE_X11Y117        CARRY4 (Prop_carry4_CI_CO[3])
                                                      0.098    14.841 r  svpwm/t_stage_valid_reg_i_471/CO[3]
                         net (fo=1, routed)           0.000    14.841    svpwm/t_stage_valid_reg_i_471_n_0
    SLICE_X11Y118        CARRY4 (Prop_carry4_CI_CO[3])
                                                      0.098    14.939 r  svpwm/t_stage_valid_reg_i_470/CO[3]
                         net (fo=1, routed)           0.000    14.939    svpwm/t_stage_valid_reg_i_470_n_0
    SLICE_X11Y119        CARRY4 (Prop_carry4_CI_CO[3])
                                                      0.098    15.037 r  svpwm/t_stage_valid_reg_i_354/CO[3]
                         net (fo=1, routed)           0.000    15.037    svpwm/t_stage_valid_reg_i_354_n_0
    SLICE_X11Y120        CARRY4 (Prop_carry4_CI_CO[3])
                                                      0.098    15.135 r  svpwm/t_stage_valid_reg_i_353/CO[3]
                         net (fo=1, routed)           0.000    15.135    svpwm/t_stage_valid_reg_i_353_n_0
    SLICE_X11Y121        CARRY4 (Prop_carry4_CI_CO[3])
                                                      0.098    15.233 r  svpwm/t_stage_valid_reg_i_352/CO[3]
                         net (fo=1, routed)           0.000    15.233    svpwm/t_stage_valid_reg_i_352_n_0
    SLICE_X11Y122        CARRY4 (Prop_carry4_CI_CO[3])
                                                      0.098    15.331 r  svpwm/t_stage_valid_reg_i_245/CO[3]
                         net (fo=1, routed)           0.000    15.331    svpwm/t_stage_valid_reg_i_245_n_0
    SLICE_X11Y123        CARRY4 (Prop_carry4_CI_CO[3])
                                                      0.098    15.429 r  svpwm/t_stage_valid_reg_i_244/CO[3]
                         net (fo=1, routed)           0.000    15.429    svpwm/t_stage_valid_reg_i_244_n_0
    SLICE_X11Y124        CARRY4 (Prop_carry4_CI_O[0])
                                                      0.181    15.610 r  svpwm/t_stage_valid_reg_i_243/O[0]
                         net (fo=1, routed)           0.519    16.129    svpwm/t_stage_valid_reg_i_243_n_7
    SLICE_X10Y124        CARRY4 (Prop_carry4_S[1]_CO[3])
                                                      0.693    16.822 r  svpwm/t_stage_valid_reg_i_148/CO[3]
                         net (fo=1, routed)           0.008    16.830    svpwm/t_stage_valid_reg_i_148_n_0
    SLICE_X10Y125        CARRY4 (Prop_carry4_CI_CO[3])
                                                      0.100    16.930 r  svpwm/t_stage_valid_reg_i_147/CO[3]
                         net (fo=1, routed)           0.000    16.930    svpwm/t_stage_valid_reg_i_147_n_0
    SLICE_X10Y126        CARRY4 (Prop_carry4_CI_CO[3])
                                                      0.100    17.030 r  svpwm/t_stage_valid_reg_i_84/CO[3]
                         net (fo=1, routed)           0.000    17.030    svpwm/t_stage_valid_reg_i_84_n_0
    SLICE_X10Y127        CARRY4 (Prop_carry4_CI_CO[3])
                                                      0.100    17.130 r  svpwm/t_stage_valid_reg_i_83/CO[3]
                         net (fo=1, routed)           0.000    17.130    svpwm/t_stage_valid_reg_i_83_n_0
    SLICE_X10Y128        CARRY4 (Prop_carry4_CI_CO[3])
                                                      0.100    17.230 r  svpwm/t_stage_valid_reg_i_82/CO[3]
                         net (fo=1, routed)           0.000    17.230    svpwm/t_stage_valid_reg_i_82_n_0
    SLICE_X10Y129        CARRY4 (Prop_carry4_CI_O[1])
                                                      0.257    17.487 f  svpwm/t_stage_valid_reg_i_39/O[1]
                         net (fo=1, routed)           0.816    18.303    svpwm/reconstructed_numerator_b[109]
    SLICE_X9Y123         LUT3 (Prop_lut3_I0_O)        0.245    18.548 r  svpwm/t_stage_valid_i_14/O
                         net (fo=1, routed)           0.000    18.548    svpwm/t_stage_valid_i_14_n_0
    SLICE_X9Y123         CARRY4 (Prop_carry4_S[0]_CO[1])
                                                      0.380    18.928 f  svpwm/t_stage_valid_reg_i_4/CO[1]
                         net (fo=4, routed)           1.279    20.207    svpwm/t_stage_valid2
    SLICE_X20Y109        LUT5 (Prop_lut5_I4_O)        0.295    20.502 r  svpwm/t_stage_valid_i_1/O
                         net (fo=2, routed)           0.358    20.860    svpwm/t_stage_valid22_out
    SLICE_X21Y108        LUT4 (Prop_lut4_I0_O)        0.264    21.124 r  svpwm/t1_debug[33]_i_1/O
                         net (fo=68, routed)          0.938    22.062    svpwm/t1_debug[33]_i_1_n_0
    SLICE_X9Y100         FDCE                                         r  svpwm/t1_debug_reg[28]/CE
  -------------------------------------------------------------------    -------------------

                         (clock sys_clk rise edge)   20.000    20.000 r  <hidden>
    L3                                                0.000    20.000 r  clk
                         net (fo=0)                   0.000    20.000    clk
    L3                   IBUF (Prop_ibuf_I_O)         0.762    20.762 r  clk_IBUF_inst/O
                         net (fo=1, routed)           1.699    22.461    clk_IBUF
    BUFGCTRL_X0Y16       BUFG (Prop_bufg_I_O)         0.077    22.538 r  clk_IBUF_BUFG_inst/O
                         net (fo=8160, routed)        1.393    23.930    svpwm/clk_IBUF_BUFG
    SLICE_X9Y100         FDCE                                         r  svpwm/t1_debug_reg[28]/C
                         clock pessimism              0.235    24.165    <hidden>
                         clock uncertainty           -0.035    24.130    <hidden>
    SLICE_X9Y100         FDCE (Setup_fdce_C_CE)      -0.168    23.962    svpwm/t1_debug_reg[28]
  -------------------------------------------------------------------
                         required time                         23.962    <hidden>
                         arrival time                         -22.062    <hidden>
  -------------------------------------------------------------------
                         slack                                  1.900    <hidden>

Slack (MET) :             1.900ns  (required time - arrival time)
  Source:                 svpwm/captured_quotient_b_reg[0]/C
                            (rising edge-triggered cell FDCE clocked by sys_clk  {rise@0.000ns fall@10.000ns period=20.000ns})
  Destination:            svpwm/t1_debug_reg[30]/CE
                            (rising edge-triggered cell FDCE clocked by sys_clk  {rise@0.000ns fall@10.000ns period=20.000ns})
  Path Group:             sys_clk
  Path Type:              Setup (Max at Slow Process Corner)
  Requirement:            20.000ns  (sys_clk rise@20.000ns - sys_clk rise@0.000ns)
  Data Path Delay:        17.582ns  (logic 10.871ns (61.831%)  route 6.711ns (38.169%))
  Logic Levels:           25  (CARRY4=17 DSP48E1=3 LUT3=2 LUT4=2 LUT5=1)
  Clock Path Skew:        -0.315ns (DCD - SCD + CPR)
    Destination Clock Delay (DCD):    3.930ns = ( 23.930 - 20.000 )
    Source Clock Delay      (SCD):    4.480ns
    Clock Pessimism Removal (CPR):    0.235ns
  Clock Uncertainty:      0.035ns  ((TSJ^2 + TIJ^2)^1/2 + DJ) / 2 + PE
    Total System Jitter     (TSJ):    0.071ns
    Total Input Jitter      (TIJ):    0.000ns
    Discrete Jitter          (DJ):    0.000ns
    Phase Error              (PE):    0.000ns

    Location             Delay type                Incr(ns)  Path(ns)    Netlist Resource(s)
  -------------------------------------------------------------------    -------------------
                         (clock sys_clk rise edge)    0.000     0.000 r  <hidden>
    L3                                                0.000     0.000 r  clk
                         net (fo=0)                   0.000     0.000    clk
    L3                   IBUF (Prop_ibuf_I_O)         0.892     0.892 r  clk_IBUF_inst/O
                         net (fo=1, routed)           1.792     2.684    clk_IBUF
    BUFGCTRL_X0Y16       BUFG (Prop_bufg_I_O)         0.081     2.765 r  clk_IBUF_BUFG_inst/O
                         net (fo=8160, routed)        1.715     4.480    svpwm/clk_IBUF_BUFG
    SLICE_X2Y93          FDCE                                         r  svpwm/captured_quotient_b_reg[0]/C
  -------------------------------------------------------------------    -------------------
    SLICE_X2Y93          FDCE (Prop_fdce_C_Q)         0.433     4.913 r  svpwm/captured_quotient_b_reg[0]/Q
                         net (fo=4, routed)           1.191     6.104    svpwm/captured_quotient_b[0]
    DSP48_X1Y43          DSP48E1 (Prop_dsp48e1_A[0]_PCOUT[47])
                                                      3.397     9.501 r  svpwm/t_stage_valid4__5/PCOUT[47]
                         net (fo=1, routed)           0.002     9.503    svpwm/t_stage_valid4__5_n_106
    DSP48_X1Y44          DSP48E1 (Prop_dsp48e1_PCIN[47]_PCOUT[47])
                                                      1.438    10.941 r  svpwm/t_stage_valid4__6/PCOUT[47]
                         net (fo=1, routed)           0.002    10.943    svpwm/t_stage_valid4__6_n_106
    DSP48_X1Y45          DSP48E1 (Prop_dsp48e1_PCIN[47]_P[35])
                                                      1.271    12.214 r  svpwm/t_stage_valid4__7/P[35]
                         net (fo=3, routed)           1.127    13.341    svpwm/t_stage_valid4__7_n_70
    SLICE_X11Y114        LUT3 (Prop_lut3_I0_O)        0.119    13.460 r  svpwm/t_stage_valid_i_707/O
                         net (fo=2, routed)           0.471    13.931    svpwm/t_stage_valid_i_707_n_0
    SLICE_X11Y115        LUT4 (Prop_lut4_I3_O)        0.274    14.205 r  svpwm/t_stage_valid_i_711/O
                         net (fo=1, routed)           0.000    14.205    svpwm/t_stage_valid_i_711_n_0
    SLICE_X11Y115        CARRY4 (Prop_carry4_S[0]_CO[3])
                                                      0.440    14.645 r  svpwm/t_stage_valid_reg_i_592/CO[3]
                         net (fo=1, routed)           0.000    14.645    svpwm/t_stage_valid_reg_i_592_n_0
    SLICE_X11Y116        CARRY4 (Prop_carry4_CI_CO[3])
                                                      0.098    14.743 r  svpwm/t_stage_valid_reg_i_472/CO[3]
                         net (fo=1, routed)           0.000    14.743    svpwm/t_stage_valid_reg_i_472_n_0
    SLICE_X11Y117        CARRY4 (Prop_carry4_CI_CO[3])
                                                      0.098    14.841 r  svpwm/t_stage_valid_reg_i_471/CO[3]
                         net (fo=1, routed)           0.000    14.841    svpwm/t_stage_valid_reg_i_471_n_0
    SLICE_X11Y118        CARRY4 (Prop_carry4_CI_CO[3])
                                                      0.098    14.939 r  svpwm/t_stage_valid_reg_i_470/CO[3]
                         net (fo=1, routed)           0.000    14.939    svpwm/t_stage_valid_reg_i_470_n_0
    SLICE_X11Y119        CARRY4 (Prop_carry4_CI_CO[3])
                                                      0.098    15.037 r  svpwm/t_stage_valid_reg_i_354/CO[3]
                         net (fo=1, routed)           0.000    15.037    svpwm/t_stage_valid_reg_i_354_n_0
    SLICE_X11Y120        CARRY4 (Prop_carry4_CI_CO[3])
                                                      0.098    15.135 r  svpwm/t_stage_valid_reg_i_353/CO[3]
                         net (fo=1, routed)           0.000    15.135    svpwm/t_stage_valid_reg_i_353_n_0
    SLICE_X11Y121        CARRY4 (Prop_carry4_CI_CO[3])
                                                      0.098    15.233 r  svpwm/t_stage_valid_reg_i_352/CO[3]
                         net (fo=1, routed)           0.000    15.233    svpwm/t_stage_valid_reg_i_352_n_0
    SLICE_X11Y122        CARRY4 (Prop_carry4_CI_CO[3])
                                                      0.098    15.331 r  svpwm/t_stage_valid_reg_i_245/CO[3]
                         net (fo=1, routed)           0.000    15.331    svpwm/t_stage_valid_reg_i_245_n_0
    SLICE_X11Y123        CARRY4 (Prop_carry4_CI_CO[3])
                                                      0.098    15.429 r  svpwm/t_stage_valid_reg_i_244/CO[3]
                         net (fo=1, routed)           0.000    15.429    svpwm/t_stage_valid_reg_i_244_n_0
    SLICE_X11Y124        CARRY4 (Prop_carry4_CI_O[0])
                                                      0.181    15.610 r  svpwm/t_stage_valid_reg_i_243/O[0]
                         net (fo=1, routed)           0.519    16.129    svpwm/t_stage_valid_reg_i_243_n_7
    SLICE_X10Y124        CARRY4 (Prop_carry4_S[1]_CO[3])
                                                      0.693    16.822 r  svpwm/t_stage_valid_reg_i_148/CO[3]
                         net (fo=1, routed)           0.008    16.830    svpwm/t_stage_valid_reg_i_148_n_0
    SLICE_X10Y125        CARRY4 (Prop_carry4_CI_CO[3])
                                                      0.100    16.930 r  svpwm/t_stage_valid_reg_i_147/CO[3]
                         net (fo=1, routed)           0.000    16.930    svpwm/t_stage_valid_reg_i_147_n_0
    SLICE_X10Y126        CARRY4 (Prop_carry4_CI_CO[3])
                                                      0.100    17.030 r  svpwm/t_stage_valid_reg_i_84/CO[3]
                         net (fo=1, routed)           0.000    17.030    svpwm/t_stage_valid_reg_i_84_n_0
    SLICE_X10Y127        CARRY4 (Prop_carry4_CI_CO[3])
                                                      0.100    17.130 r  svpwm/t_stage_valid_reg_i_83/CO[3]
                         net (fo=1, routed)           0.000    17.130    svpwm/t_stage_valid_reg_i_83_n_0
    SLICE_X10Y128        CARRY4 (Prop_carry4_CI_CO[3])
                                                      0.100    17.230 r  svpwm/t_stage_valid_reg_i_82/CO[3]
                         net (fo=1, routed)           0.000    17.230    svpwm/t_stage_valid_reg_i_82_n_0
    SLICE_X10Y129        CARRY4 (Prop_carry4_CI_O[1])
                                                      0.257    17.487 f  svpwm/t_stage_valid_reg_i_39/O[1]
                         net (fo=1, routed)           0.816    18.303    svpwm/reconstructed_numerator_b[109]
    SLICE_X9Y123         LUT3 (Prop_lut3_I0_O)        0.245    18.548 r  svpwm/t_stage_valid_i_14/O
                         net (fo=1, routed)           0.000    18.548    svpwm/t_stage_valid_i_14_n_0
    SLICE_X9Y123         CARRY4 (Prop_carry4_S[0]_CO[1])
                                                      0.380    18.928 f  svpwm/t_stage_valid_reg_i_4/CO[1]
                         net (fo=4, routed)           1.279    20.207    svpwm/t_stage_valid2
    SLICE_X20Y109        LUT5 (Prop_lut5_I4_O)        0.295    20.502 r  svpwm/t_stage_valid_i_1/O
                         net (fo=2, routed)           0.358    20.860    svpwm/t_stage_valid22_out
    SLICE_X21Y108        LUT4 (Prop_lut4_I0_O)        0.264    21.124 r  svpwm/t1_debug[33]_i_1/O
                         net (fo=68, routed)          0.938    22.062    svpwm/t1_debug[33]_i_1_n_0
    SLICE_X9Y100         FDCE                                         r  svpwm/t1_debug_reg[30]/CE
  -------------------------------------------------------------------    -------------------

                         (clock sys_clk rise edge)   20.000    20.000 r  <hidden>
    L3                                                0.000    20.000 r  clk
                         net (fo=0)                   0.000    20.000    clk
    L3                   IBUF (Prop_ibuf_I_O)         0.762    20.762 r  clk_IBUF_inst/O
                         net (fo=1, routed)           1.699    22.461    clk_IBUF
    BUFGCTRL_X0Y16       BUFG (Prop_bufg_I_O)         0.077    22.538 r  clk_IBUF_BUFG_inst/O
                         net (fo=8160, routed)        1.393    23.930    svpwm/clk_IBUF_BUFG
    SLICE_X9Y100         FDCE                                         r  svpwm/t1_debug_reg[30]/C
                         clock pessimism              0.235    24.165    <hidden>
                         clock uncertainty           -0.035    24.130    <hidden>
    SLICE_X9Y100         FDCE (Setup_fdce_C_CE)      -0.168    23.962    svpwm/t1_debug_reg[30]
  -------------------------------------------------------------------
                         required time                         23.962    <hidden>
                         arrival time                         -22.062    <hidden>
  -------------------------------------------------------------------
                         slack                                  1.900    <hidden>

Slack (MET) :             1.900ns  (required time - arrival time)
  Source:                 svpwm/captured_quotient_b_reg[0]/C
                            (rising edge-triggered cell FDCE clocked by sys_clk  {rise@0.000ns fall@10.000ns period=20.000ns})
  Destination:            svpwm/t1_debug_reg[31]/CE
                            (rising edge-triggered cell FDCE clocked by sys_clk  {rise@0.000ns fall@10.000ns period=20.000ns})
  Path Group:             sys_clk
  Path Type:              Setup (Max at Slow Process Corner)
  Requirement:            20.000ns  (sys_clk rise@20.000ns - sys_clk rise@0.000ns)
  Data Path Delay:        17.582ns  (logic 10.871ns (61.831%)  route 6.711ns (38.169%))
  Logic Levels:           25  (CARRY4=17 DSP48E1=3 LUT3=2 LUT4=2 LUT5=1)
  Clock Path Skew:        -0.315ns (DCD - SCD + CPR)
    Destination Clock Delay (DCD):    3.930ns = ( 23.930 - 20.000 )
    Source Clock Delay      (SCD):    4.480ns
    Clock Pessimism Removal (CPR):    0.235ns
  Clock Uncertainty:      0.035ns  ((TSJ^2 + TIJ^2)^1/2 + DJ) / 2 + PE
    Total System Jitter     (TSJ):    0.071ns
    Total Input Jitter      (TIJ):    0.000ns
    Discrete Jitter          (DJ):    0.000ns
    Phase Error              (PE):    0.000ns

    Location             Delay type                Incr(ns)  Path(ns)    Netlist Resource(s)
  -------------------------------------------------------------------    -------------------
                         (clock sys_clk rise edge)    0.000     0.000 r  <hidden>
    L3                                                0.000     0.000 r  clk
                         net (fo=0)                   0.000     0.000    clk
    L3                   IBUF (Prop_ibuf_I_O)         0.892     0.892 r  clk_IBUF_inst/O
                         net (fo=1, routed)           1.792     2.684    clk_IBUF
    BUFGCTRL_X0Y16       BUFG (Prop_bufg_I_O)         0.081     2.765 r  clk_IBUF_BUFG_inst/O
                         net (fo=8160, routed)        1.715     4.480    svpwm/clk_IBUF_BUFG
    SLICE_X2Y93          FDCE                                         r  svpwm/captured_quotient_b_reg[0]/C
  -------------------------------------------------------------------    -------------------
    SLICE_X2Y93          FDCE (Prop_fdce_C_Q)         0.433     4.913 r  svpwm/captured_quotient_b_reg[0]/Q
                         net (fo=4, routed)           1.191     6.104    svpwm/captured_quotient_b[0]
    DSP48_X1Y43          DSP48E1 (Prop_dsp48e1_A[0]_PCOUT[47])
                                                      3.397     9.501 r  svpwm/t_stage_valid4__5/PCOUT[47]
                         net (fo=1, routed)           0.002     9.503    svpwm/t_stage_valid4__5_n_106
    DSP48_X1Y44          DSP48E1 (Prop_dsp48e1_PCIN[47]_PCOUT[47])
                                                      1.438    10.941 r  svpwm/t_stage_valid4__6/PCOUT[47]
                         net (fo=1, routed)           0.002    10.943    svpwm/t_stage_valid4__6_n_106
    DSP48_X1Y45          DSP48E1 (Prop_dsp48e1_PCIN[47]_P[35])
                                                      1.271    12.214 r  svpwm/t_stage_valid4__7/P[35]
                         net (fo=3, routed)           1.127    13.341    svpwm/t_stage_valid4__7_n_70
    SLICE_X11Y114        LUT3 (Prop_lut3_I0_O)        0.119    13.460 r  svpwm/t_stage_valid_i_707/O
                         net (fo=2, routed)           0.471    13.931    svpwm/t_stage_valid_i_707_n_0
    SLICE_X11Y115        LUT4 (Prop_lut4_I3_O)        0.274    14.205 r  svpwm/t_stage_valid_i_711/O
                         net (fo=1, routed)           0.000    14.205    svpwm/t_stage_valid_i_711_n_0
    SLICE_X11Y115        CARRY4 (Prop_carry4_S[0]_CO[3])
                                                      0.440    14.645 r  svpwm/t_stage_valid_reg_i_592/CO[3]
                         net (fo=1, routed)           0.000    14.645    svpwm/t_stage_valid_reg_i_592_n_0
    SLICE_X11Y116        CARRY4 (Prop_carry4_CI_CO[3])
                                                      0.098    14.743 r  svpwm/t_stage_valid_reg_i_472/CO[3]
                         net (fo=1, routed)           0.000    14.743    svpwm/t_stage_valid_reg_i_472_n_0
    SLICE_X11Y117        CARRY4 (Prop_carry4_CI_CO[3])
                                                      0.098    14.841 r  svpwm/t_stage_valid_reg_i_471/CO[3]
                         net (fo=1, routed)           0.000    14.841    svpwm/t_stage_valid_reg_i_471_n_0
    SLICE_X11Y118        CARRY4 (Prop_carry4_CI_CO[3])
                                                      0.098    14.939 r  svpwm/t_stage_valid_reg_i_470/CO[3]
                         net (fo=1, routed)           0.000    14.939    svpwm/t_stage_valid_reg_i_470_n_0
    SLICE_X11Y119        CARRY4 (Prop_carry4_CI_CO[3])
                                                      0.098    15.037 r  svpwm/t_stage_valid_reg_i_354/CO[3]
                         net (fo=1, routed)           0.000    15.037    svpwm/t_stage_valid_reg_i_354_n_0
    SLICE_X11Y120        CARRY4 (Prop_carry4_CI_CO[3])
                                                      0.098    15.135 r  svpwm/t_stage_valid_reg_i_353/CO[3]
                         net (fo=1, routed)           0.000    15.135    svpwm/t_stage_valid_reg_i_353_n_0
    SLICE_X11Y121        CARRY4 (Prop_carry4_CI_CO[3])
                                                      0.098    15.233 r  svpwm/t_stage_valid_reg_i_352/CO[3]
                         net (fo=1, routed)           0.000    15.233    svpwm/t_stage_valid_reg_i_352_n_0
    SLICE_X11Y122        CARRY4 (Prop_carry4_CI_CO[3])
                                                      0.098    15.331 r  svpwm/t_stage_valid_reg_i_245/CO[3]
                         net (fo=1, routed)           0.000    15.331    svpwm/t_stage_valid_reg_i_245_n_0
    SLICE_X11Y123        CARRY4 (Prop_carry4_CI_CO[3])
                                                      0.098    15.429 r  svpwm/t_stage_valid_reg_i_244/CO[3]
                         net (fo=1, routed)           0.000    15.429    svpwm/t_stage_valid_reg_i_244_n_0
    SLICE_X11Y124        CARRY4 (Prop_carry4_CI_O[0])
                                                      0.181    15.610 r  svpwm/t_stage_valid_reg_i_243/O[0]
                         net (fo=1, routed)           0.519    16.129    svpwm/t_stage_valid_reg_i_243_n_7
    SLICE_X10Y124        CARRY4 (Prop_carry4_S[1]_CO[3])
                                                      0.693    16.822 r  svpwm/t_stage_valid_reg_i_148/CO[3]
                         net (fo=1, routed)           0.008    16.830    svpwm/t_stage_valid_reg_i_148_n_0
    SLICE_X10Y125        CARRY4 (Prop_carry4_CI_CO[3])
                                                      0.100    16.930 r  svpwm/t_stage_valid_reg_i_147/CO[3]
                         net (fo=1, routed)           0.000    16.930    svpwm/t_stage_valid_reg_i_147_n_0
    SLICE_X10Y126        CARRY4 (Prop_carry4_CI_CO[3])
                                                      0.100    17.030 r  svpwm/t_stage_valid_reg_i_84/CO[3]
                         net (fo=1, routed)           0.000    17.030    svpwm/t_stage_valid_reg_i_84_n_0
    SLICE_X10Y127        CARRY4 (Prop_carry4_CI_CO[3])
                                                      0.100    17.130 r  svpwm/t_stage_valid_reg_i_83/CO[3]
                         net (fo=1, routed)           0.000    17.130    svpwm/t_stage_valid_reg_i_83_n_0
    SLICE_X10Y128        CARRY4 (Prop_carry4_CI_CO[3])
                                                      0.100    17.230 r  svpwm/t_stage_valid_reg_i_82/CO[3]
                         net (fo=1, routed)           0.000    17.230    svpwm/t_stage_valid_reg_i_82_n_0
    SLICE_X10Y129        CARRY4 (Prop_carry4_CI_O[1])
                                                      0.257    17.487 f  svpwm/t_stage_valid_reg_i_39/O[1]
                         net (fo=1, routed)           0.816    18.303    svpwm/reconstructed_numerator_b[109]
    SLICE_X9Y123         LUT3 (Prop_lut3_I0_O)        0.245    18.548 r  svpwm/t_stage_valid_i_14/O
                         net (fo=1, routed)           0.000    18.548    svpwm/t_stage_valid_i_14_n_0
    SLICE_X9Y123         CARRY4 (Prop_carry4_S[0]_CO[1])
                                                      0.380    18.928 f  svpwm/t_stage_valid_reg_i_4/CO[1]
                         net (fo=4, routed)           1.279    20.207    svpwm/t_stage_valid2
    SLICE_X20Y109        LUT5 (Prop_lut5_I4_O)        0.295    20.502 r  svpwm/t_stage_valid_i_1/O
                         net (fo=2, routed)           0.358    20.860    svpwm/t_stage_valid22_out
    SLICE_X21Y108        LUT4 (Prop_lut4_I0_O)        0.264    21.124 r  svpwm/t1_debug[33]_i_1/O
                         net (fo=68, routed)          0.938    22.062    svpwm/t1_debug[33]_i_1_n_0
    SLICE_X9Y100         FDCE                                         r  svpwm/t1_debug_reg[31]/CE
  -------------------------------------------------------------------    -------------------

                         (clock sys_clk rise edge)   20.000    20.000 r  <hidden>
    L3                                                0.000    20.000 r  clk
                         net (fo=0)                   0.000    20.000    clk
    L3                   IBUF (Prop_ibuf_I_O)         0.762    20.762 r  clk_IBUF_inst/O
                         net (fo=1, routed)           1.699    22.461    clk_IBUF
    BUFGCTRL_X0Y16       BUFG (Prop_bufg_I_O)         0.077    22.538 r  clk_IBUF_BUFG_inst/O
                         net (fo=8160, routed)        1.393    23.930    svpwm/clk_IBUF_BUFG
    SLICE_X9Y100         FDCE                                         r  svpwm/t1_debug_reg[31]/C
                         clock pessimism              0.235    24.165    <hidden>
                         clock uncertainty           -0.035    24.130    <hidden>
    SLICE_X9Y100         FDCE (Setup_fdce_C_CE)      -0.168    23.962    svpwm/t1_debug_reg[31]
  -------------------------------------------------------------------
                         required time                         23.962    <hidden>
                         arrival time                         -22.062    <hidden>
  -------------------------------------------------------------------
                         slack                                  1.900    <hidden>

Slack (MET) :             2.000ns  (required time - arrival time)
  Source:                 svpwm/captured_quotient_b_reg[0]/C
                            (rising edge-triggered cell FDCE clocked by sys_clk  {rise@0.000ns fall@10.000ns period=20.000ns})
  Destination:            svpwm/t1_debug_reg[4]/CE
                            (rising edge-triggered cell FDCE clocked by sys_clk  {rise@0.000ns fall@10.000ns period=20.000ns})
  Path Group:             sys_clk
  Path Type:              Setup (Max at Slow Process Corner)
  Requirement:            20.000ns  (sys_clk rise@20.000ns - sys_clk rise@0.000ns)
  Data Path Delay:        17.686ns  (logic 10.871ns (61.466%)  route 6.815ns (38.534%))
  Logic Levels:           25  (CARRY4=17 DSP48E1=3 LUT3=2 LUT4=2 LUT5=1)
  Clock Path Skew:        -0.111ns (DCD - SCD + CPR)
    Destination Clock Delay (DCD):    4.068ns = ( 24.068 - 20.000 )
    Source Clock Delay      (SCD):    4.480ns
    Clock Pessimism Removal (CPR):    0.302ns
  Clock Uncertainty:      0.035ns  ((TSJ^2 + TIJ^2)^1/2 + DJ) / 2 + PE
    Total System Jitter     (TSJ):    0.071ns
    Total Input Jitter      (TIJ):    0.000ns
    Discrete Jitter          (DJ):    0.000ns
    Phase Error              (PE):    0.000ns

    Location             Delay type                Incr(ns)  Path(ns)    Netlist Resource(s)
  -------------------------------------------------------------------    -------------------
                         (clock sys_clk rise edge)    0.000     0.000 r  <hidden>
    L3                                                0.000     0.000 r  clk
                         net (fo=0)                   0.000     0.000    clk
    L3                   IBUF (Prop_ibuf_I_O)         0.892     0.892 r  clk_IBUF_inst/O
                         net (fo=1, routed)           1.792     2.684    clk_IBUF
    BUFGCTRL_X0Y16       BUFG (Prop_bufg_I_O)         0.081     2.765 r  clk_IBUF_BUFG_inst/O
                         net (fo=8160, routed)        1.715     4.480    svpwm/clk_IBUF_BUFG
    SLICE_X2Y93          FDCE                                         r  svpwm/captured_quotient_b_reg[0]/C
  -------------------------------------------------------------------    -------------------
    SLICE_X2Y93          FDCE (Prop_fdce_C_Q)         0.433     4.913 r  svpwm/captured_quotient_b_reg[0]/Q
                         net (fo=4, routed)           1.191     6.104    svpwm/captured_quotient_b[0]
    DSP48_X1Y43          DSP48E1 (Prop_dsp48e1_A[0]_PCOUT[47])
                                                      3.397     9.501 r  svpwm/t_stage_valid4__5/PCOUT[47]
                         net (fo=1, routed)           0.002     9.503    svpwm/t_stage_valid4__5_n_106
    DSP48_X1Y44          DSP48E1 (Prop_dsp48e1_PCIN[47]_PCOUT[47])
                                                      1.438    10.941 r  svpwm/t_stage_valid4__6/PCOUT[47]
                         net (fo=1, routed)           0.002    10.943    svpwm/t_stage_valid4__6_n_106
    DSP48_X1Y45          DSP48E1 (Prop_dsp48e1_PCIN[47]_P[35])
                                                      1.271    12.214 r  svpwm/t_stage_valid4__7/P[35]
                         net (fo=3, routed)           1.127    13.341    svpwm/t_stage_valid4__7_n_70
    SLICE_X11Y114        LUT3 (Prop_lut3_I0_O)        0.119    13.460 r  svpwm/t_stage_valid_i_707/O
                         net (fo=2, routed)           0.471    13.931    svpwm/t_stage_valid_i_707_n_0
    SLICE_X11Y115        LUT4 (Prop_lut4_I3_O)        0.274    14.205 r  svpwm/t_stage_valid_i_711/O
                         net (fo=1, routed)           0.000    14.205    svpwm/t_stage_valid_i_711_n_0
    SLICE_X11Y115        CARRY4 (Prop_carry4_S[0]_CO[3])
                                                      0.440    14.645 r  svpwm/t_stage_valid_reg_i_592/CO[3]
                         net (fo=1, routed)           0.000    14.645    svpwm/t_stage_valid_reg_i_592_n_0
    SLICE_X11Y116        CARRY4 (Prop_carry4_CI_CO[3])
                                                      0.098    14.743 r  svpwm/t_stage_valid_reg_i_472/CO[3]
                         net (fo=1, routed)           0.000    14.743    svpwm/t_stage_valid_reg_i_472_n_0
    SLICE_X11Y117        CARRY4 (Prop_carry4_CI_CO[3])
                                                      0.098    14.841 r  svpwm/t_stage_valid_reg_i_471/CO[3]
                         net (fo=1, routed)           0.000    14.841    svpwm/t_stage_valid_reg_i_471_n_0
    SLICE_X11Y118        CARRY4 (Prop_carry4_CI_CO[3])
                                                      0.098    14.939 r  svpwm/t_stage_valid_reg_i_470/CO[3]
                         net (fo=1, routed)           0.000    14.939    svpwm/t_stage_valid_reg_i_470_n_0
    SLICE_X11Y119        CARRY4 (Prop_carry4_CI_CO[3])
                                                      0.098    15.037 r  svpwm/t_stage_valid_reg_i_354/CO[3]
                         net (fo=1, routed)           0.000    15.037    svpwm/t_stage_valid_reg_i_354_n_0
    SLICE_X11Y120        CARRY4 (Prop_carry4_CI_CO[3])
                                                      0.098    15.135 r  svpwm/t_stage_valid_reg_i_353/CO[3]
                         net (fo=1, routed)           0.000    15.135    svpwm/t_stage_valid_reg_i_353_n_0
    SLICE_X11Y121        CARRY4 (Prop_carry4_CI_CO[3])
                                                      0.098    15.233 r  svpwm/t_stage_valid_reg_i_352/CO[3]
                         net (fo=1, routed)           0.000    15.233    svpwm/t_stage_valid_reg_i_352_n_0
    SLICE_X11Y122        CARRY4 (Prop_carry4_CI_CO[3])
                                                      0.098    15.331 r  svpwm/t_stage_valid_reg_i_245/CO[3]
                         net (fo=1, routed)           0.000    15.331    svpwm/t_stage_valid_reg_i_245_n_0
    SLICE_X11Y123        CARRY4 (Prop_carry4_CI_CO[3])
                                                      0.098    15.429 r  svpwm/t_stage_valid_reg_i_244/CO[3]
                         net (fo=1, routed)           0.000    15.429    svpwm/t_stage_valid_reg_i_244_n_0
    SLICE_X11Y124        CARRY4 (Prop_carry4_CI_O[0])
                                                      0.181    15.610 r  svpwm/t_stage_valid_reg_i_243/O[0]
                         net (fo=1, routed)           0.519    16.129    svpwm/t_stage_valid_reg_i_243_n_7
    SLICE_X10Y124        CARRY4 (Prop_carry4_S[1]_CO[3])
                                                      0.693    16.822 r  svpwm/t_stage_valid_reg_i_148/CO[3]
                         net (fo=1, routed)           0.008    16.830    svpwm/t_stage_valid_reg_i_148_n_0
    SLICE_X10Y125        CARRY4 (Prop_carry4_CI_CO[3])
                                                      0.100    16.930 r  svpwm/t_stage_valid_reg_i_147/CO[3]
                         net (fo=1, routed)           0.000    16.930    svpwm/t_stage_valid_reg_i_147_n_0
    SLICE_X10Y126        CARRY4 (Prop_carry4_CI_CO[3])
                                                      0.100    17.030 r  svpwm/t_stage_valid_reg_i_84/CO[3]
                         net (fo=1, routed)           0.000    17.030    svpwm/t_stage_valid_reg_i_84_n_0
    SLICE_X10Y127        CARRY4 (Prop_carry4_CI_CO[3])
                                                      0.100    17.130 r  svpwm/t_stage_valid_reg_i_83/CO[3]
                         net (fo=1, routed)           0.000    17.130    svpwm/t_stage_valid_reg_i_83_n_0
    SLICE_X10Y128        CARRY4 (Prop_carry4_CI_CO[3])
                                                      0.100    17.230 r  svpwm/t_stage_valid_reg_i_82/CO[3]
                         net (fo=1, routed)           0.000    17.230    svpwm/t_stage_valid_reg_i_82_n_0
    SLICE_X10Y129        CARRY4 (Prop_carry4_CI_O[1])
                                                      0.257    17.487 f  svpwm/t_stage_valid_reg_i_39/O[1]
                         net (fo=1, routed)           0.816    18.303    svpwm/reconstructed_numerator_b[109]
    SLICE_X9Y123         LUT3 (Prop_lut3_I0_O)        0.245    18.548 r  svpwm/t_stage_valid_i_14/O
                         net (fo=1, routed)           0.000    18.548    svpwm/t_stage_valid_i_14_n_0
    SLICE_X9Y123         CARRY4 (Prop_carry4_S[0]_CO[1])
                                                      0.380    18.928 f  svpwm/t_stage_valid_reg_i_4/CO[1]
                         net (fo=4, routed)           1.279    20.207    svpwm/t_stage_valid2
    SLICE_X20Y109        LUT5 (Prop_lut5_I4_O)        0.295    20.502 r  svpwm/t_stage_valid_i_1/O
                         net (fo=2, routed)           0.358    20.860    svpwm/t_stage_valid22_out
    SLICE_X21Y108        LUT4 (Prop_lut4_I0_O)        0.264    21.124 r  svpwm/t1_debug[33]_i_1/O
                         net (fo=68, routed)          1.042    22.166    svpwm/t1_debug[33]_i_1_n_0
    SLICE_X9Y95          FDCE                                         r  svpwm/t1_debug_reg[4]/CE
  -------------------------------------------------------------------    -------------------

                         (clock sys_clk rise edge)   20.000    20.000 r  <hidden>
    L3                                                0.000    20.000 r  clk
                         net (fo=0)                   0.000    20.000    clk
    L3                   IBUF (Prop_ibuf_I_O)         0.762    20.762 r  clk_IBUF_inst/O
                         net (fo=1, routed)           1.699    22.461    clk_IBUF
    BUFGCTRL_X0Y16       BUFG (Prop_bufg_I_O)         0.077    22.538 r  clk_IBUF_BUFG_inst/O
                         net (fo=8160, routed)        1.530    24.068    svpwm/clk_IBUF_BUFG
    SLICE_X9Y95          FDCE                                         r  svpwm/t1_debug_reg[4]/C
                         clock pessimism              0.302    24.369    <hidden>
                         clock uncertainty           -0.035    24.334    <hidden>
    SLICE_X9Y95          FDCE (Setup_fdce_C_CE)      -0.168    24.166    svpwm/t1_debug_reg[4]
  -------------------------------------------------------------------
                         required time                         24.166    <hidden>
                         arrival time                         -22.166    <hidden>
  -------------------------------------------------------------------
                         slack                                  2.000    <hidden>
