Copyright 1986-2022 Xilinx, Inc. All Rights Reserved. Copyright 2022-2026 Advanced Micro Devices, Inc. All Rights Reserved.
--------------------------------------------------------------------------------------------------------------------------------------------------------------------------------------------
| Tool Version : Vivado v.2026.1 (win64) Build 6511674 Tue Jun 16 11:02:23 MDT 2026
| Date         : Sun Sep 20 00:29:10 2026
| Host         : DependOnOMEN16 running 64-bit major release  (build 9200)
| Command      : report_timing_summary -delay_type min_max -report_unconstrained -check_timing_verbose -file D:/Project/FPGA_XC7A200T/docs/reports/step6c4/final04/synth_timing_summary.rpt
| Design       : mc_foc_current_core
| Device       : 7a200t-fbg484
| Speed File   : -2  PRODUCTION 1.23 2018-06-13
| Design State : Synthesized
--------------------------------------------------------------------------------------------------------------------------------------------------------------------------------------------

Timing Summary Report

------------------------------------------------------------------------------------------------
| Timer Settings
| --------------
------------------------------------------------------------------------------------------------

  Enable Multi Corner Analysis               :  Yes
  Enable Pessimism Removal                   :  Yes
  Pessimism Removal Resolution               :  Nearest Common Node
  Enable Input Delay Default Clock           :  No
  Enable Preset / Clear Arcs                 :  No
  Disable Flight Delays                      :  No
  Ignore I/O Paths                           :  No
  Timing Early Launch at Borrowing Latches   :  No
  Borrow Time for Max Delay Exceptions       :  Yes
  Merge Timing Exceptions                    :  Yes
  Inter-SLR Compensation                     :  Conservative

  Corner  Analyze    Analyze
  Name    Max Paths  Min Paths
  ------  ---------  ---------
  Slow    Yes        Yes
  Fast    Yes        Yes


------------------------------------------------------------------------------------------------
| Report Methodology
| ------------------
------------------------------------------------------------------------------------------------

No report available as report_methodology has not been run prior. Run report_methodology on the current design for the summary of methodology violations.



check_timing report

Table of Contents
-----------------
1. checking no_clock (0)
2. checking constant_clock (0)
3. checking pulse_width_clock (0)
4. checking unconstrained_internal_endpoints (0)
5. checking no_input_delay (198)
6. checking no_output_delay (83)
7. checking multiple_clock (0)
8. checking generated_clocks (0)
9. checking loops (0)
10. checking partial_input_delay (0)
11. checking partial_output_delay (0)
12. checking latch_loops (0)

1. checking no_clock (0)
------------------------
 There are 0 register/latch pins with no clock.


2. checking constant_clock (0)
------------------------------
 There are 0 register/latch pins with constant_clock.


3. checking pulse_width_clock (0)
---------------------------------
 There are 0 register/latch pins which need pulse_width check


4. checking unconstrained_internal_endpoints (0)
------------------------------------------------
 There are 0 pins that are not constrained for maximum delay.

 There are 0 pins that are not constrained for maximum delay due to constant clock.


5. checking no_input_delay (198)
--------------------------------
 There are 198 input ports with no input delay specified. (HIGH)

enable
ia[0]
ia[10]
ia[11]
ia[12]
ia[13]
ia[14]
ia[15]
ia[16]
ia[17]
ia[18]
ia[19]
ia[1]
ia[20]
ia[21]
ia[22]
ia[23]
ia[2]
ia[3]
ia[4]
ia[5]
ia[6]
ia[7]
ia[8]
ia[9]
ib[0]
ib[10]
ib[11]
ib[12]
ib[13]
ib[14]
ib[15]
ib[16]
ib[17]
ib[18]
ib[19]
ib[1]
ib[20]
ib[21]
ib[22]
ib[23]
ib[2]
ib[3]
ib[4]
ib[5]
ib[6]
ib[7]
ib[8]
ib[9]
ic[0]
ic[10]
ic[11]
ic[12]
ic[13]
ic[14]
ic[15]
ic[16]
ic[17]
ic[18]
ic[19]
ic[1]
ic[20]
ic[21]
ic[22]
ic[23]
ic[2]
ic[3]
ic[4]
ic[5]
ic[6]
ic[7]
ic[8]
ic[9]
id_ref[0]
id_ref[10]
id_ref[11]
id_ref[12]
id_ref[13]
id_ref[14]
id_ref[15]
id_ref[16]
id_ref[17]
id_ref[18]
id_ref[19]
id_ref[1]
id_ref[20]
id_ref[21]
id_ref[22]
id_ref[23]
id_ref[24]
id_ref[2]
id_ref[3]
id_ref[4]
id_ref[5]
id_ref[6]
id_ref[7]
id_ref[8]
id_ref[9]
iq_ref[0]
iq_ref[10]
iq_ref[11]
iq_ref[12]
iq_ref[13]
iq_ref[14]
iq_ref[15]
iq_ref[16]
iq_ref[17]
iq_ref[18]
iq_ref[19]
iq_ref[1]
iq_ref[20]
iq_ref[21]
iq_ref[22]
iq_ref[23]
iq_ref[24]
iq_ref[2]
iq_ref[3]
iq_ref[4]
iq_ref[5]
iq_ref[6]
iq_ref[7]
iq_ref[8]
iq_ref[9]
pi_reset
reset_n
sample_valid
theta_e[10]
theta_e[11]
theta_e[12]
theta_e[13]
theta_e[14]
theta_e[15]
theta_e[2]
theta_e[3]
theta_e[4]
theta_e[5]
theta_e[6]
theta_e[7]
theta_e[8]
theta_e[9]
uq_zero_en
vdc[0]
vdc[10]
vdc[11]
vdc[12]
vdc[13]
vdc[14]
vdc[15]
vdc[16]
vdc[17]
vdc[18]
vdc[19]
vdc[1]
vdc[20]
vdc[21]
vdc[22]
vdc[23]
vdc[24]
vdc[2]
vdc[3]
vdc[4]
vdc[5]
vdc[6]
vdc[7]
vdc[8]
vdc[9]
we[0]
we[10]
we[11]
we[12]
we[13]
we[14]
we[15]
we[16]
we[17]
we[18]
we[19]
we[1]
we[20]
we[21]
we[22]
we[23]
we[24]
we[25]
we[26]
we[27]
we[28]
we[29]
we[2]
we[30]
we[31]
we[3]
we[4]
we[5]
we[6]
we[7]
we[8]
we[9]

 There are 0 input ports with no input delay but user has a false path constraint.


6. checking no_output_delay (83)
--------------------------------
 There are 83 ports with no output delay specified. (HIGH)

command_valid
duty_u[0]
duty_u[10]
duty_u[11]
duty_u[12]
duty_u[13]
duty_u[14]
duty_u[15]
duty_u[16]
duty_u[17]
duty_u[18]
duty_u[19]
duty_u[1]
duty_u[20]
duty_u[21]
duty_u[22]
duty_u[23]
duty_u[24]
duty_u[25]
duty_u[2]
duty_u[3]
duty_u[4]
duty_u[5]
duty_u[6]
duty_u[7]
duty_u[8]
duty_u[9]
duty_v[0]
duty_v[10]
duty_v[11]
duty_v[12]
duty_v[13]
duty_v[14]
duty_v[15]
duty_v[16]
duty_v[17]
duty_v[18]
duty_v[19]
duty_v[1]
duty_v[20]
duty_v[21]
duty_v[22]
duty_v[23]
duty_v[24]
duty_v[25]
duty_v[2]
duty_v[3]
duty_v[4]
duty_v[5]
duty_v[6]
duty_v[7]
duty_v[8]
duty_v[9]
duty_w[0]
duty_w[10]
duty_w[11]
duty_w[12]
duty_w[13]
duty_w[14]
duty_w[15]
duty_w[16]
duty_w[17]
duty_w[18]
duty_w[19]
duty_w[1]
duty_w[20]
duty_w[21]
duty_w[22]
duty_w[23]
duty_w[24]
duty_w[25]
duty_w[2]
duty_w[3]
duty_w[4]
duty_w[5]
duty_w[6]
duty_w[7]
duty_w[8]
duty_w[9]
error_code[0]
error_code[1]
result_valid
sample_ready

 There are 0 ports with no output delay but user has a false path constraint

 There are 0 ports with no output delay but with a timing clock defined on it or propagating through it


7. checking multiple_clock (0)
------------------------------
 There are 0 register/latch pins with multiple clocks.


8. checking generated_clocks (0)
--------------------------------
 There are 0 generated clocks that are not connected to a clock source.


9. checking loops (0)
---------------------
 There are 0 combinational loops in the design.


10. checking partial_input_delay (0)
------------------------------------
 There are 0 input ports with partial input delay specified.


11. checking partial_output_delay (0)
-------------------------------------
 There are 0 ports with partial output delay specified.


12. checking latch_loops (0)
----------------------------
 There are 0 combinational latch loops in the design through latch input



------------------------------------------------------------------------------------------------
| Design Timing Summary
| ---------------------
------------------------------------------------------------------------------------------------

    WNS(ns)      TNS(ns)  TNS Failing Endpoints  TNS Total Endpoints      WHS(ns)      THS(ns)  THS Failing Endpoints  THS Total Endpoints     WPWS(ns)     TPWS(ns)  TPWS Failing Endpoints  TPWS Total Endpoints
    -------      -------  ---------------------  -------------------      -------      -------  ---------------------  -------------------     --------     --------  ----------------------  --------------------
      4.452        0.000                      0                19452        0.122        0.000                      0                19452        9.500        0.000                       0                  8151


All user specified timing constraints are met.


------------------------------------------------------------------------------------------------
| Clock Summary
| -------------
------------------------------------------------------------------------------------------------

Clock    Waveform(ns)       Period(ns)      Frequency(MHz)
-----    ------------       ----------      --------------
sys_clk  {0.000 10.000}     20.000          50.000


------------------------------------------------------------------------------------------------
| Intra Clock Table
| -----------------
------------------------------------------------------------------------------------------------

Clock             WNS(ns)      TNS(ns)  TNS Failing Endpoints  TNS Total Endpoints      WHS(ns)      THS(ns)  THS Failing Endpoints  THS Total Endpoints     WPWS(ns)     TPWS(ns)  TPWS Failing Endpoints  TPWS Total Endpoints
-----             -------      -------  ---------------------  -------------------      -------      -------  ---------------------  -------------------     --------     --------  ----------------------  --------------------
sys_clk             4.452        0.000                      0                19452        0.122        0.000                      0                19452        9.500        0.000                       0                  8151


------------------------------------------------------------------------------------------------
| Inter Clock Table
| -----------------
------------------------------------------------------------------------------------------------

From Clock    To Clock          WNS(ns)      TNS(ns)  TNS Failing Endpoints  TNS Total Endpoints      WHS(ns)      THS(ns)  THS Failing Endpoints  THS Total Endpoints
----------    --------          -------      -------  ---------------------  -------------------      -------      -------  ---------------------  -------------------


------------------------------------------------------------------------------------------------
| Other Path Groups Table
| -----------------------
------------------------------------------------------------------------------------------------

Path Group    From Clock    To Clock          WNS(ns)      TNS(ns)  TNS Failing Endpoints  TNS Total Endpoints      WHS(ns)      THS(ns)  THS Failing Endpoints  THS Total Endpoints
----------    ----------    --------          -------      -------  ---------------------  -------------------      -------      -------  ---------------------  -------------------


------------------------------------------------------------------------------------------------
| User Ignored Path Table
| -----------------------
------------------------------------------------------------------------------------------------

Path Group    From Clock    To Clock
----------    ----------    --------


------------------------------------------------------------------------------------------------
| Unconstrained Path Table
| ------------------------
------------------------------------------------------------------------------------------------

Path Group    From Clock    To Clock
----------    ----------    --------
(none)
(none)        sys_clk
(none)                      sys_clk


------------------------------------------------------------------------------------------------
| Timing Details
| --------------
------------------------------------------------------------------------------------------------


---------------------------------------------------------------------------------------------------
From Clock:  sys_clk
  To Clock:  sys_clk

Setup :            0  Failing Endpoints,  Worst Slack        4.452ns,  Total Violation        0.000ns
Hold  :            0  Failing Endpoints,  Worst Slack        0.122ns,  Total Violation        0.000ns
PW    :            0  Failing Endpoints,  Worst Slack        9.500ns,  Total Violation        0.000ns
---------------------------------------------------------------------------------------------------


Max Delay Paths
--------------------------------------------------------------------------------------
Slack (MET) :             4.452ns  (required time - arrival time)
  Source:                 svpwm/divider_denominator_reg[40]/C
                            (rising edge-triggered cell FDCE clocked by sys_clk  {rise@0.000ns fall@10.000ns period=20.000ns})
  Destination:            svpwm/pending_error_reg[0]/D
                            (rising edge-triggered cell FDCE clocked by sys_clk  {rise@0.000ns fall@10.000ns period=20.000ns})
  Path Group:             sys_clk
  Path Type:              Setup (Max at Slow Process Corner)
  Requirement:            20.000ns  (sys_clk rise@20.000ns - sys_clk rise@0.000ns)
  Data Path Delay:        15.397ns  (logic 10.922ns (70.935%)  route 4.475ns (29.065%))
  Logic Levels:           26  (CARRY4=16 DSP48E1=3 LUT3=3 LUT4=1 LUT6=3)
  Clock Path Skew:        -0.145ns (DCD - SCD + CPR)
    Destination Clock Delay (DCD):    1.875ns = ( 21.875 - 20.000 )
    Source Clock Delay      (SCD):    2.187ns
    Clock Pessimism Removal (CPR):    0.167ns
  Clock Uncertainty:      0.035ns  ((TSJ^2 + TIJ^2)^1/2 + DJ) / 2 + PE
    Total System Jitter     (TSJ):    0.071ns
    Total Input Jitter      (TIJ):    0.000ns
    Discrete Jitter          (DJ):    0.000ns
    Phase Error              (PE):    0.000ns

    Location             Delay type                Incr(ns)  Path(ns)    Netlist Resource(s)
  -------------------------------------------------------------------    -------------------
                         (clock sys_clk rise edge)    0.000     0.000 r  <hidden>
                                                      0.000     0.000 r  clk
                         net (fo=0)                   0.000     0.000    clk
                         IBUF (Prop_ibuf_I_O)         0.876     0.876 r  clk_IBUF_inst/O
                         net (fo=1, unplaced)         0.646     1.522    clk_IBUF
                         BUFG (Prop_bufg_I_O)         0.081     1.603 r  clk_IBUF_BUFG_inst/O
                         net (fo=8156, unplaced)      0.584     2.187    svpwm/clk_IBUF_BUFG
                         FDCE                                         r  svpwm/divider_denominator_reg[40]/C
  -------------------------------------------------------------------    -------------------
                         FDCE (Prop_fdce_C_Q)         0.379     2.566 r  svpwm/divider_denominator_reg[40]/Q
                         net (fo=22, unplaced)        0.646     3.211    svpwm/divider_denominator[40]
                         DSP48E1 (Prop_dsp48e1_A[23]_PCOUT[47])
                                                      3.534     6.745 r  svpwm/t_stage_valid4__2/PCOUT[47]
                         net (fo=1, unplaced)         0.055     6.800    svpwm/t_stage_valid4__2_n_106
                         DSP48E1 (Prop_dsp48e1_PCIN[47]_PCOUT[47])
                                                      1.438     8.238 r  svpwm/t_stage_valid4__3/PCOUT[47]
                         net (fo=1, unplaced)         0.000     8.238    svpwm/t_stage_valid4__3_n_106
                         DSP48E1 (Prop_dsp48e1_PCIN[47]_P[1])
                                                      1.271     9.509 r  svpwm/t_stage_valid4__4/P[1]
                         net (fo=3, unplaced)         0.646    10.155    svpwm/t_stage_valid4__4_n_104
                         LUT3 (Prop_lut3_I1_O)        0.127    10.282 r  svpwm/t_stage_valid_i_707/O
                         net (fo=2, unplaced)         0.396    10.678    svpwm/t_stage_valid_i_707_n_0
                         LUT4 (Prop_lut4_I3_O)        0.286    10.964 r  svpwm/t_stage_valid_i_711/O
                         net (fo=1, unplaced)         0.000    10.964    svpwm/t_stage_valid_i_711_n_0
                         CARRY4 (Prop_carry4_S[0]_CO[3])
                                                      0.423    11.387 r  svpwm/t_stage_valid_reg_i_592/CO[3]
                         net (fo=1, unplaced)         0.000    11.387    svpwm/t_stage_valid_reg_i_592_n_0
                         CARRY4 (Prop_carry4_CI_CO[3])
                                                      0.100    11.487 r  svpwm/t_stage_valid_reg_i_472/CO[3]
                         net (fo=1, unplaced)         0.000    11.487    svpwm/t_stage_valid_reg_i_472_n_0
                         CARRY4 (Prop_carry4_CI_CO[3])
                                                      0.100    11.587 r  svpwm/t_stage_valid_reg_i_471/CO[3]
                         net (fo=1, unplaced)         0.000    11.587    svpwm/t_stage_valid_reg_i_471_n_0
                         CARRY4 (Prop_carry4_CI_CO[3])
                                                      0.100    11.687 r  svpwm/t_stage_valid_reg_i_470/CO[3]
                         net (fo=1, unplaced)         0.000    11.687    svpwm/t_stage_valid_reg_i_470_n_0
                         CARRY4 (Prop_carry4_CI_CO[3])
                                                      0.100    11.787 r  svpwm/t_stage_valid_reg_i_354/CO[3]
                         net (fo=1, unplaced)         0.000    11.787    svpwm/t_stage_valid_reg_i_354_n_0
                         CARRY4 (Prop_carry4_CI_CO[3])
                                                      0.100    11.887 r  svpwm/t_stage_valid_reg_i_353/CO[3]
                         net (fo=1, unplaced)         0.000    11.887    svpwm/t_stage_valid_reg_i_353_n_0
                         CARRY4 (Prop_carry4_CI_CO[3])
                                                      0.100    11.987 r  svpwm/t_stage_valid_reg_i_352/CO[3]
                         net (fo=1, unplaced)         0.000    11.987    svpwm/t_stage_valid_reg_i_352_n_0
                         CARRY4 (Prop_carry4_CI_CO[3])
                                                      0.100    12.087 r  svpwm/t_stage_valid_reg_i_245/CO[3]
                         net (fo=1, unplaced)         0.000    12.087    svpwm/t_stage_valid_reg_i_245_n_0
                         CARRY4 (Prop_carry4_CI_CO[3])
                                                      0.100    12.187 r  svpwm/t_stage_valid_reg_i_244/CO[3]
                         net (fo=1, unplaced)         0.000    12.187    svpwm/t_stage_valid_reg_i_244_n_0
                         CARRY4 (Prop_carry4_CI_CO[3])
                                                      0.100    12.287 r  svpwm/t_stage_valid_reg_i_243/CO[3]
                         net (fo=1, unplaced)         0.000    12.287    svpwm/t_stage_valid_reg_i_243_n_0
                         CARRY4 (Prop_carry4_CI_CO[3])
                                                      0.100    12.387 r  svpwm/t_stage_valid_reg_i_152/CO[3]
                         net (fo=1, unplaced)         0.000    12.387    svpwm/t_stage_valid_reg_i_152_n_0
                         CARRY4 (Prop_carry4_CI_O[3])
                                                      0.277    12.664 r  svpwm/t_stage_valid_reg_i_151/O[3]
                         net (fo=1, unplaced)         0.650    13.314    svpwm/t_stage_valid_reg_i_151_n_4
                         CARRY4 (Prop_carry4_S[0]_CO[3])
                                                      0.673    13.987 r  svpwm/t_stage_valid_reg_i_83/CO[3]
                         net (fo=1, unplaced)         0.000    13.987    svpwm/t_stage_valid_reg_i_83_n_0
                         CARRY4 (Prop_carry4_CI_O[2])
                                                      0.214    14.201 f  svpwm/t_stage_valid_reg_i_82/O[2]
                         net (fo=1, unplaced)         0.584    14.785    svpwm/reconstructed_numerator_b[106]
                         LUT3 (Prop_lut3_I0_O)        0.244    15.029 r  svpwm/t_stage_valid_i_35/O
                         net (fo=1, unplaced)         0.000    15.029    svpwm/t_stage_valid_i_35_n_0
                         CARRY4 (Prop_carry4_S[3]_CO[3])
                                                      0.314    15.343 r  svpwm/t_stage_valid_reg_i_12/CO[3]
                         net (fo=1, unplaced)         0.000    15.343    svpwm/t_stage_valid_reg_i_12_n_0
                         CARRY4 (Prop_carry4_CI_CO[1])
                                                      0.150    15.493 r  svpwm/t_stage_valid_reg_i_4/CO[1]
                         net (fo=4, unplaced)         0.496    15.989    svpwm/t_stage_valid2
                         LUT3 (Prop_lut3_I0_O)        0.277    16.266 f  svpwm/pending_error[0]_i_5/O
                         net (fo=1, unplaced)         0.328    16.594    svpwm/pending_error[0]_i_5_n_0
                         LUT6 (Prop_lut6_I2_O)        0.105    16.699 f  svpwm/pending_error[0]_i_4/O
                         net (fo=1, unplaced)         0.328    17.027    svpwm/divider_t2/pending_error_reg[0]_3
                         LUT6 (Prop_lut6_I4_O)        0.105    17.132 f  svpwm/divider_t2/pending_error[0]_i_2/O
                         net (fo=1, unplaced)         0.347    17.479    svpwm/divider_t2/pending_error[0]_i_2_n_0
                         LUT6 (Prop_lut6_I0_O)        0.105    17.584 r  svpwm/divider_t2/pending_error[0]_i_1/O
                         net (fo=1, unplaced)         0.000    17.584    svpwm/divider_t2_n_2
                         FDCE                                         r  svpwm/pending_error_reg[0]/D
  -------------------------------------------------------------------    -------------------

                         (clock sys_clk rise edge)   20.000    20.000 r  <hidden>
                                                      0.000    20.000 r  clk
                         net (fo=0)                   0.000    20.000    clk
                         IBUF (Prop_ibuf_I_O)         0.745    20.745 r  clk_IBUF_inst/O
                         net (fo=1, unplaced)         0.613    21.359    clk_IBUF
                         BUFG (Prop_bufg_I_O)         0.077    21.436 r  clk_IBUF_BUFG_inst/O
                         net (fo=8156, unplaced)      0.439    21.875    svpwm/clk_IBUF_BUFG
                         FDCE                                         r  svpwm/pending_error_reg[0]/C
                         clock pessimism              0.167    22.042    <hidden>
                         clock uncertainty           -0.035    22.006    <hidden>
                         FDCE (Setup_fdce_C_D)        0.029    22.035    svpwm/pending_error_reg[0]
  -------------------------------------------------------------------
                         required time                         22.035    <hidden>
                         arrival time                         -17.584    <hidden>
  -------------------------------------------------------------------
                         slack                                  4.452    <hidden>





Min Delay Paths
--------------------------------------------------------------------------------------
Slack (MET) :             0.122ns  (arrival time - required time)
  Source:                 pi_core/limiter_engine/div_engine/work_input_reg[65]/C
                            (rising edge-triggered cell FDCE clocked by sys_clk  {rise@0.000ns fall@10.000ns period=20.000ns})
  Destination:            pi_core/limiter_engine/div_engine/work_input_reg[66]/D
                            (rising edge-triggered cell FDCE clocked by sys_clk  {rise@0.000ns fall@10.000ns period=20.000ns})
  Path Group:             sys_clk
  Path Type:              Hold (Min at Fast Process Corner)
  Requirement:            0.000ns  (sys_clk rise@0.000ns - sys_clk rise@0.000ns)
  Data Path Delay:        0.358ns  (logic 0.239ns (66.757%)  route 0.119ns (33.243%))
  Logic Levels:           1  (LUT2=1)
  Clock Path Skew:        0.145ns (DCD - SCD - CPR)
    Destination Clock Delay (DCD):    0.987ns
    Source Clock Delay      (SCD):    0.633ns
    Clock Pessimism Removal (CPR):    0.208ns

    Location             Delay type                Incr(ns)  Path(ns)    Netlist Resource(s)
  -------------------------------------------------------------------    -------------------
                         (clock sys_clk rise edge)    0.000     0.000 r  <hidden>
                                                      0.000     0.000 r  clk
                         net (fo=0)                   0.000     0.000    clk
                         IBUF (Prop_ibuf_I_O)         0.173     0.173 r  clk_IBUF_inst/O
                         net (fo=1, unplaced)         0.320     0.493    clk_IBUF
                         BUFG (Prop_bufg_I_O)         0.026     0.519 r  clk_IBUF_BUFG_inst/O
                         net (fo=8156, unplaced)      0.114     0.633    pi_core/limiter_engine/div_engine/clk_IBUF_BUFG
                         FDCE                                         r  pi_core/limiter_engine/div_engine/work_input_reg[65]/C
  -------------------------------------------------------------------    -------------------
                         FDCE (Prop_fdce_C_Q)         0.141     0.774 r  pi_core/limiter_engine/div_engine/work_input_reg[65]/Q
                         net (fo=1, unplaced)         0.119     0.893    pi_core/limiter_engine/div_engine/work_input__0[65]
                         LUT2 (Prop_lut2_I1_O)        0.098     0.991 r  pi_core/limiter_engine/div_engine/work_input[66]_i_1__0/O
                         net (fo=1, unplaced)         0.000     0.991    pi_core/limiter_engine/div_engine/work_input[66]_i_1__0_n_0
                         FDCE                                         r  pi_core/limiter_engine/div_engine/work_input_reg[66]/D
  -------------------------------------------------------------------    -------------------

                         (clock sys_clk rise edge)    0.000     0.000 r  <hidden>
                                                      0.000     0.000 r  clk
                         net (fo=0)                   0.000     0.000    clk
                         IBUF (Prop_ibuf_I_O)         0.362     0.362 r  clk_IBUF_inst/O
                         net (fo=1, unplaced)         0.337     0.699    clk_IBUF
                         BUFG (Prop_bufg_I_O)         0.029     0.728 r  clk_IBUF_BUFG_inst/O
                         net (fo=8156, unplaced)      0.259     0.987    pi_core/limiter_engine/div_engine/clk_IBUF_BUFG
                         FDCE                                         r  pi_core/limiter_engine/div_engine/work_input_reg[66]/C
                         clock pessimism             -0.208     0.778    <hidden>
                         FDCE (Hold_fdce_C_D)         0.091     0.869    pi_core/limiter_engine/div_engine/work_input_reg[66]
  -------------------------------------------------------------------
                         required time                         -0.869    <hidden>
                         arrival time                           0.991    <hidden>
  -------------------------------------------------------------------
                         slack                                  0.122    <hidden>





Pulse Width Checks
--------------------------------------------------------------------------------------
Clock Name:         sys_clk
Waveform(ns):       { 0.000 10.000 }
Period(ns):         20.000
Sources:            { clk }

Check Type        Corner  Lib Pin      Reference Pin  Required(ns)  Actual(ns)  Slack(ns)  Location  Pin
Min Period        n/a     DSP48E1/CLK  n/a            3.272         20.000      16.728               pi_core/eval_engine/ff_hh_reg[0]/CLK
Low Pulse Width   Slow    FDCE/C       n/a            0.500         10.000      9.500                acc_x0_carry_i_9/C
High Pulse Width  Slow    FDCE/C       n/a            0.500         10.000      9.500                acc_x0_carry_i_9/C



--------------------------------------------------------------------------------------
Path Group:  (none)
From Clock:
  To Clock:

Max Delay             1 Endpoint
Min Delay             1 Endpoint
--------------------------------------------------------------------------------------


Max Delay Paths
--------------------------------------------------------------------------------------
Slack:                    inf
  Source:                 reset_n
                            (input port)
  Destination:            sample_ready
                            (output port)
  Path Group:             (none)
  Path Type:              Max at Slow Process Corner
  Data Path Delay:        4.625ns  (logic 3.334ns (72.086%)  route 1.291ns (27.914%))
  Logic Levels:           3  (IBUF=1 LUT4=1 OBUF=1)

    Location             Delay type                Incr(ns)  Path(ns)    Netlist Resource(s)
  -------------------------------------------------------------------    -------------------
                                                      0.000     0.000 r  reset_n
                         net (fo=0)                   0.000     0.000    reset_n
                         IBUF (Prop_ibuf_I_O)         0.876     0.876 r  reset_n_IBUF_inst/O
                         net (fo=37, unplaced)        0.646     1.522    reset_n_IBUF
                         LUT4 (Prop_lut4_I1_O)        0.105     1.627 r  sample_ready_OBUF_inst_i_1/O
                         net (fo=1, unplaced)         0.646     2.272    sample_ready_OBUF
                         OBUF (Prop_obuf_I_O)         2.353     4.625 r  sample_ready_OBUF_inst/O
                         net (fo=0)                   0.000     4.625    sample_ready
                                                                      r  sample_ready
  -------------------------------------------------------------------    -------------------





Min Delay Paths
--------------------------------------------------------------------------------------
Slack:                    inf
  Source:                 reset_n
                            (input port)
  Destination:            sample_ready
                            (output port)
  Path Group:             (none)
  Path Type:              Min at Fast Process Corner
  Data Path Delay:        1.982ns  (logic 1.342ns (67.696%)  route 0.640ns (32.304%))
  Logic Levels:           3  (IBUF=1 LUT4=1 OBUF=1)

    Location             Delay type                Incr(ns)  Path(ns)    Netlist Resource(s)
  -------------------------------------------------------------------    -------------------
                                                      0.000     0.000 r  reset_n
                         net (fo=0)                   0.000     0.000    reset_n
                         IBUF (Prop_ibuf_I_O)         0.173     0.173 r  reset_n_IBUF_inst/O
                         net (fo=37, unplaced)        0.320     0.493    reset_n_IBUF
                         LUT4 (Prop_lut4_I1_O)        0.045     0.538 r  sample_ready_OBUF_inst_i_1/O
                         net (fo=1, unplaced)         0.320     0.858    sample_ready_OBUF
                         OBUF (Prop_obuf_I_O)         1.124     1.982 r  sample_ready_OBUF_inst/O
                         net (fo=0)                   0.000     1.982    sample_ready
                                                                      r  sample_ready
  -------------------------------------------------------------------    -------------------





--------------------------------------------------------------------------------------
Path Group:  (none)
From Clock:  sys_clk
  To Clock:

Max Delay            83 Endpoints
Min Delay            83 Endpoints
--------------------------------------------------------------------------------------


Max Delay Paths
--------------------------------------------------------------------------------------
Slack:                    inf
  Source:                 error_code_reg[1]/C
                            (rising edge-triggered cell FDCE clocked by sys_clk  {rise@0.000ns fall@10.000ns period=20.000ns})
  Destination:            command_valid
                            (output port)
  Path Group:             (none)
  Path Type:              Max at Slow Process Corner
  Data Path Delay:        4.227ns  (logic 2.964ns (70.130%)  route 1.263ns (29.870%))
  Logic Levels:           2  (LUT3=1 OBUF=1)
  Clock Uncertainty:      0.025ns  ((TSJ^2 + TIJ^2)^1/2 + DJ) / 2 + PE
    Total System Jitter     (TSJ):    0.050ns
    Total Input Jitter      (TIJ):    0.000ns
    Discrete Jitter          (DJ):    0.000ns
    Phase Error              (PE):    0.000ns

    Location             Delay type                Incr(ns)  Path(ns)    Netlist Resource(s)
  -------------------------------------------------------------------    -------------------
                         (clock sys_clk rise edge)    0.000     0.000 r  <hidden>
                                                      0.000     0.000 r  clk
                         net (fo=0)                   0.000     0.000    clk
                         IBUF (Prop_ibuf_I_O)         0.876     0.876 r  clk_IBUF_inst/O
                         net (fo=1, unplaced)         0.646     1.522    clk_IBUF
                         BUFG (Prop_bufg_I_O)         0.081     1.603 r  clk_IBUF_BUFG_inst/O
                         net (fo=8156, unplaced)      0.584     2.187    clk_IBUF_BUFG
                         FDCE                                         r  error_code_reg[1]/C
  -------------------------------------------------------------------    -------------------
                         FDCE (Prop_fdce_C_Q)         0.379     2.566 f  error_code_reg[1]/Q
                         net (fo=3, unplaced)         0.617     3.183    error_code_OBUF[1]
                         LUT3 (Prop_lut3_I0_O)        0.232     3.415 r  command_valid_OBUF_inst_i_1/O
                         net (fo=1, unplaced)         0.646     4.060    command_valid_OBUF
                         OBUF (Prop_obuf_I_O)         2.353     6.413 r  command_valid_OBUF_inst/O
                         net (fo=0)                   0.000     6.413    command_valid
                                                                      r  command_valid
  -------------------------------------------------------------------    -------------------





Min Delay Paths
--------------------------------------------------------------------------------------
Slack:                    inf
  Source:                 duty_u_reg[0]/C
                            (rising edge-triggered cell FDCE clocked by sys_clk  {rise@0.000ns fall@10.000ns period=20.000ns})
  Destination:            duty_u[0]
                            (output port)
  Path Group:             (none)
  Path Type:              Min at Fast Process Corner
  Data Path Delay:        1.639ns  (logic 1.319ns (80.466%)  route 0.320ns (19.534%))
  Logic Levels:           1  (OBUF=1)
  Clock Uncertainty:      0.025ns  ((TSJ^2 + TIJ^2)^1/2 + DJ) / 2 + PE
    Total System Jitter     (TSJ):    0.050ns
    Total Input Jitter      (TIJ):    0.000ns
    Discrete Jitter          (DJ):    0.000ns
    Phase Error              (PE):    0.000ns

    Location             Delay type                Incr(ns)  Path(ns)    Netlist Resource(s)
  -------------------------------------------------------------------    -------------------
                         (clock sys_clk rise edge)    0.000     0.000 r  <hidden>
                                                      0.000     0.000 r  clk
                         net (fo=0)                   0.000     0.000    clk
                         IBUF (Prop_ibuf_I_O)         0.173     0.173 r  clk_IBUF_inst/O
                         net (fo=1, unplaced)         0.320     0.493    clk_IBUF
                         BUFG (Prop_bufg_I_O)         0.026     0.519 r  clk_IBUF_BUFG_inst/O
                         net (fo=8156, unplaced)      0.114     0.633    clk_IBUF_BUFG
                         FDCE                                         r  duty_u_reg[0]/C
  -------------------------------------------------------------------    -------------------
                         FDCE (Prop_fdce_C_Q)         0.141     0.774 r  duty_u_reg[0]/Q
                         net (fo=1, unplaced)         0.320     1.094    duty_u_OBUF[0]
                         OBUF (Prop_obuf_I_O)         1.178     2.272 r  duty_u_OBUF[0]_inst/O
                         net (fo=0)                   0.000     2.272    duty_u[0]
                                                                      r  duty_u[0]
  -------------------------------------------------------------------    -------------------





--------------------------------------------------------------------------------------
Path Group:  (none)
From Clock:
  To Clock:  sys_clk

Max Delay         10257 Endpoints
Min Delay         10257 Endpoints
--------------------------------------------------------------------------------------


Max Delay Paths
--------------------------------------------------------------------------------------
Slack:                    inf
  Source:                 reset_n
                            (input port)
  Destination:            pi_core/limiter_engine/work_scale_reg[0]/R
                            (rising edge-triggered cell FDRE clocked by sys_clk  {rise@0.000ns fall@10.000ns period=20.000ns})
  Path Group:             (none)
  Path Type:              Setup (Max at Slow Process Corner)
  Data Path Delay:        3.939ns  (logic 1.191ns (30.238%)  route 2.748ns (69.762%))
  Logic Levels:           4  (IBUF=1 LUT2=1 LUT6=2)
  Clock Path Skew:        1.875ns (DCD - SCD + CPR)
    Destination Clock Delay (DCD):    1.875ns
    Source Clock Delay      (SCD):    0.000ns
    Clock Pessimism Removal (CPR):    0.000ns
  Clock Uncertainty:      0.025ns  ((TSJ^2 + TIJ^2)^1/2 + DJ) / 2 + PE
    Total System Jitter     (TSJ):    0.050ns
    Total Input Jitter      (TIJ):    0.000ns
    Discrete Jitter          (DJ):    0.000ns
    Phase Error              (PE):    0.000ns

    Location             Delay type                Incr(ns)  Path(ns)    Netlist Resource(s)
  -------------------------------------------------------------------    -------------------
                                                      0.000     0.000 r  reset_n
                         net (fo=0)                   0.000     0.000    reset_n
                         IBUF (Prop_ibuf_I_O)         0.876     0.876 r  reset_n_IBUF_inst/O
                         net (fo=37, unplaced)        0.646     1.522    pi_core/limiter_engine/reset_n_IBUF
                         LUT6 (Prop_lut6_I5_O)        0.105     1.627 r  pi_core/limiter_engine/work_scale[31]_i_4/O
                         net (fo=4, unplaced)         0.962     2.589    pi_core/limiter_engine/work_scale[31]_i_4_n_0
                         LUT6 (Prop_lut6_I1_O)        0.105     2.694 r  pi_core/limiter_engine/work_scale[31]_i_2/O
                         net (fo=42, unplaced)        0.425     3.119    pi_core/limiter_engine/work_scale[31]_i_2_n_0
                         LUT2 (Prop_lut2_I0_O)        0.105     3.224 r  pi_core/limiter_engine/work_scale[31]_i_1/O
                         net (fo=32, unplaced)        0.715     3.939    pi_core/limiter_engine/work_scale[31]_i_1_n_0
                         FDRE                                         r  pi_core/limiter_engine/work_scale_reg[0]/R
  -------------------------------------------------------------------    -------------------

                         (clock sys_clk rise edge)    0.000     0.000 r  <hidden>
                                                      0.000     0.000 r  clk
                         net (fo=0)                   0.000     0.000    clk
                         IBUF (Prop_ibuf_I_O)         0.745     0.745 r  clk_IBUF_inst/O
                         net (fo=1, unplaced)         0.613     1.359    clk_IBUF
                         BUFG (Prop_bufg_I_O)         0.077     1.436 r  clk_IBUF_BUFG_inst/O
                         net (fo=8156, unplaced)      0.439     1.875    pi_core/limiter_engine/clk_IBUF_BUFG
                         FDRE                                         r  pi_core/limiter_engine/work_scale_reg[0]/C





Min Delay Paths
--------------------------------------------------------------------------------------
Slack:                    inf
  Source:                 pi_core/eval_engine/p_2_in__0/ACOUT[0]
                            (internal pin)
  Destination:            pi_core/eval_engine/product_aw_reg[0]__0/ACIN[0]
                            (rising edge-triggered cell DSP48E1 clocked by sys_clk  {rise@0.000ns fall@10.000ns period=20.000ns})
  Path Group:             (none)
  Path Type:              Hold (Min at Fast Process Corner)
  Data Path Delay:        0.027ns  (logic 0.000ns (0.000%)  route 0.027ns (100.000%))
  Logic Levels:           0
  Clock Uncertainty:      0.025ns  ((TSJ^2 + TIJ^2)^1/2 + DJ) / 2 + PE
    Total System Jitter     (TSJ):    0.050ns
    Total Input Jitter      (TIJ):    0.000ns
    Discrete Jitter          (DJ):    0.000ns
    Phase Error              (PE):    0.000ns

    Location             Delay type                Incr(ns)  Path(ns)    Netlist Resource(s)
  -------------------------------------------------------------------    -------------------
                         DSP48E1                      0.000     0.000 r  pi_core/eval_engine/p_2_in__0/ACOUT[0]
                         net (fo=1, unplaced)         0.027     0.027    pi_core/eval_engine/p_2_in__0_n_53
                         DSP48E1                                      r  pi_core/eval_engine/product_aw_reg[0]__0/ACIN[0]
  -------------------------------------------------------------------    -------------------

                         (clock sys_clk rise edge)    0.000     0.000 r  <hidden>
                                                      0.000     0.000 r  clk
                         net (fo=0)                   0.000     0.000    clk
                         IBUF (Prop_ibuf_I_O)         0.362     0.362 r  clk_IBUF_inst/O
                         net (fo=1, unplaced)         0.337     0.699    clk_IBUF
                         BUFG (Prop_bufg_I_O)         0.029     0.728 r  clk_IBUF_BUFG_inst/O
                         net (fo=8156, unplaced)      0.259     0.987    pi_core/eval_engine/clk_IBUF_BUFG
                         DSP48E1                                      r  pi_core/eval_engine/product_aw_reg[0]__0/CLK
