Copyright 1986-2022 Xilinx, Inc. All Rights Reserved. Copyright 2022-2026 Advanced Micro Devices, Inc. All Rights Reserved.
--------------------------------------------------------------------------------------------------------------------------------------------------------------------------------------------------------
| Tool Version : Vivado v.2026.1 (win64) Build 6511674 Tue Jun 16 11:02:23 MDT 2026
| Date         : Sun Oct  4 18:29:12 2026
| Host         : DependOnOMEN16 running 64-bit major release  (build 9200)
| Command      : report_timing_summary -delay_type min_max -report_unconstrained -file D:/Project/FPGA_XC7A200T/learning/study_l1_speed_pi_hdl_compare/.runtime/c_hand_impl_02/reports/route_timing.rpt
| Design       : speed_pi_compare
| Device       : 7a200t-fbg484
| Speed File   : -2  PRODUCTION 1.23 2018-06-13
| Design State : Routed
--------------------------------------------------------------------------------------------------------------------------------------------------------------------------------------------------------

Timing Summary Report

------------------------------------------------------------------------------------------------
| Timer Settings
| --------------
------------------------------------------------------------------------------------------------

  Enable Multi Corner Analysis               :  Yes
  Enable Pessimism Removal                   :  Yes
  Pessimism Removal Resolution               :  Nearest Common Node
  Enable Input Delay Default Clock           :  No
  Enable Preset / Clear Arcs                 :  No
  Disable Flight Delays                      :  No
  Ignore I/O Paths                           :  No
  Timing Early Launch at Borrowing Latches   :  No
  Borrow Time for Max Delay Exceptions       :  Yes
  Merge Timing Exceptions                    :  Yes
  Inter-SLR Compensation                     :  Conservative

  Corner  Analyze    Analyze    
  Name    Max Paths  Min Paths  
  ------  ---------  ---------  
  Slow    Yes        Yes        
  Fast    Yes        Yes        


------------------------------------------------------------------------------------------------
| Report Methodology
| ------------------
------------------------------------------------------------------------------------------------

No report available as report_methodology has not been run prior. Run report_methodology on the current design for the summary of methodology violations.



check_timing report

Table of Contents
-----------------
1. checking no_clock (0)
2. checking constant_clock (0)
3. checking pulse_width_clock (0)
4. checking unconstrained_internal_endpoints (0)
5. checking no_input_delay (0)
6. checking no_output_delay (0)
7. checking multiple_clock (0)
8. checking generated_clocks (0)
9. checking loops (0)
10. checking partial_input_delay (0)
11. checking partial_output_delay (0)
12. checking latch_loops (0)

1. checking no_clock (0)
------------------------
 There are 0 register/latch pins with no clock.


2. checking constant_clock (0)
------------------------------
 There are 0 register/latch pins with constant_clock.


3. checking pulse_width_clock (0)
---------------------------------
 There are 0 register/latch pins which need pulse_width check


4. checking unconstrained_internal_endpoints (0)
------------------------------------------------
 There are 0 pins that are not constrained for maximum delay.

 There are 0 pins that are not constrained for maximum delay due to constant clock.


5. checking no_input_delay (0)
------------------------------
 There are 0 input ports with no input delay specified.

 There are 0 input ports with no input delay but user has a false path constraint.


6. checking no_output_delay (0)
-------------------------------
 There are 0 ports with no output delay specified.

 There are 0 ports with no output delay but user has a false path constraint

 There are 0 ports with no output delay but with a timing clock defined on it or propagating through it


7. checking multiple_clock (0)
------------------------------
 There are 0 register/latch pins with multiple clocks.


8. checking generated_clocks (0)
--------------------------------
 There are 0 generated clocks that are not connected to a clock source.


9. checking loops (0)
---------------------
 There are 0 combinational loops in the design.


10. checking partial_input_delay (0)
------------------------------------
 There are 0 input ports with partial input delay specified.


11. checking partial_output_delay (0)
-------------------------------------
 There are 0 ports with partial output delay specified.


12. checking latch_loops (0)
----------------------------
 There are 0 combinational latch loops in the design through latch input



------------------------------------------------------------------------------------------------
| Design Timing Summary
| ---------------------
------------------------------------------------------------------------------------------------

    WNS(ns)      TNS(ns)  TNS Failing Endpoints  TNS Total Endpoints      WHS(ns)      THS(ns)  THS Failing Endpoints  THS Total Endpoints     WPWS(ns)     TPWS(ns)  TPWS Failing Endpoints  TPWS Total Endpoints  
    -------      -------  ---------------------  -------------------      -------      -------  ---------------------  -------------------     --------     --------  ----------------------  --------------------  
     -1.957     -192.733                    144                 2050        0.034        0.000                      0                 2050        9.500        0.000                       0                   555  


Timing constraints are not met.


------------------------------------------------------------------------------------------------
| Clock Summary
| -------------
------------------------------------------------------------------------------------------------

Clock      Waveform(ns)       Period(ns)      Frequency(MHz)
-----      ------------       ----------      --------------
clk_50mhz  {0.000 10.000}     20.000          50.000          


------------------------------------------------------------------------------------------------
| Intra Clock Table
| -----------------
------------------------------------------------------------------------------------------------

Clock             WNS(ns)      TNS(ns)  TNS Failing Endpoints  TNS Total Endpoints      WHS(ns)      THS(ns)  THS Failing Endpoints  THS Total Endpoints     WPWS(ns)     TPWS(ns)  TPWS Failing Endpoints  TPWS Total Endpoints  
-----             -------      -------  ---------------------  -------------------      -------      -------  ---------------------  -------------------     --------     --------  ----------------------  --------------------  
clk_50mhz          -1.957     -192.733                    144                 2050        0.034        0.000                      0                 2050        9.500        0.000                       0                   555  


------------------------------------------------------------------------------------------------
| Inter Clock Table
| -----------------
------------------------------------------------------------------------------------------------

From Clock    To Clock          WNS(ns)      TNS(ns)  TNS Failing Endpoints  TNS Total Endpoints      WHS(ns)      THS(ns)  THS Failing Endpoints  THS Total Endpoints  
----------    --------          -------      -------  ---------------------  -------------------      -------      -------  ---------------------  -------------------  


------------------------------------------------------------------------------------------------
| Other Path Groups Table
| -----------------------
------------------------------------------------------------------------------------------------

Path Group    From Clock    To Clock          WNS(ns)      TNS(ns)  TNS Failing Endpoints  TNS Total Endpoints      WHS(ns)      THS(ns)  THS Failing Endpoints  THS Total Endpoints  
----------    ----------    --------          -------      -------  ---------------------  -------------------      -------      -------  ---------------------  -------------------  


------------------------------------------------------------------------------------------------
| User Ignored Path Table
| -----------------------
------------------------------------------------------------------------------------------------

Path Group    From Clock    To Clock    
----------    ----------    --------    


------------------------------------------------------------------------------------------------
| Unconstrained Path Table
| ------------------------
------------------------------------------------------------------------------------------------

Path Group    From Clock    To Clock    
----------    ----------    --------    


------------------------------------------------------------------------------------------------
| Timing Details
| --------------
------------------------------------------------------------------------------------------------


---------------------------------------------------------------------------------------------------
From Clock:  clk_50mhz
  To Clock:  clk_50mhz

Setup :          144  Failing Endpoints,  Worst Slack       -1.957ns,  Total Violation     -192.733ns
Hold  :            0  Failing Endpoints,  Worst Slack        0.034ns,  Total Violation        0.000ns
PW    :            0  Failing Endpoints,  Worst Slack        9.500ns,  Total Violation        0.000ns
---------------------------------------------------------------------------------------------------


Max Delay Paths
--------------------------------------------------------------------------------------
Slack (VIOLATED) :        -1.957ns  (required time - arrival time)
  Source:                 core/ref_q_reg[2]/C
                            (rising edge-triggered cell FDRE clocked by clk_50mhz  {rise@0.000ns fall@10.000ns period=20.000ns})
  Destination:            core/d_reg[36]/D
                            (rising edge-triggered cell FDRE clocked by clk_50mhz  {rise@0.000ns fall@10.000ns period=20.000ns})
  Path Group:             clk_50mhz
  Path Type:              Setup (Max at Slow Process Corner)
  Requirement:            20.000ns  (clk_50mhz rise@20.000ns - clk_50mhz rise@0.000ns)
  Data Path Delay:        21.632ns  (logic 13.896ns (64.238%)  route 7.736ns (35.762%))
  Logic Levels:           52  (CARRY4=40 DSP48E1=2 LUT2=5 LUT3=2 LUT4=2 LUT5=1)
  Clock Path Skew:        -0.265ns (DCD - SCD + CPR)
    Destination Clock Delay (DCD):    1.378ns = ( 21.378 - 20.000 ) 
    Source Clock Delay      (SCD):    1.650ns
    Clock Pessimism Removal (CPR):    0.007ns
  Clock Uncertainty:      0.035ns  ((TSJ^2 + TIJ^2)^1/2 + DJ) / 2 + PE
    Total System Jitter     (TSJ):    0.071ns
    Total Input Jitter      (TIJ):    0.000ns
    Discrete Jitter          (DJ):    0.000ns
    Phase Error              (PE):    0.000ns

    Location             Delay type                Incr(ns)  Path(ns)    Netlist Resource(s)
  -------------------------------------------------------------------    -------------------
                         (clock clk_50mhz rise edge)
                                                      0.000     0.000 r  <hidden>
                                                      0.000     0.000 r  clk
                         net (fo=558, unset)          1.650     1.650    core/clk
    SLICE_X11Y98         FDRE                                         r  core/ref_q_reg[2]/C
  -------------------------------------------------------------------    -------------------
    SLICE_X11Y98         FDRE (Prop_fdre_C_Q)         0.379     2.029 r  core/ref_q_reg[2]/Q
                         net (fo=7, routed)           0.495     2.524    core/ref_q[2]
    SLICE_X10Y100        LUT2 (Prop_lut2_I0_O)        0.105     2.629 r  core/sign_product0_carry_i_2/O
                         net (fo=1, routed)           0.000     2.629    core/sign_product0_carry_i_2_n_0
    SLICE_X10Y100        CARRY4 (Prop_carry4_S[2]_CO[3])
                                                      0.316     2.945 r  core/sign_product0_carry/CO[3]
                         net (fo=1, routed)           0.000     2.945    core/sign_product0_carry_n_0
    SLICE_X10Y101        CARRY4 (Prop_carry4_CI_CO[3])
                                                      0.100     3.045 r  core/sign_product0_carry__0/CO[3]
                         net (fo=1, routed)           0.000     3.045    core/sign_product0_carry__0_n_0
    SLICE_X10Y102        CARRY4 (Prop_carry4_CI_CO[3])
                                                      0.100     3.145 r  core/sign_product0_carry__1/CO[3]
                         net (fo=1, routed)           0.000     3.145    core/sign_product0_carry__1_n_0
    SLICE_X10Y103        CARRY4 (Prop_carry4_CI_O[1])
                                                      0.269     3.414 r  core/sign_product0_carry__2/O[1]
                         net (fo=5, routed)           0.462     3.876    core/sign_product0_carry__2_n_6
    DSP48_X0Y40          DSP48E1 (Prop_dsp48e1_A[13]_PCOUT[47])
                                                      3.537     7.413 r  core/a__7/PCOUT[47]
                         net (fo=1, routed)           0.002     7.415    core/a__7_n_106
    DSP48_X0Y41          DSP48E1 (Prop_dsp48e1_PCIN[47]_P[0])
                                                      1.271     8.686 r  core/a__8/P[0]
                         net (fo=2, routed)           0.730     9.416    core/a__8_n_105
    SLICE_X11Y100        LUT2 (Prop_lut2_I0_O)        0.105     9.521 r  core/i__carry_i_3__8/O
                         net (fo=1, routed)           0.000     9.521    core/i__carry_i_3__8_n_0
    SLICE_X11Y100        CARRY4 (Prop_carry4_S[1]_CO[3])
                                                      0.457     9.978 r  core/a_inferred__0/i__carry/CO[3]
                         net (fo=1, routed)           0.000     9.978    core/a_inferred__0/i__carry_n_0
    SLICE_X11Y101        CARRY4 (Prop_carry4_CI_O[0])
                                                      0.180    10.158 f  core/a_inferred__0/i__carry__0/O[0]
                         net (fo=3, routed)           0.369    10.527    core/p_0_in3_in
    SLICE_X9Y102         LUT5 (Prop_lut5_I2_O)        0.249    10.776 r  core/i__carry_i_2__4/O
                         net (fo=1, routed)           0.323    11.099    core/i__carry_i_2__4_n_0
    SLICE_X8Y101         LUT4 (Prop_lut4_I1_O)        0.105    11.204 r  core/i__carry_i_1__7/O
                         net (fo=1, routed)           0.000    11.204    core/i__carry_i_1__7_n_0
    SLICE_X8Y101         CARRY4 (Prop_carry4_S[0]_CO[3])
                                                      0.423    11.627 r  core/round202_inferred__0/i__carry/CO[3]
                         net (fo=1, routed)           0.000    11.627    core/round202_inferred__0/i__carry_n_0
    SLICE_X8Y102         CARRY4 (Prop_carry4_CI_CO[3])
                                                      0.100    11.727 r  core/round202_inferred__0/i__carry__0/CO[3]
                         net (fo=1, routed)           0.000    11.727    core/round202_inferred__0/i__carry__0_n_0
    SLICE_X8Y103         CARRY4 (Prop_carry4_CI_CO[3])
                                                      0.100    11.827 r  core/round202_inferred__0/i__carry__1/CO[3]
                         net (fo=1, routed)           0.000    11.827    core/round202_inferred__0/i__carry__1_n_0
    SLICE_X8Y104         CARRY4 (Prop_carry4_CI_CO[3])
                                                      0.100    11.927 r  core/round202_inferred__0/i__carry__2/CO[3]
                         net (fo=1, routed)           0.000    11.927    core/round202_inferred__0/i__carry__2_n_0
    SLICE_X8Y105         CARRY4 (Prop_carry4_CI_CO[3])
                                                      0.100    12.027 r  core/round202_inferred__0/i__carry__3/CO[3]
                         net (fo=1, routed)           0.000    12.027    core/round202_inferred__0/i__carry__3_n_0
    SLICE_X8Y106         CARRY4 (Prop_carry4_CI_CO[3])
                                                      0.100    12.127 r  core/round202_inferred__0/i__carry__4/CO[3]
                         net (fo=1, routed)           0.000    12.127    core/round202_inferred__0/i__carry__4_n_0
    SLICE_X8Y107         CARRY4 (Prop_carry4_CI_CO[3])
                                                      0.100    12.227 r  core/round202_inferred__0/i__carry__5/CO[3]
                         net (fo=1, routed)           0.000    12.227    core/round202_inferred__0/i__carry__5_n_0
    SLICE_X8Y108         CARRY4 (Prop_carry4_CI_CO[3])
                                                      0.100    12.327 r  core/round202_inferred__0/i__carry__6/CO[3]
                         net (fo=1, routed)           0.000    12.327    core/round202_inferred__0/i__carry__6_n_0
    SLICE_X8Y109         CARRY4 (Prop_carry4_CI_CO[3])
                                                      0.100    12.427 r  core/round202_inferred__0/i__carry__7/CO[3]
                         net (fo=1, routed)           0.000    12.427    core/round202_inferred__0/i__carry__7_n_0
    SLICE_X8Y110         CARRY4 (Prop_carry4_CI_CO[3])
                                                      0.100    12.527 r  core/round202_inferred__0/i__carry__8/CO[3]
                         net (fo=16, routed)          0.783    13.311    core/round202_inferred__0/i__carry__8_n_0
    SLICE_X8Y111         LUT2 (Prop_lut2_I0_O)        0.105    13.416 r  core/i__carry_i_4__2/O
                         net (fo=1, routed)           0.000    13.416    core/i__carry_i_4__2_n_0
    SLICE_X8Y111         CARRY4 (Prop_carry4_S[0]_CO[3])
                                                      0.423    13.839 r  core/round201_inferred__2/i__carry/CO[3]
                         net (fo=87, routed)          1.061    14.899    core/round2010_in
    SLICE_X9Y107         LUT4 (Prop_lut4_I2_O)        0.105    15.004 r  core/sat422_carry_i_4/O
                         net (fo=1, routed)           0.000    15.004    core/sat422_carry_i_4_n_0
    SLICE_X9Y107         CARRY4 (Prop_carry4_S[0]_CO[3])
                                                      0.440    15.444 r  core/sat422_carry/CO[3]
                         net (fo=1, routed)           0.000    15.444    core/sat422_carry_n_0
    SLICE_X9Y108         CARRY4 (Prop_carry4_CI_CO[3])
                                                      0.098    15.542 r  core/sat422_carry__0/CO[3]
                         net (fo=1, routed)           0.000    15.542    core/sat422_carry__0_n_0
    SLICE_X9Y109         CARRY4 (Prop_carry4_CI_CO[3])
                                                      0.098    15.640 r  core/sat422_carry__1/CO[3]
                         net (fo=1, routed)           0.000    15.640    core/sat422_carry__1_n_0
    SLICE_X9Y110         CARRY4 (Prop_carry4_CI_CO[3])
                                                      0.098    15.738 r  core/sat422_carry__2/CO[3]
                         net (fo=1, routed)           0.000    15.738    core/sat422_carry__2_n_0
    SLICE_X9Y111         CARRY4 (Prop_carry4_CI_CO[3])
                                                      0.098    15.836 r  core/sat422_carry__3/CO[3]
                         net (fo=1, routed)           0.000    15.836    core/sat422_carry__3_n_0
    SLICE_X9Y112         CARRY4 (Prop_carry4_CI_CO[3])
                                                      0.098    15.934 r  core/sat422_carry__4/CO[3]
                         net (fo=1, routed)           0.000    15.934    core/sat422_carry__4_n_0
    SLICE_X9Y113         CARRY4 (Prop_carry4_CI_CO[3])
                                                      0.098    16.032 r  core/sat422_carry__5/CO[3]
                         net (fo=1, routed)           0.000    16.032    core/sat422_carry__5_n_0
    SLICE_X9Y114         CARRY4 (Prop_carry4_CI_CO[3])
                                                      0.098    16.130 r  core/sat422_carry__6/CO[3]
                         net (fo=1, routed)           0.000    16.130    core/sat422_carry__6_n_0
    SLICE_X9Y115         CARRY4 (Prop_carry4_CI_CO[3])
                                                      0.098    16.228 r  core/sat422_carry__7/CO[3]
                         net (fo=1, routed)           0.000    16.228    core/sat422_carry__7_n_0
    SLICE_X9Y116         CARRY4 (Prop_carry4_CI_O[3])
                                                      0.275    16.503 f  core/sat422_carry__8/O[3]
                         net (fo=10, routed)          0.628    17.131    core/sat422_carry__8_n_4
    SLICE_X10Y117        LUT2 (Prop_lut2_I1_O)        0.257    17.388 r  core/i__carry__3_i_3__0/O
                         net (fo=1, routed)           0.000    17.388    core/i__carry__3_i_3__0_n_0
    SLICE_X10Y117        CARRY4 (Prop_carry4_S[2]_CO[3])
                                                      0.316    17.704 f  core/limited1_inferred__0/i__carry__3/CO[3]
                         net (fo=124, routed)         1.026    18.730    core/limited10_in
    SLICE_X13Y115        LUT3 (Prop_lut3_I0_O)        0.105    18.835 r  core/sat402_carry_i_3/O
                         net (fo=1, routed)           0.000    18.835    core/sat402_carry_i_3_n_0
    SLICE_X13Y115        CARRY4 (Prop_carry4_S[1]_CO[3])
                                                      0.457    19.292 r  core/sat402_carry/CO[3]
                         net (fo=1, routed)           0.000    19.292    core/sat402_carry_n_0
    SLICE_X13Y116        CARRY4 (Prop_carry4_CI_CO[3])
                                                      0.098    19.390 r  core/sat402_carry__0/CO[3]
                         net (fo=1, routed)           0.000    19.390    core/sat402_carry__0_n_0
    SLICE_X13Y117        CARRY4 (Prop_carry4_CI_CO[3])
                                                      0.098    19.488 r  core/sat402_carry__1/CO[3]
                         net (fo=1, routed)           0.000    19.488    core/sat402_carry__1_n_0
    SLICE_X13Y118        CARRY4 (Prop_carry4_CI_CO[3])
                                                      0.098    19.586 r  core/sat402_carry__2/CO[3]
                         net (fo=1, routed)           0.000    19.586    core/sat402_carry__2_n_0
    SLICE_X13Y119        CARRY4 (Prop_carry4_CI_CO[3])
                                                      0.098    19.684 r  core/sat402_carry__3/CO[3]
                         net (fo=1, routed)           0.000    19.684    core/sat402_carry__3_n_0
    SLICE_X13Y120        CARRY4 (Prop_carry4_CI_CO[3])
                                                      0.098    19.782 r  core/sat402_carry__4/CO[3]
                         net (fo=1, routed)           0.000    19.782    core/sat402_carry__4_n_0
    SLICE_X13Y121        CARRY4 (Prop_carry4_CI_CO[3])
                                                      0.098    19.880 r  core/sat402_carry__5/CO[3]
                         net (fo=1, routed)           0.000    19.880    core/sat402_carry__5_n_0
    SLICE_X13Y122        CARRY4 (Prop_carry4_CI_CO[3])
                                                      0.098    19.978 r  core/sat402_carry__6/CO[3]
                         net (fo=1, routed)           0.000    19.978    core/sat402_carry__6_n_0
    SLICE_X13Y123        CARRY4 (Prop_carry4_CI_CO[3])
                                                      0.098    20.076 r  core/sat402_carry__7/CO[3]
                         net (fo=1, routed)           0.000    20.076    core/sat402_carry__7_n_0
    SLICE_X13Y124        CARRY4 (Prop_carry4_CI_CO[3])
                                                      0.098    20.174 r  core/sat402_carry__8/CO[3]
                         net (fo=1, routed)           0.008    20.182    core/sat402_carry__8_n_0
    SLICE_X13Y125        CARRY4 (Prop_carry4_CI_O[1])
                                                      0.265    20.447 f  core/sat402_carry__9/O[1]
                         net (fo=4, routed)           0.608    21.055    core/sat402[41]
    SLICE_X11Y125        LUT2 (Prop_lut2_I1_O)        0.250    21.305 r  core/i__carry_i_2/O
                         net (fo=1, routed)           0.000    21.305    core/i__carry_i_2_n_0
    SLICE_X11Y125        CARRY4 (Prop_carry4_S[1]_CO[2])
                                                      0.475    21.780 r  core/sat401_inferred__0/i__carry/CO[2]
                         net (fo=40, routed)          0.741    22.522    core/sat4010_in
    SLICE_X11Y126        LUT3 (Prop_lut3_I0_O)        0.261    22.783 r  core/d[36]_i_1/O
                         net (fo=3, routed)           0.499    23.282    core/sat40_return[36]
    SLICE_X11Y126        FDRE                                         r  core/d_reg[36]/D
  -------------------------------------------------------------------    -------------------

                         (clock clk_50mhz rise edge)
                                                     20.000    20.000 r  <hidden>
                                                      0.000    20.000 r  clk
                         net (fo=558, unset)          1.378    21.378    core/clk
    SLICE_X11Y126        FDRE                                         r  core/d_reg[36]/C
                         clock pessimism              0.007    21.385    <hidden>
                         clock uncertainty           -0.035    21.350    <hidden>
    SLICE_X11Y126        FDRE (Setup_fdre_C_D)       -0.024    21.326    core/d_reg[36]
  -------------------------------------------------------------------
                         required time                         21.326    <hidden>
                         arrival time                         -23.282    <hidden>
  -------------------------------------------------------------------
                         slack                                 -1.957    <hidden>





Min Delay Paths
--------------------------------------------------------------------------------------
Slack (MET) :             0.034ns  (arrival time - required time)
  Source:                 core/meas_q_reg[3]/C
                            (rising edge-triggered cell FDRE clocked by clk_50mhz  {rise@0.000ns fall@10.000ns period=20.000ns})
  Destination:            core/error_mmps_reg[3]/D
                            (rising edge-triggered cell FDRE clocked by clk_50mhz  {rise@0.000ns fall@10.000ns period=20.000ns})
  Path Group:             clk_50mhz
  Path Type:              Hold (Min at Fast Process Corner)
  Requirement:            0.000ns  (clk_50mhz rise@0.000ns - clk_50mhz rise@0.000ns)
  Data Path Delay:        0.364ns  (logic 0.250ns (68.606%)  route 0.114ns (31.394%))
  Logic Levels:           2  (CARRY4=1 LUT2=1)
  Clock Path Skew:        0.200ns (DCD - SCD - CPR)
    Destination Clock Delay (DCD):    0.901ns
    Source Clock Delay      (SCD):    0.696ns
    Clock Pessimism Removal (CPR):    0.005ns

    Location             Delay type                Incr(ns)  Path(ns)    Netlist Resource(s)
  -------------------------------------------------------------------    -------------------
                         (clock clk_50mhz rise edge)
                                                      0.000     0.000 r  <hidden>
                                                      0.000     0.000 r  clk
                         net (fo=558, unset)          0.696     0.696    core/clk
    SLICE_X9Y99          FDRE                                         r  core/meas_q_reg[3]/C
  -------------------------------------------------------------------    -------------------
    SLICE_X9Y99          FDRE (Prop_fdre_C_Q)         0.141     0.837 r  core/meas_q_reg[3]/Q
                         net (fo=1, routed)           0.114     0.951    core/meas_q[3]
    SLICE_X10Y100        LUT2 (Prop_lut2_I1_O)        0.045     0.996 r  core/sign_product0_carry_i_1/O
                         net (fo=1, routed)           0.000     0.996    core/sign_product0_carry_i_1_n_0
    SLICE_X10Y100        CARRY4 (Prop_carry4_S[3]_O[3])
                                                      0.064     1.060 r  core/sign_product0_carry/O[3]
                         net (fo=5, routed)           0.000     1.060    core/sign_product0_carry_n_4
    SLICE_X10Y100        FDRE                                         r  core/error_mmps_reg[3]/D
  -------------------------------------------------------------------    -------------------

                         (clock clk_50mhz rise edge)
                                                      0.000     0.000 r  <hidden>
                                                      0.000     0.000 r  clk
                         net (fo=558, unset)          0.901     0.901    core/clk
    SLICE_X10Y100        FDRE                                         r  core/error_mmps_reg[3]/C
                         clock pessimism             -0.005     0.896    <hidden>
    SLICE_X10Y100        FDRE (Hold_fdre_C_D)         0.130     1.026    core/error_mmps_reg[3]
  -------------------------------------------------------------------
                         required time                         -1.026    <hidden>
                         arrival time                           1.060    <hidden>
  -------------------------------------------------------------------
                         slack                                  0.034    <hidden>





Pulse Width Checks
--------------------------------------------------------------------------------------
Clock Name:         clk_50mhz
Waveform(ns):       { 0.000 10.000 }
Period(ns):         20.000
Sources:            { clk }

Check Type        Corner  Lib Pin  Reference Pin  Required(ns)  Actual(ns)  Slack(ns)  Location       Pin
Min Period        n/a     FDSE/C   n/a            1.000         20.000      19.000     SLICE_X80Y124  source_previous_reg/C
Low Pulse Width   Slow    FDSE/C   n/a            0.500         10.000      9.500      SLICE_X80Y124  source_previous_reg/C
High Pulse Width  Slow    FDSE/C   n/a            0.500         10.000      9.500      SLICE_X80Y124  source_previous_reg/C



