Copyright 1986-2022 Xilinx, Inc. All Rights Reserved. Copyright 2022-2026 Advanced Micro Devices, Inc. All Rights Reserved.
--------------------------------------------------------------------------------------------------------------------------------------------------------------------------------------------------------
| Tool Version : Vivado v.2026.1 (win64) Build 6511674 Tue Jun 16 11:02:23 MDT 2026
| Date         : Sun Oct  4 18:27:16 2026
| Host         : DependOnOMEN16 running 64-bit major release  (build 9200)
| Command      : report_timing_summary -delay_type min_max -report_unconstrained -file D:/Project/FPGA_XC7A200T/learning/study_l1_speed_pi_hdl_compare/.runtime/c_hand_impl_02/reports/synth_timing.rpt
| Design       : speed_pi_compare
| Device       : 7a200t-fbg484
| Speed File   : -2  PRODUCTION 1.23 2018-06-13
| Design State : Synthesized
--------------------------------------------------------------------------------------------------------------------------------------------------------------------------------------------------------

Timing Summary Report

------------------------------------------------------------------------------------------------
| Timer Settings
| --------------
------------------------------------------------------------------------------------------------

  Enable Multi Corner Analysis               :  Yes
  Enable Pessimism Removal                   :  Yes
  Pessimism Removal Resolution               :  Nearest Common Node
  Enable Input Delay Default Clock           :  No
  Enable Preset / Clear Arcs                 :  No
  Disable Flight Delays                      :  No
  Ignore I/O Paths                           :  No
  Timing Early Launch at Borrowing Latches   :  No
  Borrow Time for Max Delay Exceptions       :  Yes
  Merge Timing Exceptions                    :  Yes
  Inter-SLR Compensation                     :  Conservative

  Corner  Analyze    Analyze    
  Name    Max Paths  Min Paths  
  ------  ---------  ---------  
  Slow    Yes        Yes        
  Fast    Yes        Yes        


------------------------------------------------------------------------------------------------
| Report Methodology
| ------------------
------------------------------------------------------------------------------------------------

No report available as report_methodology has not been run prior. Run report_methodology on the current design for the summary of methodology violations.



check_timing report

Table of Contents
-----------------
1. checking no_clock (0)
2. checking constant_clock (0)
3. checking pulse_width_clock (0)
4. checking unconstrained_internal_endpoints (0)
5. checking no_input_delay (0)
6. checking no_output_delay (0)
7. checking multiple_clock (0)
8. checking generated_clocks (0)
9. checking loops (0)
10. checking partial_input_delay (0)
11. checking partial_output_delay (0)
12. checking latch_loops (0)

1. checking no_clock (0)
------------------------
 There are 0 register/latch pins with no clock.


2. checking constant_clock (0)
------------------------------
 There are 0 register/latch pins with constant_clock.


3. checking pulse_width_clock (0)
---------------------------------
 There are 0 register/latch pins which need pulse_width check


4. checking unconstrained_internal_endpoints (0)
------------------------------------------------
 There are 0 pins that are not constrained for maximum delay.

 There are 0 pins that are not constrained for maximum delay due to constant clock.


5. checking no_input_delay (0)
------------------------------
 There are 0 input ports with no input delay specified.

 There are 0 input ports with no input delay but user has a false path constraint.


6. checking no_output_delay (0)
-------------------------------
 There are 0 ports with no output delay specified.

 There are 0 ports with no output delay but user has a false path constraint

 There are 0 ports with no output delay but with a timing clock defined on it or propagating through it


7. checking multiple_clock (0)
------------------------------
 There are 0 register/latch pins with multiple clocks.


8. checking generated_clocks (0)
--------------------------------
 There are 0 generated clocks that are not connected to a clock source.


9. checking loops (0)
---------------------
 There are 0 combinational loops in the design.


10. checking partial_input_delay (0)
------------------------------------
 There are 0 input ports with partial input delay specified.


11. checking partial_output_delay (0)
-------------------------------------
 There are 0 ports with partial output delay specified.


12. checking latch_loops (0)
----------------------------
 There are 0 combinational latch loops in the design through latch input



------------------------------------------------------------------------------------------------
| Design Timing Summary
| ---------------------
------------------------------------------------------------------------------------------------

    WNS(ns)      TNS(ns)  TNS Failing Endpoints  TNS Total Endpoints      WHS(ns)      THS(ns)  THS Failing Endpoints  THS Total Endpoints     WPWS(ns)     TPWS(ns)  TPWS Failing Endpoints  TPWS Total Endpoints  
    -------      -------  ---------------------  -------------------      -------      -------  ---------------------  -------------------     --------     --------  ----------------------  --------------------  
     -2.309     -284.215                    159                 1912        0.253        0.000                      0                 1912        9.500        0.000                       0                   475  


Timing constraints are not met.


------------------------------------------------------------------------------------------------
| Clock Summary
| -------------
------------------------------------------------------------------------------------------------

Clock      Waveform(ns)       Period(ns)      Frequency(MHz)
-----      ------------       ----------      --------------
clk_50mhz  {0.000 10.000}     20.000          50.000          


------------------------------------------------------------------------------------------------
| Intra Clock Table
| -----------------
------------------------------------------------------------------------------------------------

Clock             WNS(ns)      TNS(ns)  TNS Failing Endpoints  TNS Total Endpoints      WHS(ns)      THS(ns)  THS Failing Endpoints  THS Total Endpoints     WPWS(ns)     TPWS(ns)  TPWS Failing Endpoints  TPWS Total Endpoints  
-----             -------      -------  ---------------------  -------------------      -------      -------  ---------------------  -------------------     --------     --------  ----------------------  --------------------  
clk_50mhz          -2.309     -284.215                    159                 1912        0.253        0.000                      0                 1912        9.500        0.000                       0                   475  


------------------------------------------------------------------------------------------------
| Inter Clock Table
| -----------------
------------------------------------------------------------------------------------------------

From Clock    To Clock          WNS(ns)      TNS(ns)  TNS Failing Endpoints  TNS Total Endpoints      WHS(ns)      THS(ns)  THS Failing Endpoints  THS Total Endpoints  
----------    --------          -------      -------  ---------------------  -------------------      -------      -------  ---------------------  -------------------  


------------------------------------------------------------------------------------------------
| Other Path Groups Table
| -----------------------
------------------------------------------------------------------------------------------------

Path Group    From Clock    To Clock          WNS(ns)      TNS(ns)  TNS Failing Endpoints  TNS Total Endpoints      WHS(ns)      THS(ns)  THS Failing Endpoints  THS Total Endpoints  
----------    ----------    --------          -------      -------  ---------------------  -------------------      -------      -------  ---------------------  -------------------  


------------------------------------------------------------------------------------------------
| User Ignored Path Table
| -----------------------
------------------------------------------------------------------------------------------------

Path Group    From Clock    To Clock    
----------    ----------    --------    


------------------------------------------------------------------------------------------------
| Unconstrained Path Table
| ------------------------
------------------------------------------------------------------------------------------------

Path Group    From Clock    To Clock    
----------    ----------    --------    


------------------------------------------------------------------------------------------------
| Timing Details
| --------------
------------------------------------------------------------------------------------------------


---------------------------------------------------------------------------------------------------
From Clock:  clk_50mhz
  To Clock:  clk_50mhz

Setup :          159  Failing Endpoints,  Worst Slack       -2.309ns,  Total Violation     -284.215ns
Hold  :            0  Failing Endpoints,  Worst Slack        0.253ns,  Total Violation        0.000ns
PW    :            0  Failing Endpoints,  Worst Slack        9.500ns,  Total Violation        0.000ns
---------------------------------------------------------------------------------------------------


Max Delay Paths
--------------------------------------------------------------------------------------
Slack (VIOLATED) :        -2.309ns  (required time - arrival time)
  Source:                 core/ref_q_reg[1]/C
                            (rising edge-triggered cell FDRE clocked by clk_50mhz  {rise@0.000ns fall@10.000ns period=20.000ns})
  Destination:            core/a__1/A[0]
                            (rising edge-triggered cell DSP48E1 clocked by clk_50mhz  {rise@0.000ns fall@10.000ns period=20.000ns})
  Path Group:             clk_50mhz
  Path Type:              Setup (Max at Slow Process Corner)
  Requirement:            20.000ns  (clk_50mhz rise@20.000ns - clk_50mhz rise@0.000ns)
  Data Path Delay:        21.938ns  (logic 14.191ns (64.688%)  route 7.747ns (35.312%))
  Logic Levels:           52  (CARRY4=41 DSP48E1=2 LUT2=3 LUT3=2 LUT4=3 LUT6=1)
  Clock Path Skew:        -0.039ns (DCD - SCD + CPR)
    Destination Clock Delay (DCD):    0.748ns = ( 20.748 - 20.000 ) 
    Source Clock Delay      (SCD):    0.787ns
    Clock Pessimism Removal (CPR):    0.000ns
  Clock Uncertainty:      0.035ns  ((TSJ^2 + TIJ^2)^1/2 + DJ) / 2 + PE
    Total System Jitter     (TSJ):    0.071ns
    Total Input Jitter      (TIJ):    0.000ns
    Discrete Jitter          (DJ):    0.000ns
    Phase Error              (PE):    0.000ns

    Location             Delay type                Incr(ns)  Path(ns)    Netlist Resource(s)
  -------------------------------------------------------------------    -------------------
                         (clock clk_50mhz rise edge)
                                                      0.000     0.000 r  <hidden>
                                                      0.000     0.000 r  clk
                         net (fo=478, unset)          0.787     0.787    core/clk
                         FDRE                                         r  core/ref_q_reg[1]/C
  -------------------------------------------------------------------    -------------------
                         FDRE (Prop_fdre_C_Q)         0.285     1.072 r  core/ref_q_reg[1]/Q
                         net (fo=5, unplaced)         0.390     1.462    core/ref_q[1]
                         LUT2 (Prop_lut2_I0_O)        0.232     1.694 r  core/sign_product0_carry_i_3/O
                         net (fo=1, unplaced)         0.000     1.694    core/sign_product0_carry_i_3_n_0
                         CARRY4 (Prop_carry4_S[1]_CO[3])
                                                      0.444     2.138 r  core/sign_product0_carry/CO[3]
                         net (fo=1, unplaced)         0.008     2.146    core/sign_product0_carry_n_0
                         CARRY4 (Prop_carry4_CI_CO[3])
                                                      0.100     2.246 r  core/sign_product0_carry__0/CO[3]
                         net (fo=1, unplaced)         0.000     2.246    core/sign_product0_carry__0_n_0
                         CARRY4 (Prop_carry4_CI_CO[3])
                                                      0.100     2.346 r  core/sign_product0_carry__1/CO[3]
                         net (fo=1, unplaced)         0.000     2.346    core/sign_product0_carry__1_n_0
                         CARRY4 (Prop_carry4_CI_CO[3])
                                                      0.100     2.446 r  core/sign_product0_carry__2/CO[3]
                         net (fo=1, unplaced)         0.000     2.446    core/sign_product0_carry__2_n_0
                         CARRY4 (Prop_carry4_CI_O[0])
                                                      0.189     2.635 r  core/sign_product0_carry__3/O[0]
                         net (fo=5, unplaced)         0.646     3.281    core/sign_product0_carry__3_n_7
                         DSP48E1 (Prop_dsp48e1_A[16]_PCOUT[47])
                                                      3.541     6.822 r  core/a__7/PCOUT[47]
                         net (fo=1, unplaced)         0.055     6.877    core/a__7_n_106
                         DSP48E1 (Prop_dsp48e1_PCIN[47]_P[0])
                                                      1.271     8.148 r  core/a__8/P[0]
                         net (fo=2, unplaced)         0.646     8.793    core/a__8_n_105
                         LUT2 (Prop_lut2_I0_O)        0.105     8.898 r  core/i__carry_i_3__8/O
                         net (fo=1, unplaced)         0.000     8.898    core/i__carry_i_3__8_n_0
                         CARRY4 (Prop_carry4_S[1]_O[2])
                                                      0.480     9.378 r  core/a_inferred__0/i__carry/O[2]
                         net (fo=1, unplaced)         0.349     9.727    core/a_inferred__0/i__carry_n_5
                         LUT4 (Prop_lut4_I2_O)        0.244     9.971 r  core/i__carry_i_6__2/O
                         net (fo=1, unplaced)         0.347    10.318    core/i__carry_i_6__2_n_0
                         LUT6 (Prop_lut6_I5_O)        0.105    10.423 r  core/i__carry_i_3__4/O
                         net (fo=1, unplaced)         0.347    10.770    core/i__carry_i_3__4_n_0
                         LUT4 (Prop_lut4_I2_O)        0.105    10.875 r  core/i__carry_i_1__7/O
                         net (fo=1, unplaced)         0.000    10.875    core/i__carry_i_1__7_n_0
                         CARRY4 (Prop_carry4_S[0]_CO[3])
                                                      0.423    11.298 r  core/round202_inferred__0/i__carry/CO[3]
                         net (fo=1, unplaced)         0.008    11.306    core/round202_inferred__0/i__carry_n_0
                         CARRY4 (Prop_carry4_CI_CO[3])
                                                      0.100    11.406 r  core/round202_inferred__0/i__carry__0/CO[3]
                         net (fo=1, unplaced)         0.000    11.406    core/round202_inferred__0/i__carry__0_n_0
                         CARRY4 (Prop_carry4_CI_CO[3])
                                                      0.100    11.506 r  core/round202_inferred__0/i__carry__1/CO[3]
                         net (fo=1, unplaced)         0.000    11.506    core/round202_inferred__0/i__carry__1_n_0
                         CARRY4 (Prop_carry4_CI_CO[3])
                                                      0.100    11.606 r  core/round202_inferred__0/i__carry__2/CO[3]
                         net (fo=1, unplaced)         0.000    11.606    core/round202_inferred__0/i__carry__2_n_0
                         CARRY4 (Prop_carry4_CI_CO[3])
                                                      0.100    11.706 r  core/round202_inferred__0/i__carry__3/CO[3]
                         net (fo=1, unplaced)         0.000    11.706    core/round202_inferred__0/i__carry__3_n_0
                         CARRY4 (Prop_carry4_CI_CO[3])
                                                      0.100    11.806 r  core/round202_inferred__0/i__carry__4/CO[3]
                         net (fo=1, unplaced)         0.000    11.806    core/round202_inferred__0/i__carry__4_n_0
                         CARRY4 (Prop_carry4_CI_CO[3])
                                                      0.100    11.906 r  core/round202_inferred__0/i__carry__5/CO[3]
                         net (fo=1, unplaced)         0.000    11.906    core/round202_inferred__0/i__carry__5_n_0
                         CARRY4 (Prop_carry4_CI_CO[3])
                                                      0.100    12.006 r  core/round202_inferred__0/i__carry__6/CO[3]
                         net (fo=1, unplaced)         0.000    12.006    core/round202_inferred__0/i__carry__6_n_0
                         CARRY4 (Prop_carry4_CI_CO[3])
                                                      0.100    12.106 r  core/round202_inferred__0/i__carry__7/CO[3]
                         net (fo=1, unplaced)         0.000    12.106    core/round202_inferred__0/i__carry__7_n_0
                         CARRY4 (Prop_carry4_CI_CO[3])
                                                      0.100    12.206 r  core/round202_inferred__0/i__carry__8/CO[3]
                         net (fo=16, unplaced)        0.956    13.162    core/round202_inferred__0/i__carry__8_n_0
                         CARRY4 (Prop_carry4_S[1]_CO[3])
                                                      0.549    13.711 r  core/round201_inferred__2/i__carry/CO[3]
                         net (fo=87, unplaced)        0.866    14.577    core/round2010_in
                         LUT4 (Prop_lut4_I2_O)        0.105    14.682 r  core/sat422_carry_i_3/O
                         net (fo=1, unplaced)         0.000    14.682    core/sat422_carry_i_3_n_0
                         CARRY4 (Prop_carry4_S[1]_CO[3])
                                                      0.444    15.126 r  core/sat422_carry/CO[3]
                         net (fo=1, unplaced)         0.008    15.134    core/sat422_carry_n_0
                         CARRY4 (Prop_carry4_CI_CO[3])
                                                      0.100    15.234 r  core/sat422_carry__0/CO[3]
                         net (fo=1, unplaced)         0.000    15.234    core/sat422_carry__0_n_0
                         CARRY4 (Prop_carry4_CI_CO[3])
                                                      0.100    15.334 r  core/sat422_carry__1/CO[3]
                         net (fo=1, unplaced)         0.000    15.334    core/sat422_carry__1_n_0
                         CARRY4 (Prop_carry4_CI_CO[3])
                                                      0.100    15.434 r  core/sat422_carry__2/CO[3]
                         net (fo=1, unplaced)         0.000    15.434    core/sat422_carry__2_n_0
                         CARRY4 (Prop_carry4_CI_CO[3])
                                                      0.100    15.534 r  core/sat422_carry__3/CO[3]
                         net (fo=1, unplaced)         0.000    15.534    core/sat422_carry__3_n_0
                         CARRY4 (Prop_carry4_CI_CO[3])
                                                      0.100    15.634 r  core/sat422_carry__4/CO[3]
                         net (fo=1, unplaced)         0.000    15.634    core/sat422_carry__4_n_0
                         CARRY4 (Prop_carry4_CI_CO[3])
                                                      0.100    15.734 r  core/sat422_carry__5/CO[3]
                         net (fo=1, unplaced)         0.000    15.734    core/sat422_carry__5_n_0
                         CARRY4 (Prop_carry4_CI_CO[3])
                                                      0.100    15.834 r  core/sat422_carry__6/CO[3]
                         net (fo=1, unplaced)         0.000    15.834    core/sat422_carry__6_n_0
                         CARRY4 (Prop_carry4_CI_CO[3])
                                                      0.100    15.934 r  core/sat422_carry__7/CO[3]
                         net (fo=1, unplaced)         0.000    15.934    core/sat422_carry__7_n_0
                         CARRY4 (Prop_carry4_CI_CO[3])
                                                      0.100    16.034 r  core/sat422_carry__8/CO[3]
                         net (fo=1, unplaced)         0.000    16.034    core/sat422_carry__8_n_0
                         CARRY4 (Prop_carry4_CI_CO[0])
                                                      0.238    16.272 r  core/sat402_carry__9_i_1/CO[0]
                         net (fo=11, unplaced)        0.864    17.136    core/sat402_carry__9_i_1_n_3
                         CARRY4 (Prop_carry4_S[3]_CO[3])
                                                      0.611    17.747 f  core/limited1_inferred__0/i__carry__3/CO[3]
                         net (fo=124, unplaced)       0.682    18.429    core/limited10_in
                         LUT3 (Prop_lut3_I0_O)        0.105    18.534 r  core/sat402_carry_i_3/O
                         net (fo=1, unplaced)         0.000    18.534    core/sat402_carry_i_3_n_0
                         CARRY4 (Prop_carry4_S[1]_CO[3])
                                                      0.444    18.978 r  core/sat402_carry/CO[3]
                         net (fo=1, unplaced)         0.008    18.986    core/sat402_carry_n_0
                         CARRY4 (Prop_carry4_CI_CO[3])
                                                      0.100    19.086 r  core/sat402_carry__0/CO[3]
                         net (fo=1, unplaced)         0.000    19.086    core/sat402_carry__0_n_0
                         CARRY4 (Prop_carry4_CI_CO[3])
                                                      0.100    19.186 r  core/sat402_carry__1/CO[3]
                         net (fo=1, unplaced)         0.000    19.186    core/sat402_carry__1_n_0
                         CARRY4 (Prop_carry4_CI_CO[3])
                                                      0.100    19.286 r  core/sat402_carry__2/CO[3]
                         net (fo=1, unplaced)         0.000    19.286    core/sat402_carry__2_n_0
                         CARRY4 (Prop_carry4_CI_CO[3])
                                                      0.100    19.386 r  core/sat402_carry__3/CO[3]
                         net (fo=1, unplaced)         0.000    19.386    core/sat402_carry__3_n_0
                         CARRY4 (Prop_carry4_CI_CO[3])
                                                      0.100    19.486 r  core/sat402_carry__4/CO[3]
                         net (fo=1, unplaced)         0.000    19.486    core/sat402_carry__4_n_0
                         CARRY4 (Prop_carry4_CI_CO[3])
                                                      0.100    19.586 r  core/sat402_carry__5/CO[3]
                         net (fo=1, unplaced)         0.000    19.586    core/sat402_carry__5_n_0
                         CARRY4 (Prop_carry4_CI_CO[3])
                                                      0.100    19.686 r  core/sat402_carry__6/CO[3]
                         net (fo=1, unplaced)         0.000    19.686    core/sat402_carry__6_n_0
                         CARRY4 (Prop_carry4_CI_CO[3])
                                                      0.100    19.786 r  core/sat402_carry__7/CO[3]
                         net (fo=1, unplaced)         0.000    19.786    core/sat402_carry__7_n_0
                         CARRY4 (Prop_carry4_CI_CO[3])
                                                      0.100    19.886 r  core/sat402_carry__8/CO[3]
                         net (fo=1, unplaced)         0.000    19.886    core/sat402_carry__8_n_0
                         CARRY4 (Prop_carry4_CI_O[1])
                                                      0.269    20.155 f  core/sat402_carry__9/O[1]
                         net (fo=4, unplaced)         0.496    20.651    core/sat402[41]
                         LUT2 (Prop_lut2_I0_O)        0.266    20.917 r  core/sat401_carry_i_1/O
                         net (fo=1, unplaced)         0.000    20.917    core/sat401_carry_i_1_n_0
                         CARRY4 (Prop_carry4_DI[1]_CO[2])
                                                      0.484    21.401 f  core/sat401_carry/CO[2]
                         net (fo=40, unplaced)        0.426    21.827    core/sat401
                         LUT3 (Prop_lut3_I1_O)        0.252    22.079 r  core/d[17]_i_1/O
                         net (fo=3, unplaced)         0.646    22.725    core/sat40_return[17]
                         DSP48E1                                      r  core/a__1/A[0]
  -------------------------------------------------------------------    -------------------

                         (clock clk_50mhz rise edge)
                                                     20.000    20.000 r  <hidden>
                                                      0.000    20.000 r  clk
                         net (fo=478, unset)          0.748    20.748    core/clk
                         DSP48E1                                      r  core/a__1/CLK
                         clock pessimism              0.000    20.748    <hidden>
                         clock uncertainty           -0.035    20.712    <hidden>
                         DSP48E1 (Setup_dsp48e1_CLK_A[0])
                                                     -0.297    20.415    core/a__1
  -------------------------------------------------------------------
                         required time                         20.415    <hidden>
                         arrival time                         -22.725    <hidden>
  -------------------------------------------------------------------
                         slack                                 -2.309    <hidden>





Min Delay Paths
--------------------------------------------------------------------------------------
Slack (MET) :             0.253ns  (arrival time - required time)
  Source:                 source_previous_reg/C
                            (rising edge-triggered cell FDSE clocked by clk_50mhz  {rise@0.000ns fall@10.000ns period=20.000ns})
  Destination:            valid_pipe_reg[0]/D
                            (rising edge-triggered cell FDRE clocked by clk_50mhz  {rise@0.000ns fall@10.000ns period=20.000ns})
  Path Group:             clk_50mhz
  Path Type:              Hold (Min at Fast Process Corner)
  Requirement:            0.000ns  (clk_50mhz rise@0.000ns - clk_50mhz rise@0.000ns)
  Data Path Delay:        0.329ns  (logic 0.210ns (63.826%)  route 0.119ns (36.174%))
  Logic Levels:           1  (LUT2=1)
  Clock Path Skew:        0.021ns (DCD - SCD - CPR)
    Destination Clock Delay (DCD):    0.411ns
    Source Clock Delay      (SCD):    0.390ns
    Clock Pessimism Removal (CPR):    -0.000ns

    Location             Delay type                Incr(ns)  Path(ns)    Netlist Resource(s)
  -------------------------------------------------------------------    -------------------
                         (clock clk_50mhz rise edge)
                                                      0.000     0.000 r  <hidden>
                                                      0.000     0.000 r  clk
                         net (fo=478, unset)          0.390     0.390    clk
                         FDSE                                         r  source_previous_reg/C
  -------------------------------------------------------------------    -------------------
                         FDSE (Prop_fdse_C_Q)         0.112     0.502 f  source_previous_reg/Q
                         net (fo=1, unplaced)         0.119     0.621    source_previous
                         LUT2 (Prop_lut2_I1_O)        0.098     0.719 r  valid_pipe[0]_i_1/O
                         net (fo=1, unplaced)         0.000     0.719    p_1_out[0]
                         FDRE                                         r  valid_pipe_reg[0]/D
  -------------------------------------------------------------------    -------------------

                         (clock clk_50mhz rise edge)
                                                      0.000     0.000 r  <hidden>
                                                      0.000     0.000 r  clk
                         net (fo=478, unset)          0.411     0.411    clk
                         FDRE                                         r  valid_pipe_reg[0]/C
                         clock pessimism              0.000     0.411    <hidden>
                         FDRE (Hold_fdre_C_D)         0.055     0.466    valid_pipe_reg[0]
  -------------------------------------------------------------------
                         required time                         -0.466    <hidden>
                         arrival time                           0.719    <hidden>
  -------------------------------------------------------------------
                         slack                                  0.253    <hidden>





Pulse Width Checks
--------------------------------------------------------------------------------------
Clock Name:         clk_50mhz
Waveform(ns):       { 0.000 10.000 }
Period(ns):         20.000
Sources:            { clk }

Check Type        Corner  Lib Pin  Reference Pin  Required(ns)  Actual(ns)  Slack(ns)  Location  Pin
Min Period        n/a     FDSE/C   n/a            1.000         20.000      19.000               source_previous_reg/C
Low Pulse Width   Slow    FDSE/C   n/a            0.500         10.000      9.500                source_previous_reg/C
High Pulse Width  Slow    FDSE/C   n/a            0.500         10.000      9.500                source_previous_reg/C



